// Vitest Snapshot v1, https://vitest.dev/guide/snapshot.html

exports[`magnets render scenarios > opener frame: domino fills + clue numbers 1`] = `
[
  {
    "colour": 0,
    "h": 224,
    "op": "rect",
    "rgb": "rgb(211, 211, 211)",
    "w": 256,
    "x": 0,
    "y": 0,
  },
  {
    "colour": 3,
    "h": 5,
    "op": "rect",
    "rgb": "rgb(0, 0, 0)",
    "w": 17,
    "x": 8,
    "y": 14,
  },
  {
    "colour": 3,
    "h": 17,
    "op": "rect",
    "rgb": "rgb(0, 0, 0)",
    "w": 5,
    "x": 14,
    "y": 8,
  },
  {
    "colour": 3,
    "h": 5,
    "op": "rect",
    "rgb": "rgb(0, 0, 0)",
    "w": 17,
    "x": 232,
    "y": 206,
  },
  {
    "colour": 0,
    "h": 32,
    "op": "rect",
    "rgb": "rgb(211, 211, 211)",
    "w": 32,
    "x": 32,
    "y": 32,
  },
  {
    "cx": 38,
    "cy": 38,
    "fill": 2,
    "fillRgb": "rgb(168, 168, 168)",
    "op": "circle",
    "outline": 2,
    "outlineRgb": "rgb(168, 168, 168)",
    "r": 4,
  },
  {
    "cx": 38,
    "cy": 57,
    "fill": 2,
    "fillRgb": "rgb(168, 168, 168)",
    "op": "circle",
    "outline": 2,
    "outlineRgb": "rgb(168, 168, 168)",
    "r": 4,
  },
  {
    "colour": 2,
    "h": 28,
    "op": "rect",
    "rgb": "rgb(168, 168, 168)",
    "w": 27,
    "x": 38,
    "y": 34,
  },
  {
    "colour": 2,
    "h": 20,
    "op": "rect",
    "rgb": "rgb(168, 168, 168)",
    "w": 31,
    "x": 34,
    "y": 38,
  },
  {
    "colour": 0,
    "h": 32,
    "op": "rect",
    "rgb": "rgb(211, 211, 211)",
    "w": 32,
    "x": 64,
    "y": 32,
  },
  {
    "cx": 89,
    "cy": 38,
    "fill": 2,
    "fillRgb": "rgb(168, 168, 168)",
    "op": "circle",
    "outline": 2,
    "outlineRgb": "rgb(168, 168, 168)",
    "r": 4,
  },
  {
    "cx": 89,
    "cy": 57,
    "fill": 2,
    "fillRgb": "rgb(168, 168, 168)",
    "op": "circle",
    "outline": 2,
    "outlineRgb": "rgb(168, 168, 168)",
    "r": 4,
  },
  {
    "colour": 2,
    "h": 28,
    "op": "rect",
    "rgb": "rgb(168, 168, 168)",
    "w": 26,
    "x": 64,
    "y": 34,
  },
  {
    "colour": 2,
    "h": 20,
    "op": "rect",
    "rgb": "rgb(168, 168, 168)",
    "w": 30,
    "x": 64,
    "y": 38,
  },
  {
    "colour": 0,
    "h": 32,
    "op": "rect",
    "rgb": "rgb(211, 211, 211)",
    "w": 32,
    "x": 96,
    "y": 32,
  },
  {
    "cx": 102,
    "cy": 38,
    "fill": 2,
    "fillRgb": "rgb(168, 168, 168)",
    "op": "circle",
    "outline": 2,
    "outlineRgb": "rgb(168, 168, 168)",
    "r": 4,
  },
  {
    "cx": 102,
    "cy": 57,
    "fill": 2,
    "fillRgb": "rgb(168, 168, 168)",
    "op": "circle",
    "outline": 2,
    "outlineRgb": "rgb(168, 168, 168)",
    "r": 4,
  },
  {
    "colour": 2,
    "h": 28,
    "op": "rect",
    "rgb": "rgb(168, 168, 168)",
    "w": 27,
    "x": 102,
    "y": 34,
  },
  {
    "colour": 2,
    "h": 20,
    "op": "rect",
    "rgb": "rgb(168, 168, 168)",
    "w": 31,
    "x": 98,
    "y": 38,
  },
  {
    "colour": 0,
    "h": 32,
    "op": "rect",
    "rgb": "rgb(211, 211, 211)",
    "w": 32,
    "x": 128,
    "y": 32,
  },
  {
    "cx": 153,
    "cy": 38,
    "fill": 2,
    "fillRgb": "rgb(168, 168, 168)",
    "op": "circle",
    "outline": 2,
    "outlineRgb": "rgb(168, 168, 168)",
    "r": 4,
  },
  {
    "cx": 153,
    "cy": 57,
    "fill": 2,
    "fillRgb": "rgb(168, 168, 168)",
    "op": "circle",
    "outline": 2,
    "outlineRgb": "rgb(168, 168, 168)",
    "r": 4,
  },
  {
    "colour": 2,
    "h": 28,
    "op": "rect",
    "rgb": "rgb(168, 168, 168)",
    "w": 26,
    "x": 128,
    "y": 34,
  },
  {
    "colour": 2,
    "h": 20,
    "op": "rect",
    "rgb": "rgb(168, 168, 168)",
    "w": 30,
    "x": 128,
    "y": 38,
  },
  {
    "colour": 0,
    "h": 32,
    "op": "rect",
    "rgb": "rgb(211, 211, 211)",
    "w": 32,
    "x": 160,
    "y": 32,
  },
  {
    "cx": 166,
    "cy": 38,
    "fill": 2,
    "fillRgb": "rgb(168, 168, 168)",
    "op": "circle",
    "outline": 2,
    "outlineRgb": "rgb(168, 168, 168)",
    "r": 4,
  },
  {
    "cx": 166,
    "cy": 57,
    "fill": 2,
    "fillRgb": "rgb(168, 168, 168)",
    "op": "circle",
    "outline": 2,
    "outlineRgb": "rgb(168, 168, 168)",
    "r": 4,
  },
  {
    "colour": 2,
    "h": 28,
    "op": "rect",
    "rgb": "rgb(168, 168, 168)",
    "w": 27,
    "x": 166,
    "y": 34,
  },
  {
    "colour": 2,
    "h": 20,
    "op": "rect",
    "rgb": "rgb(168, 168, 168)",
    "w": 31,
    "x": 162,
    "y": 38,
  },
  {
    "colour": 0,
    "h": 32,
    "op": "rect",
    "rgb": "rgb(211, 211, 211)",
    "w": 32,
    "x": 192,
    "y": 32,
  },
  {
    "cx": 217,
    "cy": 38,
    "fill": 2,
    "fillRgb": "rgb(168, 168, 168)",
    "op": "circle",
    "outline": 2,
    "outlineRgb": "rgb(168, 168, 168)",
    "r": 4,
  },
  {
    "cx": 217,
    "cy": 57,
    "fill": 2,
    "fillRgb": "rgb(168, 168, 168)",
    "op": "circle",
    "outline": 2,
    "outlineRgb": "rgb(168, 168, 168)",
    "r": 4,
  },
  {
    "colour": 2,
    "h": 28,
    "op": "rect",
    "rgb": "rgb(168, 168, 168)",
    "w": 26,
    "x": 192,
    "y": 34,
  },
  {
    "colour": 2,
    "h": 20,
    "op": "rect",
    "rgb": "rgb(168, 168, 168)",
    "w": 30,
    "x": 192,
    "y": 38,
  },
  {
    "colour": 0,
    "h": 32,
    "op": "rect",
    "rgb": "rgb(211, 211, 211)",
    "w": 32,
    "x": 32,
    "y": 64,
  },
  {
    "cx": 38,
    "cy": 70,
    "fill": 2,
    "fillRgb": "rgb(168, 168, 168)",
    "op": "circle",
    "outline": 2,
    "outlineRgb": "rgb(168, 168, 168)",
    "r": 4,
  },
  {
    "cx": 57,
    "cy": 70,
    "fill": 2,
    "fillRgb": "rgb(168, 168, 168)",
    "op": "circle",
    "outline": 2,
    "outlineRgb": "rgb(168, 168, 168)",
    "r": 4,
  },
  {
    "colour": 2,
    "h": 31,
    "op": "rect",
    "rgb": "rgb(168, 168, 168)",
    "w": 20,
    "x": 38,
    "y": 66,
  },
  {
    "colour": 2,
    "h": 27,
    "op": "rect",
    "rgb": "rgb(168, 168, 168)",
    "w": 28,
    "x": 34,
    "y": 70,
  },
  {
    "colour": 0,
    "h": 32,
    "op": "rect",
    "rgb": "rgb(211, 211, 211)",
    "w": 32,
    "x": 64,
    "y": 64,
  },
  {
    "cx": 70,
    "cy": 70,
    "fill": 2,
    "fillRgb": "rgb(168, 168, 168)",
    "op": "circle",
    "outline": 2,
    "outlineRgb": "rgb(168, 168, 168)",
    "r": 4,
  },
  {
    "cx": 89,
    "cy": 70,
    "fill": 2,
    "fillRgb": "rgb(168, 168, 168)",
    "op": "circle",
    "outline": 2,
    "outlineRgb": "rgb(168, 168, 168)",
    "r": 4,
  },
  {
    "colour": 2,
    "h": 31,
    "op": "rect",
    "rgb": "rgb(168, 168, 168)",
    "w": 20,
    "x": 70,
    "y": 66,
  },
  {
    "colour": 2,
    "h": 27,
    "op": "rect",
    "rgb": "rgb(168, 168, 168)",
    "w": 28,
    "x": 66,
    "y": 70,
  },
  {
    "colour": 0,
    "h": 32,
    "op": "rect",
    "rgb": "rgb(211, 211, 211)",
    "w": 32,
    "x": 96,
    "y": 64,
  },
  {
    "cx": 102,
    "cy": 70,
    "fill": 2,
    "fillRgb": "rgb(168, 168, 168)",
    "op": "circle",
    "outline": 2,
    "outlineRgb": "rgb(168, 168, 168)",
    "r": 4,
  },
  {
    "cx": 102,
    "cy": 89,
    "fill": 2,
    "fillRgb": "rgb(168, 168, 168)",
    "op": "circle",
    "outline": 2,
    "outlineRgb": "rgb(168, 168, 168)",
    "r": 4,
  },
  {
    "colour": 2,
    "h": 28,
    "op": "rect",
    "rgb": "rgb(168, 168, 168)",
    "w": 27,
    "x": 102,
    "y": 66,
  },
  {
    "colour": 2,
    "h": 20,
    "op": "rect",
    "rgb": "rgb(168, 168, 168)",
    "w": 31,
    "x": 98,
    "y": 70,
  },
  {
    "colour": 0,
    "h": 32,
    "op": "rect",
    "rgb": "rgb(211, 211, 211)",
    "w": 32,
    "x": 128,
    "y": 64,
  },
  {
    "cx": 153,
    "cy": 70,
    "fill": 2,
    "fillRgb": "rgb(168, 168, 168)",
    "op": "circle",
    "outline": 2,
    "outlineRgb": "rgb(168, 168, 168)",
    "r": 4,
  },
  {
    "cx": 153,
    "cy": 89,
    "fill": 2,
    "fillRgb": "rgb(168, 168, 168)",
    "op": "circle",
    "outline": 2,
    "outlineRgb": "rgb(168, 168, 168)",
    "r": 4,
  },
  {
    "colour": 2,
    "h": 28,
    "op": "rect",
    "rgb": "rgb(168, 168, 168)",
    "w": 26,
    "x": 128,
    "y": 66,
  },
  {
    "colour": 2,
    "h": 20,
    "op": "rect",
    "rgb": "rgb(168, 168, 168)",
    "w": 30,
    "x": 128,
    "y": 70,
  },
  {
    "colour": 0,
    "h": 32,
    "op": "rect",
    "rgb": "rgb(211, 211, 211)",
    "w": 32,
    "x": 160,
    "y": 64,
  },
  {
    "cx": 166,
    "cy": 70,
    "fill": 2,
    "fillRgb": "rgb(168, 168, 168)",
    "op": "circle",
    "outline": 2,
    "outlineRgb": "rgb(168, 168, 168)",
    "r": 4,
  },
  {
    "cx": 166,
    "cy": 89,
    "fill": 2,
    "fillRgb": "rgb(168, 168, 168)",
    "op": "circle",
    "outline": 2,
    "outlineRgb": "rgb(168, 168, 168)",
    "r": 4,
  },
  {
    "colour": 2,
    "h": 28,
    "op": "rect",
    "rgb": "rgb(168, 168, 168)",
    "w": 27,
    "x": 166,
    "y": 66,
  },
  {
    "colour": 2,
    "h": 20,
    "op": "rect",
    "rgb": "rgb(168, 168, 168)",
    "w": 31,
    "x": 162,
    "y": 70,
  },
  {
    "colour": 0,
    "h": 32,
    "op": "rect",
    "rgb": "rgb(211, 211, 211)",
    "w": 32,
    "x": 192,
    "y": 64,
  },
  {
    "cx": 217,
    "cy": 70,
    "fill": 2,
    "fillRgb": "rgb(168, 168, 168)",
    "op": "circle",
    "outline": 2,
    "outlineRgb": "rgb(168, 168, 168)",
    "r": 4,
  },
  {
    "cx": 217,
    "cy": 89,
    "fill": 2,
    "fillRgb": "rgb(168, 168, 168)",
    "op": "circle",
    "outline": 2,
    "outlineRgb": "rgb(168, 168, 168)",
    "r": 4,
  },
  {
    "colour": 2,
    "h": 28,
    "op": "rect",
    "rgb": "rgb(168, 168, 168)",
    "w": 26,
    "x": 192,
    "y": 66,
  },
  {
    "colour": 2,
    "h": 20,
    "op": "rect",
    "rgb": "rgb(168, 168, 168)",
    "w": 30,
    "x": 192,
    "y": 70,
  },
  {
    "colour": 0,
    "h": 32,
    "op": "rect",
    "rgb": "rgb(211, 211, 211)",
    "w": 32,
    "x": 32,
    "y": 96,
  },
  {
    "cx": 38,
    "cy": 121,
    "fill": 2,
    "fillRgb": "rgb(168, 168, 168)",
    "op": "circle",
    "outline": 2,
    "outlineRgb": "rgb(168, 168, 168)",
    "r": 4,
  },
  {
    "cx": 57,
    "cy": 121,
    "fill": 2,
    "fillRgb": "rgb(168, 168, 168)",
    "op": "circle",
    "outline": 2,
    "outlineRgb": "rgb(168, 168, 168)",
    "r": 4,
  },
  {
    "colour": 2,
    "h": 30,
    "op": "rect",
    "rgb": "rgb(168, 168, 168)",
    "w": 20,
    "x": 38,
    "y": 96,
  },
  {
    "colour": 2,
    "h": 26,
    "op": "rect",
    "rgb": "rgb(168, 168, 168)",
    "w": 28,
    "x": 34,
    "y": 96,
  },
  {
    "colour": 0,
    "h": 32,
    "op": "rect",
    "rgb": "rgb(211, 211, 211)",
    "w": 32,
    "x": 64,
    "y": 96,
  },
  {
    "cx": 70,
    "cy": 121,
    "fill": 2,
    "fillRgb": "rgb(168, 168, 168)",
    "op": "circle",
    "outline": 2,
    "outlineRgb": "rgb(168, 168, 168)",
    "r": 4,
  },
  {
    "cx": 89,
    "cy": 121,
    "fill": 2,
    "fillRgb": "rgb(168, 168, 168)",
    "op": "circle",
    "outline": 2,
    "outlineRgb": "rgb(168, 168, 168)",
    "r": 4,
  },
  {
    "colour": 2,
    "h": 30,
    "op": "rect",
    "rgb": "rgb(168, 168, 168)",
    "w": 20,
    "x": 70,
    "y": 96,
  },
  {
    "colour": 2,
    "h": 26,
    "op": "rect",
    "rgb": "rgb(168, 168, 168)",
    "w": 28,
    "x": 66,
    "y": 96,
  },
  {
    "colour": 0,
    "h": 32,
    "op": "rect",
    "rgb": "rgb(211, 211, 211)",
    "w": 32,
    "x": 96,
    "y": 96,
  },
  {
    "cx": 102,
    "cy": 102,
    "fill": 2,
    "fillRgb": "rgb(168, 168, 168)",
    "op": "circle",
    "outline": 2,
    "outlineRgb": "rgb(168, 168, 168)",
    "r": 4,
  },
  {
    "cx": 121,
    "cy": 102,
    "fill": 2,
    "fillRgb": "rgb(168, 168, 168)",
    "op": "circle",
    "outline": 2,
    "outlineRgb": "rgb(168, 168, 168)",
    "r": 4,
  },
  {
    "colour": 2,
    "h": 31,
    "op": "rect",
    "rgb": "rgb(168, 168, 168)",
    "w": 20,
    "x": 102,
    "y": 98,
  },
  {
    "colour": 2,
    "h": 27,
    "op": "rect",
    "rgb": "rgb(168, 168, 168)",
    "w": 28,
    "x": 98,
    "y": 102,
  },
  {
    "colour": 0,
    "h": 32,
    "op": "rect",
    "rgb": "rgb(211, 211, 211)",
    "w": 32,
    "x": 128,
    "y": 96,
  },
  {
    "cx": 134,
    "cy": 102,
    "fill": 2,
    "fillRgb": "rgb(168, 168, 168)",
    "op": "circle",
    "outline": 2,
    "outlineRgb": "rgb(168, 168, 168)",
    "r": 4,
  },
  {
    "cx": 153,
    "cy": 102,
    "fill": 2,
    "fillRgb": "rgb(168, 168, 168)",
    "op": "circle",
    "outline": 2,
    "outlineRgb": "rgb(168, 168, 168)",
    "r": 4,
  },
  {
    "colour": 2,
    "h": 31,
    "op": "rect",
    "rgb": "rgb(168, 168, 168)",
    "w": 20,
    "x": 134,
    "y": 98,
  },
  {
    "colour": 2,
    "h": 27,
    "op": "rect",
    "rgb": "rgb(168, 168, 168)",
    "w": 28,
    "x": 130,
    "y": 102,
  },
  {
    "colour": 0,
    "h": 32,
    "op": "rect",
    "rgb": "rgb(211, 211, 211)",
    "w": 32,
    "x": 160,
    "y": 96,
  },
  {
    "cx": 166,
    "cy": 102,
    "fill": 2,
    "fillRgb": "rgb(168, 168, 168)",
    "op": "circle",
    "outline": 2,
    "outlineRgb": "rgb(168, 168, 168)",
    "r": 4,
  },
  {
    "cx": 166,
    "cy": 121,
    "fill": 2,
    "fillRgb": "rgb(168, 168, 168)",
    "op": "circle",
    "outline": 2,
    "outlineRgb": "rgb(168, 168, 168)",
    "r": 4,
  },
  {
    "colour": 2,
    "h": 28,
    "op": "rect",
    "rgb": "rgb(168, 168, 168)",
    "w": 27,
    "x": 166,
    "y": 98,
  },
  {
    "colour": 2,
    "h": 20,
    "op": "rect",
    "rgb": "rgb(168, 168, 168)",
    "w": 31,
    "x": 162,
    "y": 102,
  },
  {
    "colour": 0,
    "h": 32,
    "op": "rect",
    "rgb": "rgb(211, 211, 211)",
    "w": 32,
    "x": 192,
    "y": 96,
  },
  {
    "cx": 217,
    "cy": 102,
    "fill": 2,
    "fillRgb": "rgb(168, 168, 168)",
    "op": "circle",
    "outline": 2,
    "outlineRgb": "rgb(168, 168, 168)",
    "r": 4,
  },
  {
    "cx": 217,
    "cy": 121,
    "fill": 2,
    "fillRgb": "rgb(168, 168, 168)",
    "op": "circle",
    "outline": 2,
    "outlineRgb": "rgb(168, 168, 168)",
    "r": 4,
  },
  {
    "colour": 2,
    "h": 28,
    "op": "rect",
    "rgb": "rgb(168, 168, 168)",
    "w": 26,
    "x": 192,
    "y": 98,
  },
  {
    "colour": 2,
    "h": 20,
    "op": "rect",
    "rgb": "rgb(168, 168, 168)",
    "w": 30,
    "x": 192,
    "y": 102,
  },
  {
    "colour": 0,
    "h": 32,
    "op": "rect",
    "rgb": "rgb(211, 211, 211)",
    "w": 32,
    "x": 32,
    "y": 128,
  },
  {
    "cx": 38,
    "cy": 134,
    "fill": 2,
    "fillRgb": "rgb(168, 168, 168)",
    "op": "circle",
    "outline": 2,
    "outlineRgb": "rgb(168, 168, 168)",
    "r": 4,
  },
  {
    "cx": 38,
    "cy": 153,
    "fill": 2,
    "fillRgb": "rgb(168, 168, 168)",
    "op": "circle",
    "outline": 2,
    "outlineRgb": "rgb(168, 168, 168)",
    "r": 4,
  },
  {
    "colour": 2,
    "h": 28,
    "op": "rect",
    "rgb": "rgb(168, 168, 168)",
    "w": 27,
    "x": 38,
    "y": 130,
  },
  {
    "colour": 2,
    "h": 20,
    "op": "rect",
    "rgb": "rgb(168, 168, 168)",
    "w": 31,
    "x": 34,
    "y": 134,
  },
  {
    "colour": 0,
    "h": 32,
    "op": "rect",
    "rgb": "rgb(211, 211, 211)",
    "w": 32,
    "x": 64,
    "y": 128,
  },
  {
    "cx": 89,
    "cy": 134,
    "fill": 2,
    "fillRgb": "rgb(168, 168, 168)",
    "op": "circle",
    "outline": 2,
    "outlineRgb": "rgb(168, 168, 168)",
    "r": 4,
  },
  {
    "cx": 89,
    "cy": 153,
    "fill": 2,
    "fillRgb": "rgb(168, 168, 168)",
    "op": "circle",
    "outline": 2,
    "outlineRgb": "rgb(168, 168, 168)",
    "r": 4,
  },
  {
    "colour": 2,
    "h": 28,
    "op": "rect",
    "rgb": "rgb(168, 168, 168)",
    "w": 26,
    "x": 64,
    "y": 130,
  },
  {
    "colour": 2,
    "h": 20,
    "op": "rect",
    "rgb": "rgb(168, 168, 168)",
    "w": 30,
    "x": 64,
    "y": 134,
  },
  {
    "colour": 0,
    "h": 32,
    "op": "rect",
    "rgb": "rgb(211, 211, 211)",
    "w": 32,
    "x": 96,
    "y": 128,
  },
  {
    "cx": 102,
    "cy": 153,
    "fill": 2,
    "fillRgb": "rgb(168, 168, 168)",
    "op": "circle",
    "outline": 2,
    "outlineRgb": "rgb(168, 168, 168)",
    "r": 4,
  },
  {
    "cx": 121,
    "cy": 153,
    "fill": 2,
    "fillRgb": "rgb(168, 168, 168)",
    "op": "circle",
    "outline": 2,
    "outlineRgb": "rgb(168, 168, 168)",
    "r": 4,
  },
  {
    "colour": 2,
    "h": 30,
    "op": "rect",
    "rgb": "rgb(168, 168, 168)",
    "w": 20,
    "x": 102,
    "y": 128,
  },
  {
    "colour": 2,
    "h": 26,
    "op": "rect",
    "rgb": "rgb(168, 168, 168)",
    "w": 28,
    "x": 98,
    "y": 128,
  },
  {
    "colour": 0,
    "h": 32,
    "op": "rect",
    "rgb": "rgb(211, 211, 211)",
    "w": 32,
    "x": 128,
    "y": 128,
  },
  {
    "cx": 134,
    "cy": 153,
    "fill": 2,
    "fillRgb": "rgb(168, 168, 168)",
    "op": "circle",
    "outline": 2,
    "outlineRgb": "rgb(168, 168, 168)",
    "r": 4,
  },
  {
    "cx": 153,
    "cy": 153,
    "fill": 2,
    "fillRgb": "rgb(168, 168, 168)",
    "op": "circle",
    "outline": 2,
    "outlineRgb": "rgb(168, 168, 168)",
    "r": 4,
  },
  {
    "colour": 2,
    "h": 30,
    "op": "rect",
    "rgb": "rgb(168, 168, 168)",
    "w": 20,
    "x": 134,
    "y": 128,
  },
  {
    "colour": 2,
    "h": 26,
    "op": "rect",
    "rgb": "rgb(168, 168, 168)",
    "w": 28,
    "x": 130,
    "y": 128,
  },
  {
    "colour": 0,
    "h": 32,
    "op": "rect",
    "rgb": "rgb(211, 211, 211)",
    "w": 32,
    "x": 160,
    "y": 128,
  },
  {
    "cx": 166,
    "cy": 134,
    "fill": 2,
    "fillRgb": "rgb(168, 168, 168)",
    "op": "circle",
    "outline": 2,
    "outlineRgb": "rgb(168, 168, 168)",
    "r": 4,
  },
  {
    "cx": 166,
    "cy": 153,
    "fill": 2,
    "fillRgb": "rgb(168, 168, 168)",
    "op": "circle",
    "outline": 2,
    "outlineRgb": "rgb(168, 168, 168)",
    "r": 4,
  },
  {
    "colour": 2,
    "h": 28,
    "op": "rect",
    "rgb": "rgb(168, 168, 168)",
    "w": 27,
    "x": 166,
    "y": 130,
  },
  {
    "colour": 2,
    "h": 20,
    "op": "rect",
    "rgb": "rgb(168, 168, 168)",
    "w": 31,
    "x": 162,
    "y": 134,
  },
  {
    "colour": 0,
    "h": 32,
    "op": "rect",
    "rgb": "rgb(211, 211, 211)",
    "w": 32,
    "x": 192,
    "y": 128,
  },
  {
    "cx": 217,
    "cy": 134,
    "fill": 2,
    "fillRgb": "rgb(168, 168, 168)",
    "op": "circle",
    "outline": 2,
    "outlineRgb": "rgb(168, 168, 168)",
    "r": 4,
  },
  {
    "cx": 217,
    "cy": 153,
    "fill": 2,
    "fillRgb": "rgb(168, 168, 168)",
    "op": "circle",
    "outline": 2,
    "outlineRgb": "rgb(168, 168, 168)",
    "r": 4,
  },
  {
    "colour": 2,
    "h": 28,
    "op": "rect",
    "rgb": "rgb(168, 168, 168)",
    "w": 26,
    "x": 192,
    "y": 130,
  },
  {
    "colour": 2,
    "h": 20,
    "op": "rect",
    "rgb": "rgb(168, 168, 168)",
    "w": 30,
    "x": 192,
    "y": 134,
  },
  {
    "colour": 0,
    "h": 32,
    "op": "rect",
    "rgb": "rgb(211, 211, 211)",
    "w": 32,
    "x": 32,
    "y": 160,
  },
  {
    "cx": 38,
    "cy": 166,
    "fill": 2,
    "fillRgb": "rgb(168, 168, 168)",
    "op": "circle",
    "outline": 2,
    "outlineRgb": "rgb(168, 168, 168)",
    "r": 4,
  },
  {
    "cx": 38,
    "cy": 185,
    "fill": 2,
    "fillRgb": "rgb(168, 168, 168)",
    "op": "circle",
    "outline": 2,
    "outlineRgb": "rgb(168, 168, 168)",
    "r": 4,
  },
  {
    "colour": 2,
    "h": 28,
    "op": "rect",
    "rgb": "rgb(168, 168, 168)",
    "w": 27,
    "x": 38,
    "y": 162,
  },
  {
    "colour": 2,
    "h": 20,
    "op": "rect",
    "rgb": "rgb(168, 168, 168)",
    "w": 31,
    "x": 34,
    "y": 166,
  },
  {
    "colour": 0,
    "h": 32,
    "op": "rect",
    "rgb": "rgb(211, 211, 211)",
    "w": 32,
    "x": 64,
    "y": 160,
  },
  {
    "cx": 89,
    "cy": 166,
    "fill": 2,
    "fillRgb": "rgb(168, 168, 168)",
    "op": "circle",
    "outline": 2,
    "outlineRgb": "rgb(168, 168, 168)",
    "r": 4,
  },
  {
    "cx": 89,
    "cy": 185,
    "fill": 2,
    "fillRgb": "rgb(168, 168, 168)",
    "op": "circle",
    "outline": 2,
    "outlineRgb": "rgb(168, 168, 168)",
    "r": 4,
  },
  {
    "colour": 2,
    "h": 28,
    "op": "rect",
    "rgb": "rgb(168, 168, 168)",
    "w": 26,
    "x": 64,
    "y": 162,
  },
  {
    "colour": 2,
    "h": 20,
    "op": "rect",
    "rgb": "rgb(168, 168, 168)",
    "w": 30,
    "x": 64,
    "y": 166,
  },
  {
    "colour": 0,
    "h": 32,
    "op": "rect",
    "rgb": "rgb(211, 211, 211)",
    "w": 32,
    "x": 96,
    "y": 160,
  },
  {
    "cx": 102,
    "cy": 166,
    "fill": 2,
    "fillRgb": "rgb(168, 168, 168)",
    "op": "circle",
    "outline": 2,
    "outlineRgb": "rgb(168, 168, 168)",
    "r": 4,
  },
  {
    "cx": 102,
    "cy": 185,
    "fill": 2,
    "fillRgb": "rgb(168, 168, 168)",
    "op": "circle",
    "outline": 2,
    "outlineRgb": "rgb(168, 168, 168)",
    "r": 4,
  },
  {
    "colour": 2,
    "h": 28,
    "op": "rect",
    "rgb": "rgb(168, 168, 168)",
    "w": 27,
    "x": 102,
    "y": 162,
  },
  {
    "colour": 2,
    "h": 20,
    "op": "rect",
    "rgb": "rgb(168, 168, 168)",
    "w": 31,
    "x": 98,
    "y": 166,
  },
  {
    "colour": 0,
    "h": 32,
    "op": "rect",
    "rgb": "rgb(211, 211, 211)",
    "w": 32,
    "x": 128,
    "y": 160,
  },
  {
    "cx": 153,
    "cy": 166,
    "fill": 2,
    "fillRgb": "rgb(168, 168, 168)",
    "op": "circle",
    "outline": 2,
    "outlineRgb": "rgb(168, 168, 168)",
    "r": 4,
  },
  {
    "cx": 153,
    "cy": 185,
    "fill": 2,
    "fillRgb": "rgb(168, 168, 168)",
    "op": "circle",
    "outline": 2,
    "outlineRgb": "rgb(168, 168, 168)",
    "r": 4,
  },
  {
    "colour": 2,
    "h": 28,
    "op": "rect",
    "rgb": "rgb(168, 168, 168)",
    "w": 26,
    "x": 128,
    "y": 162,
  },
  {
    "colour": 2,
    "h": 20,
    "op": "rect",
    "rgb": "rgb(168, 168, 168)",
    "w": 30,
    "x": 128,
    "y": 166,
  },
  {
    "colour": 0,
    "h": 32,
    "op": "rect",
    "rgb": "rgb(211, 211, 211)",
    "w": 32,
    "x": 160,
    "y": 160,
  },
  {
    "cx": 166,
    "cy": 166,
    "fill": 2,
    "fillRgb": "rgb(168, 168, 168)",
    "op": "circle",
    "outline": 2,
    "outlineRgb": "rgb(168, 168, 168)",
    "r": 4,
  },
  {
    "cx": 166,
    "cy": 185,
    "fill": 2,
    "fillRgb": "rgb(168, 168, 168)",
    "op": "circle",
    "outline": 2,
    "outlineRgb": "rgb(168, 168, 168)",
    "r": 4,
  },
  {
    "colour": 2,
    "h": 28,
    "op": "rect",
    "rgb": "rgb(168, 168, 168)",
    "w": 27,
    "x": 166,
    "y": 162,
  },
  {
    "colour": 2,
    "h": 20,
    "op": "rect",
    "rgb": "rgb(168, 168, 168)",
    "w": 31,
    "x": 162,
    "y": 166,
  },
  {
    "colour": 0,
    "h": 32,
    "op": "rect",
    "rgb": "rgb(211, 211, 211)",
    "w": 32,
    "x": 192,
    "y": 160,
  },
  {
    "cx": 217,
    "cy": 166,
    "fill": 2,
    "fillRgb": "rgb(168, 168, 168)",
    "op": "circle",
    "outline": 2,
    "outlineRgb": "rgb(168, 168, 168)",
    "r": 4,
  },
  {
    "cx": 217,
    "cy": 185,
    "fill": 2,
    "fillRgb": "rgb(168, 168, 168)",
    "op": "circle",
    "outline": 2,
    "outlineRgb": "rgb(168, 168, 168)",
    "r": 4,
  },
  {
    "colour": 2,
    "h": 28,
    "op": "rect",
    "rgb": "rgb(168, 168, 168)",
    "w": 26,
    "x": 192,
    "y": 162,
  },
  {
    "colour": 2,
    "h": 20,
    "op": "rect",
    "rgb": "rgb(168, 168, 168)",
    "w": 30,
    "x": 192,
    "y": 166,
  },
  {
    "colour": 0,
    "h": 32,
    "op": "rect",
    "rgb": "rgb(211, 211, 211)",
    "w": 32,
    "x": 32,
    "y": 0,
  },
  {
    "align": "center",
    "baseline": "mathematical",
    "colour": 3,
    "fontType": "variable",
    "op": "text",
    "rgb": "rgb(0, 0, 0)",
    "size": 22,
    "text": "1",
    "x": 48,
    "y": 16,
  },
  {
    "colour": 0,
    "h": 32,
    "op": "rect",
    "rgb": "rgb(211, 211, 211)",
    "w": 32,
    "x": 64,
    "y": 0,
  },
  {
    "align": "center",
    "baseline": "mathematical",
    "colour": 3,
    "fontType": "variable",
    "op": "text",
    "rgb": "rgb(0, 0, 0)",
    "size": 22,
    "text": "2",
    "x": 80,
    "y": 16,
  },
  {
    "colour": 0,
    "h": 32,
    "op": "rect",
    "rgb": "rgb(211, 211, 211)",
    "w": 32,
    "x": 96,
    "y": 0,
  },
  {
    "align": "center",
    "baseline": "mathematical",
    "colour": 3,
    "fontType": "variable",
    "op": "text",
    "rgb": "rgb(0, 0, 0)",
    "size": 22,
    "text": "3",
    "x": 112,
    "y": 16,
  },
  {
    "colour": 0,
    "h": 32,
    "op": "rect",
    "rgb": "rgb(211, 211, 211)",
    "w": 32,
    "x": 128,
    "y": 0,
  },
  {
    "align": "center",
    "baseline": "mathematical",
    "colour": 3,
    "fontType": "variable",
    "op": "text",
    "rgb": "rgb(0, 0, 0)",
    "size": 22,
    "text": "2",
    "x": 144,
    "y": 16,
  },
  {
    "colour": 0,
    "h": 32,
    "op": "rect",
    "rgb": "rgb(211, 211, 211)",
    "w": 32,
    "x": 160,
    "y": 0,
  },
  {
    "align": "center",
    "baseline": "mathematical",
    "colour": 3,
    "fontType": "variable",
    "op": "text",
    "rgb": "rgb(0, 0, 0)",
    "size": 22,
    "text": "2",
    "x": 176,
    "y": 16,
  },
  {
    "colour": 0,
    "h": 32,
    "op": "rect",
    "rgb": "rgb(211, 211, 211)",
    "w": 32,
    "x": 192,
    "y": 0,
  },
  {
    "align": "center",
    "baseline": "mathematical",
    "colour": 3,
    "fontType": "variable",
    "op": "text",
    "rgb": "rgb(0, 0, 0)",
    "size": 22,
    "text": "2",
    "x": 208,
    "y": 16,
  },
  {
    "colour": 0,
    "h": 32,
    "op": "rect",
    "rgb": "rgb(211, 211, 211)",
    "w": 32,
    "x": 0,
    "y": 32,
  },
  {
    "align": "center",
    "baseline": "mathematical",
    "colour": 3,
    "fontType": "variable",
    "op": "text",
    "rgb": "rgb(0, 0, 0)",
    "size": 22,
    "text": "1",
    "x": 16,
    "y": 48,
  },
  {
    "colour": 0,
    "h": 32,
    "op": "rect",
    "rgb": "rgb(211, 211, 211)",
    "w": 32,
    "x": 0,
    "y": 64,
  },
  {
    "align": "center",
    "baseline": "mathematical",
    "colour": 3,
    "fontType": "variable",
    "op": "text",
    "rgb": "rgb(0, 0, 0)",
    "size": 22,
    "text": "3",
    "x": 16,
    "y": 80,
  },
  {
    "colour": 0,
    "h": 32,
    "op": "rect",
    "rgb": "rgb(211, 211, 211)",
    "w": 32,
    "x": 0,
    "y": 96,
  },
  {
    "align": "center",
    "baseline": "mathematical",
    "colour": 3,
    "fontType": "variable",
    "op": "text",
    "rgb": "rgb(0, 0, 0)",
    "size": 22,
    "text": "3",
    "x": 16,
    "y": 112,
  },
  {
    "colour": 0,
    "h": 32,
    "op": "rect",
    "rgb": "rgb(211, 211, 211)",
    "w": 32,
    "x": 0,
    "y": 128,
  },
  {
    "align": "center",
    "baseline": "mathematical",
    "colour": 3,
    "fontType": "variable",
    "op": "text",
    "rgb": "rgb(0, 0, 0)",
    "size": 22,
    "text": "3",
    "x": 16,
    "y": 144,
  },
  {
    "colour": 0,
    "h": 32,
    "op": "rect",
    "rgb": "rgb(211, 211, 211)",
    "w": 32,
    "x": 0,
    "y": 160,
  },
  {
    "align": "center",
    "baseline": "mathematical",
    "colour": 3,
    "fontType": "variable",
    "op": "text",
    "rgb": "rgb(0, 0, 0)",
    "size": 22,
    "text": "2",
    "x": 16,
    "y": 176,
  },
  {
    "colour": 0,
    "h": 32,
    "op": "rect",
    "rgb": "rgb(211, 211, 211)",
    "w": 32,
    "x": 32,
    "y": 192,
  },
  {
    "align": "center",
    "baseline": "mathematical",
    "colour": 3,
    "fontType": "variable",
    "op": "text",
    "rgb": "rgb(0, 0, 0)",
    "size": 22,
    "text": "2",
    "x": 48,
    "y": 208,
  },
  {
    "colour": 0,
    "h": 32,
    "op": "rect",
    "rgb": "rgb(211, 211, 211)",
    "w": 32,
    "x": 64,
    "y": 192,
  },
  {
    "align": "center",
    "baseline": "mathematical",
    "colour": 3,
    "fontType": "variable",
    "op": "text",
    "rgb": "rgb(0, 0, 0)",
    "size": 22,
    "text": "1",
    "x": 80,
    "y": 208,
  },
  {
    "colour": 0,
    "h": 32,
    "op": "rect",
    "rgb": "rgb(211, 211, 211)",
    "w": 32,
    "x": 96,
    "y": 192,
  },
  {
    "align": "center",
    "baseline": "mathematical",
    "colour": 3,
    "fontType": "variable",
    "op": "text",
    "rgb": "rgb(0, 0, 0)",
    "size": 22,
    "text": "2",
    "x": 112,
    "y": 208,
  },
  {
    "colour": 0,
    "h": 32,
    "op": "rect",
    "rgb": "rgb(211, 211, 211)",
    "w": 32,
    "x": 128,
    "y": 192,
  },
  {
    "align": "center",
    "baseline": "mathematical",
    "colour": 3,
    "fontType": "variable",
    "op": "text",
    "rgb": "rgb(0, 0, 0)",
    "size": 22,
    "text": "3",
    "x": 144,
    "y": 208,
  },
  {
    "colour": 0,
    "h": 32,
    "op": "rect",
    "rgb": "rgb(211, 211, 211)",
    "w": 32,
    "x": 160,
    "y": 192,
  },
  {
    "align": "center",
    "baseline": "mathematical",
    "colour": 3,
    "fontType": "variable",
    "op": "text",
    "rgb": "rgb(0, 0, 0)",
    "size": 22,
    "text": "2",
    "x": 176,
    "y": 208,
  },
  {
    "colour": 0,
    "h": 32,
    "op": "rect",
    "rgb": "rgb(211, 211, 211)",
    "w": 32,
    "x": 192,
    "y": 192,
  },
  {
    "align": "center",
    "baseline": "mathematical",
    "colour": 3,
    "fontType": "variable",
    "op": "text",
    "rgb": "rgb(0, 0, 0)",
    "size": 22,
    "text": "2",
    "x": 208,
    "y": 208,
  },
  {
    "colour": 0,
    "h": 32,
    "op": "rect",
    "rgb": "rgb(211, 211, 211)",
    "w": 32,
    "x": 224,
    "y": 32,
  },
  {
    "align": "center",
    "baseline": "mathematical",
    "colour": 3,
    "fontType": "variable",
    "op": "text",
    "rgb": "rgb(0, 0, 0)",
    "size": 22,
    "text": "1",
    "x": 240,
    "y": 48,
  },
  {
    "colour": 0,
    "h": 32,
    "op": "rect",
    "rgb": "rgb(211, 211, 211)",
    "w": 32,
    "x": 224,
    "y": 64,
  },
  {
    "align": "center",
    "baseline": "mathematical",
    "colour": 3,
    "fontType": "variable",
    "op": "text",
    "rgb": "rgb(0, 0, 0)",
    "size": 22,
    "text": "3",
    "x": 240,
    "y": 80,
  },
  {
    "colour": 0,
    "h": 32,
    "op": "rect",
    "rgb": "rgb(211, 211, 211)",
    "w": 32,
    "x": 224,
    "y": 96,
  },
  {
    "align": "center",
    "baseline": "mathematical",
    "colour": 3,
    "fontType": "variable",
    "op": "text",
    "rgb": "rgb(0, 0, 0)",
    "size": 22,
    "text": "3",
    "x": 240,
    "y": 112,
  },
  {
    "colour": 0,
    "h": 32,
    "op": "rect",
    "rgb": "rgb(211, 211, 211)",
    "w": 32,
    "x": 224,
    "y": 128,
  },
  {
    "align": "center",
    "baseline": "mathematical",
    "colour": 3,
    "fontType": "variable",
    "op": "text",
    "rgb": "rgb(0, 0, 0)",
    "size": 22,
    "text": "3",
    "x": 240,
    "y": 144,
  },
  {
    "colour": 0,
    "h": 32,
    "op": "rect",
    "rgb": "rgb(211, 211, 211)",
    "w": 32,
    "x": 224,
    "y": 160,
  },
  {
    "align": "center",
    "baseline": "mathematical",
    "colour": 3,
    "fontType": "variable",
    "op": "text",
    "rgb": "rgb(0, 0, 0)",
    "size": 22,
    "text": "2",
    "x": 240,
    "y": 176,
  },
]
`;
