// Vitest Snapshot v1, https://vitest.dev/guide/snapshot.html

exports[`the hint frame paints the overlay > draws a COL_HINT spoke and a COL_HINT_CELL evidence ring, incl. a diagonal 1`] = `
[
  {
    "colour": 0,
    "h": 288,
    "op": "rect",
    "rgb": "rgb(211, 211, 211)",
    "w": 288,
    "x": 0,
    "y": 0,
  },
  {
    "h": 72,
    "op": "clip",
    "w": 72,
    "x": 0,
    "y": 0,
  },
  {
    "colour": 0,
    "h": 72,
    "op": "rect",
    "rgb": "rgb(211, 211, 211)",
    "w": 56,
    "x": 8,
    "y": 0,
  },
  {
    "colour": 0,
    "h": 56,
    "op": "rect",
    "rgb": "rgb(211, 211, 211)",
    "w": 72,
    "x": 0,
    "y": 8,
  },
  {
    "colour": 9,
    "op": "line",
    "rgb": "rgb(21, 113, 233)",
    "thickness": 2,
    "x1": 108,
    "x2": 36,
    "y1": 108,
    "y2": 36,
  },
  {
    "colour": 9,
    "op": "line",
    "rgb": "rgb(21, 113, 233)",
    "thickness": 2,
    "x1": 36,
    "x2": 36,
    "y1": 108,
    "y2": 36,
  },
  {
    "cx": 36,
    "cy": 36,
    "fill": 10,
    "fillRgb": "rgb(14, 88, 91)",
    "op": "circle",
    "outline": 10,
    "outlineRgb": "rgb(14, 88, 91)",
    "r": 26,
  },
  {
    "cx": 36,
    "cy": 36,
    "fill": 1,
    "fillRgb": "rgb(77, 77, 77)",
    "op": "circle",
    "outline": 1,
    "outlineRgb": "rgb(77, 77, 77)",
    "r": 21,
  },
  {
    "cx": 55,
    "cy": 36,
    "fill": 1,
    "fillRgb": "rgb(77, 77, 77)",
    "op": "circle",
    "outline": 1,
    "outlineRgb": "rgb(77, 77, 77)",
    "r": 7,
  },
  {
    "cx": 55,
    "cy": 36,
    "fill": 4,
    "fillRgb": "rgb(21, 113, 233)",
    "op": "circle",
    "outline": 4,
    "outlineRgb": "rgb(21, 113, 233)",
    "r": 5,
  },
  {
    "cx": 49,
    "cy": 49,
    "fill": 1,
    "fillRgb": "rgb(77, 77, 77)",
    "op": "circle",
    "outline": 1,
    "outlineRgb": "rgb(77, 77, 77)",
    "r": 7,
  },
  {
    "cx": 49,
    "cy": 49,
    "fill": 0,
    "fillRgb": "rgb(211, 211, 211)",
    "op": "circle",
    "outline": 0,
    "outlineRgb": "rgb(211, 211, 211)",
    "r": 5,
  },
  {
    "cx": 36,
    "cy": 55,
    "fill": 1,
    "fillRgb": "rgb(77, 77, 77)",
    "op": "circle",
    "outline": 1,
    "outlineRgb": "rgb(77, 77, 77)",
    "r": 7,
  },
  {
    "cx": 36,
    "cy": 55,
    "fill": 0,
    "fillRgb": "rgb(211, 211, 211)",
    "op": "circle",
    "outline": 0,
    "outlineRgb": "rgb(211, 211, 211)",
    "r": 5,
  },
  {
    "cx": 36,
    "cy": 36,
    "fill": 0,
    "fillRgb": "rgb(211, 211, 211)",
    "op": "circle",
    "outline": 0,
    "outlineRgb": "rgb(211, 211, 211)",
    "r": 19,
  },
  {
    "align": "center",
    "baseline": "mathematical",
    "colour": 3,
    "fontType": "fixed",
    "op": "text",
    "rgb": "rgb(0, 0, 0)",
    "size": 28,
    "text": "2",
    "x": 36,
    "y": 36,
  },
  {
    "op": "unclip",
  },
  {
    "h": 72,
    "op": "clip",
    "w": 72,
    "x": 72,
    "y": 0,
  },
  {
    "colour": 0,
    "h": 72,
    "op": "rect",
    "rgb": "rgb(211, 211, 211)",
    "w": 56,
    "x": 80,
    "y": 0,
  },
  {
    "colour": 0,
    "h": 56,
    "op": "rect",
    "rgb": "rgb(211, 211, 211)",
    "w": 72,
    "x": 72,
    "y": 8,
  },
  {
    "cx": 108,
    "cy": 36,
    "fill": 1,
    "fillRgb": "rgb(77, 77, 77)",
    "op": "circle",
    "outline": 1,
    "outlineRgb": "rgb(77, 77, 77)",
    "r": 21,
  },
  {
    "cx": 127,
    "cy": 36,
    "fill": 1,
    "fillRgb": "rgb(77, 77, 77)",
    "op": "circle",
    "outline": 1,
    "outlineRgb": "rgb(77, 77, 77)",
    "r": 7,
  },
  {
    "cx": 127,
    "cy": 36,
    "fill": 4,
    "fillRgb": "rgb(21, 113, 233)",
    "op": "circle",
    "outline": 4,
    "outlineRgb": "rgb(21, 113, 233)",
    "r": 5,
  },
  {
    "cx": 121,
    "cy": 49,
    "fill": 1,
    "fillRgb": "rgb(77, 77, 77)",
    "op": "circle",
    "outline": 1,
    "outlineRgb": "rgb(77, 77, 77)",
    "r": 7,
  },
  {
    "cx": 121,
    "cy": 49,
    "fill": 0,
    "fillRgb": "rgb(211, 211, 211)",
    "op": "circle",
    "outline": 0,
    "outlineRgb": "rgb(211, 211, 211)",
    "r": 5,
  },
  {
    "cx": 108,
    "cy": 55,
    "fill": 1,
    "fillRgb": "rgb(77, 77, 77)",
    "op": "circle",
    "outline": 1,
    "outlineRgb": "rgb(77, 77, 77)",
    "r": 7,
  },
  {
    "cx": 108,
    "cy": 55,
    "fill": 0,
    "fillRgb": "rgb(211, 211, 211)",
    "op": "circle",
    "outline": 0,
    "outlineRgb": "rgb(211, 211, 211)",
    "r": 5,
  },
  {
    "cx": 95,
    "cy": 49,
    "fill": 1,
    "fillRgb": "rgb(77, 77, 77)",
    "op": "circle",
    "outline": 1,
    "outlineRgb": "rgb(77, 77, 77)",
    "r": 7,
  },
  {
    "cx": 95,
    "cy": 49,
    "fill": 0,
    "fillRgb": "rgb(211, 211, 211)",
    "op": "circle",
    "outline": 0,
    "outlineRgb": "rgb(211, 211, 211)",
    "r": 5,
  },
  {
    "cx": 89,
    "cy": 36,
    "fill": 1,
    "fillRgb": "rgb(77, 77, 77)",
    "op": "circle",
    "outline": 1,
    "outlineRgb": "rgb(77, 77, 77)",
    "r": 7,
  },
  {
    "cx": 89,
    "cy": 36,
    "fill": 4,
    "fillRgb": "rgb(21, 113, 233)",
    "op": "circle",
    "outline": 4,
    "outlineRgb": "rgb(21, 113, 233)",
    "r": 5,
  },
  {
    "cx": 108,
    "cy": 36,
    "fill": 0,
    "fillRgb": "rgb(211, 211, 211)",
    "op": "circle",
    "outline": 0,
    "outlineRgb": "rgb(211, 211, 211)",
    "r": 19,
  },
  {
    "align": "center",
    "baseline": "mathematical",
    "colour": 3,
    "fontType": "fixed",
    "op": "text",
    "rgb": "rgb(0, 0, 0)",
    "size": 28,
    "text": "1",
    "x": 108,
    "y": 36,
  },
  {
    "op": "unclip",
  },
  {
    "h": 72,
    "op": "clip",
    "w": 72,
    "x": 144,
    "y": 0,
  },
  {
    "colour": 0,
    "h": 72,
    "op": "rect",
    "rgb": "rgb(211, 211, 211)",
    "w": 56,
    "x": 152,
    "y": 0,
  },
  {
    "colour": 0,
    "h": 56,
    "op": "rect",
    "rgb": "rgb(211, 211, 211)",
    "w": 72,
    "x": 144,
    "y": 8,
  },
  {
    "cx": 180,
    "cy": 36,
    "fill": 1,
    "fillRgb": "rgb(77, 77, 77)",
    "op": "circle",
    "outline": 1,
    "outlineRgb": "rgb(77, 77, 77)",
    "r": 21,
  },
  {
    "cx": 199,
    "cy": 36,
    "fill": 1,
    "fillRgb": "rgb(77, 77, 77)",
    "op": "circle",
    "outline": 1,
    "outlineRgb": "rgb(77, 77, 77)",
    "r": 7,
  },
  {
    "cx": 199,
    "cy": 36,
    "fill": 0,
    "fillRgb": "rgb(211, 211, 211)",
    "op": "circle",
    "outline": 0,
    "outlineRgb": "rgb(211, 211, 211)",
    "r": 5,
  },
  {
    "cx": 193,
    "cy": 49,
    "fill": 1,
    "fillRgb": "rgb(77, 77, 77)",
    "op": "circle",
    "outline": 1,
    "outlineRgb": "rgb(77, 77, 77)",
    "r": 7,
  },
  {
    "cx": 193,
    "cy": 49,
    "fill": 0,
    "fillRgb": "rgb(211, 211, 211)",
    "op": "circle",
    "outline": 0,
    "outlineRgb": "rgb(211, 211, 211)",
    "r": 5,
  },
  {
    "cx": 180,
    "cy": 55,
    "fill": 1,
    "fillRgb": "rgb(77, 77, 77)",
    "op": "circle",
    "outline": 1,
    "outlineRgb": "rgb(77, 77, 77)",
    "r": 7,
  },
  {
    "cx": 180,
    "cy": 55,
    "fill": 0,
    "fillRgb": "rgb(211, 211, 211)",
    "op": "circle",
    "outline": 0,
    "outlineRgb": "rgb(211, 211, 211)",
    "r": 5,
  },
  {
    "cx": 167,
    "cy": 49,
    "fill": 1,
    "fillRgb": "rgb(77, 77, 77)",
    "op": "circle",
    "outline": 1,
    "outlineRgb": "rgb(77, 77, 77)",
    "r": 7,
  },
  {
    "cx": 167,
    "cy": 49,
    "fill": 0,
    "fillRgb": "rgb(211, 211, 211)",
    "op": "circle",
    "outline": 0,
    "outlineRgb": "rgb(211, 211, 211)",
    "r": 5,
  },
  {
    "cx": 161,
    "cy": 36,
    "fill": 1,
    "fillRgb": "rgb(77, 77, 77)",
    "op": "circle",
    "outline": 1,
    "outlineRgb": "rgb(77, 77, 77)",
    "r": 7,
  },
  {
    "cx": 161,
    "cy": 36,
    "fill": 4,
    "fillRgb": "rgb(21, 113, 233)",
    "op": "circle",
    "outline": 4,
    "outlineRgb": "rgb(21, 113, 233)",
    "r": 5,
  },
  {
    "cx": 180,
    "cy": 36,
    "fill": 0,
    "fillRgb": "rgb(211, 211, 211)",
    "op": "circle",
    "outline": 0,
    "outlineRgb": "rgb(211, 211, 211)",
    "r": 19,
  },
  {
    "align": "center",
    "baseline": "mathematical",
    "colour": 3,
    "fontType": "fixed",
    "op": "text",
    "rgb": "rgb(0, 0, 0)",
    "size": 28,
    "text": "1",
    "x": 180,
    "y": 36,
  },
  {
    "op": "unclip",
  },
  {
    "h": 72,
    "op": "clip",
    "w": 72,
    "x": 216,
    "y": 0,
  },
  {
    "colour": 0,
    "h": 72,
    "op": "rect",
    "rgb": "rgb(211, 211, 211)",
    "w": 56,
    "x": 224,
    "y": 0,
  },
  {
    "colour": 0,
    "h": 56,
    "op": "rect",
    "rgb": "rgb(211, 211, 211)",
    "w": 72,
    "x": 216,
    "y": 8,
  },
  {
    "cx": 252,
    "cy": 36,
    "fill": 1,
    "fillRgb": "rgb(77, 77, 77)",
    "op": "circle",
    "outline": 1,
    "outlineRgb": "rgb(77, 77, 77)",
    "r": 21,
  },
  {
    "cx": 252,
    "cy": 55,
    "fill": 1,
    "fillRgb": "rgb(77, 77, 77)",
    "op": "circle",
    "outline": 1,
    "outlineRgb": "rgb(77, 77, 77)",
    "r": 7,
  },
  {
    "cx": 252,
    "cy": 55,
    "fill": 0,
    "fillRgb": "rgb(211, 211, 211)",
    "op": "circle",
    "outline": 0,
    "outlineRgb": "rgb(211, 211, 211)",
    "r": 5,
  },
  {
    "cx": 239,
    "cy": 49,
    "fill": 1,
    "fillRgb": "rgb(77, 77, 77)",
    "op": "circle",
    "outline": 1,
    "outlineRgb": "rgb(77, 77, 77)",
    "r": 7,
  },
  {
    "cx": 239,
    "cy": 49,
    "fill": 0,
    "fillRgb": "rgb(211, 211, 211)",
    "op": "circle",
    "outline": 0,
    "outlineRgb": "rgb(211, 211, 211)",
    "r": 5,
  },
  {
    "cx": 233,
    "cy": 36,
    "fill": 1,
    "fillRgb": "rgb(77, 77, 77)",
    "op": "circle",
    "outline": 1,
    "outlineRgb": "rgb(77, 77, 77)",
    "r": 7,
  },
  {
    "cx": 233,
    "cy": 36,
    "fill": 0,
    "fillRgb": "rgb(211, 211, 211)",
    "op": "circle",
    "outline": 0,
    "outlineRgb": "rgb(211, 211, 211)",
    "r": 5,
  },
  {
    "cx": 252,
    "cy": 36,
    "fill": 0,
    "fillRgb": "rgb(211, 211, 211)",
    "op": "circle",
    "outline": 0,
    "outlineRgb": "rgb(211, 211, 211)",
    "r": 19,
  },
  {
    "align": "center",
    "baseline": "mathematical",
    "colour": 3,
    "fontType": "fixed",
    "op": "text",
    "rgb": "rgb(0, 0, 0)",
    "size": 28,
    "text": "2",
    "x": 252,
    "y": 36,
  },
  {
    "op": "unclip",
  },
  {
    "h": 72,
    "op": "clip",
    "w": 72,
    "x": 0,
    "y": 72,
  },
  {
    "colour": 0,
    "h": 72,
    "op": "rect",
    "rgb": "rgb(211, 211, 211)",
    "w": 56,
    "x": 8,
    "y": 72,
  },
  {
    "colour": 0,
    "h": 56,
    "op": "rect",
    "rgb": "rgb(211, 211, 211)",
    "w": 72,
    "x": 0,
    "y": 80,
  },
  {
    "colour": 9,
    "op": "line",
    "rgb": "rgb(21, 113, 233)",
    "thickness": 2,
    "x1": 36,
    "x2": 36,
    "y1": 108,
    "y2": 36,
  },
  {
    "cx": 36,
    "cy": 108,
    "fill": 1,
    "fillRgb": "rgb(77, 77, 77)",
    "op": "circle",
    "outline": 1,
    "outlineRgb": "rgb(77, 77, 77)",
    "r": 21,
  },
  {
    "cx": 55,
    "cy": 108,
    "fill": 1,
    "fillRgb": "rgb(77, 77, 77)",
    "op": "circle",
    "outline": 1,
    "outlineRgb": "rgb(77, 77, 77)",
    "r": 7,
  },
  {
    "cx": 55,
    "cy": 108,
    "fill": 0,
    "fillRgb": "rgb(211, 211, 211)",
    "op": "circle",
    "outline": 0,
    "outlineRgb": "rgb(211, 211, 211)",
    "r": 5,
  },
  {
    "cx": 49,
    "cy": 121,
    "fill": 1,
    "fillRgb": "rgb(77, 77, 77)",
    "op": "circle",
    "outline": 1,
    "outlineRgb": "rgb(77, 77, 77)",
    "r": 7,
  },
  {
    "cx": 49,
    "cy": 121,
    "fill": 0,
    "fillRgb": "rgb(211, 211, 211)",
    "op": "circle",
    "outline": 0,
    "outlineRgb": "rgb(211, 211, 211)",
    "r": 5,
  },
  {
    "cx": 36,
    "cy": 127,
    "fill": 1,
    "fillRgb": "rgb(77, 77, 77)",
    "op": "circle",
    "outline": 1,
    "outlineRgb": "rgb(77, 77, 77)",
    "r": 7,
  },
  {
    "cx": 36,
    "cy": 127,
    "fill": 4,
    "fillRgb": "rgb(21, 113, 233)",
    "op": "circle",
    "outline": 4,
    "outlineRgb": "rgb(21, 113, 233)",
    "r": 5,
  },
  {
    "cx": 36,
    "cy": 89,
    "fill": 1,
    "fillRgb": "rgb(77, 77, 77)",
    "op": "circle",
    "outline": 1,
    "outlineRgb": "rgb(77, 77, 77)",
    "r": 7,
  },
  {
    "cx": 36,
    "cy": 89,
    "fill": 0,
    "fillRgb": "rgb(211, 211, 211)",
    "op": "circle",
    "outline": 0,
    "outlineRgb": "rgb(211, 211, 211)",
    "r": 5,
  },
  {
    "cx": 49,
    "cy": 95,
    "fill": 1,
    "fillRgb": "rgb(77, 77, 77)",
    "op": "circle",
    "outline": 1,
    "outlineRgb": "rgb(77, 77, 77)",
    "r": 7,
  },
  {
    "cx": 49,
    "cy": 95,
    "fill": 0,
    "fillRgb": "rgb(211, 211, 211)",
    "op": "circle",
    "outline": 0,
    "outlineRgb": "rgb(211, 211, 211)",
    "r": 5,
  },
  {
    "cx": 36,
    "cy": 108,
    "fill": 0,
    "fillRgb": "rgb(211, 211, 211)",
    "op": "circle",
    "outline": 0,
    "outlineRgb": "rgb(211, 211, 211)",
    "r": 19,
  },
  {
    "align": "center",
    "baseline": "mathematical",
    "colour": 3,
    "fontType": "fixed",
    "op": "text",
    "rgb": "rgb(0, 0, 0)",
    "size": 28,
    "text": "2",
    "x": 36,
    "y": 108,
  },
  {
    "op": "unclip",
  },
  {
    "h": 72,
    "op": "clip",
    "w": 72,
    "x": 72,
    "y": 72,
  },
  {
    "colour": 0,
    "h": 72,
    "op": "rect",
    "rgb": "rgb(211, 211, 211)",
    "w": 56,
    "x": 80,
    "y": 72,
  },
  {
    "colour": 0,
    "h": 56,
    "op": "rect",
    "rgb": "rgb(211, 211, 211)",
    "w": 72,
    "x": 72,
    "y": 80,
  },
  {
    "colour": 9,
    "op": "line",
    "rgb": "rgb(21, 113, 233)",
    "thickness": 2,
    "x1": 108,
    "x2": 36,
    "y1": 108,
    "y2": 36,
  },
  {
    "cx": 108,
    "cy": 108,
    "fill": 1,
    "fillRgb": "rgb(77, 77, 77)",
    "op": "circle",
    "outline": 1,
    "outlineRgb": "rgb(77, 77, 77)",
    "r": 21,
  },
  {
    "cx": 127,
    "cy": 108,
    "fill": 1,
    "fillRgb": "rgb(77, 77, 77)",
    "op": "circle",
    "outline": 1,
    "outlineRgb": "rgb(77, 77, 77)",
    "r": 7,
  },
  {
    "cx": 127,
    "cy": 108,
    "fill": 0,
    "fillRgb": "rgb(211, 211, 211)",
    "op": "circle",
    "outline": 0,
    "outlineRgb": "rgb(211, 211, 211)",
    "r": 5,
  },
  {
    "cx": 121,
    "cy": 121,
    "fill": 1,
    "fillRgb": "rgb(77, 77, 77)",
    "op": "circle",
    "outline": 1,
    "outlineRgb": "rgb(77, 77, 77)",
    "r": 7,
  },
  {
    "cx": 121,
    "cy": 121,
    "fill": 0,
    "fillRgb": "rgb(211, 211, 211)",
    "op": "circle",
    "outline": 0,
    "outlineRgb": "rgb(211, 211, 211)",
    "r": 5,
  },
  {
    "cx": 108,
    "cy": 127,
    "fill": 1,
    "fillRgb": "rgb(77, 77, 77)",
    "op": "circle",
    "outline": 1,
    "outlineRgb": "rgb(77, 77, 77)",
    "r": 7,
  },
  {
    "cx": 108,
    "cy": 127,
    "fill": 0,
    "fillRgb": "rgb(211, 211, 211)",
    "op": "circle",
    "outline": 0,
    "outlineRgb": "rgb(211, 211, 211)",
    "r": 5,
  },
  {
    "cx": 95,
    "cy": 121,
    "fill": 1,
    "fillRgb": "rgb(77, 77, 77)",
    "op": "circle",
    "outline": 1,
    "outlineRgb": "rgb(77, 77, 77)",
    "r": 7,
  },
  {
    "cx": 95,
    "cy": 121,
    "fill": 4,
    "fillRgb": "rgb(21, 113, 233)",
    "op": "circle",
    "outline": 4,
    "outlineRgb": "rgb(21, 113, 233)",
    "r": 5,
  },
  {
    "cx": 89,
    "cy": 108,
    "fill": 1,
    "fillRgb": "rgb(77, 77, 77)",
    "op": "circle",
    "outline": 1,
    "outlineRgb": "rgb(77, 77, 77)",
    "r": 7,
  },
  {
    "cx": 89,
    "cy": 108,
    "fill": 0,
    "fillRgb": "rgb(211, 211, 211)",
    "op": "circle",
    "outline": 0,
    "outlineRgb": "rgb(211, 211, 211)",
    "r": 5,
  },
  {
    "cx": 95,
    "cy": 95,
    "fill": 1,
    "fillRgb": "rgb(77, 77, 77)",
    "op": "circle",
    "outline": 1,
    "outlineRgb": "rgb(77, 77, 77)",
    "r": 7,
  },
  {
    "cx": 95,
    "cy": 95,
    "fill": 0,
    "fillRgb": "rgb(211, 211, 211)",
    "op": "circle",
    "outline": 0,
    "outlineRgb": "rgb(211, 211, 211)",
    "r": 5,
  },
  {
    "cx": 108,
    "cy": 89,
    "fill": 1,
    "fillRgb": "rgb(77, 77, 77)",
    "op": "circle",
    "outline": 1,
    "outlineRgb": "rgb(77, 77, 77)",
    "r": 7,
  },
  {
    "cx": 108,
    "cy": 89,
    "fill": 0,
    "fillRgb": "rgb(211, 211, 211)",
    "op": "circle",
    "outline": 0,
    "outlineRgb": "rgb(211, 211, 211)",
    "r": 5,
  },
  {
    "cx": 121,
    "cy": 95,
    "fill": 1,
    "fillRgb": "rgb(77, 77, 77)",
    "op": "circle",
    "outline": 1,
    "outlineRgb": "rgb(77, 77, 77)",
    "r": 7,
  },
  {
    "cx": 121,
    "cy": 95,
    "fill": 0,
    "fillRgb": "rgb(211, 211, 211)",
    "op": "circle",
    "outline": 0,
    "outlineRgb": "rgb(211, 211, 211)",
    "r": 5,
  },
  {
    "cx": 108,
    "cy": 108,
    "fill": 0,
    "fillRgb": "rgb(211, 211, 211)",
    "op": "circle",
    "outline": 0,
    "outlineRgb": "rgb(211, 211, 211)",
    "r": 19,
  },
  {
    "align": "center",
    "baseline": "mathematical",
    "colour": 3,
    "fontType": "fixed",
    "op": "text",
    "rgb": "rgb(0, 0, 0)",
    "size": 28,
    "text": "5",
    "x": 108,
    "y": 108,
  },
  {
    "op": "unclip",
  },
  {
    "h": 72,
    "op": "clip",
    "w": 72,
    "x": 144,
    "y": 72,
  },
  {
    "colour": 0,
    "h": 72,
    "op": "rect",
    "rgb": "rgb(211, 211, 211)",
    "w": 56,
    "x": 152,
    "y": 72,
  },
  {
    "colour": 0,
    "h": 56,
    "op": "rect",
    "rgb": "rgb(211, 211, 211)",
    "w": 72,
    "x": 144,
    "y": 80,
  },
  {
    "cx": 180,
    "cy": 108,
    "fill": 1,
    "fillRgb": "rgb(77, 77, 77)",
    "op": "circle",
    "outline": 1,
    "outlineRgb": "rgb(77, 77, 77)",
    "r": 21,
  },
  {
    "cx": 199,
    "cy": 108,
    "fill": 1,
    "fillRgb": "rgb(77, 77, 77)",
    "op": "circle",
    "outline": 1,
    "outlineRgb": "rgb(77, 77, 77)",
    "r": 7,
  },
  {
    "cx": 199,
    "cy": 108,
    "fill": 0,
    "fillRgb": "rgb(211, 211, 211)",
    "op": "circle",
    "outline": 0,
    "outlineRgb": "rgb(211, 211, 211)",
    "r": 5,
  },
  {
    "cx": 193,
    "cy": 121,
    "fill": 1,
    "fillRgb": "rgb(77, 77, 77)",
    "op": "circle",
    "outline": 1,
    "outlineRgb": "rgb(77, 77, 77)",
    "r": 7,
  },
  {
    "cx": 193,
    "cy": 121,
    "fill": 4,
    "fillRgb": "rgb(21, 113, 233)",
    "op": "circle",
    "outline": 4,
    "outlineRgb": "rgb(21, 113, 233)",
    "r": 5,
  },
  {
    "cx": 180,
    "cy": 127,
    "fill": 1,
    "fillRgb": "rgb(77, 77, 77)",
    "op": "circle",
    "outline": 1,
    "outlineRgb": "rgb(77, 77, 77)",
    "r": 7,
  },
  {
    "cx": 180,
    "cy": 127,
    "fill": 0,
    "fillRgb": "rgb(211, 211, 211)",
    "op": "circle",
    "outline": 0,
    "outlineRgb": "rgb(211, 211, 211)",
    "r": 5,
  },
  {
    "cx": 167,
    "cy": 121,
    "fill": 1,
    "fillRgb": "rgb(77, 77, 77)",
    "op": "circle",
    "outline": 1,
    "outlineRgb": "rgb(77, 77, 77)",
    "r": 7,
  },
  {
    "cx": 167,
    "cy": 121,
    "fill": 0,
    "fillRgb": "rgb(211, 211, 211)",
    "op": "circle",
    "outline": 0,
    "outlineRgb": "rgb(211, 211, 211)",
    "r": 5,
  },
  {
    "cx": 161,
    "cy": 108,
    "fill": 1,
    "fillRgb": "rgb(77, 77, 77)",
    "op": "circle",
    "outline": 1,
    "outlineRgb": "rgb(77, 77, 77)",
    "r": 7,
  },
  {
    "cx": 161,
    "cy": 108,
    "fill": 0,
    "fillRgb": "rgb(211, 211, 211)",
    "op": "circle",
    "outline": 0,
    "outlineRgb": "rgb(211, 211, 211)",
    "r": 5,
  },
  {
    "cx": 167,
    "cy": 95,
    "fill": 1,
    "fillRgb": "rgb(77, 77, 77)",
    "op": "circle",
    "outline": 1,
    "outlineRgb": "rgb(77, 77, 77)",
    "r": 7,
  },
  {
    "cx": 167,
    "cy": 95,
    "fill": 0,
    "fillRgb": "rgb(211, 211, 211)",
    "op": "circle",
    "outline": 0,
    "outlineRgb": "rgb(211, 211, 211)",
    "r": 5,
  },
  {
    "cx": 180,
    "cy": 89,
    "fill": 1,
    "fillRgb": "rgb(77, 77, 77)",
    "op": "circle",
    "outline": 1,
    "outlineRgb": "rgb(77, 77, 77)",
    "r": 7,
  },
  {
    "cx": 180,
    "cy": 89,
    "fill": 0,
    "fillRgb": "rgb(211, 211, 211)",
    "op": "circle",
    "outline": 0,
    "outlineRgb": "rgb(211, 211, 211)",
    "r": 5,
  },
  {
    "cx": 193,
    "cy": 95,
    "fill": 1,
    "fillRgb": "rgb(77, 77, 77)",
    "op": "circle",
    "outline": 1,
    "outlineRgb": "rgb(77, 77, 77)",
    "r": 7,
  },
  {
    "cx": 193,
    "cy": 95,
    "fill": 0,
    "fillRgb": "rgb(211, 211, 211)",
    "op": "circle",
    "outline": 0,
    "outlineRgb": "rgb(211, 211, 211)",
    "r": 5,
  },
  {
    "cx": 180,
    "cy": 108,
    "fill": 0,
    "fillRgb": "rgb(211, 211, 211)",
    "op": "circle",
    "outline": 0,
    "outlineRgb": "rgb(211, 211, 211)",
    "r": 19,
  },
  {
    "align": "center",
    "baseline": "mathematical",
    "colour": 3,
    "fontType": "fixed",
    "op": "text",
    "rgb": "rgb(0, 0, 0)",
    "size": 28,
    "text": "6",
    "x": 180,
    "y": 108,
  },
  {
    "op": "unclip",
  },
  {
    "h": 72,
    "op": "clip",
    "w": 72,
    "x": 216,
    "y": 72,
  },
  {
    "colour": 0,
    "h": 72,
    "op": "rect",
    "rgb": "rgb(211, 211, 211)",
    "w": 56,
    "x": 224,
    "y": 72,
  },
  {
    "colour": 0,
    "h": 56,
    "op": "rect",
    "rgb": "rgb(211, 211, 211)",
    "w": 72,
    "x": 216,
    "y": 80,
  },
  {
    "cx": 252,
    "cy": 108,
    "fill": 1,
    "fillRgb": "rgb(77, 77, 77)",
    "op": "circle",
    "outline": 1,
    "outlineRgb": "rgb(77, 77, 77)",
    "r": 21,
  },
  {
    "cx": 252,
    "cy": 127,
    "fill": 1,
    "fillRgb": "rgb(77, 77, 77)",
    "op": "circle",
    "outline": 1,
    "outlineRgb": "rgb(77, 77, 77)",
    "r": 7,
  },
  {
    "cx": 252,
    "cy": 127,
    "fill": 4,
    "fillRgb": "rgb(21, 113, 233)",
    "op": "circle",
    "outline": 4,
    "outlineRgb": "rgb(21, 113, 233)",
    "r": 5,
  },
  {
    "cx": 239,
    "cy": 121,
    "fill": 1,
    "fillRgb": "rgb(77, 77, 77)",
    "op": "circle",
    "outline": 1,
    "outlineRgb": "rgb(77, 77, 77)",
    "r": 7,
  },
  {
    "cx": 239,
    "cy": 121,
    "fill": 0,
    "fillRgb": "rgb(211, 211, 211)",
    "op": "circle",
    "outline": 0,
    "outlineRgb": "rgb(211, 211, 211)",
    "r": 5,
  },
  {
    "cx": 233,
    "cy": 108,
    "fill": 1,
    "fillRgb": "rgb(77, 77, 77)",
    "op": "circle",
    "outline": 1,
    "outlineRgb": "rgb(77, 77, 77)",
    "r": 7,
  },
  {
    "cx": 233,
    "cy": 108,
    "fill": 0,
    "fillRgb": "rgb(211, 211, 211)",
    "op": "circle",
    "outline": 0,
    "outlineRgb": "rgb(211, 211, 211)",
    "r": 5,
  },
  {
    "cx": 239,
    "cy": 95,
    "fill": 1,
    "fillRgb": "rgb(77, 77, 77)",
    "op": "circle",
    "outline": 1,
    "outlineRgb": "rgb(77, 77, 77)",
    "r": 7,
  },
  {
    "cx": 239,
    "cy": 95,
    "fill": 0,
    "fillRgb": "rgb(211, 211, 211)",
    "op": "circle",
    "outline": 0,
    "outlineRgb": "rgb(211, 211, 211)",
    "r": 5,
  },
  {
    "cx": 252,
    "cy": 89,
    "fill": 1,
    "fillRgb": "rgb(77, 77, 77)",
    "op": "circle",
    "outline": 1,
    "outlineRgb": "rgb(77, 77, 77)",
    "r": 7,
  },
  {
    "cx": 252,
    "cy": 89,
    "fill": 0,
    "fillRgb": "rgb(211, 211, 211)",
    "op": "circle",
    "outline": 0,
    "outlineRgb": "rgb(211, 211, 211)",
    "r": 5,
  },
  {
    "cx": 252,
    "cy": 108,
    "fill": 0,
    "fillRgb": "rgb(211, 211, 211)",
    "op": "circle",
    "outline": 0,
    "outlineRgb": "rgb(211, 211, 211)",
    "r": 19,
  },
  {
    "align": "center",
    "baseline": "mathematical",
    "colour": 3,
    "fontType": "fixed",
    "op": "text",
    "rgb": "rgb(0, 0, 0)",
    "size": 28,
    "text": "2",
    "x": 252,
    "y": 108,
  },
  {
    "op": "unclip",
  },
  {
    "h": 72,
    "op": "clip",
    "w": 72,
    "x": 0,
    "y": 144,
  },
  {
    "colour": 0,
    "h": 72,
    "op": "rect",
    "rgb": "rgb(211, 211, 211)",
    "w": 56,
    "x": 8,
    "y": 144,
  },
  {
    "colour": 0,
    "h": 56,
    "op": "rect",
    "rgb": "rgb(211, 211, 211)",
    "w": 72,
    "x": 0,
    "y": 152,
  },
  {
    "colour": 3,
    "op": "line",
    "rgb": "rgb(0, 0, 0)",
    "thickness": 2,
    "x1": 36,
    "x2": 36,
    "y1": 252,
    "y2": 180,
  },
  {
    "cx": 36,
    "cy": 180,
    "fill": 1,
    "fillRgb": "rgb(77, 77, 77)",
    "op": "circle",
    "outline": 1,
    "outlineRgb": "rgb(77, 77, 77)",
    "r": 21,
  },
  {
    "cx": 55,
    "cy": 180,
    "fill": 1,
    "fillRgb": "rgb(77, 77, 77)",
    "op": "circle",
    "outline": 1,
    "outlineRgb": "rgb(77, 77, 77)",
    "r": 7,
  },
  {
    "cx": 55,
    "cy": 180,
    "fill": 4,
    "fillRgb": "rgb(21, 113, 233)",
    "op": "circle",
    "outline": 4,
    "outlineRgb": "rgb(21, 113, 233)",
    "r": 5,
  },
  {
    "cx": 49,
    "cy": 193,
    "fill": 1,
    "fillRgb": "rgb(77, 77, 77)",
    "op": "circle",
    "outline": 1,
    "outlineRgb": "rgb(77, 77, 77)",
    "r": 7,
  },
  {
    "cx": 49,
    "cy": 193,
    "fill": 4,
    "fillRgb": "rgb(21, 113, 233)",
    "op": "circle",
    "outline": 4,
    "outlineRgb": "rgb(21, 113, 233)",
    "r": 5,
  },
  {
    "cx": 36,
    "cy": 199,
    "fill": 1,
    "fillRgb": "rgb(77, 77, 77)",
    "op": "circle",
    "outline": 1,
    "outlineRgb": "rgb(77, 77, 77)",
    "r": 7,
  },
  {
    "cx": 36,
    "cy": 199,
    "fill": 8,
    "fillRgb": "rgb(179, 179, 179)",
    "op": "circle",
    "outline": 8,
    "outlineRgb": "rgb(179, 179, 179)",
    "r": 5,
  },
  {
    "cx": 36,
    "cy": 161,
    "fill": 1,
    "fillRgb": "rgb(77, 77, 77)",
    "op": "circle",
    "outline": 1,
    "outlineRgb": "rgb(77, 77, 77)",
    "r": 7,
  },
  {
    "cx": 36,
    "cy": 161,
    "fill": 4,
    "fillRgb": "rgb(21, 113, 233)",
    "op": "circle",
    "outline": 4,
    "outlineRgb": "rgb(21, 113, 233)",
    "r": 5,
  },
  {
    "cx": 49,
    "cy": 167,
    "fill": 1,
    "fillRgb": "rgb(77, 77, 77)",
    "op": "circle",
    "outline": 1,
    "outlineRgb": "rgb(77, 77, 77)",
    "r": 7,
  },
  {
    "cx": 49,
    "cy": 167,
    "fill": 4,
    "fillRgb": "rgb(21, 113, 233)",
    "op": "circle",
    "outline": 4,
    "outlineRgb": "rgb(21, 113, 233)",
    "r": 5,
  },
  {
    "cx": 36,
    "cy": 180,
    "fill": 8,
    "fillRgb": "rgb(179, 179, 179)",
    "op": "circle",
    "outline": 8,
    "outlineRgb": "rgb(179, 179, 179)",
    "r": 19,
  },
  {
    "align": "center",
    "baseline": "mathematical",
    "colour": 3,
    "fontType": "fixed",
    "op": "text",
    "rgb": "rgb(0, 0, 0)",
    "size": 28,
    "text": "1",
    "x": 36,
    "y": 180,
  },
  {
    "op": "unclip",
  },
  {
    "h": 72,
    "op": "clip",
    "w": 72,
    "x": 72,
    "y": 144,
  },
  {
    "colour": 0,
    "h": 72,
    "op": "rect",
    "rgb": "rgb(211, 211, 211)",
    "w": 56,
    "x": 80,
    "y": 144,
  },
  {
    "colour": 0,
    "h": 56,
    "op": "rect",
    "rgb": "rgb(211, 211, 211)",
    "w": 72,
    "x": 72,
    "y": 152,
  },
  {
    "colour": 3,
    "op": "line",
    "rgb": "rgb(0, 0, 0)",
    "thickness": 2,
    "x1": 36,
    "x2": 108,
    "y1": 252,
    "y2": 180,
  },
  {
    "cx": 108,
    "cy": 180,
    "fill": 1,
    "fillRgb": "rgb(77, 77, 77)",
    "op": "circle",
    "outline": 1,
    "outlineRgb": "rgb(77, 77, 77)",
    "r": 21,
  },
  {
    "cx": 127,
    "cy": 180,
    "fill": 1,
    "fillRgb": "rgb(77, 77, 77)",
    "op": "circle",
    "outline": 1,
    "outlineRgb": "rgb(77, 77, 77)",
    "r": 7,
  },
  {
    "cx": 127,
    "cy": 180,
    "fill": 0,
    "fillRgb": "rgb(211, 211, 211)",
    "op": "circle",
    "outline": 0,
    "outlineRgb": "rgb(211, 211, 211)",
    "r": 5,
  },
  {
    "cx": 121,
    "cy": 193,
    "fill": 1,
    "fillRgb": "rgb(77, 77, 77)",
    "op": "circle",
    "outline": 1,
    "outlineRgb": "rgb(77, 77, 77)",
    "r": 7,
  },
  {
    "cx": 121,
    "cy": 193,
    "fill": 4,
    "fillRgb": "rgb(21, 113, 233)",
    "op": "circle",
    "outline": 4,
    "outlineRgb": "rgb(21, 113, 233)",
    "r": 5,
  },
  {
    "cx": 108,
    "cy": 199,
    "fill": 1,
    "fillRgb": "rgb(77, 77, 77)",
    "op": "circle",
    "outline": 1,
    "outlineRgb": "rgb(77, 77, 77)",
    "r": 7,
  },
  {
    "cx": 108,
    "cy": 199,
    "fill": 4,
    "fillRgb": "rgb(21, 113, 233)",
    "op": "circle",
    "outline": 4,
    "outlineRgb": "rgb(21, 113, 233)",
    "r": 5,
  },
  {
    "cx": 95,
    "cy": 193,
    "fill": 1,
    "fillRgb": "rgb(77, 77, 77)",
    "op": "circle",
    "outline": 1,
    "outlineRgb": "rgb(77, 77, 77)",
    "r": 7,
  },
  {
    "cx": 95,
    "cy": 193,
    "fill": 0,
    "fillRgb": "rgb(211, 211, 211)",
    "op": "circle",
    "outline": 0,
    "outlineRgb": "rgb(211, 211, 211)",
    "r": 5,
  },
  {
    "cx": 89,
    "cy": 180,
    "fill": 1,
    "fillRgb": "rgb(77, 77, 77)",
    "op": "circle",
    "outline": 1,
    "outlineRgb": "rgb(77, 77, 77)",
    "r": 7,
  },
  {
    "cx": 89,
    "cy": 180,
    "fill": 4,
    "fillRgb": "rgb(21, 113, 233)",
    "op": "circle",
    "outline": 4,
    "outlineRgb": "rgb(21, 113, 233)",
    "r": 5,
  },
  {
    "cx": 95,
    "cy": 167,
    "fill": 1,
    "fillRgb": "rgb(77, 77, 77)",
    "op": "circle",
    "outline": 1,
    "outlineRgb": "rgb(77, 77, 77)",
    "r": 7,
  },
  {
    "cx": 95,
    "cy": 167,
    "fill": 0,
    "fillRgb": "rgb(211, 211, 211)",
    "op": "circle",
    "outline": 0,
    "outlineRgb": "rgb(211, 211, 211)",
    "r": 5,
  },
  {
    "cx": 108,
    "cy": 161,
    "fill": 1,
    "fillRgb": "rgb(77, 77, 77)",
    "op": "circle",
    "outline": 1,
    "outlineRgb": "rgb(77, 77, 77)",
    "r": 7,
  },
  {
    "cx": 108,
    "cy": 161,
    "fill": 0,
    "fillRgb": "rgb(211, 211, 211)",
    "op": "circle",
    "outline": 0,
    "outlineRgb": "rgb(211, 211, 211)",
    "r": 5,
  },
  {
    "cx": 121,
    "cy": 167,
    "fill": 1,
    "fillRgb": "rgb(77, 77, 77)",
    "op": "circle",
    "outline": 1,
    "outlineRgb": "rgb(77, 77, 77)",
    "r": 7,
  },
  {
    "cx": 121,
    "cy": 167,
    "fill": 0,
    "fillRgb": "rgb(211, 211, 211)",
    "op": "circle",
    "outline": 0,
    "outlineRgb": "rgb(211, 211, 211)",
    "r": 5,
  },
  {
    "cx": 108,
    "cy": 180,
    "fill": 0,
    "fillRgb": "rgb(211, 211, 211)",
    "op": "circle",
    "outline": 0,
    "outlineRgb": "rgb(211, 211, 211)",
    "r": 19,
  },
  {
    "align": "center",
    "baseline": "mathematical",
    "colour": 3,
    "fontType": "fixed",
    "op": "text",
    "rgb": "rgb(0, 0, 0)",
    "size": 28,
    "text": "3",
    "x": 108,
    "y": 180,
  },
  {
    "op": "unclip",
  },
  {
    "h": 72,
    "op": "clip",
    "w": 72,
    "x": 144,
    "y": 144,
  },
  {
    "colour": 0,
    "h": 72,
    "op": "rect",
    "rgb": "rgb(211, 211, 211)",
    "w": 56,
    "x": 152,
    "y": 144,
  },
  {
    "colour": 0,
    "h": 56,
    "op": "rect",
    "rgb": "rgb(211, 211, 211)",
    "w": 72,
    "x": 144,
    "y": 152,
  },
  {
    "colour": 3,
    "op": "line",
    "rgb": "rgb(0, 0, 0)",
    "thickness": 2,
    "x1": 252,
    "x2": 180,
    "y1": 252,
    "y2": 180,
  },
  {
    "cx": 180,
    "cy": 180,
    "fill": 1,
    "fillRgb": "rgb(77, 77, 77)",
    "op": "circle",
    "outline": 1,
    "outlineRgb": "rgb(77, 77, 77)",
    "r": 21,
  },
  {
    "cx": 199,
    "cy": 180,
    "fill": 1,
    "fillRgb": "rgb(77, 77, 77)",
    "op": "circle",
    "outline": 1,
    "outlineRgb": "rgb(77, 77, 77)",
    "r": 7,
  },
  {
    "cx": 199,
    "cy": 180,
    "fill": 4,
    "fillRgb": "rgb(21, 113, 233)",
    "op": "circle",
    "outline": 4,
    "outlineRgb": "rgb(21, 113, 233)",
    "r": 5,
  },
  {
    "cx": 193,
    "cy": 193,
    "fill": 1,
    "fillRgb": "rgb(77, 77, 77)",
    "op": "circle",
    "outline": 1,
    "outlineRgb": "rgb(77, 77, 77)",
    "r": 7,
  },
  {
    "cx": 193,
    "cy": 193,
    "fill": 0,
    "fillRgb": "rgb(211, 211, 211)",
    "op": "circle",
    "outline": 0,
    "outlineRgb": "rgb(211, 211, 211)",
    "r": 5,
  },
  {
    "cx": 180,
    "cy": 199,
    "fill": 1,
    "fillRgb": "rgb(77, 77, 77)",
    "op": "circle",
    "outline": 1,
    "outlineRgb": "rgb(77, 77, 77)",
    "r": 7,
  },
  {
    "cx": 180,
    "cy": 199,
    "fill": 4,
    "fillRgb": "rgb(21, 113, 233)",
    "op": "circle",
    "outline": 4,
    "outlineRgb": "rgb(21, 113, 233)",
    "r": 5,
  },
  {
    "cx": 167,
    "cy": 193,
    "fill": 1,
    "fillRgb": "rgb(77, 77, 77)",
    "op": "circle",
    "outline": 1,
    "outlineRgb": "rgb(77, 77, 77)",
    "r": 7,
  },
  {
    "cx": 167,
    "cy": 193,
    "fill": 4,
    "fillRgb": "rgb(21, 113, 233)",
    "op": "circle",
    "outline": 4,
    "outlineRgb": "rgb(21, 113, 233)",
    "r": 5,
  },
  {
    "cx": 161,
    "cy": 180,
    "fill": 1,
    "fillRgb": "rgb(77, 77, 77)",
    "op": "circle",
    "outline": 1,
    "outlineRgb": "rgb(77, 77, 77)",
    "r": 7,
  },
  {
    "cx": 161,
    "cy": 180,
    "fill": 0,
    "fillRgb": "rgb(211, 211, 211)",
    "op": "circle",
    "outline": 0,
    "outlineRgb": "rgb(211, 211, 211)",
    "r": 5,
  },
  {
    "cx": 167,
    "cy": 167,
    "fill": 1,
    "fillRgb": "rgb(77, 77, 77)",
    "op": "circle",
    "outline": 1,
    "outlineRgb": "rgb(77, 77, 77)",
    "r": 7,
  },
  {
    "cx": 167,
    "cy": 167,
    "fill": 0,
    "fillRgb": "rgb(211, 211, 211)",
    "op": "circle",
    "outline": 0,
    "outlineRgb": "rgb(211, 211, 211)",
    "r": 5,
  },
  {
    "cx": 180,
    "cy": 161,
    "fill": 1,
    "fillRgb": "rgb(77, 77, 77)",
    "op": "circle",
    "outline": 1,
    "outlineRgb": "rgb(77, 77, 77)",
    "r": 7,
  },
  {
    "cx": 180,
    "cy": 161,
    "fill": 0,
    "fillRgb": "rgb(211, 211, 211)",
    "op": "circle",
    "outline": 0,
    "outlineRgb": "rgb(211, 211, 211)",
    "r": 5,
  },
  {
    "cx": 193,
    "cy": 167,
    "fill": 1,
    "fillRgb": "rgb(77, 77, 77)",
    "op": "circle",
    "outline": 1,
    "outlineRgb": "rgb(77, 77, 77)",
    "r": 7,
  },
  {
    "cx": 193,
    "cy": 167,
    "fill": 0,
    "fillRgb": "rgb(211, 211, 211)",
    "op": "circle",
    "outline": 0,
    "outlineRgb": "rgb(211, 211, 211)",
    "r": 5,
  },
  {
    "cx": 180,
    "cy": 180,
    "fill": 0,
    "fillRgb": "rgb(211, 211, 211)",
    "op": "circle",
    "outline": 0,
    "outlineRgb": "rgb(211, 211, 211)",
    "r": 19,
  },
  {
    "align": "center",
    "baseline": "mathematical",
    "colour": 3,
    "fontType": "fixed",
    "op": "text",
    "rgb": "rgb(0, 0, 0)",
    "size": 28,
    "text": "2",
    "x": 180,
    "y": 180,
  },
  {
    "op": "unclip",
  },
  {
    "h": 72,
    "op": "clip",
    "w": 72,
    "x": 216,
    "y": 144,
  },
  {
    "colour": 0,
    "h": 72,
    "op": "rect",
    "rgb": "rgb(211, 211, 211)",
    "w": 56,
    "x": 224,
    "y": 144,
  },
  {
    "colour": 0,
    "h": 56,
    "op": "rect",
    "rgb": "rgb(211, 211, 211)",
    "w": 72,
    "x": 216,
    "y": 152,
  },
  {
    "colour": 3,
    "op": "line",
    "rgb": "rgb(0, 0, 0)",
    "thickness": 2,
    "x1": 252,
    "x2": 252,
    "y1": 252,
    "y2": 180,
  },
  {
    "cx": 252,
    "cy": 180,
    "fill": 1,
    "fillRgb": "rgb(77, 77, 77)",
    "op": "circle",
    "outline": 1,
    "outlineRgb": "rgb(77, 77, 77)",
    "r": 21,
  },
  {
    "cx": 252,
    "cy": 199,
    "fill": 1,
    "fillRgb": "rgb(77, 77, 77)",
    "op": "circle",
    "outline": 1,
    "outlineRgb": "rgb(77, 77, 77)",
    "r": 7,
  },
  {
    "cx": 252,
    "cy": 199,
    "fill": 8,
    "fillRgb": "rgb(179, 179, 179)",
    "op": "circle",
    "outline": 8,
    "outlineRgb": "rgb(179, 179, 179)",
    "r": 5,
  },
  {
    "cx": 239,
    "cy": 193,
    "fill": 1,
    "fillRgb": "rgb(77, 77, 77)",
    "op": "circle",
    "outline": 1,
    "outlineRgb": "rgb(77, 77, 77)",
    "r": 7,
  },
  {
    "cx": 239,
    "cy": 193,
    "fill": 4,
    "fillRgb": "rgb(21, 113, 233)",
    "op": "circle",
    "outline": 4,
    "outlineRgb": "rgb(21, 113, 233)",
    "r": 5,
  },
  {
    "cx": 233,
    "cy": 180,
    "fill": 1,
    "fillRgb": "rgb(77, 77, 77)",
    "op": "circle",
    "outline": 1,
    "outlineRgb": "rgb(77, 77, 77)",
    "r": 7,
  },
  {
    "cx": 233,
    "cy": 180,
    "fill": 4,
    "fillRgb": "rgb(21, 113, 233)",
    "op": "circle",
    "outline": 4,
    "outlineRgb": "rgb(21, 113, 233)",
    "r": 5,
  },
  {
    "cx": 239,
    "cy": 167,
    "fill": 1,
    "fillRgb": "rgb(77, 77, 77)",
    "op": "circle",
    "outline": 1,
    "outlineRgb": "rgb(77, 77, 77)",
    "r": 7,
  },
  {
    "cx": 239,
    "cy": 167,
    "fill": 4,
    "fillRgb": "rgb(21, 113, 233)",
    "op": "circle",
    "outline": 4,
    "outlineRgb": "rgb(21, 113, 233)",
    "r": 5,
  },
  {
    "cx": 252,
    "cy": 161,
    "fill": 1,
    "fillRgb": "rgb(77, 77, 77)",
    "op": "circle",
    "outline": 1,
    "outlineRgb": "rgb(77, 77, 77)",
    "r": 7,
  },
  {
    "cx": 252,
    "cy": 161,
    "fill": 4,
    "fillRgb": "rgb(21, 113, 233)",
    "op": "circle",
    "outline": 4,
    "outlineRgb": "rgb(21, 113, 233)",
    "r": 5,
  },
  {
    "cx": 252,
    "cy": 180,
    "fill": 8,
    "fillRgb": "rgb(179, 179, 179)",
    "op": "circle",
    "outline": 8,
    "outlineRgb": "rgb(179, 179, 179)",
    "r": 19,
  },
  {
    "align": "center",
    "baseline": "mathematical",
    "colour": 3,
    "fontType": "fixed",
    "op": "text",
    "rgb": "rgb(0, 0, 0)",
    "size": 28,
    "text": "1",
    "x": 252,
    "y": 180,
  },
  {
    "op": "unclip",
  },
  {
    "h": 72,
    "op": "clip",
    "w": 72,
    "x": 0,
    "y": 216,
  },
  {
    "colour": 0,
    "h": 72,
    "op": "rect",
    "rgb": "rgb(211, 211, 211)",
    "w": 56,
    "x": 8,
    "y": 216,
  },
  {
    "colour": 0,
    "h": 56,
    "op": "rect",
    "rgb": "rgb(211, 211, 211)",
    "w": 72,
    "x": 0,
    "y": 224,
  },
  {
    "colour": 3,
    "op": "line",
    "rgb": "rgb(0, 0, 0)",
    "thickness": 2,
    "x1": 108,
    "x2": 36,
    "y1": 252,
    "y2": 252,
  },
  {
    "colour": 3,
    "op": "line",
    "rgb": "rgb(0, 0, 0)",
    "thickness": 2,
    "x1": 36,
    "x2": 36,
    "y1": 252,
    "y2": 180,
  },
  {
    "colour": 3,
    "op": "line",
    "rgb": "rgb(0, 0, 0)",
    "thickness": 2,
    "x1": 36,
    "x2": 108,
    "y1": 252,
    "y2": 180,
  },
  {
    "cx": 36,
    "cy": 252,
    "fill": 1,
    "fillRgb": "rgb(77, 77, 77)",
    "op": "circle",
    "outline": 1,
    "outlineRgb": "rgb(77, 77, 77)",
    "r": 21,
  },
  {
    "cx": 55,
    "cy": 252,
    "fill": 1,
    "fillRgb": "rgb(77, 77, 77)",
    "op": "circle",
    "outline": 1,
    "outlineRgb": "rgb(77, 77, 77)",
    "r": 7,
  },
  {
    "cx": 55,
    "cy": 252,
    "fill": 8,
    "fillRgb": "rgb(179, 179, 179)",
    "op": "circle",
    "outline": 8,
    "outlineRgb": "rgb(179, 179, 179)",
    "r": 5,
  },
  {
    "cx": 36,
    "cy": 233,
    "fill": 1,
    "fillRgb": "rgb(77, 77, 77)",
    "op": "circle",
    "outline": 1,
    "outlineRgb": "rgb(77, 77, 77)",
    "r": 7,
  },
  {
    "cx": 36,
    "cy": 233,
    "fill": 8,
    "fillRgb": "rgb(179, 179, 179)",
    "op": "circle",
    "outline": 8,
    "outlineRgb": "rgb(179, 179, 179)",
    "r": 5,
  },
  {
    "cx": 49,
    "cy": 239,
    "fill": 1,
    "fillRgb": "rgb(77, 77, 77)",
    "op": "circle",
    "outline": 1,
    "outlineRgb": "rgb(77, 77, 77)",
    "r": 7,
  },
  {
    "cx": 49,
    "cy": 239,
    "fill": 8,
    "fillRgb": "rgb(179, 179, 179)",
    "op": "circle",
    "outline": 8,
    "outlineRgb": "rgb(179, 179, 179)",
    "r": 5,
  },
  {
    "cx": 36,
    "cy": 252,
    "fill": 8,
    "fillRgb": "rgb(179, 179, 179)",
    "op": "circle",
    "outline": 8,
    "outlineRgb": "rgb(179, 179, 179)",
    "r": 19,
  },
  {
    "align": "center",
    "baseline": "mathematical",
    "colour": 3,
    "fontType": "fixed",
    "op": "text",
    "rgb": "rgb(0, 0, 0)",
    "size": 28,
    "text": "3",
    "x": 36,
    "y": 252,
  },
  {
    "op": "unclip",
  },
  {
    "h": 72,
    "op": "clip",
    "w": 72,
    "x": 72,
    "y": 216,
  },
  {
    "colour": 0,
    "h": 72,
    "op": "rect",
    "rgb": "rgb(211, 211, 211)",
    "w": 56,
    "x": 80,
    "y": 216,
  },
  {
    "colour": 0,
    "h": 56,
    "op": "rect",
    "rgb": "rgb(211, 211, 211)",
    "w": 72,
    "x": 72,
    "y": 224,
  },
  {
    "colour": 3,
    "op": "line",
    "rgb": "rgb(0, 0, 0)",
    "thickness": 2,
    "x1": 108,
    "x2": 36,
    "y1": 252,
    "y2": 252,
  },
  {
    "cx": 108,
    "cy": 252,
    "fill": 1,
    "fillRgb": "rgb(77, 77, 77)",
    "op": "circle",
    "outline": 1,
    "outlineRgb": "rgb(77, 77, 77)",
    "r": 21,
  },
  {
    "cx": 127,
    "cy": 252,
    "fill": 1,
    "fillRgb": "rgb(77, 77, 77)",
    "op": "circle",
    "outline": 1,
    "outlineRgb": "rgb(77, 77, 77)",
    "r": 7,
  },
  {
    "cx": 127,
    "cy": 252,
    "fill": 8,
    "fillRgb": "rgb(179, 179, 179)",
    "op": "circle",
    "outline": 8,
    "outlineRgb": "rgb(179, 179, 179)",
    "r": 5,
  },
  {
    "cx": 89,
    "cy": 252,
    "fill": 1,
    "fillRgb": "rgb(77, 77, 77)",
    "op": "circle",
    "outline": 1,
    "outlineRgb": "rgb(77, 77, 77)",
    "r": 7,
  },
  {
    "cx": 89,
    "cy": 252,
    "fill": 8,
    "fillRgb": "rgb(179, 179, 179)",
    "op": "circle",
    "outline": 8,
    "outlineRgb": "rgb(179, 179, 179)",
    "r": 5,
  },
  {
    "cx": 95,
    "cy": 239,
    "fill": 1,
    "fillRgb": "rgb(77, 77, 77)",
    "op": "circle",
    "outline": 1,
    "outlineRgb": "rgb(77, 77, 77)",
    "r": 7,
  },
  {
    "cx": 95,
    "cy": 239,
    "fill": 4,
    "fillRgb": "rgb(21, 113, 233)",
    "op": "circle",
    "outline": 4,
    "outlineRgb": "rgb(21, 113, 233)",
    "r": 5,
  },
  {
    "cx": 108,
    "cy": 233,
    "fill": 1,
    "fillRgb": "rgb(77, 77, 77)",
    "op": "circle",
    "outline": 1,
    "outlineRgb": "rgb(77, 77, 77)",
    "r": 7,
  },
  {
    "cx": 108,
    "cy": 233,
    "fill": 4,
    "fillRgb": "rgb(21, 113, 233)",
    "op": "circle",
    "outline": 4,
    "outlineRgb": "rgb(21, 113, 233)",
    "r": 5,
  },
  {
    "cx": 121,
    "cy": 239,
    "fill": 1,
    "fillRgb": "rgb(77, 77, 77)",
    "op": "circle",
    "outline": 1,
    "outlineRgb": "rgb(77, 77, 77)",
    "r": 7,
  },
  {
    "cx": 121,
    "cy": 239,
    "fill": 4,
    "fillRgb": "rgb(21, 113, 233)",
    "op": "circle",
    "outline": 4,
    "outlineRgb": "rgb(21, 113, 233)",
    "r": 5,
  },
  {
    "cx": 108,
    "cy": 252,
    "fill": 8,
    "fillRgb": "rgb(179, 179, 179)",
    "op": "circle",
    "outline": 8,
    "outlineRgb": "rgb(179, 179, 179)",
    "r": 19,
  },
  {
    "align": "center",
    "baseline": "mathematical",
    "colour": 3,
    "fontType": "fixed",
    "op": "text",
    "rgb": "rgb(0, 0, 0)",
    "size": 28,
    "text": "1",
    "x": 108,
    "y": 252,
  },
  {
    "op": "unclip",
  },
  {
    "h": 72,
    "op": "clip",
    "w": 72,
    "x": 144,
    "y": 216,
  },
  {
    "colour": 0,
    "h": 72,
    "op": "rect",
    "rgb": "rgb(211, 211, 211)",
    "w": 56,
    "x": 152,
    "y": 216,
  },
  {
    "colour": 0,
    "h": 56,
    "op": "rect",
    "rgb": "rgb(211, 211, 211)",
    "w": 72,
    "x": 144,
    "y": 224,
  },
  {
    "colour": 3,
    "op": "line",
    "rgb": "rgb(0, 0, 0)",
    "thickness": 2,
    "x1": 252,
    "x2": 180,
    "y1": 252,
    "y2": 252,
  },
  {
    "cx": 180,
    "cy": 252,
    "fill": 1,
    "fillRgb": "rgb(77, 77, 77)",
    "op": "circle",
    "outline": 1,
    "outlineRgb": "rgb(77, 77, 77)",
    "r": 21,
  },
  {
    "cx": 199,
    "cy": 252,
    "fill": 1,
    "fillRgb": "rgb(77, 77, 77)",
    "op": "circle",
    "outline": 1,
    "outlineRgb": "rgb(77, 77, 77)",
    "r": 7,
  },
  {
    "cx": 199,
    "cy": 252,
    "fill": 8,
    "fillRgb": "rgb(179, 179, 179)",
    "op": "circle",
    "outline": 8,
    "outlineRgb": "rgb(179, 179, 179)",
    "r": 5,
  },
  {
    "cx": 161,
    "cy": 252,
    "fill": 1,
    "fillRgb": "rgb(77, 77, 77)",
    "op": "circle",
    "outline": 1,
    "outlineRgb": "rgb(77, 77, 77)",
    "r": 7,
  },
  {
    "cx": 161,
    "cy": 252,
    "fill": 8,
    "fillRgb": "rgb(179, 179, 179)",
    "op": "circle",
    "outline": 8,
    "outlineRgb": "rgb(179, 179, 179)",
    "r": 5,
  },
  {
    "cx": 167,
    "cy": 239,
    "fill": 1,
    "fillRgb": "rgb(77, 77, 77)",
    "op": "circle",
    "outline": 1,
    "outlineRgb": "rgb(77, 77, 77)",
    "r": 7,
  },
  {
    "cx": 167,
    "cy": 239,
    "fill": 4,
    "fillRgb": "rgb(21, 113, 233)",
    "op": "circle",
    "outline": 4,
    "outlineRgb": "rgb(21, 113, 233)",
    "r": 5,
  },
  {
    "cx": 180,
    "cy": 233,
    "fill": 1,
    "fillRgb": "rgb(77, 77, 77)",
    "op": "circle",
    "outline": 1,
    "outlineRgb": "rgb(77, 77, 77)",
    "r": 7,
  },
  {
    "cx": 180,
    "cy": 233,
    "fill": 4,
    "fillRgb": "rgb(21, 113, 233)",
    "op": "circle",
    "outline": 4,
    "outlineRgb": "rgb(21, 113, 233)",
    "r": 5,
  },
  {
    "cx": 193,
    "cy": 239,
    "fill": 1,
    "fillRgb": "rgb(77, 77, 77)",
    "op": "circle",
    "outline": 1,
    "outlineRgb": "rgb(77, 77, 77)",
    "r": 7,
  },
  {
    "cx": 193,
    "cy": 239,
    "fill": 4,
    "fillRgb": "rgb(21, 113, 233)",
    "op": "circle",
    "outline": 4,
    "outlineRgb": "rgb(21, 113, 233)",
    "r": 5,
  },
  {
    "cx": 180,
    "cy": 252,
    "fill": 8,
    "fillRgb": "rgb(179, 179, 179)",
    "op": "circle",
    "outline": 8,
    "outlineRgb": "rgb(179, 179, 179)",
    "r": 19,
  },
  {
    "align": "center",
    "baseline": "mathematical",
    "colour": 3,
    "fontType": "fixed",
    "op": "text",
    "rgb": "rgb(0, 0, 0)",
    "size": 28,
    "text": "1",
    "x": 180,
    "y": 252,
  },
  {
    "op": "unclip",
  },
  {
    "h": 72,
    "op": "clip",
    "w": 72,
    "x": 216,
    "y": 216,
  },
  {
    "colour": 0,
    "h": 72,
    "op": "rect",
    "rgb": "rgb(211, 211, 211)",
    "w": 56,
    "x": 224,
    "y": 216,
  },
  {
    "colour": 0,
    "h": 56,
    "op": "rect",
    "rgb": "rgb(211, 211, 211)",
    "w": 72,
    "x": 216,
    "y": 224,
  },
  {
    "colour": 3,
    "op": "line",
    "rgb": "rgb(0, 0, 0)",
    "thickness": 2,
    "x1": 252,
    "x2": 180,
    "y1": 252,
    "y2": 252,
  },
  {
    "colour": 3,
    "op": "line",
    "rgb": "rgb(0, 0, 0)",
    "thickness": 2,
    "x1": 252,
    "x2": 180,
    "y1": 252,
    "y2": 180,
  },
  {
    "colour": 3,
    "op": "line",
    "rgb": "rgb(0, 0, 0)",
    "thickness": 2,
    "x1": 252,
    "x2": 252,
    "y1": 252,
    "y2": 180,
  },
  {
    "cx": 252,
    "cy": 252,
    "fill": 1,
    "fillRgb": "rgb(77, 77, 77)",
    "op": "circle",
    "outline": 1,
    "outlineRgb": "rgb(77, 77, 77)",
    "r": 21,
  },
  {
    "cx": 233,
    "cy": 252,
    "fill": 1,
    "fillRgb": "rgb(77, 77, 77)",
    "op": "circle",
    "outline": 1,
    "outlineRgb": "rgb(77, 77, 77)",
    "r": 7,
  },
  {
    "cx": 233,
    "cy": 252,
    "fill": 8,
    "fillRgb": "rgb(179, 179, 179)",
    "op": "circle",
    "outline": 8,
    "outlineRgb": "rgb(179, 179, 179)",
    "r": 5,
  },
  {
    "cx": 239,
    "cy": 239,
    "fill": 1,
    "fillRgb": "rgb(77, 77, 77)",
    "op": "circle",
    "outline": 1,
    "outlineRgb": "rgb(77, 77, 77)",
    "r": 7,
  },
  {
    "cx": 239,
    "cy": 239,
    "fill": 8,
    "fillRgb": "rgb(179, 179, 179)",
    "op": "circle",
    "outline": 8,
    "outlineRgb": "rgb(179, 179, 179)",
    "r": 5,
  },
  {
    "cx": 252,
    "cy": 233,
    "fill": 1,
    "fillRgb": "rgb(77, 77, 77)",
    "op": "circle",
    "outline": 1,
    "outlineRgb": "rgb(77, 77, 77)",
    "r": 7,
  },
  {
    "cx": 252,
    "cy": 233,
    "fill": 8,
    "fillRgb": "rgb(179, 179, 179)",
    "op": "circle",
    "outline": 8,
    "outlineRgb": "rgb(179, 179, 179)",
    "r": 5,
  },
  {
    "cx": 252,
    "cy": 252,
    "fill": 8,
    "fillRgb": "rgb(179, 179, 179)",
    "op": "circle",
    "outline": 8,
    "outlineRgb": "rgb(179, 179, 179)",
    "r": 19,
  },
  {
    "align": "center",
    "baseline": "mathematical",
    "colour": 3,
    "fontType": "fixed",
    "op": "text",
    "rgb": "rgb(0, 0, 0)",
    "size": 28,
    "text": "3",
    "x": 252,
    "y": 252,
  },
  {
    "op": "unclip",
  },
  {
    "h": 16,
    "op": "clip",
    "w": 16,
    "x": 64,
    "y": 64,
  },
  {
    "colour": 0,
    "h": 16,
    "op": "rect",
    "rgb": "rgb(211, 211, 211)",
    "w": 16,
    "x": 64,
    "y": 64,
  },
  {
    "colour": 9,
    "op": "line",
    "rgb": "rgb(21, 113, 233)",
    "thickness": 2,
    "x1": 36,
    "x2": 108,
    "y1": 36,
    "y2": 108,
  },
  {
    "op": "unclip",
  },
  {
    "h": 16,
    "op": "clip",
    "w": 16,
    "x": 136,
    "y": 64,
  },
  {
    "colour": 0,
    "h": 16,
    "op": "rect",
    "rgb": "rgb(211, 211, 211)",
    "w": 16,
    "x": 136,
    "y": 64,
  },
  {
    "op": "unclip",
  },
  {
    "h": 16,
    "op": "clip",
    "w": 16,
    "x": 208,
    "y": 64,
  },
  {
    "colour": 0,
    "h": 16,
    "op": "rect",
    "rgb": "rgb(211, 211, 211)",
    "w": 16,
    "x": 208,
    "y": 64,
  },
  {
    "op": "unclip",
  },
  {
    "h": 16,
    "op": "clip",
    "w": 16,
    "x": 64,
    "y": 136,
  },
  {
    "colour": 0,
    "h": 16,
    "op": "rect",
    "rgb": "rgb(211, 211, 211)",
    "w": 16,
    "x": 64,
    "y": 136,
  },
  {
    "op": "unclip",
  },
  {
    "h": 16,
    "op": "clip",
    "w": 16,
    "x": 136,
    "y": 136,
  },
  {
    "colour": 0,
    "h": 16,
    "op": "rect",
    "rgb": "rgb(211, 211, 211)",
    "w": 16,
    "x": 136,
    "y": 136,
  },
  {
    "op": "unclip",
  },
  {
    "h": 16,
    "op": "clip",
    "w": 16,
    "x": 208,
    "y": 136,
  },
  {
    "colour": 0,
    "h": 16,
    "op": "rect",
    "rgb": "rgb(211, 211, 211)",
    "w": 16,
    "x": 208,
    "y": 136,
  },
  {
    "op": "unclip",
  },
  {
    "h": 16,
    "op": "clip",
    "w": 16,
    "x": 64,
    "y": 208,
  },
  {
    "colour": 0,
    "h": 16,
    "op": "rect",
    "rgb": "rgb(211, 211, 211)",
    "w": 16,
    "x": 64,
    "y": 208,
  },
  {
    "colour": 3,
    "op": "line",
    "rgb": "rgb(0, 0, 0)",
    "thickness": 2,
    "x1": 36,
    "x2": 108,
    "y1": 252,
    "y2": 180,
  },
  {
    "op": "unclip",
  },
  {
    "h": 16,
    "op": "clip",
    "w": 16,
    "x": 136,
    "y": 208,
  },
  {
    "colour": 0,
    "h": 16,
    "op": "rect",
    "rgb": "rgb(211, 211, 211)",
    "w": 16,
    "x": 136,
    "y": 208,
  },
  {
    "op": "unclip",
  },
  {
    "h": 16,
    "op": "clip",
    "w": 16,
    "x": 208,
    "y": 208,
  },
  {
    "colour": 0,
    "h": 16,
    "op": "rect",
    "rgb": "rgb(211, 211, 211)",
    "w": 16,
    "x": 208,
    "y": 208,
  },
  {
    "colour": 3,
    "op": "line",
    "rgb": "rgb(0, 0, 0)",
    "thickness": 2,
    "x1": 180,
    "x2": 252,
    "y1": 180,
    "y2": 252,
  },
  {
    "op": "unclip",
  },
]
`;
