// Vitest Snapshot v1, https://vitest.dev/guide/snapshot.html

exports[`Palisade render scenarios > matches the opener-frame snapshot 1`] = `
[
  {
    "colour": 0,
    "h": 292,
    "op": "rect",
    "rgb": "rgb(211, 211, 211)",
    "w": 292,
    "x": 0,
    "y": 0,
  },
  {
    "colour": 2,
    "h": 4,
    "op": "rect",
    "rgb": "rgb(0, 0, 0)",
    "w": 4,
    "x": 24,
    "y": 24,
  },
  {
    "colour": 2,
    "h": 4,
    "op": "rect",
    "rgb": "rgb(0, 0, 0)",
    "w": 4,
    "x": 72,
    "y": 24,
  },
  {
    "colour": 2,
    "h": 4,
    "op": "rect",
    "rgb": "rgb(0, 0, 0)",
    "w": 4,
    "x": 120,
    "y": 24,
  },
  {
    "colour": 2,
    "h": 4,
    "op": "rect",
    "rgb": "rgb(0, 0, 0)",
    "w": 4,
    "x": 168,
    "y": 24,
  },
  {
    "colour": 2,
    "h": 4,
    "op": "rect",
    "rgb": "rgb(0, 0, 0)",
    "w": 4,
    "x": 216,
    "y": 24,
  },
  {
    "colour": 2,
    "h": 4,
    "op": "rect",
    "rgb": "rgb(0, 0, 0)",
    "w": 4,
    "x": 264,
    "y": 24,
  },
  {
    "colour": 2,
    "h": 4,
    "op": "rect",
    "rgb": "rgb(0, 0, 0)",
    "w": 4,
    "x": 24,
    "y": 72,
  },
  {
    "colour": 2,
    "h": 4,
    "op": "rect",
    "rgb": "rgb(0, 0, 0)",
    "w": 4,
    "x": 72,
    "y": 72,
  },
  {
    "colour": 2,
    "h": 4,
    "op": "rect",
    "rgb": "rgb(0, 0, 0)",
    "w": 4,
    "x": 120,
    "y": 72,
  },
  {
    "colour": 2,
    "h": 4,
    "op": "rect",
    "rgb": "rgb(0, 0, 0)",
    "w": 4,
    "x": 168,
    "y": 72,
  },
  {
    "colour": 2,
    "h": 4,
    "op": "rect",
    "rgb": "rgb(0, 0, 0)",
    "w": 4,
    "x": 216,
    "y": 72,
  },
  {
    "colour": 2,
    "h": 4,
    "op": "rect",
    "rgb": "rgb(0, 0, 0)",
    "w": 4,
    "x": 264,
    "y": 72,
  },
  {
    "colour": 2,
    "h": 4,
    "op": "rect",
    "rgb": "rgb(0, 0, 0)",
    "w": 4,
    "x": 24,
    "y": 120,
  },
  {
    "colour": 2,
    "h": 4,
    "op": "rect",
    "rgb": "rgb(0, 0, 0)",
    "w": 4,
    "x": 72,
    "y": 120,
  },
  {
    "colour": 2,
    "h": 4,
    "op": "rect",
    "rgb": "rgb(0, 0, 0)",
    "w": 4,
    "x": 120,
    "y": 120,
  },
  {
    "colour": 2,
    "h": 4,
    "op": "rect",
    "rgb": "rgb(0, 0, 0)",
    "w": 4,
    "x": 168,
    "y": 120,
  },
  {
    "colour": 2,
    "h": 4,
    "op": "rect",
    "rgb": "rgb(0, 0, 0)",
    "w": 4,
    "x": 216,
    "y": 120,
  },
  {
    "colour": 2,
    "h": 4,
    "op": "rect",
    "rgb": "rgb(0, 0, 0)",
    "w": 4,
    "x": 264,
    "y": 120,
  },
  {
    "colour": 2,
    "h": 4,
    "op": "rect",
    "rgb": "rgb(0, 0, 0)",
    "w": 4,
    "x": 24,
    "y": 168,
  },
  {
    "colour": 2,
    "h": 4,
    "op": "rect",
    "rgb": "rgb(0, 0, 0)",
    "w": 4,
    "x": 72,
    "y": 168,
  },
  {
    "colour": 2,
    "h": 4,
    "op": "rect",
    "rgb": "rgb(0, 0, 0)",
    "w": 4,
    "x": 120,
    "y": 168,
  },
  {
    "colour": 2,
    "h": 4,
    "op": "rect",
    "rgb": "rgb(0, 0, 0)",
    "w": 4,
    "x": 168,
    "y": 168,
  },
  {
    "colour": 2,
    "h": 4,
    "op": "rect",
    "rgb": "rgb(0, 0, 0)",
    "w": 4,
    "x": 216,
    "y": 168,
  },
  {
    "colour": 2,
    "h": 4,
    "op": "rect",
    "rgb": "rgb(0, 0, 0)",
    "w": 4,
    "x": 264,
    "y": 168,
  },
  {
    "colour": 2,
    "h": 4,
    "op": "rect",
    "rgb": "rgb(0, 0, 0)",
    "w": 4,
    "x": 24,
    "y": 216,
  },
  {
    "colour": 2,
    "h": 4,
    "op": "rect",
    "rgb": "rgb(0, 0, 0)",
    "w": 4,
    "x": 72,
    "y": 216,
  },
  {
    "colour": 2,
    "h": 4,
    "op": "rect",
    "rgb": "rgb(0, 0, 0)",
    "w": 4,
    "x": 120,
    "y": 216,
  },
  {
    "colour": 2,
    "h": 4,
    "op": "rect",
    "rgb": "rgb(0, 0, 0)",
    "w": 4,
    "x": 168,
    "y": 216,
  },
  {
    "colour": 2,
    "h": 4,
    "op": "rect",
    "rgb": "rgb(0, 0, 0)",
    "w": 4,
    "x": 216,
    "y": 216,
  },
  {
    "colour": 2,
    "h": 4,
    "op": "rect",
    "rgb": "rgb(0, 0, 0)",
    "w": 4,
    "x": 264,
    "y": 216,
  },
  {
    "colour": 2,
    "h": 4,
    "op": "rect",
    "rgb": "rgb(0, 0, 0)",
    "w": 4,
    "x": 24,
    "y": 264,
  },
  {
    "colour": 2,
    "h": 4,
    "op": "rect",
    "rgb": "rgb(0, 0, 0)",
    "w": 4,
    "x": 72,
    "y": 264,
  },
  {
    "colour": 2,
    "h": 4,
    "op": "rect",
    "rgb": "rgb(0, 0, 0)",
    "w": 4,
    "x": 120,
    "y": 264,
  },
  {
    "colour": 2,
    "h": 4,
    "op": "rect",
    "rgb": "rgb(0, 0, 0)",
    "w": 4,
    "x": 168,
    "y": 264,
  },
  {
    "colour": 2,
    "h": 4,
    "op": "rect",
    "rgb": "rgb(0, 0, 0)",
    "w": 4,
    "x": 216,
    "y": 264,
  },
  {
    "colour": 2,
    "h": 4,
    "op": "rect",
    "rgb": "rgb(0, 0, 0)",
    "w": 4,
    "x": 264,
    "y": 264,
  },
  {
    "h": 52,
    "op": "clip",
    "w": 52,
    "x": 24,
    "y": 24,
  },
  {
    "colour": 0,
    "h": 44,
    "op": "rect",
    "rgb": "rgb(211, 211, 211)",
    "w": 44,
    "x": 28,
    "y": 28,
  },
  {
    "colour": 2,
    "h": 4,
    "op": "rect",
    "rgb": "rgb(0, 0, 0)",
    "w": 44,
    "x": 28,
    "y": 24,
  },
  {
    "colour": 3,
    "h": 44,
    "op": "rect",
    "rgb": "rgb(190, 190, 0)",
    "w": 4,
    "x": 72,
    "y": 28,
  },
  {
    "colour": 3,
    "h": 4,
    "op": "rect",
    "rgb": "rgb(190, 190, 0)",
    "w": 44,
    "x": 28,
    "y": 72,
  },
  {
    "colour": 2,
    "h": 44,
    "op": "rect",
    "rgb": "rgb(0, 0, 0)",
    "w": 4,
    "x": 24,
    "y": 28,
  },
  {
    "op": "unclip",
  },
  {
    "h": 52,
    "op": "clip",
    "w": 52,
    "x": 72,
    "y": 24,
  },
  {
    "colour": 0,
    "h": 44,
    "op": "rect",
    "rgb": "rgb(211, 211, 211)",
    "w": 44,
    "x": 76,
    "y": 28,
  },
  {
    "colour": 2,
    "h": 4,
    "op": "rect",
    "rgb": "rgb(0, 0, 0)",
    "w": 44,
    "x": 76,
    "y": 24,
  },
  {
    "colour": 3,
    "h": 44,
    "op": "rect",
    "rgb": "rgb(190, 190, 0)",
    "w": 4,
    "x": 120,
    "y": 28,
  },
  {
    "colour": 3,
    "h": 4,
    "op": "rect",
    "rgb": "rgb(190, 190, 0)",
    "w": 44,
    "x": 76,
    "y": 72,
  },
  {
    "colour": 3,
    "h": 44,
    "op": "rect",
    "rgb": "rgb(190, 190, 0)",
    "w": 4,
    "x": 72,
    "y": 28,
  },
  {
    "op": "unclip",
  },
  {
    "h": 52,
    "op": "clip",
    "w": 52,
    "x": 120,
    "y": 24,
  },
  {
    "colour": 0,
    "h": 44,
    "op": "rect",
    "rgb": "rgb(211, 211, 211)",
    "w": 44,
    "x": 124,
    "y": 28,
  },
  {
    "colour": 2,
    "h": 4,
    "op": "rect",
    "rgb": "rgb(0, 0, 0)",
    "w": 44,
    "x": 124,
    "y": 24,
  },
  {
    "colour": 3,
    "h": 44,
    "op": "rect",
    "rgb": "rgb(190, 190, 0)",
    "w": 4,
    "x": 168,
    "y": 28,
  },
  {
    "colour": 3,
    "h": 4,
    "op": "rect",
    "rgb": "rgb(190, 190, 0)",
    "w": 44,
    "x": 124,
    "y": 72,
  },
  {
    "colour": 3,
    "h": 44,
    "op": "rect",
    "rgb": "rgb(190, 190, 0)",
    "w": 4,
    "x": 120,
    "y": 28,
  },
  {
    "op": "unclip",
  },
  {
    "h": 52,
    "op": "clip",
    "w": 52,
    "x": 168,
    "y": 24,
  },
  {
    "colour": 0,
    "h": 44,
    "op": "rect",
    "rgb": "rgb(211, 211, 211)",
    "w": 44,
    "x": 172,
    "y": 28,
  },
  {
    "colour": 2,
    "h": 4,
    "op": "rect",
    "rgb": "rgb(0, 0, 0)",
    "w": 44,
    "x": 172,
    "y": 24,
  },
  {
    "colour": 3,
    "h": 44,
    "op": "rect",
    "rgb": "rgb(190, 190, 0)",
    "w": 4,
    "x": 216,
    "y": 28,
  },
  {
    "colour": 3,
    "h": 4,
    "op": "rect",
    "rgb": "rgb(190, 190, 0)",
    "w": 44,
    "x": 172,
    "y": 72,
  },
  {
    "colour": 3,
    "h": 44,
    "op": "rect",
    "rgb": "rgb(190, 190, 0)",
    "w": 4,
    "x": 168,
    "y": 28,
  },
  {
    "op": "unclip",
  },
  {
    "h": 52,
    "op": "clip",
    "w": 52,
    "x": 216,
    "y": 24,
  },
  {
    "colour": 0,
    "h": 44,
    "op": "rect",
    "rgb": "rgb(211, 211, 211)",
    "w": 44,
    "x": 220,
    "y": 28,
  },
  {
    "colour": 2,
    "h": 4,
    "op": "rect",
    "rgb": "rgb(0, 0, 0)",
    "w": 44,
    "x": 220,
    "y": 24,
  },
  {
    "colour": 2,
    "h": 44,
    "op": "rect",
    "rgb": "rgb(0, 0, 0)",
    "w": 4,
    "x": 264,
    "y": 28,
  },
  {
    "colour": 3,
    "h": 4,
    "op": "rect",
    "rgb": "rgb(190, 190, 0)",
    "w": 44,
    "x": 220,
    "y": 72,
  },
  {
    "colour": 3,
    "h": 44,
    "op": "rect",
    "rgb": "rgb(190, 190, 0)",
    "w": 4,
    "x": 216,
    "y": 28,
  },
  {
    "op": "unclip",
  },
  {
    "h": 52,
    "op": "clip",
    "w": 52,
    "x": 24,
    "y": 72,
  },
  {
    "colour": 0,
    "h": 44,
    "op": "rect",
    "rgb": "rgb(211, 211, 211)",
    "w": 44,
    "x": 28,
    "y": 76,
  },
  {
    "align": "center",
    "baseline": "mathematical",
    "colour": 2,
    "fontType": "variable",
    "op": "text",
    "rgb": "rgb(0, 0, 0)",
    "size": 24,
    "text": "2",
    "x": 50,
    "y": 98,
  },
  {
    "colour": 3,
    "h": 4,
    "op": "rect",
    "rgb": "rgb(190, 190, 0)",
    "w": 44,
    "x": 28,
    "y": 72,
  },
  {
    "colour": 3,
    "h": 44,
    "op": "rect",
    "rgb": "rgb(190, 190, 0)",
    "w": 4,
    "x": 72,
    "y": 76,
  },
  {
    "colour": 3,
    "h": 4,
    "op": "rect",
    "rgb": "rgb(190, 190, 0)",
    "w": 44,
    "x": 28,
    "y": 120,
  },
  {
    "colour": 2,
    "h": 44,
    "op": "rect",
    "rgb": "rgb(0, 0, 0)",
    "w": 4,
    "x": 24,
    "y": 76,
  },
  {
    "op": "unclip",
  },
  {
    "h": 52,
    "op": "clip",
    "w": 52,
    "x": 72,
    "y": 72,
  },
  {
    "colour": 0,
    "h": 44,
    "op": "rect",
    "rgb": "rgb(211, 211, 211)",
    "w": 44,
    "x": 76,
    "y": 76,
  },
  {
    "align": "center",
    "baseline": "mathematical",
    "colour": 2,
    "fontType": "variable",
    "op": "text",
    "rgb": "rgb(0, 0, 0)",
    "size": 24,
    "text": "1",
    "x": 98,
    "y": 98,
  },
  {
    "colour": 3,
    "h": 4,
    "op": "rect",
    "rgb": "rgb(190, 190, 0)",
    "w": 44,
    "x": 76,
    "y": 72,
  },
  {
    "colour": 3,
    "h": 44,
    "op": "rect",
    "rgb": "rgb(190, 190, 0)",
    "w": 4,
    "x": 120,
    "y": 76,
  },
  {
    "colour": 3,
    "h": 4,
    "op": "rect",
    "rgb": "rgb(190, 190, 0)",
    "w": 44,
    "x": 76,
    "y": 120,
  },
  {
    "colour": 3,
    "h": 44,
    "op": "rect",
    "rgb": "rgb(190, 190, 0)",
    "w": 4,
    "x": 72,
    "y": 76,
  },
  {
    "op": "unclip",
  },
  {
    "h": 52,
    "op": "clip",
    "w": 52,
    "x": 120,
    "y": 72,
  },
  {
    "colour": 0,
    "h": 44,
    "op": "rect",
    "rgb": "rgb(211, 211, 211)",
    "w": 44,
    "x": 124,
    "y": 76,
  },
  {
    "colour": 3,
    "h": 4,
    "op": "rect",
    "rgb": "rgb(190, 190, 0)",
    "w": 44,
    "x": 124,
    "y": 72,
  },
  {
    "colour": 3,
    "h": 44,
    "op": "rect",
    "rgb": "rgb(190, 190, 0)",
    "w": 4,
    "x": 168,
    "y": 76,
  },
  {
    "colour": 3,
    "h": 4,
    "op": "rect",
    "rgb": "rgb(190, 190, 0)",
    "w": 44,
    "x": 124,
    "y": 120,
  },
  {
    "colour": 3,
    "h": 44,
    "op": "rect",
    "rgb": "rgb(190, 190, 0)",
    "w": 4,
    "x": 120,
    "y": 76,
  },
  {
    "op": "unclip",
  },
  {
    "h": 52,
    "op": "clip",
    "w": 52,
    "x": 168,
    "y": 72,
  },
  {
    "colour": 0,
    "h": 44,
    "op": "rect",
    "rgb": "rgb(211, 211, 211)",
    "w": 44,
    "x": 172,
    "y": 76,
  },
  {
    "colour": 3,
    "h": 4,
    "op": "rect",
    "rgb": "rgb(190, 190, 0)",
    "w": 44,
    "x": 172,
    "y": 72,
  },
  {
    "colour": 3,
    "h": 44,
    "op": "rect",
    "rgb": "rgb(190, 190, 0)",
    "w": 4,
    "x": 216,
    "y": 76,
  },
  {
    "colour": 3,
    "h": 4,
    "op": "rect",
    "rgb": "rgb(190, 190, 0)",
    "w": 44,
    "x": 172,
    "y": 120,
  },
  {
    "colour": 3,
    "h": 44,
    "op": "rect",
    "rgb": "rgb(190, 190, 0)",
    "w": 4,
    "x": 168,
    "y": 76,
  },
  {
    "op": "unclip",
  },
  {
    "h": 52,
    "op": "clip",
    "w": 52,
    "x": 216,
    "y": 72,
  },
  {
    "colour": 0,
    "h": 44,
    "op": "rect",
    "rgb": "rgb(211, 211, 211)",
    "w": 44,
    "x": 220,
    "y": 76,
  },
  {
    "colour": 3,
    "h": 4,
    "op": "rect",
    "rgb": "rgb(190, 190, 0)",
    "w": 44,
    "x": 220,
    "y": 72,
  },
  {
    "colour": 2,
    "h": 44,
    "op": "rect",
    "rgb": "rgb(0, 0, 0)",
    "w": 4,
    "x": 264,
    "y": 76,
  },
  {
    "colour": 3,
    "h": 4,
    "op": "rect",
    "rgb": "rgb(190, 190, 0)",
    "w": 44,
    "x": 220,
    "y": 120,
  },
  {
    "colour": 3,
    "h": 44,
    "op": "rect",
    "rgb": "rgb(190, 190, 0)",
    "w": 4,
    "x": 216,
    "y": 76,
  },
  {
    "op": "unclip",
  },
  {
    "h": 52,
    "op": "clip",
    "w": 52,
    "x": 24,
    "y": 120,
  },
  {
    "colour": 0,
    "h": 44,
    "op": "rect",
    "rgb": "rgb(211, 211, 211)",
    "w": 44,
    "x": 28,
    "y": 124,
  },
  {
    "align": "center",
    "baseline": "mathematical",
    "colour": 2,
    "fontType": "variable",
    "op": "text",
    "rgb": "rgb(0, 0, 0)",
    "size": 24,
    "text": "2",
    "x": 50,
    "y": 146,
  },
  {
    "colour": 3,
    "h": 4,
    "op": "rect",
    "rgb": "rgb(190, 190, 0)",
    "w": 44,
    "x": 28,
    "y": 120,
  },
  {
    "colour": 3,
    "h": 44,
    "op": "rect",
    "rgb": "rgb(190, 190, 0)",
    "w": 4,
    "x": 72,
    "y": 124,
  },
  {
    "colour": 3,
    "h": 4,
    "op": "rect",
    "rgb": "rgb(190, 190, 0)",
    "w": 44,
    "x": 28,
    "y": 168,
  },
  {
    "colour": 2,
    "h": 44,
    "op": "rect",
    "rgb": "rgb(0, 0, 0)",
    "w": 4,
    "x": 24,
    "y": 124,
  },
  {
    "op": "unclip",
  },
  {
    "h": 52,
    "op": "clip",
    "w": 52,
    "x": 72,
    "y": 120,
  },
  {
    "colour": 0,
    "h": 44,
    "op": "rect",
    "rgb": "rgb(211, 211, 211)",
    "w": 44,
    "x": 76,
    "y": 124,
  },
  {
    "colour": 3,
    "h": 4,
    "op": "rect",
    "rgb": "rgb(190, 190, 0)",
    "w": 44,
    "x": 76,
    "y": 120,
  },
  {
    "colour": 3,
    "h": 44,
    "op": "rect",
    "rgb": "rgb(190, 190, 0)",
    "w": 4,
    "x": 120,
    "y": 124,
  },
  {
    "colour": 3,
    "h": 4,
    "op": "rect",
    "rgb": "rgb(190, 190, 0)",
    "w": 44,
    "x": 76,
    "y": 168,
  },
  {
    "colour": 3,
    "h": 44,
    "op": "rect",
    "rgb": "rgb(190, 190, 0)",
    "w": 4,
    "x": 72,
    "y": 124,
  },
  {
    "op": "unclip",
  },
  {
    "h": 52,
    "op": "clip",
    "w": 52,
    "x": 120,
    "y": 120,
  },
  {
    "colour": 0,
    "h": 44,
    "op": "rect",
    "rgb": "rgb(211, 211, 211)",
    "w": 44,
    "x": 124,
    "y": 124,
  },
  {
    "align": "center",
    "baseline": "mathematical",
    "colour": 2,
    "fontType": "variable",
    "op": "text",
    "rgb": "rgb(0, 0, 0)",
    "size": 24,
    "text": "3",
    "x": 146,
    "y": 146,
  },
  {
    "colour": 3,
    "h": 4,
    "op": "rect",
    "rgb": "rgb(190, 190, 0)",
    "w": 44,
    "x": 124,
    "y": 120,
  },
  {
    "colour": 3,
    "h": 44,
    "op": "rect",
    "rgb": "rgb(190, 190, 0)",
    "w": 4,
    "x": 168,
    "y": 124,
  },
  {
    "colour": 3,
    "h": 4,
    "op": "rect",
    "rgb": "rgb(190, 190, 0)",
    "w": 44,
    "x": 124,
    "y": 168,
  },
  {
    "colour": 3,
    "h": 44,
    "op": "rect",
    "rgb": "rgb(190, 190, 0)",
    "w": 4,
    "x": 120,
    "y": 124,
  },
  {
    "op": "unclip",
  },
  {
    "h": 52,
    "op": "clip",
    "w": 52,
    "x": 168,
    "y": 120,
  },
  {
    "colour": 0,
    "h": 44,
    "op": "rect",
    "rgb": "rgb(211, 211, 211)",
    "w": 44,
    "x": 172,
    "y": 124,
  },
  {
    "align": "center",
    "baseline": "mathematical",
    "colour": 2,
    "fontType": "variable",
    "op": "text",
    "rgb": "rgb(0, 0, 0)",
    "size": 24,
    "text": "1",
    "x": 194,
    "y": 146,
  },
  {
    "colour": 3,
    "h": 4,
    "op": "rect",
    "rgb": "rgb(190, 190, 0)",
    "w": 44,
    "x": 172,
    "y": 120,
  },
  {
    "colour": 3,
    "h": 44,
    "op": "rect",
    "rgb": "rgb(190, 190, 0)",
    "w": 4,
    "x": 216,
    "y": 124,
  },
  {
    "colour": 3,
    "h": 4,
    "op": "rect",
    "rgb": "rgb(190, 190, 0)",
    "w": 44,
    "x": 172,
    "y": 168,
  },
  {
    "colour": 3,
    "h": 44,
    "op": "rect",
    "rgb": "rgb(190, 190, 0)",
    "w": 4,
    "x": 168,
    "y": 124,
  },
  {
    "op": "unclip",
  },
  {
    "h": 52,
    "op": "clip",
    "w": 52,
    "x": 216,
    "y": 120,
  },
  {
    "colour": 0,
    "h": 44,
    "op": "rect",
    "rgb": "rgb(211, 211, 211)",
    "w": 44,
    "x": 220,
    "y": 124,
  },
  {
    "colour": 3,
    "h": 4,
    "op": "rect",
    "rgb": "rgb(190, 190, 0)",
    "w": 44,
    "x": 220,
    "y": 120,
  },
  {
    "colour": 2,
    "h": 44,
    "op": "rect",
    "rgb": "rgb(0, 0, 0)",
    "w": 4,
    "x": 264,
    "y": 124,
  },
  {
    "colour": 3,
    "h": 4,
    "op": "rect",
    "rgb": "rgb(190, 190, 0)",
    "w": 44,
    "x": 220,
    "y": 168,
  },
  {
    "colour": 3,
    "h": 44,
    "op": "rect",
    "rgb": "rgb(190, 190, 0)",
    "w": 4,
    "x": 216,
    "y": 124,
  },
  {
    "op": "unclip",
  },
  {
    "h": 52,
    "op": "clip",
    "w": 52,
    "x": 24,
    "y": 168,
  },
  {
    "colour": 0,
    "h": 44,
    "op": "rect",
    "rgb": "rgb(211, 211, 211)",
    "w": 44,
    "x": 28,
    "y": 172,
  },
  {
    "colour": 3,
    "h": 4,
    "op": "rect",
    "rgb": "rgb(190, 190, 0)",
    "w": 44,
    "x": 28,
    "y": 168,
  },
  {
    "colour": 3,
    "h": 44,
    "op": "rect",
    "rgb": "rgb(190, 190, 0)",
    "w": 4,
    "x": 72,
    "y": 172,
  },
  {
    "colour": 6,
    "h": 4,
    "op": "rect",
    "rgb": "rgb(33, 128, 217)",
    "w": 44,
    "x": 28,
    "y": 216,
  },
  {
    "colour": 2,
    "h": 44,
    "op": "rect",
    "rgb": "rgb(0, 0, 0)",
    "w": 4,
    "x": 24,
    "y": 172,
  },
  {
    "op": "unclip",
  },
  {
    "h": 52,
    "op": "clip",
    "w": 52,
    "x": 72,
    "y": 168,
  },
  {
    "colour": 0,
    "h": 44,
    "op": "rect",
    "rgb": "rgb(211, 211, 211)",
    "w": 44,
    "x": 76,
    "y": 172,
  },
  {
    "colour": 3,
    "h": 4,
    "op": "rect",
    "rgb": "rgb(190, 190, 0)",
    "w": 44,
    "x": 76,
    "y": 168,
  },
  {
    "colour": 3,
    "h": 44,
    "op": "rect",
    "rgb": "rgb(190, 190, 0)",
    "w": 4,
    "x": 120,
    "y": 172,
  },
  {
    "colour": 3,
    "h": 4,
    "op": "rect",
    "rgb": "rgb(190, 190, 0)",
    "w": 44,
    "x": 76,
    "y": 216,
  },
  {
    "colour": 3,
    "h": 44,
    "op": "rect",
    "rgb": "rgb(190, 190, 0)",
    "w": 4,
    "x": 72,
    "y": 172,
  },
  {
    "op": "unclip",
  },
  {
    "h": 52,
    "op": "clip",
    "w": 52,
    "x": 120,
    "y": 168,
  },
  {
    "colour": 0,
    "h": 44,
    "op": "rect",
    "rgb": "rgb(211, 211, 211)",
    "w": 44,
    "x": 124,
    "y": 172,
  },
  {
    "colour": 3,
    "h": 4,
    "op": "rect",
    "rgb": "rgb(190, 190, 0)",
    "w": 44,
    "x": 124,
    "y": 168,
  },
  {
    "colour": 3,
    "h": 44,
    "op": "rect",
    "rgb": "rgb(190, 190, 0)",
    "w": 4,
    "x": 168,
    "y": 172,
  },
  {
    "colour": 3,
    "h": 4,
    "op": "rect",
    "rgb": "rgb(190, 190, 0)",
    "w": 44,
    "x": 124,
    "y": 216,
  },
  {
    "colour": 3,
    "h": 44,
    "op": "rect",
    "rgb": "rgb(190, 190, 0)",
    "w": 4,
    "x": 120,
    "y": 172,
  },
  {
    "op": "unclip",
  },
  {
    "h": 52,
    "op": "clip",
    "w": 52,
    "x": 168,
    "y": 168,
  },
  {
    "colour": 0,
    "h": 44,
    "op": "rect",
    "rgb": "rgb(211, 211, 211)",
    "w": 44,
    "x": 172,
    "y": 172,
  },
  {
    "colour": 3,
    "h": 4,
    "op": "rect",
    "rgb": "rgb(190, 190, 0)",
    "w": 44,
    "x": 172,
    "y": 168,
  },
  {
    "colour": 3,
    "h": 44,
    "op": "rect",
    "rgb": "rgb(190, 190, 0)",
    "w": 4,
    "x": 216,
    "y": 172,
  },
  {
    "colour": 3,
    "h": 4,
    "op": "rect",
    "rgb": "rgb(190, 190, 0)",
    "w": 44,
    "x": 172,
    "y": 216,
  },
  {
    "colour": 3,
    "h": 44,
    "op": "rect",
    "rgb": "rgb(190, 190, 0)",
    "w": 4,
    "x": 168,
    "y": 172,
  },
  {
    "op": "unclip",
  },
  {
    "h": 52,
    "op": "clip",
    "w": 52,
    "x": 216,
    "y": 168,
  },
  {
    "colour": 0,
    "h": 44,
    "op": "rect",
    "rgb": "rgb(211, 211, 211)",
    "w": 44,
    "x": 220,
    "y": 172,
  },
  {
    "align": "center",
    "baseline": "mathematical",
    "colour": 2,
    "fontType": "variable",
    "op": "text",
    "rgb": "rgb(0, 0, 0)",
    "size": 24,
    "text": "2",
    "x": 242,
    "y": 194,
  },
  {
    "colour": 3,
    "h": 4,
    "op": "rect",
    "rgb": "rgb(190, 190, 0)",
    "w": 44,
    "x": 220,
    "y": 168,
  },
  {
    "colour": 2,
    "h": 44,
    "op": "rect",
    "rgb": "rgb(0, 0, 0)",
    "w": 4,
    "x": 264,
    "y": 172,
  },
  {
    "colour": 3,
    "h": 4,
    "op": "rect",
    "rgb": "rgb(190, 190, 0)",
    "w": 44,
    "x": 220,
    "y": 216,
  },
  {
    "colour": 3,
    "h": 44,
    "op": "rect",
    "rgb": "rgb(190, 190, 0)",
    "w": 4,
    "x": 216,
    "y": 172,
  },
  {
    "op": "unclip",
  },
  {
    "h": 52,
    "op": "clip",
    "w": 52,
    "x": 24,
    "y": 216,
  },
  {
    "colour": 7,
    "h": 44,
    "op": "rect",
    "rgb": "rgb(209, 230, 252)",
    "w": 44,
    "x": 28,
    "y": 220,
  },
  {
    "align": "center",
    "baseline": "mathematical",
    "colour": 2,
    "fontType": "variable",
    "op": "text",
    "rgb": "rgb(0, 0, 0)",
    "size": 24,
    "text": "2",
    "x": 50,
    "y": 242,
  },
  {
    "colour": 6,
    "h": 4,
    "op": "rect",
    "rgb": "rgb(33, 128, 217)",
    "w": 44,
    "x": 28,
    "y": 216,
  },
  {
    "colour": 6,
    "h": 44,
    "op": "rect",
    "rgb": "rgb(33, 128, 217)",
    "w": 4,
    "x": 72,
    "y": 220,
  },
  {
    "colour": 2,
    "h": 4,
    "op": "rect",
    "rgb": "rgb(0, 0, 0)",
    "w": 44,
    "x": 28,
    "y": 264,
  },
  {
    "colour": 2,
    "h": 44,
    "op": "rect",
    "rgb": "rgb(0, 0, 0)",
    "w": 4,
    "x": 24,
    "y": 220,
  },
  {
    "op": "unclip",
  },
  {
    "h": 52,
    "op": "clip",
    "w": 52,
    "x": 72,
    "y": 216,
  },
  {
    "colour": 0,
    "h": 44,
    "op": "rect",
    "rgb": "rgb(211, 211, 211)",
    "w": 44,
    "x": 76,
    "y": 220,
  },
  {
    "align": "center",
    "baseline": "mathematical",
    "colour": 2,
    "fontType": "variable",
    "op": "text",
    "rgb": "rgb(0, 0, 0)",
    "size": 24,
    "text": "2",
    "x": 98,
    "y": 242,
  },
  {
    "colour": 3,
    "h": 4,
    "op": "rect",
    "rgb": "rgb(190, 190, 0)",
    "w": 44,
    "x": 76,
    "y": 216,
  },
  {
    "colour": 3,
    "h": 44,
    "op": "rect",
    "rgb": "rgb(190, 190, 0)",
    "w": 4,
    "x": 120,
    "y": 220,
  },
  {
    "colour": 2,
    "h": 4,
    "op": "rect",
    "rgb": "rgb(0, 0, 0)",
    "w": 44,
    "x": 76,
    "y": 264,
  },
  {
    "colour": 6,
    "h": 44,
    "op": "rect",
    "rgb": "rgb(33, 128, 217)",
    "w": 4,
    "x": 72,
    "y": 220,
  },
  {
    "op": "unclip",
  },
  {
    "h": 52,
    "op": "clip",
    "w": 52,
    "x": 120,
    "y": 216,
  },
  {
    "colour": 0,
    "h": 44,
    "op": "rect",
    "rgb": "rgb(211, 211, 211)",
    "w": 44,
    "x": 124,
    "y": 220,
  },
  {
    "colour": 3,
    "h": 4,
    "op": "rect",
    "rgb": "rgb(190, 190, 0)",
    "w": 44,
    "x": 124,
    "y": 216,
  },
  {
    "colour": 3,
    "h": 44,
    "op": "rect",
    "rgb": "rgb(190, 190, 0)",
    "w": 4,
    "x": 168,
    "y": 220,
  },
  {
    "colour": 2,
    "h": 4,
    "op": "rect",
    "rgb": "rgb(0, 0, 0)",
    "w": 44,
    "x": 124,
    "y": 264,
  },
  {
    "colour": 3,
    "h": 44,
    "op": "rect",
    "rgb": "rgb(190, 190, 0)",
    "w": 4,
    "x": 120,
    "y": 220,
  },
  {
    "op": "unclip",
  },
  {
    "h": 52,
    "op": "clip",
    "w": 52,
    "x": 168,
    "y": 216,
  },
  {
    "colour": 0,
    "h": 44,
    "op": "rect",
    "rgb": "rgb(211, 211, 211)",
    "w": 44,
    "x": 172,
    "y": 220,
  },
  {
    "align": "center",
    "baseline": "mathematical",
    "colour": 2,
    "fontType": "variable",
    "op": "text",
    "rgb": "rgb(0, 0, 0)",
    "size": 24,
    "text": "1",
    "x": 194,
    "y": 242,
  },
  {
    "colour": 3,
    "h": 4,
    "op": "rect",
    "rgb": "rgb(190, 190, 0)",
    "w": 44,
    "x": 172,
    "y": 216,
  },
  {
    "colour": 3,
    "h": 44,
    "op": "rect",
    "rgb": "rgb(190, 190, 0)",
    "w": 4,
    "x": 216,
    "y": 220,
  },
  {
    "colour": 2,
    "h": 4,
    "op": "rect",
    "rgb": "rgb(0, 0, 0)",
    "w": 44,
    "x": 172,
    "y": 264,
  },
  {
    "colour": 3,
    "h": 44,
    "op": "rect",
    "rgb": "rgb(190, 190, 0)",
    "w": 4,
    "x": 168,
    "y": 220,
  },
  {
    "op": "unclip",
  },
  {
    "h": 52,
    "op": "clip",
    "w": 52,
    "x": 216,
    "y": 216,
  },
  {
    "colour": 0,
    "h": 44,
    "op": "rect",
    "rgb": "rgb(211, 211, 211)",
    "w": 44,
    "x": 220,
    "y": 220,
  },
  {
    "colour": 3,
    "h": 4,
    "op": "rect",
    "rgb": "rgb(190, 190, 0)",
    "w": 44,
    "x": 220,
    "y": 216,
  },
  {
    "colour": 2,
    "h": 44,
    "op": "rect",
    "rgb": "rgb(0, 0, 0)",
    "w": 4,
    "x": 264,
    "y": 220,
  },
  {
    "colour": 2,
    "h": 4,
    "op": "rect",
    "rgb": "rgb(0, 0, 0)",
    "w": 44,
    "x": 220,
    "y": 264,
  },
  {
    "colour": 3,
    "h": 44,
    "op": "rect",
    "rgb": "rgb(190, 190, 0)",
    "w": 4,
    "x": 216,
    "y": 220,
  },
  {
    "op": "unclip",
  },
]
`;
