// Vitest Snapshot v1, https://vitest.dev/guide/snapshot.html

exports[`rect render scenarios > opener frame: number text drawn, no correct-fill yet 1`] = `
[
  {
    "colour": 2,
    "h": 171,
    "op": "rect",
    "rgb": "rgb(0, 0, 0)",
    "w": 171,
    "x": 0,
    "y": 0,
  },
  {
    "colour": 4,
    "h": 25,
    "op": "rect",
    "rgb": "rgb(105, 105, 105)",
    "w": 25,
    "x": 1,
    "y": 1,
  },
  {
    "colour": 0,
    "h": 23,
    "op": "rect",
    "rgb": "rgb(211, 211, 211)",
    "w": 23,
    "x": 2,
    "y": 2,
  },
  {
    "colour": 2,
    "h": 2,
    "op": "rect",
    "rgb": "rgb(0, 0, 0)",
    "w": 25,
    "x": 1,
    "y": 1,
  },
  {
    "colour": 2,
    "h": 25,
    "op": "rect",
    "rgb": "rgb(0, 0, 0)",
    "w": 2,
    "x": 1,
    "y": 1,
  },
  {
    "colour": 4,
    "h": 25,
    "op": "rect",
    "rgb": "rgb(105, 105, 105)",
    "w": 25,
    "x": 1,
    "y": 25,
  },
  {
    "colour": 0,
    "h": 23,
    "op": "rect",
    "rgb": "rgb(211, 211, 211)",
    "w": 23,
    "x": 2,
    "y": 26,
  },
  {
    "colour": 2,
    "h": 25,
    "op": "rect",
    "rgb": "rgb(0, 0, 0)",
    "w": 2,
    "x": 1,
    "y": 25,
  },
  {
    "colour": 4,
    "h": 25,
    "op": "rect",
    "rgb": "rgb(105, 105, 105)",
    "w": 25,
    "x": 1,
    "y": 49,
  },
  {
    "colour": 0,
    "h": 23,
    "op": "rect",
    "rgb": "rgb(211, 211, 211)",
    "w": 23,
    "x": 2,
    "y": 50,
  },
  {
    "colour": 2,
    "h": 25,
    "op": "rect",
    "rgb": "rgb(0, 0, 0)",
    "w": 2,
    "x": 1,
    "y": 49,
  },
  {
    "colour": 4,
    "h": 25,
    "op": "rect",
    "rgb": "rgb(105, 105, 105)",
    "w": 25,
    "x": 1,
    "y": 73,
  },
  {
    "colour": 0,
    "h": 23,
    "op": "rect",
    "rgb": "rgb(211, 211, 211)",
    "w": 23,
    "x": 2,
    "y": 74,
  },
  {
    "align": "center",
    "baseline": "mathematical",
    "colour": 3,
    "fontType": "variable",
    "op": "text",
    "rgb": "rgb(0, 0, 0)",
    "size": 12,
    "text": "7",
    "x": 13,
    "y": 85,
  },
  {
    "colour": 2,
    "h": 25,
    "op": "rect",
    "rgb": "rgb(0, 0, 0)",
    "w": 2,
    "x": 1,
    "y": 73,
  },
  {
    "colour": 4,
    "h": 25,
    "op": "rect",
    "rgb": "rgb(105, 105, 105)",
    "w": 25,
    "x": 1,
    "y": 97,
  },
  {
    "colour": 0,
    "h": 23,
    "op": "rect",
    "rgb": "rgb(211, 211, 211)",
    "w": 23,
    "x": 2,
    "y": 98,
  },
  {
    "colour": 2,
    "h": 25,
    "op": "rect",
    "rgb": "rgb(0, 0, 0)",
    "w": 2,
    "x": 1,
    "y": 97,
  },
  {
    "colour": 4,
    "h": 25,
    "op": "rect",
    "rgb": "rgb(105, 105, 105)",
    "w": 25,
    "x": 1,
    "y": 121,
  },
  {
    "colour": 0,
    "h": 23,
    "op": "rect",
    "rgb": "rgb(211, 211, 211)",
    "w": 23,
    "x": 2,
    "y": 122,
  },
  {
    "colour": 2,
    "h": 25,
    "op": "rect",
    "rgb": "rgb(0, 0, 0)",
    "w": 2,
    "x": 1,
    "y": 121,
  },
  {
    "colour": 4,
    "h": 25,
    "op": "rect",
    "rgb": "rgb(105, 105, 105)",
    "w": 25,
    "x": 1,
    "y": 145,
  },
  {
    "colour": 0,
    "h": 23,
    "op": "rect",
    "rgb": "rgb(211, 211, 211)",
    "w": 23,
    "x": 2,
    "y": 146,
  },
  {
    "colour": 2,
    "h": 2,
    "op": "rect",
    "rgb": "rgb(0, 0, 0)",
    "w": 25,
    "x": 1,
    "y": 168,
  },
  {
    "colour": 2,
    "h": 25,
    "op": "rect",
    "rgb": "rgb(0, 0, 0)",
    "w": 2,
    "x": 1,
    "y": 145,
  },
  {
    "colour": 4,
    "h": 25,
    "op": "rect",
    "rgb": "rgb(105, 105, 105)",
    "w": 25,
    "x": 25,
    "y": 1,
  },
  {
    "colour": 0,
    "h": 23,
    "op": "rect",
    "rgb": "rgb(211, 211, 211)",
    "w": 23,
    "x": 26,
    "y": 2,
  },
  {
    "align": "center",
    "baseline": "mathematical",
    "colour": 3,
    "fontType": "variable",
    "op": "text",
    "rgb": "rgb(0, 0, 0)",
    "size": 12,
    "text": "5",
    "x": 37,
    "y": 13,
  },
  {
    "colour": 2,
    "h": 2,
    "op": "rect",
    "rgb": "rgb(0, 0, 0)",
    "w": 25,
    "x": 25,
    "y": 1,
  },
  {
    "colour": 4,
    "h": 25,
    "op": "rect",
    "rgb": "rgb(105, 105, 105)",
    "w": 25,
    "x": 25,
    "y": 25,
  },
  {
    "colour": 0,
    "h": 23,
    "op": "rect",
    "rgb": "rgb(211, 211, 211)",
    "w": 23,
    "x": 26,
    "y": 26,
  },
  {
    "colour": 4,
    "h": 25,
    "op": "rect",
    "rgb": "rgb(105, 105, 105)",
    "w": 25,
    "x": 25,
    "y": 49,
  },
  {
    "colour": 0,
    "h": 23,
    "op": "rect",
    "rgb": "rgb(211, 211, 211)",
    "w": 23,
    "x": 26,
    "y": 50,
  },
  {
    "colour": 4,
    "h": 25,
    "op": "rect",
    "rgb": "rgb(105, 105, 105)",
    "w": 25,
    "x": 25,
    "y": 73,
  },
  {
    "colour": 0,
    "h": 23,
    "op": "rect",
    "rgb": "rgb(211, 211, 211)",
    "w": 23,
    "x": 26,
    "y": 74,
  },
  {
    "colour": 4,
    "h": 25,
    "op": "rect",
    "rgb": "rgb(105, 105, 105)",
    "w": 25,
    "x": 25,
    "y": 97,
  },
  {
    "colour": 0,
    "h": 23,
    "op": "rect",
    "rgb": "rgb(211, 211, 211)",
    "w": 23,
    "x": 26,
    "y": 98,
  },
  {
    "colour": 4,
    "h": 25,
    "op": "rect",
    "rgb": "rgb(105, 105, 105)",
    "w": 25,
    "x": 25,
    "y": 121,
  },
  {
    "colour": 0,
    "h": 23,
    "op": "rect",
    "rgb": "rgb(211, 211, 211)",
    "w": 23,
    "x": 26,
    "y": 122,
  },
  {
    "colour": 4,
    "h": 25,
    "op": "rect",
    "rgb": "rgb(105, 105, 105)",
    "w": 25,
    "x": 25,
    "y": 145,
  },
  {
    "colour": 0,
    "h": 23,
    "op": "rect",
    "rgb": "rgb(211, 211, 211)",
    "w": 23,
    "x": 26,
    "y": 146,
  },
  {
    "align": "center",
    "baseline": "mathematical",
    "colour": 3,
    "fontType": "variable",
    "op": "text",
    "rgb": "rgb(0, 0, 0)",
    "size": 12,
    "text": "2",
    "x": 37,
    "y": 157,
  },
  {
    "colour": 2,
    "h": 2,
    "op": "rect",
    "rgb": "rgb(0, 0, 0)",
    "w": 25,
    "x": 25,
    "y": 168,
  },
  {
    "colour": 4,
    "h": 25,
    "op": "rect",
    "rgb": "rgb(105, 105, 105)",
    "w": 25,
    "x": 49,
    "y": 1,
  },
  {
    "colour": 0,
    "h": 23,
    "op": "rect",
    "rgb": "rgb(211, 211, 211)",
    "w": 23,
    "x": 50,
    "y": 2,
  },
  {
    "colour": 2,
    "h": 2,
    "op": "rect",
    "rgb": "rgb(0, 0, 0)",
    "w": 25,
    "x": 49,
    "y": 1,
  },
  {
    "colour": 4,
    "h": 25,
    "op": "rect",
    "rgb": "rgb(105, 105, 105)",
    "w": 25,
    "x": 49,
    "y": 25,
  },
  {
    "colour": 0,
    "h": 23,
    "op": "rect",
    "rgb": "rgb(211, 211, 211)",
    "w": 23,
    "x": 50,
    "y": 26,
  },
  {
    "colour": 4,
    "h": 25,
    "op": "rect",
    "rgb": "rgb(105, 105, 105)",
    "w": 25,
    "x": 49,
    "y": 49,
  },
  {
    "colour": 0,
    "h": 23,
    "op": "rect",
    "rgb": "rgb(211, 211, 211)",
    "w": 23,
    "x": 50,
    "y": 50,
  },
  {
    "colour": 4,
    "h": 25,
    "op": "rect",
    "rgb": "rgb(105, 105, 105)",
    "w": 25,
    "x": 49,
    "y": 73,
  },
  {
    "colour": 0,
    "h": 23,
    "op": "rect",
    "rgb": "rgb(211, 211, 211)",
    "w": 23,
    "x": 50,
    "y": 74,
  },
  {
    "colour": 4,
    "h": 25,
    "op": "rect",
    "rgb": "rgb(105, 105, 105)",
    "w": 25,
    "x": 49,
    "y": 97,
  },
  {
    "colour": 0,
    "h": 23,
    "op": "rect",
    "rgb": "rgb(211, 211, 211)",
    "w": 23,
    "x": 50,
    "y": 98,
  },
  {
    "colour": 4,
    "h": 25,
    "op": "rect",
    "rgb": "rgb(105, 105, 105)",
    "w": 25,
    "x": 49,
    "y": 121,
  },
  {
    "colour": 0,
    "h": 23,
    "op": "rect",
    "rgb": "rgb(211, 211, 211)",
    "w": 23,
    "x": 50,
    "y": 122,
  },
  {
    "align": "center",
    "baseline": "mathematical",
    "colour": 3,
    "fontType": "variable",
    "op": "text",
    "rgb": "rgb(0, 0, 0)",
    "size": 12,
    "text": "6",
    "x": 61,
    "y": 133,
  },
  {
    "colour": 4,
    "h": 25,
    "op": "rect",
    "rgb": "rgb(105, 105, 105)",
    "w": 25,
    "x": 49,
    "y": 145,
  },
  {
    "colour": 0,
    "h": 23,
    "op": "rect",
    "rgb": "rgb(211, 211, 211)",
    "w": 23,
    "x": 50,
    "y": 146,
  },
  {
    "colour": 2,
    "h": 2,
    "op": "rect",
    "rgb": "rgb(0, 0, 0)",
    "w": 25,
    "x": 49,
    "y": 168,
  },
  {
    "colour": 4,
    "h": 25,
    "op": "rect",
    "rgb": "rgb(105, 105, 105)",
    "w": 25,
    "x": 73,
    "y": 1,
  },
  {
    "colour": 0,
    "h": 23,
    "op": "rect",
    "rgb": "rgb(211, 211, 211)",
    "w": 23,
    "x": 74,
    "y": 2,
  },
  {
    "colour": 2,
    "h": 2,
    "op": "rect",
    "rgb": "rgb(0, 0, 0)",
    "w": 25,
    "x": 73,
    "y": 1,
  },
  {
    "colour": 4,
    "h": 25,
    "op": "rect",
    "rgb": "rgb(105, 105, 105)",
    "w": 25,
    "x": 73,
    "y": 25,
  },
  {
    "colour": 0,
    "h": 23,
    "op": "rect",
    "rgb": "rgb(211, 211, 211)",
    "w": 23,
    "x": 74,
    "y": 26,
  },
  {
    "colour": 4,
    "h": 25,
    "op": "rect",
    "rgb": "rgb(105, 105, 105)",
    "w": 25,
    "x": 73,
    "y": 49,
  },
  {
    "colour": 0,
    "h": 23,
    "op": "rect",
    "rgb": "rgb(211, 211, 211)",
    "w": 23,
    "x": 74,
    "y": 50,
  },
  {
    "colour": 4,
    "h": 25,
    "op": "rect",
    "rgb": "rgb(105, 105, 105)",
    "w": 25,
    "x": 73,
    "y": 73,
  },
  {
    "colour": 0,
    "h": 23,
    "op": "rect",
    "rgb": "rgb(211, 211, 211)",
    "w": 23,
    "x": 74,
    "y": 74,
  },
  {
    "colour": 4,
    "h": 25,
    "op": "rect",
    "rgb": "rgb(105, 105, 105)",
    "w": 25,
    "x": 73,
    "y": 97,
  },
  {
    "colour": 0,
    "h": 23,
    "op": "rect",
    "rgb": "rgb(211, 211, 211)",
    "w": 23,
    "x": 74,
    "y": 98,
  },
  {
    "align": "center",
    "baseline": "mathematical",
    "colour": 3,
    "fontType": "variable",
    "op": "text",
    "rgb": "rgb(0, 0, 0)",
    "size": 12,
    "text": "4",
    "x": 85,
    "y": 109,
  },
  {
    "colour": 4,
    "h": 25,
    "op": "rect",
    "rgb": "rgb(105, 105, 105)",
    "w": 25,
    "x": 73,
    "y": 121,
  },
  {
    "colour": 0,
    "h": 23,
    "op": "rect",
    "rgb": "rgb(211, 211, 211)",
    "w": 23,
    "x": 74,
    "y": 122,
  },
  {
    "align": "center",
    "baseline": "mathematical",
    "colour": 3,
    "fontType": "variable",
    "op": "text",
    "rgb": "rgb(0, 0, 0)",
    "size": 12,
    "text": "2",
    "x": 85,
    "y": 133,
  },
  {
    "colour": 4,
    "h": 25,
    "op": "rect",
    "rgb": "rgb(105, 105, 105)",
    "w": 25,
    "x": 73,
    "y": 145,
  },
  {
    "colour": 0,
    "h": 23,
    "op": "rect",
    "rgb": "rgb(211, 211, 211)",
    "w": 23,
    "x": 74,
    "y": 146,
  },
  {
    "colour": 2,
    "h": 2,
    "op": "rect",
    "rgb": "rgb(0, 0, 0)",
    "w": 25,
    "x": 73,
    "y": 168,
  },
  {
    "colour": 4,
    "h": 25,
    "op": "rect",
    "rgb": "rgb(105, 105, 105)",
    "w": 25,
    "x": 97,
    "y": 1,
  },
  {
    "colour": 0,
    "h": 23,
    "op": "rect",
    "rgb": "rgb(211, 211, 211)",
    "w": 23,
    "x": 98,
    "y": 2,
  },
  {
    "align": "center",
    "baseline": "mathematical",
    "colour": 3,
    "fontType": "variable",
    "op": "text",
    "rgb": "rgb(0, 0, 0)",
    "size": 12,
    "text": "3",
    "x": 109,
    "y": 13,
  },
  {
    "colour": 2,
    "h": 2,
    "op": "rect",
    "rgb": "rgb(0, 0, 0)",
    "w": 25,
    "x": 97,
    "y": 1,
  },
  {
    "colour": 4,
    "h": 25,
    "op": "rect",
    "rgb": "rgb(105, 105, 105)",
    "w": 25,
    "x": 97,
    "y": 25,
  },
  {
    "colour": 0,
    "h": 23,
    "op": "rect",
    "rgb": "rgb(211, 211, 211)",
    "w": 23,
    "x": 98,
    "y": 26,
  },
  {
    "align": "center",
    "baseline": "mathematical",
    "colour": 3,
    "fontType": "variable",
    "op": "text",
    "rgb": "rgb(0, 0, 0)",
    "size": 12,
    "text": "6",
    "x": 109,
    "y": 37,
  },
  {
    "colour": 4,
    "h": 25,
    "op": "rect",
    "rgb": "rgb(105, 105, 105)",
    "w": 25,
    "x": 97,
    "y": 49,
  },
  {
    "colour": 0,
    "h": 23,
    "op": "rect",
    "rgb": "rgb(211, 211, 211)",
    "w": 23,
    "x": 98,
    "y": 50,
  },
  {
    "colour": 4,
    "h": 25,
    "op": "rect",
    "rgb": "rgb(105, 105, 105)",
    "w": 25,
    "x": 97,
    "y": 73,
  },
  {
    "colour": 0,
    "h": 23,
    "op": "rect",
    "rgb": "rgb(211, 211, 211)",
    "w": 23,
    "x": 98,
    "y": 74,
  },
  {
    "colour": 4,
    "h": 25,
    "op": "rect",
    "rgb": "rgb(105, 105, 105)",
    "w": 25,
    "x": 97,
    "y": 97,
  },
  {
    "colour": 0,
    "h": 23,
    "op": "rect",
    "rgb": "rgb(211, 211, 211)",
    "w": 23,
    "x": 98,
    "y": 98,
  },
  {
    "colour": 4,
    "h": 25,
    "op": "rect",
    "rgb": "rgb(105, 105, 105)",
    "w": 25,
    "x": 97,
    "y": 121,
  },
  {
    "colour": 0,
    "h": 23,
    "op": "rect",
    "rgb": "rgb(211, 211, 211)",
    "w": 23,
    "x": 98,
    "y": 122,
  },
  {
    "colour": 4,
    "h": 25,
    "op": "rect",
    "rgb": "rgb(105, 105, 105)",
    "w": 25,
    "x": 97,
    "y": 145,
  },
  {
    "colour": 0,
    "h": 23,
    "op": "rect",
    "rgb": "rgb(211, 211, 211)",
    "w": 23,
    "x": 98,
    "y": 146,
  },
  {
    "colour": 2,
    "h": 2,
    "op": "rect",
    "rgb": "rgb(0, 0, 0)",
    "w": 25,
    "x": 97,
    "y": 168,
  },
  {
    "colour": 4,
    "h": 25,
    "op": "rect",
    "rgb": "rgb(105, 105, 105)",
    "w": 25,
    "x": 121,
    "y": 1,
  },
  {
    "colour": 0,
    "h": 23,
    "op": "rect",
    "rgb": "rgb(211, 211, 211)",
    "w": 23,
    "x": 122,
    "y": 2,
  },
  {
    "colour": 2,
    "h": 2,
    "op": "rect",
    "rgb": "rgb(0, 0, 0)",
    "w": 25,
    "x": 121,
    "y": 1,
  },
  {
    "colour": 4,
    "h": 25,
    "op": "rect",
    "rgb": "rgb(105, 105, 105)",
    "w": 25,
    "x": 121,
    "y": 25,
  },
  {
    "colour": 0,
    "h": 23,
    "op": "rect",
    "rgb": "rgb(211, 211, 211)",
    "w": 23,
    "x": 122,
    "y": 26,
  },
  {
    "colour": 4,
    "h": 25,
    "op": "rect",
    "rgb": "rgb(105, 105, 105)",
    "w": 25,
    "x": 121,
    "y": 49,
  },
  {
    "colour": 0,
    "h": 23,
    "op": "rect",
    "rgb": "rgb(211, 211, 211)",
    "w": 23,
    "x": 122,
    "y": 50,
  },
  {
    "colour": 4,
    "h": 25,
    "op": "rect",
    "rgb": "rgb(105, 105, 105)",
    "w": 25,
    "x": 121,
    "y": 73,
  },
  {
    "colour": 0,
    "h": 23,
    "op": "rect",
    "rgb": "rgb(211, 211, 211)",
    "w": 23,
    "x": 122,
    "y": 74,
  },
  {
    "colour": 4,
    "h": 25,
    "op": "rect",
    "rgb": "rgb(105, 105, 105)",
    "w": 25,
    "x": 121,
    "y": 97,
  },
  {
    "colour": 0,
    "h": 23,
    "op": "rect",
    "rgb": "rgb(211, 211, 211)",
    "w": 23,
    "x": 122,
    "y": 98,
  },
  {
    "align": "center",
    "baseline": "mathematical",
    "colour": 3,
    "fontType": "variable",
    "op": "text",
    "rgb": "rgb(0, 0, 0)",
    "size": 12,
    "text": "5",
    "x": 133,
    "y": 109,
  },
  {
    "colour": 4,
    "h": 25,
    "op": "rect",
    "rgb": "rgb(105, 105, 105)",
    "w": 25,
    "x": 121,
    "y": 121,
  },
  {
    "colour": 0,
    "h": 23,
    "op": "rect",
    "rgb": "rgb(211, 211, 211)",
    "w": 23,
    "x": 122,
    "y": 122,
  },
  {
    "colour": 4,
    "h": 25,
    "op": "rect",
    "rgb": "rgb(105, 105, 105)",
    "w": 25,
    "x": 121,
    "y": 145,
  },
  {
    "colour": 0,
    "h": 23,
    "op": "rect",
    "rgb": "rgb(211, 211, 211)",
    "w": 23,
    "x": 122,
    "y": 146,
  },
  {
    "align": "center",
    "baseline": "mathematical",
    "colour": 3,
    "fontType": "variable",
    "op": "text",
    "rgb": "rgb(0, 0, 0)",
    "size": 12,
    "text": "2",
    "x": 133,
    "y": 157,
  },
  {
    "colour": 2,
    "h": 2,
    "op": "rect",
    "rgb": "rgb(0, 0, 0)",
    "w": 25,
    "x": 121,
    "y": 168,
  },
  {
    "colour": 4,
    "h": 25,
    "op": "rect",
    "rgb": "rgb(105, 105, 105)",
    "w": 25,
    "x": 145,
    "y": 1,
  },
  {
    "colour": 0,
    "h": 23,
    "op": "rect",
    "rgb": "rgb(211, 211, 211)",
    "w": 23,
    "x": 146,
    "y": 2,
  },
  {
    "colour": 2,
    "h": 2,
    "op": "rect",
    "rgb": "rgb(0, 0, 0)",
    "w": 25,
    "x": 145,
    "y": 1,
  },
  {
    "colour": 2,
    "h": 25,
    "op": "rect",
    "rgb": "rgb(0, 0, 0)",
    "w": 2,
    "x": 168,
    "y": 1,
  },
  {
    "colour": 4,
    "h": 25,
    "op": "rect",
    "rgb": "rgb(105, 105, 105)",
    "w": 25,
    "x": 145,
    "y": 25,
  },
  {
    "colour": 0,
    "h": 23,
    "op": "rect",
    "rgb": "rgb(211, 211, 211)",
    "w": 23,
    "x": 146,
    "y": 26,
  },
  {
    "colour": 2,
    "h": 25,
    "op": "rect",
    "rgb": "rgb(0, 0, 0)",
    "w": 2,
    "x": 168,
    "y": 25,
  },
  {
    "colour": 4,
    "h": 25,
    "op": "rect",
    "rgb": "rgb(105, 105, 105)",
    "w": 25,
    "x": 145,
    "y": 49,
  },
  {
    "colour": 0,
    "h": 23,
    "op": "rect",
    "rgb": "rgb(211, 211, 211)",
    "w": 23,
    "x": 146,
    "y": 50,
  },
  {
    "align": "center",
    "baseline": "mathematical",
    "colour": 3,
    "fontType": "variable",
    "op": "text",
    "rgb": "rgb(0, 0, 0)",
    "size": 12,
    "text": "3",
    "x": 157,
    "y": 61,
  },
  {
    "colour": 2,
    "h": 25,
    "op": "rect",
    "rgb": "rgb(0, 0, 0)",
    "w": 2,
    "x": 168,
    "y": 49,
  },
  {
    "colour": 4,
    "h": 25,
    "op": "rect",
    "rgb": "rgb(105, 105, 105)",
    "w": 25,
    "x": 145,
    "y": 73,
  },
  {
    "colour": 0,
    "h": 23,
    "op": "rect",
    "rgb": "rgb(211, 211, 211)",
    "w": 23,
    "x": 146,
    "y": 74,
  },
  {
    "colour": 2,
    "h": 25,
    "op": "rect",
    "rgb": "rgb(0, 0, 0)",
    "w": 2,
    "x": 168,
    "y": 73,
  },
  {
    "colour": 4,
    "h": 25,
    "op": "rect",
    "rgb": "rgb(105, 105, 105)",
    "w": 25,
    "x": 145,
    "y": 97,
  },
  {
    "colour": 0,
    "h": 23,
    "op": "rect",
    "rgb": "rgb(211, 211, 211)",
    "w": 23,
    "x": 146,
    "y": 98,
  },
  {
    "colour": 2,
    "h": 25,
    "op": "rect",
    "rgb": "rgb(0, 0, 0)",
    "w": 2,
    "x": 168,
    "y": 97,
  },
  {
    "colour": 4,
    "h": 25,
    "op": "rect",
    "rgb": "rgb(105, 105, 105)",
    "w": 25,
    "x": 145,
    "y": 121,
  },
  {
    "colour": 0,
    "h": 23,
    "op": "rect",
    "rgb": "rgb(211, 211, 211)",
    "w": 23,
    "x": 146,
    "y": 122,
  },
  {
    "align": "center",
    "baseline": "mathematical",
    "colour": 3,
    "fontType": "variable",
    "op": "text",
    "rgb": "rgb(0, 0, 0)",
    "size": 12,
    "text": "4",
    "x": 157,
    "y": 133,
  },
  {
    "colour": 2,
    "h": 25,
    "op": "rect",
    "rgb": "rgb(0, 0, 0)",
    "w": 2,
    "x": 168,
    "y": 121,
  },
  {
    "colour": 4,
    "h": 25,
    "op": "rect",
    "rgb": "rgb(105, 105, 105)",
    "w": 25,
    "x": 145,
    "y": 145,
  },
  {
    "colour": 0,
    "h": 23,
    "op": "rect",
    "rgb": "rgb(211, 211, 211)",
    "w": 23,
    "x": 146,
    "y": 146,
  },
  {
    "colour": 2,
    "h": 2,
    "op": "rect",
    "rgb": "rgb(0, 0, 0)",
    "w": 25,
    "x": 145,
    "y": 168,
  },
  {
    "colour": 2,
    "h": 25,
    "op": "rect",
    "rgb": "rgb(0, 0, 0)",
    "w": 2,
    "x": 168,
    "y": 145,
  },
]
`;
