// Vitest Snapshot v1, https://vitest.dev/guide/snapshot.html

exports[`crossing hint — the frame > matches its recorded frame 1`] = `
[
  {
    "colour": 0,
    "h": 360,
    "op": "rect",
    "rgb": "rgb(211, 211, 211)",
    "w": 240,
    "x": 0,
    "y": 0,
  },
  {
    "colour": 0,
    "h": 20,
    "op": "rect",
    "rgb": "rgb(211, 211, 211)",
    "w": 20,
    "x": 0,
    "y": 0,
  },
  {
    "colour": 18,
    "h": 40,
    "op": "rect",
    "rgb": "rgb(163, 206, 168)",
    "w": 40,
    "x": 20,
    "y": 20,
  },
  {
    "colour": 4,
    "op": "line",
    "rgb": "rgb(0, 0, 0)",
    "thickness": 1,
    "x1": 20,
    "x2": 60,
    "y1": 20,
    "y2": 20,
  },
  {
    "colour": 4,
    "op": "line",
    "rgb": "rgb(0, 0, 0)",
    "thickness": 1,
    "x1": 60,
    "x2": 60,
    "y1": 20,
    "y2": 60,
  },
  {
    "colour": 4,
    "op": "line",
    "rgb": "rgb(0, 0, 0)",
    "thickness": 1,
    "x1": 60,
    "x2": 20,
    "y1": 60,
    "y2": 60,
  },
  {
    "colour": 4,
    "op": "line",
    "rgb": "rgb(0, 0, 0)",
    "thickness": 1,
    "x1": 20,
    "x2": 20,
    "y1": 60,
    "y2": 20,
  },
  {
    "colour": 18,
    "h": 40,
    "op": "rect",
    "rgb": "rgb(163, 206, 168)",
    "w": 40,
    "x": 60,
    "y": 20,
  },
  {
    "colour": 4,
    "op": "line",
    "rgb": "rgb(0, 0, 0)",
    "thickness": 1,
    "x1": 60,
    "x2": 100,
    "y1": 20,
    "y2": 20,
  },
  {
    "colour": 4,
    "op": "line",
    "rgb": "rgb(0, 0, 0)",
    "thickness": 1,
    "x1": 100,
    "x2": 100,
    "y1": 20,
    "y2": 60,
  },
  {
    "colour": 4,
    "op": "line",
    "rgb": "rgb(0, 0, 0)",
    "thickness": 1,
    "x1": 100,
    "x2": 60,
    "y1": 60,
    "y2": 60,
  },
  {
    "colour": 4,
    "op": "line",
    "rgb": "rgb(0, 0, 0)",
    "thickness": 1,
    "x1": 60,
    "x2": 60,
    "y1": 60,
    "y2": 20,
  },
  {
    "colour": 17,
    "h": 40,
    "op": "rect",
    "rgb": "rgb(33, 167, 73)",
    "w": 40,
    "x": 100,
    "y": 20,
  },
  {
    "colour": 4,
    "op": "line",
    "rgb": "rgb(0, 0, 0)",
    "thickness": 1,
    "x1": 100,
    "x2": 140,
    "y1": 20,
    "y2": 20,
  },
  {
    "colour": 4,
    "op": "line",
    "rgb": "rgb(0, 0, 0)",
    "thickness": 1,
    "x1": 140,
    "x2": 140,
    "y1": 20,
    "y2": 60,
  },
  {
    "colour": 4,
    "op": "line",
    "rgb": "rgb(0, 0, 0)",
    "thickness": 1,
    "x1": 140,
    "x2": 100,
    "y1": 60,
    "y2": 60,
  },
  {
    "colour": 4,
    "op": "line",
    "rgb": "rgb(0, 0, 0)",
    "thickness": 1,
    "x1": 100,
    "x2": 100,
    "y1": 60,
    "y2": 20,
  },
  {
    "colour": 2,
    "h": 40,
    "op": "rect",
    "rgb": "rgb(211, 211, 211)",
    "w": 40,
    "x": 140,
    "y": 20,
  },
  {
    "h": 39,
    "op": "clip",
    "w": 39,
    "x": 141,
    "y": 21,
  },
  {
    "colour": 7,
    "h": 39,
    "op": "rect",
    "rgb": "rgb(77, 77, 77)",
    "w": 39,
    "x": 141,
    "y": 21,
  },
  {
    "fill": 8,
    "fillRgb": "rgb(119, 119, 119)",
    "op": "polygon",
    "outline": 8,
    "outlineRgb": "rgb(119, 119, 119)",
    "points": [
      [
        180,
        60,
      ],
      [
        180,
        21,
      ],
      [
        141,
        60,
      ],
    ],
  },
  {
    "fill": 6,
    "fillRgb": "rgb(34, 34, 34)",
    "op": "polygon",
    "outline": 6,
    "outlineRgb": "rgb(34, 34, 34)",
    "points": [
      [
        141,
        21,
      ],
      [
        180,
        21,
      ],
      [
        141,
        60,
      ],
    ],
  },
  {
    "colour": 7,
    "h": 32,
    "op": "rect",
    "rgb": "rgb(77, 77, 77)",
    "w": 32,
    "x": 145,
    "y": 25,
  },
  {
    "op": "unclip",
  },
  {
    "colour": 4,
    "op": "line",
    "rgb": "rgb(0, 0, 0)",
    "thickness": 1,
    "x1": 140,
    "x2": 180,
    "y1": 20,
    "y2": 20,
  },
  {
    "colour": 4,
    "op": "line",
    "rgb": "rgb(0, 0, 0)",
    "thickness": 1,
    "x1": 180,
    "x2": 180,
    "y1": 20,
    "y2": 60,
  },
  {
    "colour": 4,
    "op": "line",
    "rgb": "rgb(0, 0, 0)",
    "thickness": 1,
    "x1": 180,
    "x2": 140,
    "y1": 60,
    "y2": 60,
  },
  {
    "colour": 4,
    "op": "line",
    "rgb": "rgb(0, 0, 0)",
    "thickness": 1,
    "x1": 140,
    "x2": 140,
    "y1": 60,
    "y2": 20,
  },
  {
    "colour": 2,
    "h": 40,
    "op": "rect",
    "rgb": "rgb(211, 211, 211)",
    "w": 40,
    "x": 180,
    "y": 20,
  },
  {
    "colour": 4,
    "op": "line",
    "rgb": "rgb(0, 0, 0)",
    "thickness": 1,
    "x1": 180,
    "x2": 220,
    "y1": 20,
    "y2": 20,
  },
  {
    "colour": 4,
    "op": "line",
    "rgb": "rgb(0, 0, 0)",
    "thickness": 1,
    "x1": 220,
    "x2": 220,
    "y1": 20,
    "y2": 60,
  },
  {
    "colour": 4,
    "op": "line",
    "rgb": "rgb(0, 0, 0)",
    "thickness": 1,
    "x1": 220,
    "x2": 180,
    "y1": 60,
    "y2": 60,
  },
  {
    "colour": 4,
    "op": "line",
    "rgb": "rgb(0, 0, 0)",
    "thickness": 1,
    "x1": 180,
    "x2": 180,
    "y1": 60,
    "y2": 20,
  },
  {
    "colour": 2,
    "h": 40,
    "op": "rect",
    "rgb": "rgb(211, 211, 211)",
    "w": 40,
    "x": 20,
    "y": 60,
  },
  {
    "colour": 4,
    "op": "line",
    "rgb": "rgb(0, 0, 0)",
    "thickness": 1,
    "x1": 20,
    "x2": 60,
    "y1": 60,
    "y2": 60,
  },
  {
    "colour": 4,
    "op": "line",
    "rgb": "rgb(0, 0, 0)",
    "thickness": 1,
    "x1": 60,
    "x2": 60,
    "y1": 60,
    "y2": 100,
  },
  {
    "colour": 4,
    "op": "line",
    "rgb": "rgb(0, 0, 0)",
    "thickness": 1,
    "x1": 60,
    "x2": 20,
    "y1": 100,
    "y2": 100,
  },
  {
    "colour": 4,
    "op": "line",
    "rgb": "rgb(0, 0, 0)",
    "thickness": 1,
    "x1": 20,
    "x2": 20,
    "y1": 100,
    "y2": 60,
  },
  {
    "colour": 2,
    "h": 40,
    "op": "rect",
    "rgb": "rgb(211, 211, 211)",
    "w": 40,
    "x": 60,
    "y": 60,
  },
  {
    "h": 39,
    "op": "clip",
    "w": 39,
    "x": 61,
    "y": 61,
  },
  {
    "colour": 7,
    "h": 39,
    "op": "rect",
    "rgb": "rgb(77, 77, 77)",
    "w": 39,
    "x": 61,
    "y": 61,
  },
  {
    "fill": 8,
    "fillRgb": "rgb(119, 119, 119)",
    "op": "polygon",
    "outline": 8,
    "outlineRgb": "rgb(119, 119, 119)",
    "points": [
      [
        100,
        100,
      ],
      [
        100,
        61,
      ],
      [
        61,
        100,
      ],
    ],
  },
  {
    "fill": 6,
    "fillRgb": "rgb(34, 34, 34)",
    "op": "polygon",
    "outline": 6,
    "outlineRgb": "rgb(34, 34, 34)",
    "points": [
      [
        61,
        61,
      ],
      [
        100,
        61,
      ],
      [
        61,
        100,
      ],
    ],
  },
  {
    "colour": 7,
    "h": 32,
    "op": "rect",
    "rgb": "rgb(77, 77, 77)",
    "w": 32,
    "x": 65,
    "y": 65,
  },
  {
    "op": "unclip",
  },
  {
    "colour": 4,
    "op": "line",
    "rgb": "rgb(0, 0, 0)",
    "thickness": 1,
    "x1": 60,
    "x2": 100,
    "y1": 60,
    "y2": 60,
  },
  {
    "colour": 4,
    "op": "line",
    "rgb": "rgb(0, 0, 0)",
    "thickness": 1,
    "x1": 100,
    "x2": 100,
    "y1": 60,
    "y2": 100,
  },
  {
    "colour": 4,
    "op": "line",
    "rgb": "rgb(0, 0, 0)",
    "thickness": 1,
    "x1": 100,
    "x2": 60,
    "y1": 100,
    "y2": 100,
  },
  {
    "colour": 4,
    "op": "line",
    "rgb": "rgb(0, 0, 0)",
    "thickness": 1,
    "x1": 60,
    "x2": 60,
    "y1": 100,
    "y2": 60,
  },
  {
    "colour": 18,
    "h": 40,
    "op": "rect",
    "rgb": "rgb(163, 206, 168)",
    "w": 40,
    "x": 100,
    "y": 60,
  },
  {
    "colour": 4,
    "op": "line",
    "rgb": "rgb(0, 0, 0)",
    "thickness": 1,
    "x1": 100,
    "x2": 140,
    "y1": 60,
    "y2": 60,
  },
  {
    "colour": 4,
    "op": "line",
    "rgb": "rgb(0, 0, 0)",
    "thickness": 1,
    "x1": 140,
    "x2": 140,
    "y1": 60,
    "y2": 100,
  },
  {
    "colour": 4,
    "op": "line",
    "rgb": "rgb(0, 0, 0)",
    "thickness": 1,
    "x1": 140,
    "x2": 100,
    "y1": 100,
    "y2": 100,
  },
  {
    "colour": 4,
    "op": "line",
    "rgb": "rgb(0, 0, 0)",
    "thickness": 1,
    "x1": 100,
    "x2": 100,
    "y1": 100,
    "y2": 60,
  },
  {
    "colour": 2,
    "h": 40,
    "op": "rect",
    "rgb": "rgb(211, 211, 211)",
    "w": 40,
    "x": 140,
    "y": 60,
  },
  {
    "h": 39,
    "op": "clip",
    "w": 39,
    "x": 141,
    "y": 61,
  },
  {
    "colour": 7,
    "h": 39,
    "op": "rect",
    "rgb": "rgb(77, 77, 77)",
    "w": 39,
    "x": 141,
    "y": 61,
  },
  {
    "fill": 8,
    "fillRgb": "rgb(119, 119, 119)",
    "op": "polygon",
    "outline": 8,
    "outlineRgb": "rgb(119, 119, 119)",
    "points": [
      [
        180,
        100,
      ],
      [
        180,
        61,
      ],
      [
        141,
        100,
      ],
    ],
  },
  {
    "fill": 6,
    "fillRgb": "rgb(34, 34, 34)",
    "op": "polygon",
    "outline": 6,
    "outlineRgb": "rgb(34, 34, 34)",
    "points": [
      [
        141,
        61,
      ],
      [
        180,
        61,
      ],
      [
        141,
        100,
      ],
    ],
  },
  {
    "colour": 7,
    "h": 32,
    "op": "rect",
    "rgb": "rgb(77, 77, 77)",
    "w": 32,
    "x": 145,
    "y": 65,
  },
  {
    "op": "unclip",
  },
  {
    "colour": 4,
    "op": "line",
    "rgb": "rgb(0, 0, 0)",
    "thickness": 1,
    "x1": 140,
    "x2": 180,
    "y1": 60,
    "y2": 60,
  },
  {
    "colour": 4,
    "op": "line",
    "rgb": "rgb(0, 0, 0)",
    "thickness": 1,
    "x1": 180,
    "x2": 180,
    "y1": 60,
    "y2": 100,
  },
  {
    "colour": 4,
    "op": "line",
    "rgb": "rgb(0, 0, 0)",
    "thickness": 1,
    "x1": 180,
    "x2": 140,
    "y1": 100,
    "y2": 100,
  },
  {
    "colour": 4,
    "op": "line",
    "rgb": "rgb(0, 0, 0)",
    "thickness": 1,
    "x1": 140,
    "x2": 140,
    "y1": 100,
    "y2": 60,
  },
  {
    "colour": 2,
    "h": 40,
    "op": "rect",
    "rgb": "rgb(211, 211, 211)",
    "w": 40,
    "x": 180,
    "y": 60,
  },
  {
    "colour": 4,
    "op": "line",
    "rgb": "rgb(0, 0, 0)",
    "thickness": 1,
    "x1": 180,
    "x2": 220,
    "y1": 60,
    "y2": 60,
  },
  {
    "colour": 4,
    "op": "line",
    "rgb": "rgb(0, 0, 0)",
    "thickness": 1,
    "x1": 220,
    "x2": 220,
    "y1": 60,
    "y2": 100,
  },
  {
    "colour": 4,
    "op": "line",
    "rgb": "rgb(0, 0, 0)",
    "thickness": 1,
    "x1": 220,
    "x2": 180,
    "y1": 100,
    "y2": 100,
  },
  {
    "colour": 4,
    "op": "line",
    "rgb": "rgb(0, 0, 0)",
    "thickness": 1,
    "x1": 180,
    "x2": 180,
    "y1": 100,
    "y2": 60,
  },
  {
    "colour": 2,
    "h": 40,
    "op": "rect",
    "rgb": "rgb(211, 211, 211)",
    "w": 40,
    "x": 20,
    "y": 100,
  },
  {
    "colour": 4,
    "op": "line",
    "rgb": "rgb(0, 0, 0)",
    "thickness": 1,
    "x1": 20,
    "x2": 60,
    "y1": 100,
    "y2": 100,
  },
  {
    "colour": 4,
    "op": "line",
    "rgb": "rgb(0, 0, 0)",
    "thickness": 1,
    "x1": 60,
    "x2": 60,
    "y1": 100,
    "y2": 140,
  },
  {
    "colour": 4,
    "op": "line",
    "rgb": "rgb(0, 0, 0)",
    "thickness": 1,
    "x1": 60,
    "x2": 20,
    "y1": 140,
    "y2": 140,
  },
  {
    "colour": 4,
    "op": "line",
    "rgb": "rgb(0, 0, 0)",
    "thickness": 1,
    "x1": 20,
    "x2": 20,
    "y1": 140,
    "y2": 100,
  },
  {
    "colour": 2,
    "h": 40,
    "op": "rect",
    "rgb": "rgb(211, 211, 211)",
    "w": 40,
    "x": 60,
    "y": 100,
  },
  {
    "colour": 4,
    "op": "line",
    "rgb": "rgb(0, 0, 0)",
    "thickness": 1,
    "x1": 60,
    "x2": 100,
    "y1": 100,
    "y2": 100,
  },
  {
    "colour": 4,
    "op": "line",
    "rgb": "rgb(0, 0, 0)",
    "thickness": 1,
    "x1": 100,
    "x2": 100,
    "y1": 100,
    "y2": 140,
  },
  {
    "colour": 4,
    "op": "line",
    "rgb": "rgb(0, 0, 0)",
    "thickness": 1,
    "x1": 100,
    "x2": 60,
    "y1": 140,
    "y2": 140,
  },
  {
    "colour": 4,
    "op": "line",
    "rgb": "rgb(0, 0, 0)",
    "thickness": 1,
    "x1": 60,
    "x2": 60,
    "y1": 140,
    "y2": 100,
  },
  {
    "colour": 18,
    "h": 40,
    "op": "rect",
    "rgb": "rgb(163, 206, 168)",
    "w": 40,
    "x": 100,
    "y": 100,
  },
  {
    "colour": 4,
    "op": "line",
    "rgb": "rgb(0, 0, 0)",
    "thickness": 1,
    "x1": 100,
    "x2": 140,
    "y1": 100,
    "y2": 100,
  },
  {
    "colour": 4,
    "op": "line",
    "rgb": "rgb(0, 0, 0)",
    "thickness": 1,
    "x1": 140,
    "x2": 140,
    "y1": 100,
    "y2": 140,
  },
  {
    "colour": 4,
    "op": "line",
    "rgb": "rgb(0, 0, 0)",
    "thickness": 1,
    "x1": 140,
    "x2": 100,
    "y1": 140,
    "y2": 140,
  },
  {
    "colour": 4,
    "op": "line",
    "rgb": "rgb(0, 0, 0)",
    "thickness": 1,
    "x1": 100,
    "x2": 100,
    "y1": 140,
    "y2": 100,
  },
  {
    "colour": 2,
    "h": 40,
    "op": "rect",
    "rgb": "rgb(211, 211, 211)",
    "w": 40,
    "x": 140,
    "y": 100,
  },
  {
    "colour": 4,
    "op": "line",
    "rgb": "rgb(0, 0, 0)",
    "thickness": 1,
    "x1": 140,
    "x2": 180,
    "y1": 100,
    "y2": 100,
  },
  {
    "colour": 4,
    "op": "line",
    "rgb": "rgb(0, 0, 0)",
    "thickness": 1,
    "x1": 180,
    "x2": 180,
    "y1": 100,
    "y2": 140,
  },
  {
    "colour": 4,
    "op": "line",
    "rgb": "rgb(0, 0, 0)",
    "thickness": 1,
    "x1": 180,
    "x2": 140,
    "y1": 140,
    "y2": 140,
  },
  {
    "colour": 4,
    "op": "line",
    "rgb": "rgb(0, 0, 0)",
    "thickness": 1,
    "x1": 140,
    "x2": 140,
    "y1": 140,
    "y2": 100,
  },
  {
    "colour": 2,
    "h": 40,
    "op": "rect",
    "rgb": "rgb(211, 211, 211)",
    "w": 40,
    "x": 180,
    "y": 100,
  },
  {
    "colour": 4,
    "op": "line",
    "rgb": "rgb(0, 0, 0)",
    "thickness": 1,
    "x1": 180,
    "x2": 220,
    "y1": 100,
    "y2": 100,
  },
  {
    "colour": 4,
    "op": "line",
    "rgb": "rgb(0, 0, 0)",
    "thickness": 1,
    "x1": 220,
    "x2": 220,
    "y1": 100,
    "y2": 140,
  },
  {
    "colour": 4,
    "op": "line",
    "rgb": "rgb(0, 0, 0)",
    "thickness": 1,
    "x1": 220,
    "x2": 180,
    "y1": 140,
    "y2": 140,
  },
  {
    "colour": 4,
    "op": "line",
    "rgb": "rgb(0, 0, 0)",
    "thickness": 1,
    "x1": 180,
    "x2": 180,
    "y1": 140,
    "y2": 100,
  },
  {
    "colour": 2,
    "h": 40,
    "op": "rect",
    "rgb": "rgb(211, 211, 211)",
    "w": 40,
    "x": 20,
    "y": 140,
  },
  {
    "h": 39,
    "op": "clip",
    "w": 39,
    "x": 21,
    "y": 141,
  },
  {
    "colour": 7,
    "h": 39,
    "op": "rect",
    "rgb": "rgb(77, 77, 77)",
    "w": 39,
    "x": 21,
    "y": 141,
  },
  {
    "fill": 8,
    "fillRgb": "rgb(119, 119, 119)",
    "op": "polygon",
    "outline": 8,
    "outlineRgb": "rgb(119, 119, 119)",
    "points": [
      [
        60,
        180,
      ],
      [
        60,
        141,
      ],
      [
        21,
        180,
      ],
    ],
  },
  {
    "fill": 6,
    "fillRgb": "rgb(34, 34, 34)",
    "op": "polygon",
    "outline": 6,
    "outlineRgb": "rgb(34, 34, 34)",
    "points": [
      [
        21,
        141,
      ],
      [
        60,
        141,
      ],
      [
        21,
        180,
      ],
    ],
  },
  {
    "colour": 7,
    "h": 32,
    "op": "rect",
    "rgb": "rgb(77, 77, 77)",
    "w": 32,
    "x": 25,
    "y": 145,
  },
  {
    "op": "unclip",
  },
  {
    "colour": 4,
    "op": "line",
    "rgb": "rgb(0, 0, 0)",
    "thickness": 1,
    "x1": 20,
    "x2": 60,
    "y1": 140,
    "y2": 140,
  },
  {
    "colour": 4,
    "op": "line",
    "rgb": "rgb(0, 0, 0)",
    "thickness": 1,
    "x1": 60,
    "x2": 60,
    "y1": 140,
    "y2": 180,
  },
  {
    "colour": 4,
    "op": "line",
    "rgb": "rgb(0, 0, 0)",
    "thickness": 1,
    "x1": 60,
    "x2": 20,
    "y1": 180,
    "y2": 180,
  },
  {
    "colour": 4,
    "op": "line",
    "rgb": "rgb(0, 0, 0)",
    "thickness": 1,
    "x1": 20,
    "x2": 20,
    "y1": 180,
    "y2": 140,
  },
  {
    "colour": 2,
    "h": 40,
    "op": "rect",
    "rgb": "rgb(211, 211, 211)",
    "w": 40,
    "x": 60,
    "y": 140,
  },
  {
    "colour": 4,
    "op": "line",
    "rgb": "rgb(0, 0, 0)",
    "thickness": 1,
    "x1": 60,
    "x2": 100,
    "y1": 140,
    "y2": 140,
  },
  {
    "colour": 4,
    "op": "line",
    "rgb": "rgb(0, 0, 0)",
    "thickness": 1,
    "x1": 100,
    "x2": 100,
    "y1": 140,
    "y2": 180,
  },
  {
    "colour": 4,
    "op": "line",
    "rgb": "rgb(0, 0, 0)",
    "thickness": 1,
    "x1": 100,
    "x2": 60,
    "y1": 180,
    "y2": 180,
  },
  {
    "colour": 4,
    "op": "line",
    "rgb": "rgb(0, 0, 0)",
    "thickness": 1,
    "x1": 60,
    "x2": 60,
    "y1": 180,
    "y2": 140,
  },
  {
    "colour": 2,
    "h": 40,
    "op": "rect",
    "rgb": "rgb(211, 211, 211)",
    "w": 40,
    "x": 100,
    "y": 140,
  },
  {
    "h": 39,
    "op": "clip",
    "w": 39,
    "x": 101,
    "y": 141,
  },
  {
    "colour": 7,
    "h": 39,
    "op": "rect",
    "rgb": "rgb(77, 77, 77)",
    "w": 39,
    "x": 101,
    "y": 141,
  },
  {
    "fill": 8,
    "fillRgb": "rgb(119, 119, 119)",
    "op": "polygon",
    "outline": 8,
    "outlineRgb": "rgb(119, 119, 119)",
    "points": [
      [
        140,
        180,
      ],
      [
        140,
        141,
      ],
      [
        101,
        180,
      ],
    ],
  },
  {
    "fill": 6,
    "fillRgb": "rgb(34, 34, 34)",
    "op": "polygon",
    "outline": 6,
    "outlineRgb": "rgb(34, 34, 34)",
    "points": [
      [
        101,
        141,
      ],
      [
        140,
        141,
      ],
      [
        101,
        180,
      ],
    ],
  },
  {
    "colour": 7,
    "h": 32,
    "op": "rect",
    "rgb": "rgb(77, 77, 77)",
    "w": 32,
    "x": 105,
    "y": 145,
  },
  {
    "op": "unclip",
  },
  {
    "colour": 4,
    "op": "line",
    "rgb": "rgb(0, 0, 0)",
    "thickness": 1,
    "x1": 100,
    "x2": 140,
    "y1": 140,
    "y2": 140,
  },
  {
    "colour": 4,
    "op": "line",
    "rgb": "rgb(0, 0, 0)",
    "thickness": 1,
    "x1": 140,
    "x2": 140,
    "y1": 140,
    "y2": 180,
  },
  {
    "colour": 4,
    "op": "line",
    "rgb": "rgb(0, 0, 0)",
    "thickness": 1,
    "x1": 140,
    "x2": 100,
    "y1": 180,
    "y2": 180,
  },
  {
    "colour": 4,
    "op": "line",
    "rgb": "rgb(0, 0, 0)",
    "thickness": 1,
    "x1": 100,
    "x2": 100,
    "y1": 180,
    "y2": 140,
  },
  {
    "colour": 2,
    "h": 40,
    "op": "rect",
    "rgb": "rgb(211, 211, 211)",
    "w": 40,
    "x": 140,
    "y": 140,
  },
  {
    "h": 39,
    "op": "clip",
    "w": 39,
    "x": 141,
    "y": 141,
  },
  {
    "colour": 7,
    "h": 39,
    "op": "rect",
    "rgb": "rgb(77, 77, 77)",
    "w": 39,
    "x": 141,
    "y": 141,
  },
  {
    "fill": 8,
    "fillRgb": "rgb(119, 119, 119)",
    "op": "polygon",
    "outline": 8,
    "outlineRgb": "rgb(119, 119, 119)",
    "points": [
      [
        180,
        180,
      ],
      [
        180,
        141,
      ],
      [
        141,
        180,
      ],
    ],
  },
  {
    "fill": 6,
    "fillRgb": "rgb(34, 34, 34)",
    "op": "polygon",
    "outline": 6,
    "outlineRgb": "rgb(34, 34, 34)",
    "points": [
      [
        141,
        141,
      ],
      [
        180,
        141,
      ],
      [
        141,
        180,
      ],
    ],
  },
  {
    "colour": 7,
    "h": 32,
    "op": "rect",
    "rgb": "rgb(77, 77, 77)",
    "w": 32,
    "x": 145,
    "y": 145,
  },
  {
    "op": "unclip",
  },
  {
    "colour": 4,
    "op": "line",
    "rgb": "rgb(0, 0, 0)",
    "thickness": 1,
    "x1": 140,
    "x2": 180,
    "y1": 140,
    "y2": 140,
  },
  {
    "colour": 4,
    "op": "line",
    "rgb": "rgb(0, 0, 0)",
    "thickness": 1,
    "x1": 180,
    "x2": 180,
    "y1": 140,
    "y2": 180,
  },
  {
    "colour": 4,
    "op": "line",
    "rgb": "rgb(0, 0, 0)",
    "thickness": 1,
    "x1": 180,
    "x2": 140,
    "y1": 180,
    "y2": 180,
  },
  {
    "colour": 4,
    "op": "line",
    "rgb": "rgb(0, 0, 0)",
    "thickness": 1,
    "x1": 140,
    "x2": 140,
    "y1": 180,
    "y2": 140,
  },
  {
    "colour": 2,
    "h": 40,
    "op": "rect",
    "rgb": "rgb(211, 211, 211)",
    "w": 40,
    "x": 180,
    "y": 140,
  },
  {
    "colour": 4,
    "op": "line",
    "rgb": "rgb(0, 0, 0)",
    "thickness": 1,
    "x1": 180,
    "x2": 220,
    "y1": 140,
    "y2": 140,
  },
  {
    "colour": 4,
    "op": "line",
    "rgb": "rgb(0, 0, 0)",
    "thickness": 1,
    "x1": 220,
    "x2": 220,
    "y1": 140,
    "y2": 180,
  },
  {
    "colour": 4,
    "op": "line",
    "rgb": "rgb(0, 0, 0)",
    "thickness": 1,
    "x1": 220,
    "x2": 180,
    "y1": 180,
    "y2": 180,
  },
  {
    "colour": 4,
    "op": "line",
    "rgb": "rgb(0, 0, 0)",
    "thickness": 1,
    "x1": 180,
    "x2": 180,
    "y1": 180,
    "y2": 140,
  },
  {
    "colour": 2,
    "h": 40,
    "op": "rect",
    "rgb": "rgb(211, 211, 211)",
    "w": 40,
    "x": 20,
    "y": 180,
  },
  {
    "colour": 4,
    "op": "line",
    "rgb": "rgb(0, 0, 0)",
    "thickness": 1,
    "x1": 20,
    "x2": 60,
    "y1": 180,
    "y2": 180,
  },
  {
    "colour": 4,
    "op": "line",
    "rgb": "rgb(0, 0, 0)",
    "thickness": 1,
    "x1": 60,
    "x2": 60,
    "y1": 180,
    "y2": 220,
  },
  {
    "colour": 4,
    "op": "line",
    "rgb": "rgb(0, 0, 0)",
    "thickness": 1,
    "x1": 60,
    "x2": 20,
    "y1": 220,
    "y2": 220,
  },
  {
    "colour": 4,
    "op": "line",
    "rgb": "rgb(0, 0, 0)",
    "thickness": 1,
    "x1": 20,
    "x2": 20,
    "y1": 220,
    "y2": 180,
  },
  {
    "colour": 2,
    "h": 40,
    "op": "rect",
    "rgb": "rgb(211, 211, 211)",
    "w": 40,
    "x": 60,
    "y": 180,
  },
  {
    "colour": 4,
    "op": "line",
    "rgb": "rgb(0, 0, 0)",
    "thickness": 1,
    "x1": 60,
    "x2": 100,
    "y1": 180,
    "y2": 180,
  },
  {
    "colour": 4,
    "op": "line",
    "rgb": "rgb(0, 0, 0)",
    "thickness": 1,
    "x1": 100,
    "x2": 100,
    "y1": 180,
    "y2": 220,
  },
  {
    "colour": 4,
    "op": "line",
    "rgb": "rgb(0, 0, 0)",
    "thickness": 1,
    "x1": 100,
    "x2": 60,
    "y1": 220,
    "y2": 220,
  },
  {
    "colour": 4,
    "op": "line",
    "rgb": "rgb(0, 0, 0)",
    "thickness": 1,
    "x1": 60,
    "x2": 60,
    "y1": 220,
    "y2": 180,
  },
  {
    "colour": 2,
    "h": 40,
    "op": "rect",
    "rgb": "rgb(211, 211, 211)",
    "w": 40,
    "x": 100,
    "y": 180,
  },
  {
    "colour": 4,
    "op": "line",
    "rgb": "rgb(0, 0, 0)",
    "thickness": 1,
    "x1": 100,
    "x2": 140,
    "y1": 180,
    "y2": 180,
  },
  {
    "colour": 4,
    "op": "line",
    "rgb": "rgb(0, 0, 0)",
    "thickness": 1,
    "x1": 140,
    "x2": 140,
    "y1": 180,
    "y2": 220,
  },
  {
    "colour": 4,
    "op": "line",
    "rgb": "rgb(0, 0, 0)",
    "thickness": 1,
    "x1": 140,
    "x2": 100,
    "y1": 220,
    "y2": 220,
  },
  {
    "colour": 4,
    "op": "line",
    "rgb": "rgb(0, 0, 0)",
    "thickness": 1,
    "x1": 100,
    "x2": 100,
    "y1": 220,
    "y2": 180,
  },
  {
    "colour": 2,
    "h": 40,
    "op": "rect",
    "rgb": "rgb(211, 211, 211)",
    "w": 40,
    "x": 140,
    "y": 180,
  },
  {
    "colour": 4,
    "op": "line",
    "rgb": "rgb(0, 0, 0)",
    "thickness": 1,
    "x1": 140,
    "x2": 180,
    "y1": 180,
    "y2": 180,
  },
  {
    "colour": 4,
    "op": "line",
    "rgb": "rgb(0, 0, 0)",
    "thickness": 1,
    "x1": 180,
    "x2": 180,
    "y1": 180,
    "y2": 220,
  },
  {
    "colour": 4,
    "op": "line",
    "rgb": "rgb(0, 0, 0)",
    "thickness": 1,
    "x1": 180,
    "x2": 140,
    "y1": 220,
    "y2": 220,
  },
  {
    "colour": 4,
    "op": "line",
    "rgb": "rgb(0, 0, 0)",
    "thickness": 1,
    "x1": 140,
    "x2": 140,
    "y1": 220,
    "y2": 180,
  },
  {
    "colour": 2,
    "h": 40,
    "op": "rect",
    "rgb": "rgb(211, 211, 211)",
    "w": 40,
    "x": 180,
    "y": 180,
  },
  {
    "colour": 4,
    "op": "line",
    "rgb": "rgb(0, 0, 0)",
    "thickness": 1,
    "x1": 180,
    "x2": 220,
    "y1": 180,
    "y2": 180,
  },
  {
    "colour": 4,
    "op": "line",
    "rgb": "rgb(0, 0, 0)",
    "thickness": 1,
    "x1": 220,
    "x2": 220,
    "y1": 180,
    "y2": 220,
  },
  {
    "colour": 4,
    "op": "line",
    "rgb": "rgb(0, 0, 0)",
    "thickness": 1,
    "x1": 220,
    "x2": 180,
    "y1": 220,
    "y2": 220,
  },
  {
    "colour": 4,
    "op": "line",
    "rgb": "rgb(0, 0, 0)",
    "thickness": 1,
    "x1": 180,
    "x2": 180,
    "y1": 220,
    "y2": 180,
  },
  {
    "colour": 0,
    "h": 138,
    "op": "rect",
    "rgb": "rgb(211, 211, 211)",
    "w": 240,
    "x": 0,
    "y": 222,
  },
  {
    "colour": 18,
    "h": 22,
    "op": "rect",
    "rgb": "rgb(163, 206, 168)",
    "w": 42,
    "x": 17,
    "y": 231,
  },
  {
    "align": "left",
    "baseline": "alphabetic",
    "colour": 4,
    "fontType": "fixed",
    "op": "text",
    "rgb": "rgb(0, 0, 0)",
    "size": 20,
    "text": "117",
    "x": 20,
    "y": 248,
  },
  {
    "colour": 18,
    "h": 22,
    "op": "rect",
    "rgb": "rgb(163, 206, 168)",
    "w": 42,
    "x": 17,
    "y": 259,
  },
  {
    "align": "left",
    "baseline": "alphabetic",
    "colour": 4,
    "fontType": "fixed",
    "op": "text",
    "rgb": "rgb(0, 0, 0)",
    "size": 20,
    "text": "118",
    "x": 20,
    "y": 276,
  },
  {
    "colour": 18,
    "h": 22,
    "op": "rect",
    "rgb": "rgb(163, 206, 168)",
    "w": 42,
    "x": 17,
    "y": 287,
  },
  {
    "align": "left",
    "baseline": "alphabetic",
    "colour": 4,
    "fontType": "fixed",
    "op": "text",
    "rgb": "rgb(0, 0, 0)",
    "size": 20,
    "text": "524",
    "x": 20,
    "y": 304,
  },
  {
    "colour": 18,
    "h": 22,
    "op": "rect",
    "rgb": "rgb(163, 206, 168)",
    "w": 42,
    "x": 17,
    "y": 315,
  },
  {
    "align": "left",
    "baseline": "alphabetic",
    "colour": 4,
    "fontType": "fixed",
    "op": "text",
    "rgb": "rgb(0, 0, 0)",
    "size": 20,
    "text": "767",
    "x": 20,
    "y": 332,
  },
  {
    "align": "left",
    "baseline": "alphabetic",
    "colour": 4,
    "fontType": "fixed",
    "op": "text",
    "rgb": "rgb(0, 0, 0)",
    "size": 20,
    "text": "14285",
    "x": 160,
    "y": 248,
  },
  {
    "align": "left",
    "baseline": "alphabetic",
    "colour": 4,
    "fontType": "fixed",
    "op": "text",
    "rgb": "rgb(0, 0, 0)",
    "size": 20,
    "text": "85796",
    "x": 160,
    "y": 276,
  },
  {
    "align": "left",
    "baseline": "alphabetic",
    "colour": 4,
    "fontType": "fixed",
    "op": "text",
    "rgb": "rgb(0, 0, 0)",
    "size": 20,
    "text": "97615",
    "x": 160,
    "y": 304,
  },
]
`;
