// Vitest Snapshot v1, https://vitest.dev/guide/snapshot.html

exports[`mines render > paints the opened board: numbers, covered bevels, recessed border 1`] = `
[
  {
    "fill": 16,
    "fillRgb": "rgb(255, 255, 255)",
    "op": "polygon",
    "outline": 16,
    "outlineRgb": "rgb(255, 255, 255)",
    "points": [
      [
        184,
        184,
      ],
      [
        184,
        1,
      ],
      [
        164,
        21,
      ],
      [
        21,
        164,
      ],
      [
        1,
        184,
      ],
    ],
  },
  {
    "fill": 17,
    "fillRgb": "rgb(141, 141, 141)",
    "op": "polygon",
    "outline": 17,
    "outlineRgb": "rgb(141, 141, 141)",
    "points": [
      [
        1,
        1,
      ],
      [
        184,
        1,
      ],
      [
        164,
        21,
      ],
      [
        21,
        164,
      ],
      [
        1,
        184,
      ],
    ],
  },
  {
    "colour": 1,
    "h": 20,
    "op": "rect",
    "rgb": "rgb(200, 200, 200)",
    "w": 20,
    "x": 3,
    "y": 3,
  },
  {
    "colour": 17,
    "op": "line",
    "rgb": "rgb(141, 141, 141)",
    "thickness": 1,
    "x1": 3,
    "x2": 22,
    "y1": 3,
    "y2": 3,
  },
  {
    "colour": 17,
    "op": "line",
    "rgb": "rgb(141, 141, 141)",
    "thickness": 1,
    "x1": 3,
    "x2": 3,
    "y1": 3,
    "y2": 22,
  },
  {
    "colour": 1,
    "h": 20,
    "op": "rect",
    "rgb": "rgb(200, 200, 200)",
    "w": 20,
    "x": 23,
    "y": 3,
  },
  {
    "colour": 17,
    "op": "line",
    "rgb": "rgb(141, 141, 141)",
    "thickness": 1,
    "x1": 23,
    "x2": 42,
    "y1": 3,
    "y2": 3,
  },
  {
    "colour": 17,
    "op": "line",
    "rgb": "rgb(141, 141, 141)",
    "thickness": 1,
    "x1": 23,
    "x2": 23,
    "y1": 3,
    "y2": 22,
  },
  {
    "colour": 1,
    "h": 20,
    "op": "rect",
    "rgb": "rgb(200, 200, 200)",
    "w": 20,
    "x": 43,
    "y": 3,
  },
  {
    "colour": 17,
    "op": "line",
    "rgb": "rgb(141, 141, 141)",
    "thickness": 1,
    "x1": 43,
    "x2": 62,
    "y1": 3,
    "y2": 3,
  },
  {
    "colour": 17,
    "op": "line",
    "rgb": "rgb(141, 141, 141)",
    "thickness": 1,
    "x1": 43,
    "x2": 43,
    "y1": 3,
    "y2": 22,
  },
  {
    "align": "center",
    "baseline": "mathematical",
    "colour": 2,
    "fontType": "variable",
    "op": "text",
    "rgb": "rgb(0, 0, 255)",
    "size": 17,
    "text": "1",
    "x": 53,
    "y": 13,
  },
  {
    "fill": 17,
    "fillRgb": "rgb(141, 141, 141)",
    "op": "polygon",
    "outline": 17,
    "outlineRgb": "rgb(141, 141, 141)",
    "points": [
      [
        82,
        22,
      ],
      [
        82,
        3,
      ],
      [
        63,
        22,
      ],
    ],
  },
  {
    "fill": 16,
    "fillRgb": "rgb(255, 255, 255)",
    "op": "polygon",
    "outline": 16,
    "outlineRgb": "rgb(255, 255, 255)",
    "points": [
      [
        63,
        3,
      ],
      [
        82,
        3,
      ],
      [
        63,
        22,
      ],
    ],
  },
  {
    "colour": 0,
    "h": 16,
    "op": "rect",
    "rgb": "rgb(211, 211, 211)",
    "w": 16,
    "x": 65,
    "y": 5,
  },
  {
    "fill": 17,
    "fillRgb": "rgb(141, 141, 141)",
    "op": "polygon",
    "outline": 17,
    "outlineRgb": "rgb(141, 141, 141)",
    "points": [
      [
        102,
        22,
      ],
      [
        102,
        3,
      ],
      [
        83,
        22,
      ],
    ],
  },
  {
    "fill": 16,
    "fillRgb": "rgb(255, 255, 255)",
    "op": "polygon",
    "outline": 16,
    "outlineRgb": "rgb(255, 255, 255)",
    "points": [
      [
        83,
        3,
      ],
      [
        102,
        3,
      ],
      [
        83,
        22,
      ],
    ],
  },
  {
    "colour": 0,
    "h": 16,
    "op": "rect",
    "rgb": "rgb(211, 211, 211)",
    "w": 16,
    "x": 85,
    "y": 5,
  },
  {
    "fill": 17,
    "fillRgb": "rgb(141, 141, 141)",
    "op": "polygon",
    "outline": 17,
    "outlineRgb": "rgb(141, 141, 141)",
    "points": [
      [
        122,
        22,
      ],
      [
        122,
        3,
      ],
      [
        103,
        22,
      ],
    ],
  },
  {
    "fill": 16,
    "fillRgb": "rgb(255, 255, 255)",
    "op": "polygon",
    "outline": 16,
    "outlineRgb": "rgb(255, 255, 255)",
    "points": [
      [
        103,
        3,
      ],
      [
        122,
        3,
      ],
      [
        103,
        22,
      ],
    ],
  },
  {
    "colour": 0,
    "h": 16,
    "op": "rect",
    "rgb": "rgb(211, 211, 211)",
    "w": 16,
    "x": 105,
    "y": 5,
  },
  {
    "fill": 17,
    "fillRgb": "rgb(141, 141, 141)",
    "op": "polygon",
    "outline": 17,
    "outlineRgb": "rgb(141, 141, 141)",
    "points": [
      [
        142,
        22,
      ],
      [
        142,
        3,
      ],
      [
        123,
        22,
      ],
    ],
  },
  {
    "fill": 16,
    "fillRgb": "rgb(255, 255, 255)",
    "op": "polygon",
    "outline": 16,
    "outlineRgb": "rgb(255, 255, 255)",
    "points": [
      [
        123,
        3,
      ],
      [
        142,
        3,
      ],
      [
        123,
        22,
      ],
    ],
  },
  {
    "colour": 0,
    "h": 16,
    "op": "rect",
    "rgb": "rgb(211, 211, 211)",
    "w": 16,
    "x": 125,
    "y": 5,
  },
  {
    "fill": 17,
    "fillRgb": "rgb(141, 141, 141)",
    "op": "polygon",
    "outline": 17,
    "outlineRgb": "rgb(141, 141, 141)",
    "points": [
      [
        162,
        22,
      ],
      [
        162,
        3,
      ],
      [
        143,
        22,
      ],
    ],
  },
  {
    "fill": 16,
    "fillRgb": "rgb(255, 255, 255)",
    "op": "polygon",
    "outline": 16,
    "outlineRgb": "rgb(255, 255, 255)",
    "points": [
      [
        143,
        3,
      ],
      [
        162,
        3,
      ],
      [
        143,
        22,
      ],
    ],
  },
  {
    "colour": 0,
    "h": 16,
    "op": "rect",
    "rgb": "rgb(211, 211, 211)",
    "w": 16,
    "x": 145,
    "y": 5,
  },
  {
    "fill": 17,
    "fillRgb": "rgb(141, 141, 141)",
    "op": "polygon",
    "outline": 17,
    "outlineRgb": "rgb(141, 141, 141)",
    "points": [
      [
        182,
        22,
      ],
      [
        182,
        3,
      ],
      [
        163,
        22,
      ],
    ],
  },
  {
    "fill": 16,
    "fillRgb": "rgb(255, 255, 255)",
    "op": "polygon",
    "outline": 16,
    "outlineRgb": "rgb(255, 255, 255)",
    "points": [
      [
        163,
        3,
      ],
      [
        182,
        3,
      ],
      [
        163,
        22,
      ],
    ],
  },
  {
    "colour": 0,
    "h": 16,
    "op": "rect",
    "rgb": "rgb(211, 211, 211)",
    "w": 16,
    "x": 165,
    "y": 5,
  },
  {
    "colour": 1,
    "h": 20,
    "op": "rect",
    "rgb": "rgb(200, 200, 200)",
    "w": 20,
    "x": 3,
    "y": 23,
  },
  {
    "colour": 17,
    "op": "line",
    "rgb": "rgb(141, 141, 141)",
    "thickness": 1,
    "x1": 3,
    "x2": 22,
    "y1": 23,
    "y2": 23,
  },
  {
    "colour": 17,
    "op": "line",
    "rgb": "rgb(141, 141, 141)",
    "thickness": 1,
    "x1": 3,
    "x2": 3,
    "y1": 23,
    "y2": 42,
  },
  {
    "colour": 1,
    "h": 20,
    "op": "rect",
    "rgb": "rgb(200, 200, 200)",
    "w": 20,
    "x": 23,
    "y": 23,
  },
  {
    "colour": 17,
    "op": "line",
    "rgb": "rgb(141, 141, 141)",
    "thickness": 1,
    "x1": 23,
    "x2": 42,
    "y1": 23,
    "y2": 23,
  },
  {
    "colour": 17,
    "op": "line",
    "rgb": "rgb(141, 141, 141)",
    "thickness": 1,
    "x1": 23,
    "x2": 23,
    "y1": 23,
    "y2": 42,
  },
  {
    "colour": 1,
    "h": 20,
    "op": "rect",
    "rgb": "rgb(200, 200, 200)",
    "w": 20,
    "x": 43,
    "y": 23,
  },
  {
    "colour": 17,
    "op": "line",
    "rgb": "rgb(141, 141, 141)",
    "thickness": 1,
    "x1": 43,
    "x2": 62,
    "y1": 23,
    "y2": 23,
  },
  {
    "colour": 17,
    "op": "line",
    "rgb": "rgb(141, 141, 141)",
    "thickness": 1,
    "x1": 43,
    "x2": 43,
    "y1": 23,
    "y2": 42,
  },
  {
    "align": "center",
    "baseline": "mathematical",
    "colour": 2,
    "fontType": "variable",
    "op": "text",
    "rgb": "rgb(0, 0, 255)",
    "size": 17,
    "text": "1",
    "x": 53,
    "y": 33,
  },
  {
    "colour": 1,
    "h": 20,
    "op": "rect",
    "rgb": "rgb(200, 200, 200)",
    "w": 20,
    "x": 63,
    "y": 23,
  },
  {
    "colour": 17,
    "op": "line",
    "rgb": "rgb(141, 141, 141)",
    "thickness": 1,
    "x1": 63,
    "x2": 82,
    "y1": 23,
    "y2": 23,
  },
  {
    "colour": 17,
    "op": "line",
    "rgb": "rgb(141, 141, 141)",
    "thickness": 1,
    "x1": 63,
    "x2": 63,
    "y1": 23,
    "y2": 42,
  },
  {
    "align": "center",
    "baseline": "mathematical",
    "colour": 3,
    "fontType": "variable",
    "op": "text",
    "rgb": "rgb(0, 128, 0)",
    "size": 17,
    "text": "2",
    "x": 73,
    "y": 33,
  },
  {
    "fill": 17,
    "fillRgb": "rgb(141, 141, 141)",
    "op": "polygon",
    "outline": 17,
    "outlineRgb": "rgb(141, 141, 141)",
    "points": [
      [
        102,
        42,
      ],
      [
        102,
        23,
      ],
      [
        83,
        42,
      ],
    ],
  },
  {
    "fill": 16,
    "fillRgb": "rgb(255, 255, 255)",
    "op": "polygon",
    "outline": 16,
    "outlineRgb": "rgb(255, 255, 255)",
    "points": [
      [
        83,
        23,
      ],
      [
        102,
        23,
      ],
      [
        83,
        42,
      ],
    ],
  },
  {
    "colour": 0,
    "h": 16,
    "op": "rect",
    "rgb": "rgb(211, 211, 211)",
    "w": 16,
    "x": 85,
    "y": 25,
  },
  {
    "fill": 17,
    "fillRgb": "rgb(141, 141, 141)",
    "op": "polygon",
    "outline": 17,
    "outlineRgb": "rgb(141, 141, 141)",
    "points": [
      [
        122,
        42,
      ],
      [
        122,
        23,
      ],
      [
        103,
        42,
      ],
    ],
  },
  {
    "fill": 16,
    "fillRgb": "rgb(255, 255, 255)",
    "op": "polygon",
    "outline": 16,
    "outlineRgb": "rgb(255, 255, 255)",
    "points": [
      [
        103,
        23,
      ],
      [
        122,
        23,
      ],
      [
        103,
        42,
      ],
    ],
  },
  {
    "colour": 0,
    "h": 16,
    "op": "rect",
    "rgb": "rgb(211, 211, 211)",
    "w": 16,
    "x": 105,
    "y": 25,
  },
  {
    "fill": 17,
    "fillRgb": "rgb(141, 141, 141)",
    "op": "polygon",
    "outline": 17,
    "outlineRgb": "rgb(141, 141, 141)",
    "points": [
      [
        142,
        42,
      ],
      [
        142,
        23,
      ],
      [
        123,
        42,
      ],
    ],
  },
  {
    "fill": 16,
    "fillRgb": "rgb(255, 255, 255)",
    "op": "polygon",
    "outline": 16,
    "outlineRgb": "rgb(255, 255, 255)",
    "points": [
      [
        123,
        23,
      ],
      [
        142,
        23,
      ],
      [
        123,
        42,
      ],
    ],
  },
  {
    "colour": 0,
    "h": 16,
    "op": "rect",
    "rgb": "rgb(211, 211, 211)",
    "w": 16,
    "x": 125,
    "y": 25,
  },
  {
    "fill": 17,
    "fillRgb": "rgb(141, 141, 141)",
    "op": "polygon",
    "outline": 17,
    "outlineRgb": "rgb(141, 141, 141)",
    "points": [
      [
        162,
        42,
      ],
      [
        162,
        23,
      ],
      [
        143,
        42,
      ],
    ],
  },
  {
    "fill": 16,
    "fillRgb": "rgb(255, 255, 255)",
    "op": "polygon",
    "outline": 16,
    "outlineRgb": "rgb(255, 255, 255)",
    "points": [
      [
        143,
        23,
      ],
      [
        162,
        23,
      ],
      [
        143,
        42,
      ],
    ],
  },
  {
    "colour": 0,
    "h": 16,
    "op": "rect",
    "rgb": "rgb(211, 211, 211)",
    "w": 16,
    "x": 145,
    "y": 25,
  },
  {
    "fill": 17,
    "fillRgb": "rgb(141, 141, 141)",
    "op": "polygon",
    "outline": 17,
    "outlineRgb": "rgb(141, 141, 141)",
    "points": [
      [
        182,
        42,
      ],
      [
        182,
        23,
      ],
      [
        163,
        42,
      ],
    ],
  },
  {
    "fill": 16,
    "fillRgb": "rgb(255, 255, 255)",
    "op": "polygon",
    "outline": 16,
    "outlineRgb": "rgb(255, 255, 255)",
    "points": [
      [
        163,
        23,
      ],
      [
        182,
        23,
      ],
      [
        163,
        42,
      ],
    ],
  },
  {
    "colour": 0,
    "h": 16,
    "op": "rect",
    "rgb": "rgb(211, 211, 211)",
    "w": 16,
    "x": 165,
    "y": 25,
  },
  {
    "colour": 1,
    "h": 20,
    "op": "rect",
    "rgb": "rgb(200, 200, 200)",
    "w": 20,
    "x": 3,
    "y": 43,
  },
  {
    "colour": 17,
    "op": "line",
    "rgb": "rgb(141, 141, 141)",
    "thickness": 1,
    "x1": 3,
    "x2": 22,
    "y1": 43,
    "y2": 43,
  },
  {
    "colour": 17,
    "op": "line",
    "rgb": "rgb(141, 141, 141)",
    "thickness": 1,
    "x1": 3,
    "x2": 3,
    "y1": 43,
    "y2": 62,
  },
  {
    "colour": 1,
    "h": 20,
    "op": "rect",
    "rgb": "rgb(200, 200, 200)",
    "w": 20,
    "x": 23,
    "y": 43,
  },
  {
    "colour": 17,
    "op": "line",
    "rgb": "rgb(141, 141, 141)",
    "thickness": 1,
    "x1": 23,
    "x2": 42,
    "y1": 43,
    "y2": 43,
  },
  {
    "colour": 17,
    "op": "line",
    "rgb": "rgb(141, 141, 141)",
    "thickness": 1,
    "x1": 23,
    "x2": 23,
    "y1": 43,
    "y2": 62,
  },
  {
    "colour": 1,
    "h": 20,
    "op": "rect",
    "rgb": "rgb(200, 200, 200)",
    "w": 20,
    "x": 43,
    "y": 43,
  },
  {
    "colour": 17,
    "op": "line",
    "rgb": "rgb(141, 141, 141)",
    "thickness": 1,
    "x1": 43,
    "x2": 62,
    "y1": 43,
    "y2": 43,
  },
  {
    "colour": 17,
    "op": "line",
    "rgb": "rgb(141, 141, 141)",
    "thickness": 1,
    "x1": 43,
    "x2": 43,
    "y1": 43,
    "y2": 62,
  },
  {
    "colour": 1,
    "h": 20,
    "op": "rect",
    "rgb": "rgb(200, 200, 200)",
    "w": 20,
    "x": 63,
    "y": 43,
  },
  {
    "colour": 17,
    "op": "line",
    "rgb": "rgb(141, 141, 141)",
    "thickness": 1,
    "x1": 63,
    "x2": 82,
    "y1": 43,
    "y2": 43,
  },
  {
    "colour": 17,
    "op": "line",
    "rgb": "rgb(141, 141, 141)",
    "thickness": 1,
    "x1": 63,
    "x2": 63,
    "y1": 43,
    "y2": 62,
  },
  {
    "align": "center",
    "baseline": "mathematical",
    "colour": 2,
    "fontType": "variable",
    "op": "text",
    "rgb": "rgb(0, 0, 255)",
    "size": 17,
    "text": "1",
    "x": 73,
    "y": 53,
  },
  {
    "colour": 1,
    "h": 20,
    "op": "rect",
    "rgb": "rgb(200, 200, 200)",
    "w": 20,
    "x": 83,
    "y": 43,
  },
  {
    "colour": 17,
    "op": "line",
    "rgb": "rgb(141, 141, 141)",
    "thickness": 1,
    "x1": 83,
    "x2": 102,
    "y1": 43,
    "y2": 43,
  },
  {
    "colour": 17,
    "op": "line",
    "rgb": "rgb(141, 141, 141)",
    "thickness": 1,
    "x1": 83,
    "x2": 83,
    "y1": 43,
    "y2": 62,
  },
  {
    "align": "center",
    "baseline": "mathematical",
    "colour": 2,
    "fontType": "variable",
    "op": "text",
    "rgb": "rgb(0, 0, 255)",
    "size": 17,
    "text": "1",
    "x": 93,
    "y": 53,
  },
  {
    "colour": 1,
    "h": 20,
    "op": "rect",
    "rgb": "rgb(200, 200, 200)",
    "w": 20,
    "x": 103,
    "y": 43,
  },
  {
    "colour": 17,
    "op": "line",
    "rgb": "rgb(141, 141, 141)",
    "thickness": 1,
    "x1": 103,
    "x2": 122,
    "y1": 43,
    "y2": 43,
  },
  {
    "colour": 17,
    "op": "line",
    "rgb": "rgb(141, 141, 141)",
    "thickness": 1,
    "x1": 103,
    "x2": 103,
    "y1": 43,
    "y2": 62,
  },
  {
    "align": "center",
    "baseline": "mathematical",
    "colour": 2,
    "fontType": "variable",
    "op": "text",
    "rgb": "rgb(0, 0, 255)",
    "size": 17,
    "text": "1",
    "x": 113,
    "y": 53,
  },
  {
    "colour": 1,
    "h": 20,
    "op": "rect",
    "rgb": "rgb(200, 200, 200)",
    "w": 20,
    "x": 123,
    "y": 43,
  },
  {
    "colour": 17,
    "op": "line",
    "rgb": "rgb(141, 141, 141)",
    "thickness": 1,
    "x1": 123,
    "x2": 142,
    "y1": 43,
    "y2": 43,
  },
  {
    "colour": 17,
    "op": "line",
    "rgb": "rgb(141, 141, 141)",
    "thickness": 1,
    "x1": 123,
    "x2": 123,
    "y1": 43,
    "y2": 62,
  },
  {
    "align": "center",
    "baseline": "mathematical",
    "colour": 2,
    "fontType": "variable",
    "op": "text",
    "rgb": "rgb(0, 0, 255)",
    "size": 17,
    "text": "1",
    "x": 133,
    "y": 53,
  },
  {
    "fill": 17,
    "fillRgb": "rgb(141, 141, 141)",
    "op": "polygon",
    "outline": 17,
    "outlineRgb": "rgb(141, 141, 141)",
    "points": [
      [
        162,
        62,
      ],
      [
        162,
        43,
      ],
      [
        143,
        62,
      ],
    ],
  },
  {
    "fill": 16,
    "fillRgb": "rgb(255, 255, 255)",
    "op": "polygon",
    "outline": 16,
    "outlineRgb": "rgb(255, 255, 255)",
    "points": [
      [
        143,
        43,
      ],
      [
        162,
        43,
      ],
      [
        143,
        62,
      ],
    ],
  },
  {
    "colour": 0,
    "h": 16,
    "op": "rect",
    "rgb": "rgb(211, 211, 211)",
    "w": 16,
    "x": 145,
    "y": 45,
  },
  {
    "fill": 17,
    "fillRgb": "rgb(141, 141, 141)",
    "op": "polygon",
    "outline": 17,
    "outlineRgb": "rgb(141, 141, 141)",
    "points": [
      [
        182,
        62,
      ],
      [
        182,
        43,
      ],
      [
        163,
        62,
      ],
    ],
  },
  {
    "fill": 16,
    "fillRgb": "rgb(255, 255, 255)",
    "op": "polygon",
    "outline": 16,
    "outlineRgb": "rgb(255, 255, 255)",
    "points": [
      [
        163,
        43,
      ],
      [
        182,
        43,
      ],
      [
        163,
        62,
      ],
    ],
  },
  {
    "colour": 0,
    "h": 16,
    "op": "rect",
    "rgb": "rgb(211, 211, 211)",
    "w": 16,
    "x": 165,
    "y": 45,
  },
  {
    "colour": 1,
    "h": 20,
    "op": "rect",
    "rgb": "rgb(200, 200, 200)",
    "w": 20,
    "x": 3,
    "y": 63,
  },
  {
    "colour": 17,
    "op": "line",
    "rgb": "rgb(141, 141, 141)",
    "thickness": 1,
    "x1": 3,
    "x2": 22,
    "y1": 63,
    "y2": 63,
  },
  {
    "colour": 17,
    "op": "line",
    "rgb": "rgb(141, 141, 141)",
    "thickness": 1,
    "x1": 3,
    "x2": 3,
    "y1": 63,
    "y2": 82,
  },
  {
    "colour": 1,
    "h": 20,
    "op": "rect",
    "rgb": "rgb(200, 200, 200)",
    "w": 20,
    "x": 23,
    "y": 63,
  },
  {
    "colour": 17,
    "op": "line",
    "rgb": "rgb(141, 141, 141)",
    "thickness": 1,
    "x1": 23,
    "x2": 42,
    "y1": 63,
    "y2": 63,
  },
  {
    "colour": 17,
    "op": "line",
    "rgb": "rgb(141, 141, 141)",
    "thickness": 1,
    "x1": 23,
    "x2": 23,
    "y1": 63,
    "y2": 82,
  },
  {
    "colour": 1,
    "h": 20,
    "op": "rect",
    "rgb": "rgb(200, 200, 200)",
    "w": 20,
    "x": 43,
    "y": 63,
  },
  {
    "colour": 17,
    "op": "line",
    "rgb": "rgb(141, 141, 141)",
    "thickness": 1,
    "x1": 43,
    "x2": 62,
    "y1": 63,
    "y2": 63,
  },
  {
    "colour": 17,
    "op": "line",
    "rgb": "rgb(141, 141, 141)",
    "thickness": 1,
    "x1": 43,
    "x2": 43,
    "y1": 63,
    "y2": 82,
  },
  {
    "colour": 1,
    "h": 20,
    "op": "rect",
    "rgb": "rgb(200, 200, 200)",
    "w": 20,
    "x": 63,
    "y": 63,
  },
  {
    "colour": 17,
    "op": "line",
    "rgb": "rgb(141, 141, 141)",
    "thickness": 1,
    "x1": 63,
    "x2": 82,
    "y1": 63,
    "y2": 63,
  },
  {
    "colour": 17,
    "op": "line",
    "rgb": "rgb(141, 141, 141)",
    "thickness": 1,
    "x1": 63,
    "x2": 63,
    "y1": 63,
    "y2": 82,
  },
  {
    "colour": 1,
    "h": 20,
    "op": "rect",
    "rgb": "rgb(200, 200, 200)",
    "w": 20,
    "x": 83,
    "y": 63,
  },
  {
    "colour": 17,
    "op": "line",
    "rgb": "rgb(141, 141, 141)",
    "thickness": 1,
    "x1": 83,
    "x2": 102,
    "y1": 63,
    "y2": 63,
  },
  {
    "colour": 17,
    "op": "line",
    "rgb": "rgb(141, 141, 141)",
    "thickness": 1,
    "x1": 83,
    "x2": 83,
    "y1": 63,
    "y2": 82,
  },
  {
    "colour": 1,
    "h": 20,
    "op": "rect",
    "rgb": "rgb(200, 200, 200)",
    "w": 20,
    "x": 103,
    "y": 63,
  },
  {
    "colour": 17,
    "op": "line",
    "rgb": "rgb(141, 141, 141)",
    "thickness": 1,
    "x1": 103,
    "x2": 122,
    "y1": 63,
    "y2": 63,
  },
  {
    "colour": 17,
    "op": "line",
    "rgb": "rgb(141, 141, 141)",
    "thickness": 1,
    "x1": 103,
    "x2": 103,
    "y1": 63,
    "y2": 82,
  },
  {
    "colour": 1,
    "h": 20,
    "op": "rect",
    "rgb": "rgb(200, 200, 200)",
    "w": 20,
    "x": 123,
    "y": 63,
  },
  {
    "colour": 17,
    "op": "line",
    "rgb": "rgb(141, 141, 141)",
    "thickness": 1,
    "x1": 123,
    "x2": 142,
    "y1": 63,
    "y2": 63,
  },
  {
    "colour": 17,
    "op": "line",
    "rgb": "rgb(141, 141, 141)",
    "thickness": 1,
    "x1": 123,
    "x2": 123,
    "y1": 63,
    "y2": 82,
  },
  {
    "align": "center",
    "baseline": "mathematical",
    "colour": 3,
    "fontType": "variable",
    "op": "text",
    "rgb": "rgb(0, 128, 0)",
    "size": 17,
    "text": "2",
    "x": 133,
    "y": 73,
  },
  {
    "fill": 17,
    "fillRgb": "rgb(141, 141, 141)",
    "op": "polygon",
    "outline": 17,
    "outlineRgb": "rgb(141, 141, 141)",
    "points": [
      [
        162,
        82,
      ],
      [
        162,
        63,
      ],
      [
        143,
        82,
      ],
    ],
  },
  {
    "fill": 16,
    "fillRgb": "rgb(255, 255, 255)",
    "op": "polygon",
    "outline": 16,
    "outlineRgb": "rgb(255, 255, 255)",
    "points": [
      [
        143,
        63,
      ],
      [
        162,
        63,
      ],
      [
        143,
        82,
      ],
    ],
  },
  {
    "colour": 0,
    "h": 16,
    "op": "rect",
    "rgb": "rgb(211, 211, 211)",
    "w": 16,
    "x": 145,
    "y": 65,
  },
  {
    "fill": 17,
    "fillRgb": "rgb(141, 141, 141)",
    "op": "polygon",
    "outline": 17,
    "outlineRgb": "rgb(141, 141, 141)",
    "points": [
      [
        182,
        82,
      ],
      [
        182,
        63,
      ],
      [
        163,
        82,
      ],
    ],
  },
  {
    "fill": 16,
    "fillRgb": "rgb(255, 255, 255)",
    "op": "polygon",
    "outline": 16,
    "outlineRgb": "rgb(255, 255, 255)",
    "points": [
      [
        163,
        63,
      ],
      [
        182,
        63,
      ],
      [
        163,
        82,
      ],
    ],
  },
  {
    "colour": 0,
    "h": 16,
    "op": "rect",
    "rgb": "rgb(211, 211, 211)",
    "w": 16,
    "x": 165,
    "y": 65,
  },
  {
    "colour": 1,
    "h": 20,
    "op": "rect",
    "rgb": "rgb(200, 200, 200)",
    "w": 20,
    "x": 3,
    "y": 83,
  },
  {
    "colour": 17,
    "op": "line",
    "rgb": "rgb(141, 141, 141)",
    "thickness": 1,
    "x1": 3,
    "x2": 22,
    "y1": 83,
    "y2": 83,
  },
  {
    "colour": 17,
    "op": "line",
    "rgb": "rgb(141, 141, 141)",
    "thickness": 1,
    "x1": 3,
    "x2": 3,
    "y1": 83,
    "y2": 102,
  },
  {
    "colour": 1,
    "h": 20,
    "op": "rect",
    "rgb": "rgb(200, 200, 200)",
    "w": 20,
    "x": 23,
    "y": 83,
  },
  {
    "colour": 17,
    "op": "line",
    "rgb": "rgb(141, 141, 141)",
    "thickness": 1,
    "x1": 23,
    "x2": 42,
    "y1": 83,
    "y2": 83,
  },
  {
    "colour": 17,
    "op": "line",
    "rgb": "rgb(141, 141, 141)",
    "thickness": 1,
    "x1": 23,
    "x2": 23,
    "y1": 83,
    "y2": 102,
  },
  {
    "colour": 1,
    "h": 20,
    "op": "rect",
    "rgb": "rgb(200, 200, 200)",
    "w": 20,
    "x": 43,
    "y": 83,
  },
  {
    "colour": 17,
    "op": "line",
    "rgb": "rgb(141, 141, 141)",
    "thickness": 1,
    "x1": 43,
    "x2": 62,
    "y1": 83,
    "y2": 83,
  },
  {
    "colour": 17,
    "op": "line",
    "rgb": "rgb(141, 141, 141)",
    "thickness": 1,
    "x1": 43,
    "x2": 43,
    "y1": 83,
    "y2": 102,
  },
  {
    "colour": 1,
    "h": 20,
    "op": "rect",
    "rgb": "rgb(200, 200, 200)",
    "w": 20,
    "x": 63,
    "y": 83,
  },
  {
    "colour": 17,
    "op": "line",
    "rgb": "rgb(141, 141, 141)",
    "thickness": 1,
    "x1": 63,
    "x2": 82,
    "y1": 83,
    "y2": 83,
  },
  {
    "colour": 17,
    "op": "line",
    "rgb": "rgb(141, 141, 141)",
    "thickness": 1,
    "x1": 63,
    "x2": 63,
    "y1": 83,
    "y2": 102,
  },
  {
    "colour": 1,
    "h": 20,
    "op": "rect",
    "rgb": "rgb(200, 200, 200)",
    "w": 20,
    "x": 83,
    "y": 83,
  },
  {
    "colour": 17,
    "op": "line",
    "rgb": "rgb(141, 141, 141)",
    "thickness": 1,
    "x1": 83,
    "x2": 102,
    "y1": 83,
    "y2": 83,
  },
  {
    "colour": 17,
    "op": "line",
    "rgb": "rgb(141, 141, 141)",
    "thickness": 1,
    "x1": 83,
    "x2": 83,
    "y1": 83,
    "y2": 102,
  },
  {
    "colour": 1,
    "h": 20,
    "op": "rect",
    "rgb": "rgb(200, 200, 200)",
    "w": 20,
    "x": 103,
    "y": 83,
  },
  {
    "colour": 17,
    "op": "line",
    "rgb": "rgb(141, 141, 141)",
    "thickness": 1,
    "x1": 103,
    "x2": 122,
    "y1": 83,
    "y2": 83,
  },
  {
    "colour": 17,
    "op": "line",
    "rgb": "rgb(141, 141, 141)",
    "thickness": 1,
    "x1": 103,
    "x2": 103,
    "y1": 83,
    "y2": 102,
  },
  {
    "colour": 1,
    "h": 20,
    "op": "rect",
    "rgb": "rgb(200, 200, 200)",
    "w": 20,
    "x": 123,
    "y": 83,
  },
  {
    "colour": 17,
    "op": "line",
    "rgb": "rgb(141, 141, 141)",
    "thickness": 1,
    "x1": 123,
    "x2": 142,
    "y1": 83,
    "y2": 83,
  },
  {
    "colour": 17,
    "op": "line",
    "rgb": "rgb(141, 141, 141)",
    "thickness": 1,
    "x1": 123,
    "x2": 123,
    "y1": 83,
    "y2": 102,
  },
  {
    "align": "center",
    "baseline": "mathematical",
    "colour": 3,
    "fontType": "variable",
    "op": "text",
    "rgb": "rgb(0, 128, 0)",
    "size": 17,
    "text": "2",
    "x": 133,
    "y": 93,
  },
  {
    "fill": 17,
    "fillRgb": "rgb(141, 141, 141)",
    "op": "polygon",
    "outline": 17,
    "outlineRgb": "rgb(141, 141, 141)",
    "points": [
      [
        162,
        102,
      ],
      [
        162,
        83,
      ],
      [
        143,
        102,
      ],
    ],
  },
  {
    "fill": 16,
    "fillRgb": "rgb(255, 255, 255)",
    "op": "polygon",
    "outline": 16,
    "outlineRgb": "rgb(255, 255, 255)",
    "points": [
      [
        143,
        83,
      ],
      [
        162,
        83,
      ],
      [
        143,
        102,
      ],
    ],
  },
  {
    "colour": 0,
    "h": 16,
    "op": "rect",
    "rgb": "rgb(211, 211, 211)",
    "w": 16,
    "x": 145,
    "y": 85,
  },
  {
    "fill": 17,
    "fillRgb": "rgb(141, 141, 141)",
    "op": "polygon",
    "outline": 17,
    "outlineRgb": "rgb(141, 141, 141)",
    "points": [
      [
        182,
        102,
      ],
      [
        182,
        83,
      ],
      [
        163,
        102,
      ],
    ],
  },
  {
    "fill": 16,
    "fillRgb": "rgb(255, 255, 255)",
    "op": "polygon",
    "outline": 16,
    "outlineRgb": "rgb(255, 255, 255)",
    "points": [
      [
        163,
        83,
      ],
      [
        182,
        83,
      ],
      [
        163,
        102,
      ],
    ],
  },
  {
    "colour": 0,
    "h": 16,
    "op": "rect",
    "rgb": "rgb(211, 211, 211)",
    "w": 16,
    "x": 165,
    "y": 85,
  },
  {
    "colour": 1,
    "h": 20,
    "op": "rect",
    "rgb": "rgb(200, 200, 200)",
    "w": 20,
    "x": 3,
    "y": 103,
  },
  {
    "colour": 17,
    "op": "line",
    "rgb": "rgb(141, 141, 141)",
    "thickness": 1,
    "x1": 3,
    "x2": 22,
    "y1": 103,
    "y2": 103,
  },
  {
    "colour": 17,
    "op": "line",
    "rgb": "rgb(141, 141, 141)",
    "thickness": 1,
    "x1": 3,
    "x2": 3,
    "y1": 103,
    "y2": 122,
  },
  {
    "colour": 1,
    "h": 20,
    "op": "rect",
    "rgb": "rgb(200, 200, 200)",
    "w": 20,
    "x": 23,
    "y": 103,
  },
  {
    "colour": 17,
    "op": "line",
    "rgb": "rgb(141, 141, 141)",
    "thickness": 1,
    "x1": 23,
    "x2": 42,
    "y1": 103,
    "y2": 103,
  },
  {
    "colour": 17,
    "op": "line",
    "rgb": "rgb(141, 141, 141)",
    "thickness": 1,
    "x1": 23,
    "x2": 23,
    "y1": 103,
    "y2": 122,
  },
  {
    "colour": 1,
    "h": 20,
    "op": "rect",
    "rgb": "rgb(200, 200, 200)",
    "w": 20,
    "x": 43,
    "y": 103,
  },
  {
    "colour": 17,
    "op": "line",
    "rgb": "rgb(141, 141, 141)",
    "thickness": 1,
    "x1": 43,
    "x2": 62,
    "y1": 103,
    "y2": 103,
  },
  {
    "colour": 17,
    "op": "line",
    "rgb": "rgb(141, 141, 141)",
    "thickness": 1,
    "x1": 43,
    "x2": 43,
    "y1": 103,
    "y2": 122,
  },
  {
    "colour": 1,
    "h": 20,
    "op": "rect",
    "rgb": "rgb(200, 200, 200)",
    "w": 20,
    "x": 63,
    "y": 103,
  },
  {
    "colour": 17,
    "op": "line",
    "rgb": "rgb(141, 141, 141)",
    "thickness": 1,
    "x1": 63,
    "x2": 82,
    "y1": 103,
    "y2": 103,
  },
  {
    "colour": 17,
    "op": "line",
    "rgb": "rgb(141, 141, 141)",
    "thickness": 1,
    "x1": 63,
    "x2": 63,
    "y1": 103,
    "y2": 122,
  },
  {
    "colour": 1,
    "h": 20,
    "op": "rect",
    "rgb": "rgb(200, 200, 200)",
    "w": 20,
    "x": 83,
    "y": 103,
  },
  {
    "colour": 17,
    "op": "line",
    "rgb": "rgb(141, 141, 141)",
    "thickness": 1,
    "x1": 83,
    "x2": 102,
    "y1": 103,
    "y2": 103,
  },
  {
    "colour": 17,
    "op": "line",
    "rgb": "rgb(141, 141, 141)",
    "thickness": 1,
    "x1": 83,
    "x2": 83,
    "y1": 103,
    "y2": 122,
  },
  {
    "colour": 1,
    "h": 20,
    "op": "rect",
    "rgb": "rgb(200, 200, 200)",
    "w": 20,
    "x": 103,
    "y": 103,
  },
  {
    "colour": 17,
    "op": "line",
    "rgb": "rgb(141, 141, 141)",
    "thickness": 1,
    "x1": 103,
    "x2": 122,
    "y1": 103,
    "y2": 103,
  },
  {
    "colour": 17,
    "op": "line",
    "rgb": "rgb(141, 141, 141)",
    "thickness": 1,
    "x1": 103,
    "x2": 103,
    "y1": 103,
    "y2": 122,
  },
  {
    "colour": 1,
    "h": 20,
    "op": "rect",
    "rgb": "rgb(200, 200, 200)",
    "w": 20,
    "x": 123,
    "y": 103,
  },
  {
    "colour": 17,
    "op": "line",
    "rgb": "rgb(141, 141, 141)",
    "thickness": 1,
    "x1": 123,
    "x2": 142,
    "y1": 103,
    "y2": 103,
  },
  {
    "colour": 17,
    "op": "line",
    "rgb": "rgb(141, 141, 141)",
    "thickness": 1,
    "x1": 123,
    "x2": 123,
    "y1": 103,
    "y2": 122,
  },
  {
    "align": "center",
    "baseline": "mathematical",
    "colour": 3,
    "fontType": "variable",
    "op": "text",
    "rgb": "rgb(0, 128, 0)",
    "size": 17,
    "text": "2",
    "x": 133,
    "y": 113,
  },
  {
    "fill": 17,
    "fillRgb": "rgb(141, 141, 141)",
    "op": "polygon",
    "outline": 17,
    "outlineRgb": "rgb(141, 141, 141)",
    "points": [
      [
        162,
        122,
      ],
      [
        162,
        103,
      ],
      [
        143,
        122,
      ],
    ],
  },
  {
    "fill": 16,
    "fillRgb": "rgb(255, 255, 255)",
    "op": "polygon",
    "outline": 16,
    "outlineRgb": "rgb(255, 255, 255)",
    "points": [
      [
        143,
        103,
      ],
      [
        162,
        103,
      ],
      [
        143,
        122,
      ],
    ],
  },
  {
    "colour": 0,
    "h": 16,
    "op": "rect",
    "rgb": "rgb(211, 211, 211)",
    "w": 16,
    "x": 145,
    "y": 105,
  },
  {
    "fill": 17,
    "fillRgb": "rgb(141, 141, 141)",
    "op": "polygon",
    "outline": 17,
    "outlineRgb": "rgb(141, 141, 141)",
    "points": [
      [
        182,
        122,
      ],
      [
        182,
        103,
      ],
      [
        163,
        122,
      ],
    ],
  },
  {
    "fill": 16,
    "fillRgb": "rgb(255, 255, 255)",
    "op": "polygon",
    "outline": 16,
    "outlineRgb": "rgb(255, 255, 255)",
    "points": [
      [
        163,
        103,
      ],
      [
        182,
        103,
      ],
      [
        163,
        122,
      ],
    ],
  },
  {
    "colour": 0,
    "h": 16,
    "op": "rect",
    "rgb": "rgb(211, 211, 211)",
    "w": 16,
    "x": 165,
    "y": 105,
  },
  {
    "colour": 1,
    "h": 20,
    "op": "rect",
    "rgb": "rgb(200, 200, 200)",
    "w": 20,
    "x": 3,
    "y": 123,
  },
  {
    "colour": 17,
    "op": "line",
    "rgb": "rgb(141, 141, 141)",
    "thickness": 1,
    "x1": 3,
    "x2": 22,
    "y1": 123,
    "y2": 123,
  },
  {
    "colour": 17,
    "op": "line",
    "rgb": "rgb(141, 141, 141)",
    "thickness": 1,
    "x1": 3,
    "x2": 3,
    "y1": 123,
    "y2": 142,
  },
  {
    "colour": 1,
    "h": 20,
    "op": "rect",
    "rgb": "rgb(200, 200, 200)",
    "w": 20,
    "x": 23,
    "y": 123,
  },
  {
    "colour": 17,
    "op": "line",
    "rgb": "rgb(141, 141, 141)",
    "thickness": 1,
    "x1": 23,
    "x2": 42,
    "y1": 123,
    "y2": 123,
  },
  {
    "colour": 17,
    "op": "line",
    "rgb": "rgb(141, 141, 141)",
    "thickness": 1,
    "x1": 23,
    "x2": 23,
    "y1": 123,
    "y2": 142,
  },
  {
    "colour": 1,
    "h": 20,
    "op": "rect",
    "rgb": "rgb(200, 200, 200)",
    "w": 20,
    "x": 43,
    "y": 123,
  },
  {
    "colour": 17,
    "op": "line",
    "rgb": "rgb(141, 141, 141)",
    "thickness": 1,
    "x1": 43,
    "x2": 62,
    "y1": 123,
    "y2": 123,
  },
  {
    "colour": 17,
    "op": "line",
    "rgb": "rgb(141, 141, 141)",
    "thickness": 1,
    "x1": 43,
    "x2": 43,
    "y1": 123,
    "y2": 142,
  },
  {
    "colour": 1,
    "h": 20,
    "op": "rect",
    "rgb": "rgb(200, 200, 200)",
    "w": 20,
    "x": 63,
    "y": 123,
  },
  {
    "colour": 17,
    "op": "line",
    "rgb": "rgb(141, 141, 141)",
    "thickness": 1,
    "x1": 63,
    "x2": 82,
    "y1": 123,
    "y2": 123,
  },
  {
    "colour": 17,
    "op": "line",
    "rgb": "rgb(141, 141, 141)",
    "thickness": 1,
    "x1": 63,
    "x2": 63,
    "y1": 123,
    "y2": 142,
  },
  {
    "colour": 1,
    "h": 20,
    "op": "rect",
    "rgb": "rgb(200, 200, 200)",
    "w": 20,
    "x": 83,
    "y": 123,
  },
  {
    "colour": 17,
    "op": "line",
    "rgb": "rgb(141, 141, 141)",
    "thickness": 1,
    "x1": 83,
    "x2": 102,
    "y1": 123,
    "y2": 123,
  },
  {
    "colour": 17,
    "op": "line",
    "rgb": "rgb(141, 141, 141)",
    "thickness": 1,
    "x1": 83,
    "x2": 83,
    "y1": 123,
    "y2": 142,
  },
  {
    "colour": 1,
    "h": 20,
    "op": "rect",
    "rgb": "rgb(200, 200, 200)",
    "w": 20,
    "x": 103,
    "y": 123,
  },
  {
    "colour": 17,
    "op": "line",
    "rgb": "rgb(141, 141, 141)",
    "thickness": 1,
    "x1": 103,
    "x2": 122,
    "y1": 123,
    "y2": 123,
  },
  {
    "colour": 17,
    "op": "line",
    "rgb": "rgb(141, 141, 141)",
    "thickness": 1,
    "x1": 103,
    "x2": 103,
    "y1": 123,
    "y2": 142,
  },
  {
    "colour": 1,
    "h": 20,
    "op": "rect",
    "rgb": "rgb(200, 200, 200)",
    "w": 20,
    "x": 123,
    "y": 123,
  },
  {
    "colour": 17,
    "op": "line",
    "rgb": "rgb(141, 141, 141)",
    "thickness": 1,
    "x1": 123,
    "x2": 142,
    "y1": 123,
    "y2": 123,
  },
  {
    "colour": 17,
    "op": "line",
    "rgb": "rgb(141, 141, 141)",
    "thickness": 1,
    "x1": 123,
    "x2": 123,
    "y1": 123,
    "y2": 142,
  },
  {
    "align": "center",
    "baseline": "mathematical",
    "colour": 3,
    "fontType": "variable",
    "op": "text",
    "rgb": "rgb(0, 128, 0)",
    "size": 17,
    "text": "2",
    "x": 133,
    "y": 133,
  },
  {
    "fill": 17,
    "fillRgb": "rgb(141, 141, 141)",
    "op": "polygon",
    "outline": 17,
    "outlineRgb": "rgb(141, 141, 141)",
    "points": [
      [
        162,
        142,
      ],
      [
        162,
        123,
      ],
      [
        143,
        142,
      ],
    ],
  },
  {
    "fill": 16,
    "fillRgb": "rgb(255, 255, 255)",
    "op": "polygon",
    "outline": 16,
    "outlineRgb": "rgb(255, 255, 255)",
    "points": [
      [
        143,
        123,
      ],
      [
        162,
        123,
      ],
      [
        143,
        142,
      ],
    ],
  },
  {
    "colour": 0,
    "h": 16,
    "op": "rect",
    "rgb": "rgb(211, 211, 211)",
    "w": 16,
    "x": 145,
    "y": 125,
  },
  {
    "fill": 17,
    "fillRgb": "rgb(141, 141, 141)",
    "op": "polygon",
    "outline": 17,
    "outlineRgb": "rgb(141, 141, 141)",
    "points": [
      [
        182,
        142,
      ],
      [
        182,
        123,
      ],
      [
        163,
        142,
      ],
    ],
  },
  {
    "fill": 16,
    "fillRgb": "rgb(255, 255, 255)",
    "op": "polygon",
    "outline": 16,
    "outlineRgb": "rgb(255, 255, 255)",
    "points": [
      [
        163,
        123,
      ],
      [
        182,
        123,
      ],
      [
        163,
        142,
      ],
    ],
  },
  {
    "colour": 0,
    "h": 16,
    "op": "rect",
    "rgb": "rgb(211, 211, 211)",
    "w": 16,
    "x": 165,
    "y": 125,
  },
  {
    "colour": 1,
    "h": 20,
    "op": "rect",
    "rgb": "rgb(200, 200, 200)",
    "w": 20,
    "x": 3,
    "y": 143,
  },
  {
    "colour": 17,
    "op": "line",
    "rgb": "rgb(141, 141, 141)",
    "thickness": 1,
    "x1": 3,
    "x2": 22,
    "y1": 143,
    "y2": 143,
  },
  {
    "colour": 17,
    "op": "line",
    "rgb": "rgb(141, 141, 141)",
    "thickness": 1,
    "x1": 3,
    "x2": 3,
    "y1": 143,
    "y2": 162,
  },
  {
    "colour": 1,
    "h": 20,
    "op": "rect",
    "rgb": "rgb(200, 200, 200)",
    "w": 20,
    "x": 23,
    "y": 143,
  },
  {
    "colour": 17,
    "op": "line",
    "rgb": "rgb(141, 141, 141)",
    "thickness": 1,
    "x1": 23,
    "x2": 42,
    "y1": 143,
    "y2": 143,
  },
  {
    "colour": 17,
    "op": "line",
    "rgb": "rgb(141, 141, 141)",
    "thickness": 1,
    "x1": 23,
    "x2": 23,
    "y1": 143,
    "y2": 162,
  },
  {
    "colour": 1,
    "h": 20,
    "op": "rect",
    "rgb": "rgb(200, 200, 200)",
    "w": 20,
    "x": 43,
    "y": 143,
  },
  {
    "colour": 17,
    "op": "line",
    "rgb": "rgb(141, 141, 141)",
    "thickness": 1,
    "x1": 43,
    "x2": 62,
    "y1": 143,
    "y2": 143,
  },
  {
    "colour": 17,
    "op": "line",
    "rgb": "rgb(141, 141, 141)",
    "thickness": 1,
    "x1": 43,
    "x2": 43,
    "y1": 143,
    "y2": 162,
  },
  {
    "colour": 1,
    "h": 20,
    "op": "rect",
    "rgb": "rgb(200, 200, 200)",
    "w": 20,
    "x": 63,
    "y": 143,
  },
  {
    "colour": 17,
    "op": "line",
    "rgb": "rgb(141, 141, 141)",
    "thickness": 1,
    "x1": 63,
    "x2": 82,
    "y1": 143,
    "y2": 143,
  },
  {
    "colour": 17,
    "op": "line",
    "rgb": "rgb(141, 141, 141)",
    "thickness": 1,
    "x1": 63,
    "x2": 63,
    "y1": 143,
    "y2": 162,
  },
  {
    "colour": 1,
    "h": 20,
    "op": "rect",
    "rgb": "rgb(200, 200, 200)",
    "w": 20,
    "x": 83,
    "y": 143,
  },
  {
    "colour": 17,
    "op": "line",
    "rgb": "rgb(141, 141, 141)",
    "thickness": 1,
    "x1": 83,
    "x2": 102,
    "y1": 143,
    "y2": 143,
  },
  {
    "colour": 17,
    "op": "line",
    "rgb": "rgb(141, 141, 141)",
    "thickness": 1,
    "x1": 83,
    "x2": 83,
    "y1": 143,
    "y2": 162,
  },
  {
    "align": "center",
    "baseline": "mathematical",
    "colour": 2,
    "fontType": "variable",
    "op": "text",
    "rgb": "rgb(0, 0, 255)",
    "size": 17,
    "text": "1",
    "x": 93,
    "y": 153,
  },
  {
    "colour": 1,
    "h": 20,
    "op": "rect",
    "rgb": "rgb(200, 200, 200)",
    "w": 20,
    "x": 103,
    "y": 143,
  },
  {
    "colour": 17,
    "op": "line",
    "rgb": "rgb(141, 141, 141)",
    "thickness": 1,
    "x1": 103,
    "x2": 122,
    "y1": 143,
    "y2": 143,
  },
  {
    "colour": 17,
    "op": "line",
    "rgb": "rgb(141, 141, 141)",
    "thickness": 1,
    "x1": 103,
    "x2": 103,
    "y1": 143,
    "y2": 162,
  },
  {
    "align": "center",
    "baseline": "mathematical",
    "colour": 3,
    "fontType": "variable",
    "op": "text",
    "rgb": "rgb(0, 128, 0)",
    "size": 17,
    "text": "2",
    "x": 113,
    "y": 153,
  },
  {
    "colour": 1,
    "h": 20,
    "op": "rect",
    "rgb": "rgb(200, 200, 200)",
    "w": 20,
    "x": 123,
    "y": 143,
  },
  {
    "colour": 17,
    "op": "line",
    "rgb": "rgb(141, 141, 141)",
    "thickness": 1,
    "x1": 123,
    "x2": 142,
    "y1": 143,
    "y2": 143,
  },
  {
    "colour": 17,
    "op": "line",
    "rgb": "rgb(141, 141, 141)",
    "thickness": 1,
    "x1": 123,
    "x2": 123,
    "y1": 143,
    "y2": 162,
  },
  {
    "align": "center",
    "baseline": "mathematical",
    "colour": 5,
    "fontType": "variable",
    "op": "text",
    "rgb": "rgb(0, 0, 128)",
    "size": 17,
    "text": "4",
    "x": 133,
    "y": 153,
  },
  {
    "fill": 17,
    "fillRgb": "rgb(141, 141, 141)",
    "op": "polygon",
    "outline": 17,
    "outlineRgb": "rgb(141, 141, 141)",
    "points": [
      [
        162,
        162,
      ],
      [
        162,
        143,
      ],
      [
        143,
        162,
      ],
    ],
  },
  {
    "fill": 16,
    "fillRgb": "rgb(255, 255, 255)",
    "op": "polygon",
    "outline": 16,
    "outlineRgb": "rgb(255, 255, 255)",
    "points": [
      [
        143,
        143,
      ],
      [
        162,
        143,
      ],
      [
        143,
        162,
      ],
    ],
  },
  {
    "colour": 0,
    "h": 16,
    "op": "rect",
    "rgb": "rgb(211, 211, 211)",
    "w": 16,
    "x": 145,
    "y": 145,
  },
  {
    "fill": 17,
    "fillRgb": "rgb(141, 141, 141)",
    "op": "polygon",
    "outline": 17,
    "outlineRgb": "rgb(141, 141, 141)",
    "points": [
      [
        182,
        162,
      ],
      [
        182,
        143,
      ],
      [
        163,
        162,
      ],
    ],
  },
  {
    "fill": 16,
    "fillRgb": "rgb(255, 255, 255)",
    "op": "polygon",
    "outline": 16,
    "outlineRgb": "rgb(255, 255, 255)",
    "points": [
      [
        163,
        143,
      ],
      [
        182,
        143,
      ],
      [
        163,
        162,
      ],
    ],
  },
  {
    "colour": 0,
    "h": 16,
    "op": "rect",
    "rgb": "rgb(211, 211, 211)",
    "w": 16,
    "x": 165,
    "y": 145,
  },
  {
    "colour": 1,
    "h": 20,
    "op": "rect",
    "rgb": "rgb(200, 200, 200)",
    "w": 20,
    "x": 3,
    "y": 163,
  },
  {
    "colour": 17,
    "op": "line",
    "rgb": "rgb(141, 141, 141)",
    "thickness": 1,
    "x1": 3,
    "x2": 22,
    "y1": 163,
    "y2": 163,
  },
  {
    "colour": 17,
    "op": "line",
    "rgb": "rgb(141, 141, 141)",
    "thickness": 1,
    "x1": 3,
    "x2": 3,
    "y1": 163,
    "y2": 182,
  },
  {
    "colour": 1,
    "h": 20,
    "op": "rect",
    "rgb": "rgb(200, 200, 200)",
    "w": 20,
    "x": 23,
    "y": 163,
  },
  {
    "colour": 17,
    "op": "line",
    "rgb": "rgb(141, 141, 141)",
    "thickness": 1,
    "x1": 23,
    "x2": 42,
    "y1": 163,
    "y2": 163,
  },
  {
    "colour": 17,
    "op": "line",
    "rgb": "rgb(141, 141, 141)",
    "thickness": 1,
    "x1": 23,
    "x2": 23,
    "y1": 163,
    "y2": 182,
  },
  {
    "colour": 1,
    "h": 20,
    "op": "rect",
    "rgb": "rgb(200, 200, 200)",
    "w": 20,
    "x": 43,
    "y": 163,
  },
  {
    "colour": 17,
    "op": "line",
    "rgb": "rgb(141, 141, 141)",
    "thickness": 1,
    "x1": 43,
    "x2": 62,
    "y1": 163,
    "y2": 163,
  },
  {
    "colour": 17,
    "op": "line",
    "rgb": "rgb(141, 141, 141)",
    "thickness": 1,
    "x1": 43,
    "x2": 43,
    "y1": 163,
    "y2": 182,
  },
  {
    "colour": 1,
    "h": 20,
    "op": "rect",
    "rgb": "rgb(200, 200, 200)",
    "w": 20,
    "x": 63,
    "y": 163,
  },
  {
    "colour": 17,
    "op": "line",
    "rgb": "rgb(141, 141, 141)",
    "thickness": 1,
    "x1": 63,
    "x2": 82,
    "y1": 163,
    "y2": 163,
  },
  {
    "colour": 17,
    "op": "line",
    "rgb": "rgb(141, 141, 141)",
    "thickness": 1,
    "x1": 63,
    "x2": 63,
    "y1": 163,
    "y2": 182,
  },
  {
    "colour": 1,
    "h": 20,
    "op": "rect",
    "rgb": "rgb(200, 200, 200)",
    "w": 20,
    "x": 83,
    "y": 163,
  },
  {
    "colour": 17,
    "op": "line",
    "rgb": "rgb(141, 141, 141)",
    "thickness": 1,
    "x1": 83,
    "x2": 102,
    "y1": 163,
    "y2": 163,
  },
  {
    "colour": 17,
    "op": "line",
    "rgb": "rgb(141, 141, 141)",
    "thickness": 1,
    "x1": 83,
    "x2": 83,
    "y1": 163,
    "y2": 182,
  },
  {
    "align": "center",
    "baseline": "mathematical",
    "colour": 2,
    "fontType": "variable",
    "op": "text",
    "rgb": "rgb(0, 0, 255)",
    "size": 17,
    "text": "1",
    "x": 93,
    "y": 173,
  },
  {
    "fill": 17,
    "fillRgb": "rgb(141, 141, 141)",
    "op": "polygon",
    "outline": 17,
    "outlineRgb": "rgb(141, 141, 141)",
    "points": [
      [
        122,
        182,
      ],
      [
        122,
        163,
      ],
      [
        103,
        182,
      ],
    ],
  },
  {
    "fill": 16,
    "fillRgb": "rgb(255, 255, 255)",
    "op": "polygon",
    "outline": 16,
    "outlineRgb": "rgb(255, 255, 255)",
    "points": [
      [
        103,
        163,
      ],
      [
        122,
        163,
      ],
      [
        103,
        182,
      ],
    ],
  },
  {
    "colour": 0,
    "h": 16,
    "op": "rect",
    "rgb": "rgb(211, 211, 211)",
    "w": 16,
    "x": 105,
    "y": 165,
  },
  {
    "fill": 17,
    "fillRgb": "rgb(141, 141, 141)",
    "op": "polygon",
    "outline": 17,
    "outlineRgb": "rgb(141, 141, 141)",
    "points": [
      [
        142,
        182,
      ],
      [
        142,
        163,
      ],
      [
        123,
        182,
      ],
    ],
  },
  {
    "fill": 16,
    "fillRgb": "rgb(255, 255, 255)",
    "op": "polygon",
    "outline": 16,
    "outlineRgb": "rgb(255, 255, 255)",
    "points": [
      [
        123,
        163,
      ],
      [
        142,
        163,
      ],
      [
        123,
        182,
      ],
    ],
  },
  {
    "colour": 0,
    "h": 16,
    "op": "rect",
    "rgb": "rgb(211, 211, 211)",
    "w": 16,
    "x": 125,
    "y": 165,
  },
  {
    "fill": 17,
    "fillRgb": "rgb(141, 141, 141)",
    "op": "polygon",
    "outline": 17,
    "outlineRgb": "rgb(141, 141, 141)",
    "points": [
      [
        162,
        182,
      ],
      [
        162,
        163,
      ],
      [
        143,
        182,
      ],
    ],
  },
  {
    "fill": 16,
    "fillRgb": "rgb(255, 255, 255)",
    "op": "polygon",
    "outline": 16,
    "outlineRgb": "rgb(255, 255, 255)",
    "points": [
      [
        143,
        163,
      ],
      [
        162,
        163,
      ],
      [
        143,
        182,
      ],
    ],
  },
  {
    "colour": 0,
    "h": 16,
    "op": "rect",
    "rgb": "rgb(211, 211, 211)",
    "w": 16,
    "x": 145,
    "y": 165,
  },
  {
    "fill": 17,
    "fillRgb": "rgb(141, 141, 141)",
    "op": "polygon",
    "outline": 17,
    "outlineRgb": "rgb(141, 141, 141)",
    "points": [
      [
        182,
        182,
      ],
      [
        182,
        163,
      ],
      [
        163,
        182,
      ],
    ],
  },
  {
    "fill": 16,
    "fillRgb": "rgb(255, 255, 255)",
    "op": "polygon",
    "outline": 16,
    "outlineRgb": "rgb(255, 255, 255)",
    "points": [
      [
        163,
        163,
      ],
      [
        182,
        163,
      ],
      [
        163,
        182,
      ],
    ],
  },
  {
    "colour": 0,
    "h": 16,
    "op": "rect",
    "rgb": "rgb(211, 211, 211)",
    "w": 16,
    "x": 165,
    "y": 165,
  },
]
`;
