// Vitest Snapshot v1, https://vitest.dev/guide/snapshot.html

exports[`undead render > redraws the initial frame and a partially-filled board 1`] = `
[
  {
    "colour": 0,
    "h": 480,
    "op": "rect",
    "rgb": "rgb(211, 211, 211)",
    "w": 416,
    "x": 0,
    "y": 0,
  },
  {
    "colour": 1,
    "h": 259,
    "op": "rect",
    "rgb": "rgb(0, 0, 0)",
    "w": 259,
    "x": 79,
    "y": 143,
  },
  {
    "colour": 0,
    "h": 63,
    "op": "rect",
    "rgb": "rgb(211, 211, 211)",
    "w": 63,
    "x": 81,
    "y": 145,
  },
  {
    "colour": 0,
    "h": 63,
    "op": "rect",
    "rgb": "rgb(211, 211, 211)",
    "w": 63,
    "x": 81,
    "y": 209,
  },
  {
    "colour": 0,
    "h": 63,
    "op": "rect",
    "rgb": "rgb(211, 211, 211)",
    "w": 63,
    "x": 81,
    "y": 273,
  },
  {
    "colour": 0,
    "h": 63,
    "op": "rect",
    "rgb": "rgb(211, 211, 211)",
    "w": 63,
    "x": 81,
    "y": 337,
  },
  {
    "colour": 0,
    "h": 63,
    "op": "rect",
    "rgb": "rgb(211, 211, 211)",
    "w": 63,
    "x": 145,
    "y": 145,
  },
  {
    "colour": 0,
    "h": 63,
    "op": "rect",
    "rgb": "rgb(211, 211, 211)",
    "w": 63,
    "x": 145,
    "y": 209,
  },
  {
    "colour": 0,
    "h": 63,
    "op": "rect",
    "rgb": "rgb(211, 211, 211)",
    "w": 63,
    "x": 145,
    "y": 273,
  },
  {
    "colour": 0,
    "h": 63,
    "op": "rect",
    "rgb": "rgb(211, 211, 211)",
    "w": 63,
    "x": 145,
    "y": 337,
  },
  {
    "colour": 0,
    "h": 63,
    "op": "rect",
    "rgb": "rgb(211, 211, 211)",
    "w": 63,
    "x": 209,
    "y": 145,
  },
  {
    "colour": 0,
    "h": 63,
    "op": "rect",
    "rgb": "rgb(211, 211, 211)",
    "w": 63,
    "x": 209,
    "y": 209,
  },
  {
    "colour": 0,
    "h": 63,
    "op": "rect",
    "rgb": "rgb(211, 211, 211)",
    "w": 63,
    "x": 209,
    "y": 273,
  },
  {
    "colour": 0,
    "h": 63,
    "op": "rect",
    "rgb": "rgb(211, 211, 211)",
    "w": 63,
    "x": 209,
    "y": 337,
  },
  {
    "colour": 0,
    "h": 63,
    "op": "rect",
    "rgb": "rgb(211, 211, 211)",
    "w": 63,
    "x": 273,
    "y": 145,
  },
  {
    "colour": 0,
    "h": 63,
    "op": "rect",
    "rgb": "rgb(211, 211, 211)",
    "w": 63,
    "x": 273,
    "y": 209,
  },
  {
    "colour": 0,
    "h": 63,
    "op": "rect",
    "rgb": "rgb(211, 211, 211)",
    "w": 63,
    "x": 273,
    "y": 273,
  },
  {
    "colour": 0,
    "h": 63,
    "op": "rect",
    "rgb": "rgb(211, 211, 211)",
    "w": 63,
    "x": 273,
    "y": 337,
  },
  {
    "colour": 0,
    "h": 64,
    "op": "rect",
    "rgb": "rgb(211, 211, 211)",
    "w": 416,
    "x": 0,
    "y": 16,
  },
  {
    "colour": 0,
    "h": 64,
    "op": "rect",
    "rgb": "rgb(211, 211, 211)",
    "w": 128,
    "x": 16,
    "y": 16,
  },
  {
    "h": 22,
    "op": "clip",
    "w": 39,
    "x": 18,
    "y": 29,
  },
  {
    "cx": 37,
    "cy": 48,
    "fill": 6,
    "fillRgb": "rgb(105, 211, 211)",
    "op": "circle",
    "outline": 2,
    "outlineRgb": "rgb(0, 0, 0)",
    "r": 16,
  },
  {
    "op": "unclip",
  },
  {
    "h": 20,
    "op": "clip",
    "w": 39,
    "x": 18,
    "y": 48,
  },
  {
    "fill": 6,
    "fillRgb": "rgb(105, 211, 211)",
    "op": "polygon",
    "outline": 2,
    "outlineRgb": "rgb(0, 0, 0)",
    "points": [
      [
        21,
        46,
      ],
      [
        21,
        64,
      ],
      [
        26,
        59,
      ],
      [
        31,
        64,
      ],
      [
        36,
        59,
      ],
      [
        42,
        64,
      ],
      [
        47,
        59,
      ],
      [
        53,
        64,
      ],
      [
        53,
        46,
      ],
    ],
  },
  {
    "op": "unclip",
  },
  {
    "cx": 30,
    "cy": 45,
    "fill": 0,
    "fillRgb": "rgb(211, 211, 211)",
    "op": "circle",
    "outline": 2,
    "outlineRgb": "rgb(0, 0, 0)",
    "r": 4,
  },
  {
    "cx": 44,
    "cy": 45,
    "fill": 0,
    "fillRgb": "rgb(211, 211, 211)",
    "op": "circle",
    "outline": 2,
    "outlineRgb": "rgb(0, 0, 0)",
    "r": 4,
  },
  {
    "colour": 2,
    "h": 1,
    "op": "rect",
    "rgb": "rgb(0, 0, 0)",
    "w": 1,
    "x": 31,
    "y": 45,
  },
  {
    "colour": 2,
    "h": 1,
    "op": "rect",
    "rgb": "rgb(0, 0, 0)",
    "w": 1,
    "x": 45,
    "y": 45,
  },
  {
    "align": "left",
    "baseline": "mathematical",
    "colour": 2,
    "fontType": "variable",
    "op": "text",
    "rgb": "rgb(0, 0, 0)",
    "size": 26,
    "text": "2/2",
    "x": 58,
    "y": 48,
  },
  {
    "colour": 0,
    "h": 64,
    "op": "rect",
    "rgb": "rgb(211, 211, 211)",
    "w": 128,
    "x": 144,
    "y": 16,
  },
  {
    "h": 21,
    "op": "clip",
    "w": 39,
    "x": 146,
    "y": 29,
  },
  {
    "cx": 165,
    "cy": 48,
    "fill": 2,
    "fillRgb": "rgb(0, 0, 0)",
    "op": "circle",
    "outline": 2,
    "outlineRgb": "rgb(0, 0, 0)",
    "r": 16,
  },
  {
    "op": "unclip",
  },
  {
    "h": 21,
    "op": "clip",
    "w": 22,
    "x": 146,
    "y": 29,
  },
  {
    "cx": 159,
    "cy": 48,
    "fill": 8,
    "fillRgb": "rgb(211, 190, 190)",
    "op": "circle",
    "outline": 2,
    "outlineRgb": "rgb(0, 0, 0)",
    "r": 10,
  },
  {
    "op": "unclip",
  },
  {
    "h": 21,
    "op": "clip",
    "w": 22,
    "x": 165,
    "y": 29,
  },
  {
    "cx": 171,
    "cy": 48,
    "fill": 8,
    "fillRgb": "rgb(211, 190, 190)",
    "op": "circle",
    "outline": 2,
    "outlineRgb": "rgb(0, 0, 0)",
    "r": 10,
  },
  {
    "op": "unclip",
  },
  {
    "h": 21,
    "op": "clip",
    "w": 39,
    "x": 146,
    "y": 48,
  },
  {
    "cx": 165,
    "cy": 48,
    "fill": 8,
    "fillRgb": "rgb(211, 190, 190)",
    "op": "circle",
    "outline": 2,
    "outlineRgb": "rgb(0, 0, 0)",
    "r": 16,
  },
  {
    "op": "unclip",
  },
  {
    "cx": 159,
    "cy": 46,
    "fill": 0,
    "fillRgb": "rgb(211, 211, 211)",
    "op": "circle",
    "outline": 2,
    "outlineRgb": "rgb(0, 0, 0)",
    "r": 2,
  },
  {
    "cx": 171,
    "cy": 46,
    "fill": 0,
    "fillRgb": "rgb(211, 211, 211)",
    "op": "circle",
    "outline": 2,
    "outlineRgb": "rgb(0, 0, 0)",
    "r": 2,
  },
  {
    "colour": 2,
    "h": 1,
    "op": "rect",
    "rgb": "rgb(0, 0, 0)",
    "w": 1,
    "x": 159,
    "y": 46,
  },
  {
    "colour": 2,
    "h": 1,
    "op": "rect",
    "rgb": "rgb(0, 0, 0)",
    "w": 1,
    "x": 171,
    "y": 46,
  },
  {
    "h": 10,
    "op": "clip",
    "w": 39,
    "x": 146,
    "y": 53,
  },
  {
    "fill": 0,
    "fillRgb": "rgb(211, 211, 211)",
    "op": "polygon",
    "outline": 2,
    "outlineRgb": "rgb(0, 0, 0)",
    "points": [
      [
        158,
        53,
      ],
      [
        160,
        60,
      ],
      [
        163,
        53,
      ],
    ],
  },
  {
    "fill": 0,
    "fillRgb": "rgb(211, 211, 211)",
    "op": "polygon",
    "outline": 2,
    "outlineRgb": "rgb(0, 0, 0)",
    "points": [
      [
        172,
        53,
      ],
      [
        170,
        60,
      ],
      [
        167,
        53,
      ],
    ],
  },
  {
    "cx": 165,
    "cy": 40,
    "fill": 8,
    "fillRgb": "rgb(211, 190, 190)",
    "op": "circle",
    "outline": 2,
    "outlineRgb": "rgb(0, 0, 0)",
    "r": 16,
  },
  {
    "op": "unclip",
  },
  {
    "align": "left",
    "baseline": "mathematical",
    "colour": 2,
    "fontType": "variable",
    "op": "text",
    "rgb": "rgb(0, 0, 0)",
    "size": 26,
    "text": "5/5",
    "x": 186,
    "y": 48,
  },
  {
    "colour": 0,
    "h": 64,
    "op": "rect",
    "rgb": "rgb(211, 211, 211)",
    "w": 128,
    "x": 272,
    "y": 16,
  },
  {
    "cx": 293,
    "cy": 48,
    "fill": 7,
    "fillRgb": "rgb(105, 211, 105)",
    "op": "circle",
    "outline": 2,
    "outlineRgb": "rgb(0, 0, 0)",
    "r": 16,
  },
  {
    "colour": 2,
    "op": "line",
    "rgb": "rgb(0, 0, 0)",
    "thickness": 1,
    "x1": 285,
    "x2": 289,
    "y1": 43,
    "y2": 47,
  },
  {
    "colour": 2,
    "op": "line",
    "rgb": "rgb(0, 0, 0)",
    "thickness": 1,
    "x1": 289,
    "x2": 285,
    "y1": 43,
    "y2": 47,
  },
  {
    "colour": 2,
    "op": "line",
    "rgb": "rgb(0, 0, 0)",
    "thickness": 1,
    "x1": 297,
    "x2": 301,
    "y1": 43,
    "y2": 47,
  },
  {
    "colour": 2,
    "op": "line",
    "rgb": "rgb(0, 0, 0)",
    "thickness": 1,
    "x1": 301,
    "x2": 297,
    "y1": 43,
    "y2": 47,
  },
  {
    "h": 21,
    "op": "clip",
    "w": 17,
    "x": 285,
    "y": 55,
  },
  {
    "cx": 291,
    "cy": 55,
    "fill": 0,
    "fillRgb": "rgb(211, 211, 211)",
    "op": "circle",
    "outline": 2,
    "outlineRgb": "rgb(0, 0, 0)",
    "r": 3,
  },
  {
    "op": "unclip",
  },
  {
    "colour": 2,
    "op": "line",
    "rgb": "rgb(0, 0, 0)",
    "thickness": 1,
    "x1": 285,
    "x2": 301,
    "y1": 55,
    "y2": 55,
  },
  {
    "align": "left",
    "baseline": "mathematical",
    "colour": 2,
    "fontType": "variable",
    "op": "text",
    "rgb": "rgb(0, 0, 0)",
    "size": 26,
    "text": "1/2",
    "x": 314,
    "y": 48,
  },
  {
    "colour": 0,
    "h": 61,
    "op": "rect",
    "rgb": "rgb(211, 211, 211)",
    "w": 61,
    "x": 338,
    "y": 274,
  },
  {
    "align": "center",
    "baseline": "mathematical",
    "colour": 2,
    "fontType": "variable",
    "op": "text",
    "rgb": "rgb(0, 0, 0)",
    "size": 32,
    "text": "0",
    "x": 368,
    "y": 304,
  },
  {
    "colour": 0,
    "h": 61,
    "op": "rect",
    "rgb": "rgb(211, 211, 211)",
    "w": 61,
    "x": 338,
    "y": 338,
  },
  {
    "align": "center",
    "baseline": "mathematical",
    "colour": 2,
    "fontType": "variable",
    "op": "text",
    "rgb": "rgb(0, 0, 0)",
    "size": 32,
    "text": "0",
    "x": 368,
    "y": 368,
  },
  {
    "colour": 0,
    "h": 61,
    "op": "rect",
    "rgb": "rgb(211, 211, 211)",
    "w": 61,
    "x": 274,
    "y": 402,
  },
  {
    "align": "center",
    "baseline": "mathematical",
    "colour": 2,
    "fontType": "variable",
    "op": "text",
    "rgb": "rgb(0, 0, 0)",
    "size": 32,
    "text": "0",
    "x": 304,
    "y": 432,
  },
  {
    "colour": 0,
    "h": 61,
    "op": "rect",
    "rgb": "rgb(211, 211, 211)",
    "w": 61,
    "x": 210,
    "y": 402,
  },
  {
    "align": "center",
    "baseline": "mathematical",
    "colour": 2,
    "fontType": "variable",
    "op": "text",
    "rgb": "rgb(0, 0, 0)",
    "size": 32,
    "text": "0",
    "x": 240,
    "y": 432,
  },
  {
    "colour": 0,
    "h": 61,
    "op": "rect",
    "rgb": "rgb(211, 211, 211)",
    "w": 61,
    "x": 82,
    "y": 402,
  },
  {
    "align": "center",
    "baseline": "mathematical",
    "colour": 2,
    "fontType": "variable",
    "op": "text",
    "rgb": "rgb(0, 0, 0)",
    "size": 32,
    "text": "1",
    "x": 112,
    "y": 432,
  },
  {
    "colour": 0,
    "h": 61,
    "op": "rect",
    "rgb": "rgb(211, 211, 211)",
    "w": 61,
    "x": 18,
    "y": 274,
  },
  {
    "align": "center",
    "baseline": "mathematical",
    "colour": 2,
    "fontType": "variable",
    "op": "text",
    "rgb": "rgb(0, 0, 0)",
    "size": 32,
    "text": "1",
    "x": 48,
    "y": 304,
  },
  {
    "colour": 0,
    "h": 61,
    "op": "rect",
    "rgb": "rgb(211, 211, 211)",
    "w": 61,
    "x": 146,
    "y": 82,
  },
  {
    "align": "center",
    "baseline": "mathematical",
    "colour": 3,
    "fontType": "variable",
    "op": "text",
    "rgb": "rgb(255, 0, 0)",
    "size": 32,
    "text": "0",
    "x": 176,
    "y": 112,
  },
  {
    "colour": 0,
    "h": 61,
    "op": "rect",
    "rgb": "rgb(211, 211, 211)",
    "w": 61,
    "x": 338,
    "y": 146,
  },
  {
    "align": "center",
    "baseline": "mathematical",
    "colour": 2,
    "fontType": "variable",
    "op": "text",
    "rgb": "rgb(0, 0, 0)",
    "size": 32,
    "text": "2",
    "x": 368,
    "y": 176,
  },
  {
    "colour": 0,
    "h": 61,
    "op": "rect",
    "rgb": "rgb(211, 211, 211)",
    "w": 61,
    "x": 146,
    "y": 402,
  },
  {
    "align": "center",
    "baseline": "mathematical",
    "colour": 2,
    "fontType": "variable",
    "op": "text",
    "rgb": "rgb(0, 0, 0)",
    "size": 32,
    "text": "1",
    "x": 176,
    "y": 432,
  },
  {
    "colour": 0,
    "h": 61,
    "op": "rect",
    "rgb": "rgb(211, 211, 211)",
    "w": 61,
    "x": 18,
    "y": 146,
  },
  {
    "align": "center",
    "baseline": "mathematical",
    "colour": 2,
    "fontType": "variable",
    "op": "text",
    "rgb": "rgb(0, 0, 0)",
    "size": 32,
    "text": "0",
    "x": 48,
    "y": 176,
  },
  {
    "colour": 0,
    "h": 61,
    "op": "rect",
    "rgb": "rgb(211, 211, 211)",
    "w": 61,
    "x": 82,
    "y": 82,
  },
  {
    "align": "center",
    "baseline": "mathematical",
    "colour": 2,
    "fontType": "variable",
    "op": "text",
    "rgb": "rgb(0, 0, 0)",
    "size": 32,
    "text": "2",
    "x": 112,
    "y": 112,
  },
  {
    "colour": 0,
    "h": 61,
    "op": "rect",
    "rgb": "rgb(211, 211, 211)",
    "w": 61,
    "x": 274,
    "y": 82,
  },
  {
    "align": "center",
    "baseline": "mathematical",
    "colour": 2,
    "fontType": "variable",
    "op": "text",
    "rgb": "rgb(0, 0, 0)",
    "size": 32,
    "text": "2",
    "x": 304,
    "y": 112,
  },
  {
    "colour": 0,
    "h": 61,
    "op": "rect",
    "rgb": "rgb(211, 211, 211)",
    "w": 61,
    "x": 338,
    "y": 210,
  },
  {
    "align": "center",
    "baseline": "mathematical",
    "colour": 2,
    "fontType": "variable",
    "op": "text",
    "rgb": "rgb(0, 0, 0)",
    "size": 32,
    "text": "2",
    "x": 368,
    "y": 240,
  },
  {
    "colour": 0,
    "h": 61,
    "op": "rect",
    "rgb": "rgb(211, 211, 211)",
    "w": 61,
    "x": 18,
    "y": 210,
  },
  {
    "align": "center",
    "baseline": "mathematical",
    "colour": 2,
    "fontType": "variable",
    "op": "text",
    "rgb": "rgb(0, 0, 0)",
    "size": 32,
    "text": "2",
    "x": 48,
    "y": 240,
  },
  {
    "colour": 0,
    "h": 61,
    "op": "rect",
    "rgb": "rgb(211, 211, 211)",
    "w": 61,
    "x": 210,
    "y": 82,
  },
  {
    "align": "center",
    "baseline": "mathematical",
    "colour": 2,
    "fontType": "variable",
    "op": "text",
    "rgb": "rgb(0, 0, 0)",
    "size": 32,
    "text": "3",
    "x": 240,
    "y": 112,
  },
  {
    "colour": 0,
    "h": 61,
    "op": "rect",
    "rgb": "rgb(211, 211, 211)",
    "w": 61,
    "x": 18,
    "y": 338,
  },
  {
    "align": "center",
    "baseline": "mathematical",
    "colour": 2,
    "fontType": "variable",
    "op": "text",
    "rgb": "rgb(0, 0, 0)",
    "size": 32,
    "text": "3",
    "x": 48,
    "y": 368,
  },
  {
    "colour": 0,
    "h": 63,
    "op": "rect",
    "rgb": "rgb(211, 211, 211)",
    "w": 63,
    "x": 81,
    "y": 145,
  },
  {
    "colour": 2,
    "op": "line",
    "rgb": "rgb(0, 0, 0)",
    "thickness": 4,
    "x1": 96,
    "x2": 128,
    "y1": 160,
    "y2": 192,
  },
  {
    "colour": 0,
    "h": 63,
    "op": "rect",
    "rgb": "rgb(211, 211, 211)",
    "w": 63,
    "x": 81,
    "y": 209,
  },
  {
    "colour": 0,
    "h": 63,
    "op": "rect",
    "rgb": "rgb(211, 211, 211)",
    "w": 63,
    "x": 81,
    "y": 273,
  },
  {
    "colour": 2,
    "op": "line",
    "rgb": "rgb(0, 0, 0)",
    "thickness": 4,
    "x1": 96,
    "x2": 128,
    "y1": 288,
    "y2": 320,
  },
  {
    "colour": 0,
    "h": 63,
    "op": "rect",
    "rgb": "rgb(211, 211, 211)",
    "w": 63,
    "x": 81,
    "y": 337,
  },
  {
    "colour": 0,
    "h": 63,
    "op": "rect",
    "rgb": "rgb(211, 211, 211)",
    "w": 63,
    "x": 145,
    "y": 145,
  },
  {
    "colour": 2,
    "op": "line",
    "rgb": "rgb(0, 0, 0)",
    "thickness": 4,
    "x1": 160,
    "x2": 192,
    "y1": 160,
    "y2": 192,
  },
  {
    "colour": 0,
    "h": 63,
    "op": "rect",
    "rgb": "rgb(211, 211, 211)",
    "w": 63,
    "x": 145,
    "y": 209,
  },
  {
    "colour": 0,
    "h": 63,
    "op": "rect",
    "rgb": "rgb(211, 211, 211)",
    "w": 63,
    "x": 145,
    "y": 273,
  },
  {
    "colour": 2,
    "op": "line",
    "rgb": "rgb(0, 0, 0)",
    "thickness": 4,
    "x1": 160,
    "x2": 192,
    "y1": 288,
    "y2": 320,
  },
  {
    "colour": 0,
    "h": 63,
    "op": "rect",
    "rgb": "rgb(211, 211, 211)",
    "w": 63,
    "x": 145,
    "y": 337,
  },
  {
    "colour": 0,
    "h": 63,
    "op": "rect",
    "rgb": "rgb(211, 211, 211)",
    "w": 63,
    "x": 209,
    "y": 145,
  },
  {
    "cx": 240,
    "cy": 176,
    "fill": 7,
    "fillRgb": "rgb(105, 211, 105)",
    "op": "circle",
    "outline": 2,
    "outlineRgb": "rgb(0, 0, 0)",
    "r": 19,
  },
  {
    "colour": 2,
    "op": "line",
    "rgb": "rgb(0, 0, 0)",
    "thickness": 1,
    "x1": 231,
    "x2": 237,
    "y1": 169,
    "y2": 175,
  },
  {
    "colour": 2,
    "op": "line",
    "rgb": "rgb(0, 0, 0)",
    "thickness": 1,
    "x1": 237,
    "x2": 231,
    "y1": 169,
    "y2": 175,
  },
  {
    "colour": 2,
    "op": "line",
    "rgb": "rgb(0, 0, 0)",
    "thickness": 1,
    "x1": 243,
    "x2": 249,
    "y1": 169,
    "y2": 175,
  },
  {
    "colour": 2,
    "op": "line",
    "rgb": "rgb(0, 0, 0)",
    "thickness": 1,
    "x1": 249,
    "x2": 243,
    "y1": 169,
    "y2": 175,
  },
  {
    "h": 24,
    "op": "clip",
    "w": 20,
    "x": 231,
    "y": 184,
  },
  {
    "cx": 237,
    "cy": 184,
    "fill": 0,
    "fillRgb": "rgb(211, 211, 211)",
    "op": "circle",
    "outline": 2,
    "outlineRgb": "rgb(0, 0, 0)",
    "r": 4,
  },
  {
    "op": "unclip",
  },
  {
    "colour": 2,
    "op": "line",
    "rgb": "rgb(0, 0, 0)",
    "thickness": 1,
    "x1": 231,
    "x2": 249,
    "y1": 184,
    "y2": 184,
  },
  {
    "colour": 0,
    "h": 63,
    "op": "rect",
    "rgb": "rgb(211, 211, 211)",
    "w": 63,
    "x": 209,
    "y": 209,
  },
  {
    "colour": 0,
    "h": 63,
    "op": "rect",
    "rgb": "rgb(211, 211, 211)",
    "w": 63,
    "x": 209,
    "y": 273,
  },
  {
    "colour": 0,
    "h": 63,
    "op": "rect",
    "rgb": "rgb(211, 211, 211)",
    "w": 63,
    "x": 209,
    "y": 337,
  },
  {
    "colour": 2,
    "op": "line",
    "rgb": "rgb(0, 0, 0)",
    "thickness": 4,
    "x1": 224,
    "x2": 256,
    "y1": 384,
    "y2": 352,
  },
  {
    "colour": 0,
    "h": 63,
    "op": "rect",
    "rgb": "rgb(211, 211, 211)",
    "w": 63,
    "x": 273,
    "y": 145,
  },
  {
    "colour": 0,
    "h": 63,
    "op": "rect",
    "rgb": "rgb(211, 211, 211)",
    "w": 63,
    "x": 273,
    "y": 209,
  },
  {
    "colour": 0,
    "h": 63,
    "op": "rect",
    "rgb": "rgb(211, 211, 211)",
    "w": 63,
    "x": 273,
    "y": 273,
  },
  {
    "colour": 2,
    "op": "line",
    "rgb": "rgb(0, 0, 0)",
    "thickness": 4,
    "x1": 288,
    "x2": 320,
    "y1": 320,
    "y2": 288,
  },
  {
    "colour": 0,
    "h": 63,
    "op": "rect",
    "rgb": "rgb(211, 211, 211)",
    "w": 63,
    "x": 273,
    "y": 337,
  },
  {
    "colour": 2,
    "op": "line",
    "rgb": "rgb(0, 0, 0)",
    "thickness": 4,
    "x1": 288,
    "x2": 320,
    "y1": 352,
    "y2": 384,
  },
  {
    "colour": 0,
    "h": 64,
    "op": "rect",
    "rgb": "rgb(211, 211, 211)",
    "w": 64,
    "x": 336,
    "y": 80,
  },
]
`;
