// Vitest Snapshot v1, https://vitest.dev/guide/snapshot.html

exports[`abcd render > draws the initial frame with border letters and clues 1`] = `
[
  {
    "color": 0,
    "h": 324,
    "op": "rect",
    "rgb": "rgb(211, 211, 211)",
    "w": 325,
    "x": 0,
    "y": 0,
  },
  {
    "align": "center",
    "baseline": "mathematical",
    "color": 3,
    "fontType": "variable",
    "op": "text",
    "rgb": "rgb(0, 0, 127)",
    "size": 18,
    "text": "A",
    "x": 18,
    "y": 126,
  },
  {
    "align": "center",
    "baseline": "mathematical",
    "color": 3,
    "fontType": "variable",
    "op": "text",
    "rgb": "rgb(0, 0, 127)",
    "size": 18,
    "text": "A",
    "x": 126,
    "y": 18,
  },
  {
    "align": "center",
    "baseline": "mathematical",
    "color": 3,
    "fontType": "variable",
    "op": "text",
    "rgb": "rgb(0, 0, 127)",
    "size": 18,
    "text": "B",
    "x": 54,
    "y": 126,
  },
  {
    "align": "center",
    "baseline": "mathematical",
    "color": 3,
    "fontType": "variable",
    "op": "text",
    "rgb": "rgb(0, 0, 127)",
    "size": 18,
    "text": "B",
    "x": 126,
    "y": 54,
  },
  {
    "align": "center",
    "baseline": "mathematical",
    "color": 3,
    "fontType": "variable",
    "op": "text",
    "rgb": "rgb(0, 0, 127)",
    "size": 18,
    "text": "C",
    "x": 90,
    "y": 126,
  },
  {
    "align": "center",
    "baseline": "mathematical",
    "color": 3,
    "fontType": "variable",
    "op": "text",
    "rgb": "rgb(0, 0, 127)",
    "size": 18,
    "text": "C",
    "x": 126,
    "y": 90,
  },
  {
    "align": "center",
    "baseline": "mathematical",
    "color": 3,
    "fontType": "variable",
    "op": "text",
    "rgb": "rgb(0, 0, 127)",
    "size": 18,
    "text": "D",
    "x": 126,
    "y": 126,
  },
  {
    "color": 0,
    "h": 35,
    "op": "rect",
    "rgb": "rgb(211, 211, 211)",
    "w": 35,
    "x": 0,
    "y": 144,
  },
  {
    "align": "center",
    "baseline": "mathematical",
    "color": 4,
    "fontType": "variable",
    "op": "text",
    "rgb": "rgb(0, 0, 0)",
    "size": 18,
    "text": "1",
    "x": 18,
    "y": 162,
  },
  {
    "color": 0,
    "h": 35,
    "op": "rect",
    "rgb": "rgb(211, 211, 211)",
    "w": 35,
    "x": 36,
    "y": 144,
  },
  {
    "align": "center",
    "baseline": "mathematical",
    "color": 4,
    "fontType": "variable",
    "op": "text",
    "rgb": "rgb(0, 0, 0)",
    "size": 18,
    "text": "1",
    "x": 54,
    "y": 162,
  },
  {
    "color": 0,
    "h": 35,
    "op": "rect",
    "rgb": "rgb(211, 211, 211)",
    "w": 35,
    "x": 72,
    "y": 144,
  },
  {
    "align": "center",
    "baseline": "mathematical",
    "color": 4,
    "fontType": "variable",
    "op": "text",
    "rgb": "rgb(0, 0, 0)",
    "size": 18,
    "text": "2",
    "x": 90,
    "y": 162,
  },
  {
    "color": 0,
    "h": 35,
    "op": "rect",
    "rgb": "rgb(211, 211, 211)",
    "w": 35,
    "x": 108,
    "y": 144,
  },
  {
    "align": "center",
    "baseline": "mathematical",
    "color": 4,
    "fontType": "variable",
    "op": "text",
    "rgb": "rgb(0, 0, 0)",
    "size": 18,
    "text": "1",
    "x": 126,
    "y": 162,
  },
  {
    "color": 0,
    "h": 35,
    "op": "rect",
    "rgb": "rgb(211, 211, 211)",
    "w": 35,
    "x": 0,
    "y": 180,
  },
  {
    "align": "center",
    "baseline": "mathematical",
    "color": 4,
    "fontType": "variable",
    "op": "text",
    "rgb": "rgb(0, 0, 0)",
    "size": 18,
    "text": "1",
    "x": 18,
    "y": 198,
  },
  {
    "color": 0,
    "h": 35,
    "op": "rect",
    "rgb": "rgb(211, 211, 211)",
    "w": 35,
    "x": 36,
    "y": 180,
  },
  {
    "align": "center",
    "baseline": "mathematical",
    "color": 4,
    "fontType": "variable",
    "op": "text",
    "rgb": "rgb(0, 0, 0)",
    "size": 18,
    "text": "0",
    "x": 54,
    "y": 198,
  },
  {
    "color": 0,
    "h": 35,
    "op": "rect",
    "rgb": "rgb(211, 211, 211)",
    "w": 35,
    "x": 72,
    "y": 180,
  },
  {
    "align": "center",
    "baseline": "mathematical",
    "color": 4,
    "fontType": "variable",
    "op": "text",
    "rgb": "rgb(0, 0, 0)",
    "size": 18,
    "text": "1",
    "x": 90,
    "y": 198,
  },
  {
    "color": 0,
    "h": 35,
    "op": "rect",
    "rgb": "rgb(211, 211, 211)",
    "w": 35,
    "x": 108,
    "y": 180,
  },
  {
    "align": "center",
    "baseline": "mathematical",
    "color": 4,
    "fontType": "variable",
    "op": "text",
    "rgb": "rgb(0, 0, 0)",
    "size": 18,
    "text": "3",
    "x": 126,
    "y": 198,
  },
  {
    "color": 0,
    "h": 35,
    "op": "rect",
    "rgb": "rgb(211, 211, 211)",
    "w": 35,
    "x": 0,
    "y": 216,
  },
  {
    "align": "center",
    "baseline": "mathematical",
    "color": 4,
    "fontType": "variable",
    "op": "text",
    "rgb": "rgb(0, 0, 0)",
    "size": 18,
    "text": "3",
    "x": 18,
    "y": 234,
  },
  {
    "color": 0,
    "h": 35,
    "op": "rect",
    "rgb": "rgb(211, 211, 211)",
    "w": 35,
    "x": 36,
    "y": 216,
  },
  {
    "align": "center",
    "baseline": "mathematical",
    "color": 4,
    "fontType": "variable",
    "op": "text",
    "rgb": "rgb(0, 0, 0)",
    "size": 18,
    "text": "0",
    "x": 54,
    "y": 234,
  },
  {
    "color": 0,
    "h": 35,
    "op": "rect",
    "rgb": "rgb(211, 211, 211)",
    "w": 35,
    "x": 72,
    "y": 216,
  },
  {
    "align": "center",
    "baseline": "mathematical",
    "color": 4,
    "fontType": "variable",
    "op": "text",
    "rgb": "rgb(0, 0, 0)",
    "size": 18,
    "text": "1",
    "x": 90,
    "y": 234,
  },
  {
    "color": 0,
    "h": 35,
    "op": "rect",
    "rgb": "rgb(211, 211, 211)",
    "w": 35,
    "x": 108,
    "y": 216,
  },
  {
    "align": "center",
    "baseline": "mathematical",
    "color": 4,
    "fontType": "variable",
    "op": "text",
    "rgb": "rgb(0, 0, 0)",
    "size": 18,
    "text": "1",
    "x": 126,
    "y": 234,
  },
  {
    "color": 0,
    "h": 35,
    "op": "rect",
    "rgb": "rgb(211, 211, 211)",
    "w": 35,
    "x": 0,
    "y": 252,
  },
  {
    "align": "center",
    "baseline": "mathematical",
    "color": 4,
    "fontType": "variable",
    "op": "text",
    "rgb": "rgb(0, 0, 0)",
    "size": 18,
    "text": "1",
    "x": 18,
    "y": 270,
  },
  {
    "color": 0,
    "h": 35,
    "op": "rect",
    "rgb": "rgb(211, 211, 211)",
    "w": 35,
    "x": 36,
    "y": 252,
  },
  {
    "align": "center",
    "baseline": "mathematical",
    "color": 4,
    "fontType": "variable",
    "op": "text",
    "rgb": "rgb(0, 0, 0)",
    "size": 18,
    "text": "1",
    "x": 54,
    "y": 270,
  },
  {
    "color": 0,
    "h": 35,
    "op": "rect",
    "rgb": "rgb(211, 211, 211)",
    "w": 35,
    "x": 72,
    "y": 252,
  },
  {
    "align": "center",
    "baseline": "mathematical",
    "color": 4,
    "fontType": "variable",
    "op": "text",
    "rgb": "rgb(0, 0, 0)",
    "size": 18,
    "text": "2",
    "x": 90,
    "y": 270,
  },
  {
    "color": 0,
    "h": 35,
    "op": "rect",
    "rgb": "rgb(211, 211, 211)",
    "w": 35,
    "x": 108,
    "y": 252,
  },
  {
    "align": "center",
    "baseline": "mathematical",
    "color": 4,
    "fontType": "variable",
    "op": "text",
    "rgb": "rgb(0, 0, 0)",
    "size": 18,
    "text": "1",
    "x": 126,
    "y": 270,
  },
  {
    "color": 0,
    "h": 35,
    "op": "rect",
    "rgb": "rgb(211, 211, 211)",
    "w": 35,
    "x": 0,
    "y": 288,
  },
  {
    "align": "center",
    "baseline": "mathematical",
    "color": 4,
    "fontType": "variable",
    "op": "text",
    "rgb": "rgb(0, 0, 0)",
    "size": 18,
    "text": "0",
    "x": 18,
    "y": 306,
  },
  {
    "color": 0,
    "h": 35,
    "op": "rect",
    "rgb": "rgb(211, 211, 211)",
    "w": 35,
    "x": 36,
    "y": 288,
  },
  {
    "align": "center",
    "baseline": "mathematical",
    "color": 4,
    "fontType": "variable",
    "op": "text",
    "rgb": "rgb(0, 0, 0)",
    "size": 18,
    "text": "3",
    "x": 54,
    "y": 306,
  },
  {
    "color": 0,
    "h": 35,
    "op": "rect",
    "rgb": "rgb(211, 211, 211)",
    "w": 35,
    "x": 72,
    "y": 288,
  },
  {
    "align": "center",
    "baseline": "mathematical",
    "color": 4,
    "fontType": "variable",
    "op": "text",
    "rgb": "rgb(0, 0, 0)",
    "size": 18,
    "text": "1",
    "x": 90,
    "y": 306,
  },
  {
    "color": 0,
    "h": 35,
    "op": "rect",
    "rgb": "rgb(211, 211, 211)",
    "w": 35,
    "x": 108,
    "y": 288,
  },
  {
    "align": "center",
    "baseline": "mathematical",
    "color": 4,
    "fontType": "variable",
    "op": "text",
    "rgb": "rgb(0, 0, 0)",
    "size": 18,
    "text": "1",
    "x": 126,
    "y": 306,
  },
  {
    "color": 0,
    "h": 35,
    "op": "rect",
    "rgb": "rgb(211, 211, 211)",
    "w": 35,
    "x": 144,
    "y": 0,
  },
  {
    "align": "center",
    "baseline": "mathematical",
    "color": 4,
    "fontType": "variable",
    "op": "text",
    "rgb": "rgb(0, 0, 0)",
    "size": 18,
    "text": "1",
    "x": 162,
    "y": 18,
  },
  {
    "color": 0,
    "h": 35,
    "op": "rect",
    "rgb": "rgb(211, 211, 211)",
    "w": 35,
    "x": 144,
    "y": 36,
  },
  {
    "align": "center",
    "baseline": "mathematical",
    "color": 4,
    "fontType": "variable",
    "op": "text",
    "rgb": "rgb(0, 0, 0)",
    "size": 18,
    "text": "1",
    "x": 162,
    "y": 54,
  },
  {
    "color": 0,
    "h": 35,
    "op": "rect",
    "rgb": "rgb(211, 211, 211)",
    "w": 35,
    "x": 144,
    "y": 72,
  },
  {
    "align": "center",
    "baseline": "mathematical",
    "color": 4,
    "fontType": "variable",
    "op": "text",
    "rgb": "rgb(0, 0, 0)",
    "size": 18,
    "text": "2",
    "x": 162,
    "y": 90,
  },
  {
    "color": 0,
    "h": 35,
    "op": "rect",
    "rgb": "rgb(211, 211, 211)",
    "w": 35,
    "x": 144,
    "y": 108,
  },
  {
    "align": "center",
    "baseline": "mathematical",
    "color": 4,
    "fontType": "variable",
    "op": "text",
    "rgb": "rgb(0, 0, 0)",
    "size": 18,
    "text": "1",
    "x": 162,
    "y": 126,
  },
  {
    "color": 0,
    "h": 35,
    "op": "rect",
    "rgb": "rgb(211, 211, 211)",
    "w": 35,
    "x": 180,
    "y": 0,
  },
  {
    "align": "center",
    "baseline": "mathematical",
    "color": 4,
    "fontType": "variable",
    "op": "text",
    "rgb": "rgb(0, 0, 0)",
    "size": 18,
    "text": "2",
    "x": 198,
    "y": 18,
  },
  {
    "color": 0,
    "h": 35,
    "op": "rect",
    "rgb": "rgb(211, 211, 211)",
    "w": 35,
    "x": 180,
    "y": 36,
  },
  {
    "align": "center",
    "baseline": "mathematical",
    "color": 4,
    "fontType": "variable",
    "op": "text",
    "rgb": "rgb(0, 0, 0)",
    "size": 18,
    "text": "1",
    "x": 198,
    "y": 54,
  },
  {
    "color": 0,
    "h": 35,
    "op": "rect",
    "rgb": "rgb(211, 211, 211)",
    "w": 35,
    "x": 180,
    "y": 72,
  },
  {
    "align": "center",
    "baseline": "mathematical",
    "color": 4,
    "fontType": "variable",
    "op": "text",
    "rgb": "rgb(0, 0, 0)",
    "size": 18,
    "text": "1",
    "x": 198,
    "y": 90,
  },
  {
    "color": 0,
    "h": 35,
    "op": "rect",
    "rgb": "rgb(211, 211, 211)",
    "w": 35,
    "x": 180,
    "y": 108,
  },
  {
    "align": "center",
    "baseline": "mathematical",
    "color": 4,
    "fontType": "variable",
    "op": "text",
    "rgb": "rgb(0, 0, 0)",
    "size": 18,
    "text": "1",
    "x": 198,
    "y": 126,
  },
  {
    "color": 0,
    "h": 35,
    "op": "rect",
    "rgb": "rgb(211, 211, 211)",
    "w": 35,
    "x": 216,
    "y": 0,
  },
  {
    "align": "center",
    "baseline": "mathematical",
    "color": 4,
    "fontType": "variable",
    "op": "text",
    "rgb": "rgb(0, 0, 0)",
    "size": 18,
    "text": "2",
    "x": 234,
    "y": 18,
  },
  {
    "color": 0,
    "h": 35,
    "op": "rect",
    "rgb": "rgb(211, 211, 211)",
    "w": 35,
    "x": 216,
    "y": 36,
  },
  {
    "align": "center",
    "baseline": "mathematical",
    "color": 4,
    "fontType": "variable",
    "op": "text",
    "rgb": "rgb(0, 0, 0)",
    "size": 18,
    "text": "1",
    "x": 234,
    "y": 54,
  },
  {
    "color": 0,
    "h": 35,
    "op": "rect",
    "rgb": "rgb(211, 211, 211)",
    "w": 35,
    "x": 216,
    "y": 72,
  },
  {
    "align": "center",
    "baseline": "mathematical",
    "color": 4,
    "fontType": "variable",
    "op": "text",
    "rgb": "rgb(0, 0, 0)",
    "size": 18,
    "text": "1",
    "x": 234,
    "y": 90,
  },
  {
    "color": 0,
    "h": 35,
    "op": "rect",
    "rgb": "rgb(211, 211, 211)",
    "w": 35,
    "x": 216,
    "y": 108,
  },
  {
    "align": "center",
    "baseline": "mathematical",
    "color": 4,
    "fontType": "variable",
    "op": "text",
    "rgb": "rgb(0, 0, 0)",
    "size": 18,
    "text": "1",
    "x": 234,
    "y": 126,
  },
  {
    "color": 0,
    "h": 35,
    "op": "rect",
    "rgb": "rgb(211, 211, 211)",
    "w": 35,
    "x": 252,
    "y": 0,
  },
  {
    "align": "center",
    "baseline": "mathematical",
    "color": 4,
    "fontType": "variable",
    "op": "text",
    "rgb": "rgb(0, 0, 0)",
    "size": 18,
    "text": "0",
    "x": 270,
    "y": 18,
  },
  {
    "color": 0,
    "h": 35,
    "op": "rect",
    "rgb": "rgb(211, 211, 211)",
    "w": 35,
    "x": 252,
    "y": 36,
  },
  {
    "align": "center",
    "baseline": "mathematical",
    "color": 4,
    "fontType": "variable",
    "op": "text",
    "rgb": "rgb(0, 0, 0)",
    "size": 18,
    "text": "1",
    "x": 270,
    "y": 54,
  },
  {
    "color": 0,
    "h": 35,
    "op": "rect",
    "rgb": "rgb(211, 211, 211)",
    "w": 35,
    "x": 252,
    "y": 72,
  },
  {
    "align": "center",
    "baseline": "mathematical",
    "color": 4,
    "fontType": "variable",
    "op": "text",
    "rgb": "rgb(0, 0, 0)",
    "size": 18,
    "text": "2",
    "x": 270,
    "y": 90,
  },
  {
    "color": 0,
    "h": 35,
    "op": "rect",
    "rgb": "rgb(211, 211, 211)",
    "w": 35,
    "x": 252,
    "y": 108,
  },
  {
    "align": "center",
    "baseline": "mathematical",
    "color": 4,
    "fontType": "variable",
    "op": "text",
    "rgb": "rgb(0, 0, 0)",
    "size": 18,
    "text": "2",
    "x": 270,
    "y": 126,
  },
  {
    "color": 0,
    "h": 35,
    "op": "rect",
    "rgb": "rgb(211, 211, 211)",
    "w": 35,
    "x": 288,
    "y": 0,
  },
  {
    "align": "center",
    "baseline": "mathematical",
    "color": 4,
    "fontType": "variable",
    "op": "text",
    "rgb": "rgb(0, 0, 0)",
    "size": 18,
    "text": "1",
    "x": 306,
    "y": 18,
  },
  {
    "color": 0,
    "h": 35,
    "op": "rect",
    "rgb": "rgb(211, 211, 211)",
    "w": 35,
    "x": 288,
    "y": 36,
  },
  {
    "align": "center",
    "baseline": "mathematical",
    "color": 4,
    "fontType": "variable",
    "op": "text",
    "rgb": "rgb(0, 0, 0)",
    "size": 18,
    "text": "1",
    "x": 306,
    "y": 54,
  },
  {
    "color": 0,
    "h": 35,
    "op": "rect",
    "rgb": "rgb(211, 211, 211)",
    "w": 35,
    "x": 288,
    "y": 72,
  },
  {
    "align": "center",
    "baseline": "mathematical",
    "color": 4,
    "fontType": "variable",
    "op": "text",
    "rgb": "rgb(0, 0, 0)",
    "size": 18,
    "text": "1",
    "x": 306,
    "y": 90,
  },
  {
    "color": 0,
    "h": 35,
    "op": "rect",
    "rgb": "rgb(211, 211, 211)",
    "w": 35,
    "x": 288,
    "y": 108,
  },
  {
    "align": "center",
    "baseline": "mathematical",
    "color": 4,
    "fontType": "variable",
    "op": "text",
    "rgb": "rgb(0, 0, 0)",
    "size": 18,
    "text": "2",
    "x": 306,
    "y": 126,
  },
  {
    "color": 1,
    "h": 35,
    "op": "rect",
    "rgb": "rgb(211, 211, 211)",
    "w": 35,
    "x": 145,
    "y": 144,
  },
  {
    "fill": -1,
    "fillRgb": "color#-1",
    "op": "polygon",
    "outline": 2,
    "outlineRgb": "rgb(128, 128, 128)",
    "points": [
      [
        144,
        143,
      ],
      [
        180,
        143,
      ],
      [
        180,
        179,
      ],
      [
        144,
        179,
      ],
    ],
  },
  {
    "color": 1,
    "h": 35,
    "op": "rect",
    "rgb": "rgb(211, 211, 211)",
    "w": 35,
    "x": 181,
    "y": 144,
  },
  {
    "fill": -1,
    "fillRgb": "color#-1",
    "op": "polygon",
    "outline": 2,
    "outlineRgb": "rgb(128, 128, 128)",
    "points": [
      [
        180,
        143,
      ],
      [
        216,
        143,
      ],
      [
        216,
        179,
      ],
      [
        180,
        179,
      ],
    ],
  },
  {
    "color": 1,
    "h": 35,
    "op": "rect",
    "rgb": "rgb(211, 211, 211)",
    "w": 35,
    "x": 217,
    "y": 144,
  },
  {
    "fill": -1,
    "fillRgb": "color#-1",
    "op": "polygon",
    "outline": 2,
    "outlineRgb": "rgb(128, 128, 128)",
    "points": [
      [
        216,
        143,
      ],
      [
        252,
        143,
      ],
      [
        252,
        179,
      ],
      [
        216,
        179,
      ],
    ],
  },
  {
    "color": 1,
    "h": 35,
    "op": "rect",
    "rgb": "rgb(211, 211, 211)",
    "w": 35,
    "x": 253,
    "y": 144,
  },
  {
    "fill": -1,
    "fillRgb": "color#-1",
    "op": "polygon",
    "outline": 2,
    "outlineRgb": "rgb(128, 128, 128)",
    "points": [
      [
        252,
        143,
      ],
      [
        288,
        143,
      ],
      [
        288,
        179,
      ],
      [
        252,
        179,
      ],
    ],
  },
  {
    "color": 1,
    "h": 35,
    "op": "rect",
    "rgb": "rgb(211, 211, 211)",
    "w": 35,
    "x": 289,
    "y": 144,
  },
  {
    "fill": -1,
    "fillRgb": "color#-1",
    "op": "polygon",
    "outline": 2,
    "outlineRgb": "rgb(128, 128, 128)",
    "points": [
      [
        288,
        143,
      ],
      [
        324,
        143,
      ],
      [
        324,
        179,
      ],
      [
        288,
        179,
      ],
    ],
  },
  {
    "color": 1,
    "h": 35,
    "op": "rect",
    "rgb": "rgb(211, 211, 211)",
    "w": 35,
    "x": 145,
    "y": 180,
  },
  {
    "fill": -1,
    "fillRgb": "color#-1",
    "op": "polygon",
    "outline": 2,
    "outlineRgb": "rgb(128, 128, 128)",
    "points": [
      [
        144,
        179,
      ],
      [
        180,
        179,
      ],
      [
        180,
        215,
      ],
      [
        144,
        215,
      ],
    ],
  },
  {
    "color": 1,
    "h": 35,
    "op": "rect",
    "rgb": "rgb(211, 211, 211)",
    "w": 35,
    "x": 181,
    "y": 180,
  },
  {
    "fill": -1,
    "fillRgb": "color#-1",
    "op": "polygon",
    "outline": 2,
    "outlineRgb": "rgb(128, 128, 128)",
    "points": [
      [
        180,
        179,
      ],
      [
        216,
        179,
      ],
      [
        216,
        215,
      ],
      [
        180,
        215,
      ],
    ],
  },
  {
    "color": 1,
    "h": 35,
    "op": "rect",
    "rgb": "rgb(211, 211, 211)",
    "w": 35,
    "x": 217,
    "y": 180,
  },
  {
    "fill": -1,
    "fillRgb": "color#-1",
    "op": "polygon",
    "outline": 2,
    "outlineRgb": "rgb(128, 128, 128)",
    "points": [
      [
        216,
        179,
      ],
      [
        252,
        179,
      ],
      [
        252,
        215,
      ],
      [
        216,
        215,
      ],
    ],
  },
  {
    "color": 1,
    "h": 35,
    "op": "rect",
    "rgb": "rgb(211, 211, 211)",
    "w": 35,
    "x": 253,
    "y": 180,
  },
  {
    "fill": -1,
    "fillRgb": "color#-1",
    "op": "polygon",
    "outline": 2,
    "outlineRgb": "rgb(128, 128, 128)",
    "points": [
      [
        252,
        179,
      ],
      [
        288,
        179,
      ],
      [
        288,
        215,
      ],
      [
        252,
        215,
      ],
    ],
  },
  {
    "color": 1,
    "h": 35,
    "op": "rect",
    "rgb": "rgb(211, 211, 211)",
    "w": 35,
    "x": 289,
    "y": 180,
  },
  {
    "fill": -1,
    "fillRgb": "color#-1",
    "op": "polygon",
    "outline": 2,
    "outlineRgb": "rgb(128, 128, 128)",
    "points": [
      [
        288,
        179,
      ],
      [
        324,
        179,
      ],
      [
        324,
        215,
      ],
      [
        288,
        215,
      ],
    ],
  },
  {
    "color": 1,
    "h": 35,
    "op": "rect",
    "rgb": "rgb(211, 211, 211)",
    "w": 35,
    "x": 145,
    "y": 216,
  },
  {
    "fill": -1,
    "fillRgb": "color#-1",
    "op": "polygon",
    "outline": 2,
    "outlineRgb": "rgb(128, 128, 128)",
    "points": [
      [
        144,
        215,
      ],
      [
        180,
        215,
      ],
      [
        180,
        251,
      ],
      [
        144,
        251,
      ],
    ],
  },
  {
    "color": 1,
    "h": 35,
    "op": "rect",
    "rgb": "rgb(211, 211, 211)",
    "w": 35,
    "x": 181,
    "y": 216,
  },
  {
    "fill": -1,
    "fillRgb": "color#-1",
    "op": "polygon",
    "outline": 2,
    "outlineRgb": "rgb(128, 128, 128)",
    "points": [
      [
        180,
        215,
      ],
      [
        216,
        215,
      ],
      [
        216,
        251,
      ],
      [
        180,
        251,
      ],
    ],
  },
  {
    "color": 1,
    "h": 35,
    "op": "rect",
    "rgb": "rgb(211, 211, 211)",
    "w": 35,
    "x": 217,
    "y": 216,
  },
  {
    "fill": -1,
    "fillRgb": "color#-1",
    "op": "polygon",
    "outline": 2,
    "outlineRgb": "rgb(128, 128, 128)",
    "points": [
      [
        216,
        215,
      ],
      [
        252,
        215,
      ],
      [
        252,
        251,
      ],
      [
        216,
        251,
      ],
    ],
  },
  {
    "color": 1,
    "h": 35,
    "op": "rect",
    "rgb": "rgb(211, 211, 211)",
    "w": 35,
    "x": 253,
    "y": 216,
  },
  {
    "fill": -1,
    "fillRgb": "color#-1",
    "op": "polygon",
    "outline": 2,
    "outlineRgb": "rgb(128, 128, 128)",
    "points": [
      [
        252,
        215,
      ],
      [
        288,
        215,
      ],
      [
        288,
        251,
      ],
      [
        252,
        251,
      ],
    ],
  },
  {
    "color": 1,
    "h": 35,
    "op": "rect",
    "rgb": "rgb(211, 211, 211)",
    "w": 35,
    "x": 289,
    "y": 216,
  },
  {
    "fill": -1,
    "fillRgb": "color#-1",
    "op": "polygon",
    "outline": 2,
    "outlineRgb": "rgb(128, 128, 128)",
    "points": [
      [
        288,
        215,
      ],
      [
        324,
        215,
      ],
      [
        324,
        251,
      ],
      [
        288,
        251,
      ],
    ],
  },
  {
    "color": 1,
    "h": 35,
    "op": "rect",
    "rgb": "rgb(211, 211, 211)",
    "w": 35,
    "x": 145,
    "y": 252,
  },
  {
    "fill": -1,
    "fillRgb": "color#-1",
    "op": "polygon",
    "outline": 2,
    "outlineRgb": "rgb(128, 128, 128)",
    "points": [
      [
        144,
        251,
      ],
      [
        180,
        251,
      ],
      [
        180,
        287,
      ],
      [
        144,
        287,
      ],
    ],
  },
  {
    "color": 1,
    "h": 35,
    "op": "rect",
    "rgb": "rgb(211, 211, 211)",
    "w": 35,
    "x": 181,
    "y": 252,
  },
  {
    "fill": -1,
    "fillRgb": "color#-1",
    "op": "polygon",
    "outline": 2,
    "outlineRgb": "rgb(128, 128, 128)",
    "points": [
      [
        180,
        251,
      ],
      [
        216,
        251,
      ],
      [
        216,
        287,
      ],
      [
        180,
        287,
      ],
    ],
  },
  {
    "color": 1,
    "h": 35,
    "op": "rect",
    "rgb": "rgb(211, 211, 211)",
    "w": 35,
    "x": 217,
    "y": 252,
  },
  {
    "fill": -1,
    "fillRgb": "color#-1",
    "op": "polygon",
    "outline": 2,
    "outlineRgb": "rgb(128, 128, 128)",
    "points": [
      [
        216,
        251,
      ],
      [
        252,
        251,
      ],
      [
        252,
        287,
      ],
      [
        216,
        287,
      ],
    ],
  },
  {
    "color": 1,
    "h": 35,
    "op": "rect",
    "rgb": "rgb(211, 211, 211)",
    "w": 35,
    "x": 253,
    "y": 252,
  },
  {
    "fill": -1,
    "fillRgb": "color#-1",
    "op": "polygon",
    "outline": 2,
    "outlineRgb": "rgb(128, 128, 128)",
    "points": [
      [
        252,
        251,
      ],
      [
        288,
        251,
      ],
      [
        288,
        287,
      ],
      [
        252,
        287,
      ],
    ],
  },
  {
    "color": 1,
    "h": 35,
    "op": "rect",
    "rgb": "rgb(211, 211, 211)",
    "w": 35,
    "x": 289,
    "y": 252,
  },
  {
    "fill": -1,
    "fillRgb": "color#-1",
    "op": "polygon",
    "outline": 2,
    "outlineRgb": "rgb(128, 128, 128)",
    "points": [
      [
        288,
        251,
      ],
      [
        324,
        251,
      ],
      [
        324,
        287,
      ],
      [
        288,
        287,
      ],
    ],
  },
  {
    "color": 1,
    "h": 35,
    "op": "rect",
    "rgb": "rgb(211, 211, 211)",
    "w": 35,
    "x": 145,
    "y": 288,
  },
  {
    "fill": -1,
    "fillRgb": "color#-1",
    "op": "polygon",
    "outline": 2,
    "outlineRgb": "rgb(128, 128, 128)",
    "points": [
      [
        144,
        287,
      ],
      [
        180,
        287,
      ],
      [
        180,
        323,
      ],
      [
        144,
        323,
      ],
    ],
  },
  {
    "color": 1,
    "h": 35,
    "op": "rect",
    "rgb": "rgb(211, 211, 211)",
    "w": 35,
    "x": 181,
    "y": 288,
  },
  {
    "fill": -1,
    "fillRgb": "color#-1",
    "op": "polygon",
    "outline": 2,
    "outlineRgb": "rgb(128, 128, 128)",
    "points": [
      [
        180,
        287,
      ],
      [
        216,
        287,
      ],
      [
        216,
        323,
      ],
      [
        180,
        323,
      ],
    ],
  },
  {
    "color": 1,
    "h": 35,
    "op": "rect",
    "rgb": "rgb(211, 211, 211)",
    "w": 35,
    "x": 217,
    "y": 288,
  },
  {
    "fill": -1,
    "fillRgb": "color#-1",
    "op": "polygon",
    "outline": 2,
    "outlineRgb": "rgb(128, 128, 128)",
    "points": [
      [
        216,
        287,
      ],
      [
        252,
        287,
      ],
      [
        252,
        323,
      ],
      [
        216,
        323,
      ],
    ],
  },
  {
    "color": 1,
    "h": 35,
    "op": "rect",
    "rgb": "rgb(211, 211, 211)",
    "w": 35,
    "x": 253,
    "y": 288,
  },
  {
    "fill": -1,
    "fillRgb": "color#-1",
    "op": "polygon",
    "outline": 2,
    "outlineRgb": "rgb(128, 128, 128)",
    "points": [
      [
        252,
        287,
      ],
      [
        288,
        287,
      ],
      [
        288,
        323,
      ],
      [
        252,
        323,
      ],
    ],
  },
  {
    "color": 1,
    "h": 35,
    "op": "rect",
    "rgb": "rgb(211, 211, 211)",
    "w": 35,
    "x": 289,
    "y": 288,
  },
  {
    "fill": -1,
    "fillRgb": "color#-1",
    "op": "polygon",
    "outline": 2,
    "outlineRgb": "rgb(128, 128, 128)",
    "points": [
      [
        288,
        287,
      ],
      [
        324,
        287,
      ],
      [
        324,
        323,
      ],
      [
        288,
        323,
      ],
    ],
  },
  {
    "color": 0,
    "h": 36,
    "op": "rect",
    "rgb": "rgb(211, 211, 211)",
    "w": 36,
    "x": 0,
    "y": 0,
  },
]
`;
