// Vitest Snapshot v1, https://vitest.dev/guide/snapshot.html

exports[`Unruly render scenarios > hint frame: drives a real Midend to a displayed hint and renders it 1`] = `
[
  {
    "colour": 0,
    "h": 224,
    "op": "rect",
    "rgb": "rgb(211, 211, 211)",
    "w": 224,
    "x": 0,
    "y": 0,
  },
  {
    "colour": 1,
    "h": 197,
    "op": "rect",
    "rgb": "rgb(77, 77, 77)",
    "w": 197,
    "x": 13,
    "y": 13,
  },
  {
    "h": 32,
    "op": "clip",
    "w": 32,
    "x": 16,
    "y": 16,
  },
  {
    "colour": 1,
    "h": 32,
    "op": "rect",
    "rgb": "rgb(77, 77, 77)",
    "w": 32,
    "x": 16,
    "y": 16,
  },
  {
    "colour": 6,
    "h": 31,
    "op": "rect",
    "rgb": "rgb(51, 51, 51)",
    "w": 31,
    "x": 16,
    "y": 16,
  },
  {
    "colour": 8,
    "h": 1,
    "op": "rect",
    "rgb": "rgb(9, 9, 9)",
    "w": 20,
    "x": 21,
    "y": 21,
  },
  {
    "colour": 8,
    "h": 20,
    "op": "rect",
    "rgb": "rgb(9, 9, 9)",
    "w": 1,
    "x": 21,
    "y": 21,
  },
  {
    "colour": 7,
    "h": 1,
    "op": "rect",
    "rgb": "rgb(94, 94, 94)",
    "w": 20,
    "x": 22,
    "y": 41,
  },
  {
    "colour": 7,
    "h": 20,
    "op": "rect",
    "rgb": "rgb(94, 94, 94)",
    "w": 1,
    "x": 41,
    "y": 22,
  },
  {
    "op": "unclip",
  },
  {
    "h": 32,
    "op": "clip",
    "w": 32,
    "x": 48,
    "y": 16,
  },
  {
    "colour": 1,
    "h": 32,
    "op": "rect",
    "rgb": "rgb(77, 77, 77)",
    "w": 32,
    "x": 48,
    "y": 16,
  },
  {
    "colour": 2,
    "h": 31,
    "op": "rect",
    "rgb": "rgb(128, 128, 128)",
    "w": 31,
    "x": 48,
    "y": 16,
  },
  {
    "op": "unclip",
  },
  {
    "h": 32,
    "op": "clip",
    "w": 32,
    "x": 80,
    "y": 16,
  },
  {
    "colour": 1,
    "h": 32,
    "op": "rect",
    "rgb": "rgb(77, 77, 77)",
    "w": 32,
    "x": 80,
    "y": 16,
  },
  {
    "colour": 2,
    "h": 31,
    "op": "rect",
    "rgb": "rgb(128, 128, 128)",
    "w": 31,
    "x": 80,
    "y": 16,
  },
  {
    "op": "unclip",
  },
  {
    "h": 32,
    "op": "clip",
    "w": 32,
    "x": 112,
    "y": 16,
  },
  {
    "colour": 1,
    "h": 32,
    "op": "rect",
    "rgb": "rgb(77, 77, 77)",
    "w": 32,
    "x": 112,
    "y": 16,
  },
  {
    "colour": 2,
    "h": 31,
    "op": "rect",
    "rgb": "rgb(128, 128, 128)",
    "w": 31,
    "x": 112,
    "y": 16,
  },
  {
    "op": "unclip",
  },
  {
    "h": 32,
    "op": "clip",
    "w": 32,
    "x": 144,
    "y": 16,
  },
  {
    "colour": 1,
    "h": 32,
    "op": "rect",
    "rgb": "rgb(77, 77, 77)",
    "w": 32,
    "x": 144,
    "y": 16,
  },
  {
    "colour": 2,
    "h": 31,
    "op": "rect",
    "rgb": "rgb(128, 128, 128)",
    "w": 31,
    "x": 144,
    "y": 16,
  },
  {
    "op": "unclip",
  },
  {
    "h": 32,
    "op": "clip",
    "w": 32,
    "x": 176,
    "y": 16,
  },
  {
    "colour": 1,
    "h": 32,
    "op": "rect",
    "rgb": "rgb(77, 77, 77)",
    "w": 32,
    "x": 176,
    "y": 16,
  },
  {
    "colour": 2,
    "h": 31,
    "op": "rect",
    "rgb": "rgb(128, 128, 128)",
    "w": 31,
    "x": 176,
    "y": 16,
  },
  {
    "op": "unclip",
  },
  {
    "h": 32,
    "op": "clip",
    "w": 32,
    "x": 16,
    "y": 48,
  },
  {
    "colour": 1,
    "h": 32,
    "op": "rect",
    "rgb": "rgb(77, 77, 77)",
    "w": 32,
    "x": 16,
    "y": 48,
  },
  {
    "colour": 6,
    "h": 31,
    "op": "rect",
    "rgb": "rgb(51, 51, 51)",
    "w": 31,
    "x": 16,
    "y": 48,
  },
  {
    "colour": 8,
    "h": 1,
    "op": "rect",
    "rgb": "rgb(9, 9, 9)",
    "w": 20,
    "x": 21,
    "y": 53,
  },
  {
    "colour": 8,
    "h": 20,
    "op": "rect",
    "rgb": "rgb(9, 9, 9)",
    "w": 1,
    "x": 21,
    "y": 53,
  },
  {
    "colour": 7,
    "h": 1,
    "op": "rect",
    "rgb": "rgb(94, 94, 94)",
    "w": 20,
    "x": 22,
    "y": 73,
  },
  {
    "colour": 7,
    "h": 20,
    "op": "rect",
    "rgb": "rgb(94, 94, 94)",
    "w": 1,
    "x": 41,
    "y": 54,
  },
  {
    "colour": 13,
    "h": 2,
    "op": "rect",
    "rgb": "rgb(242, 153, 38)",
    "w": 31,
    "x": 16,
    "y": 48,
  },
  {
    "colour": 13,
    "h": 2,
    "op": "rect",
    "rgb": "rgb(242, 153, 38)",
    "w": 31,
    "x": 16,
    "y": 77,
  },
  {
    "colour": 13,
    "h": 31,
    "op": "rect",
    "rgb": "rgb(242, 153, 38)",
    "w": 2,
    "x": 16,
    "y": 48,
  },
  {
    "colour": 13,
    "h": 31,
    "op": "rect",
    "rgb": "rgb(242, 153, 38)",
    "w": 2,
    "x": 45,
    "y": 48,
  },
  {
    "op": "unclip",
  },
  {
    "h": 32,
    "op": "clip",
    "w": 32,
    "x": 48,
    "y": 48,
  },
  {
    "colour": 1,
    "h": 32,
    "op": "rect",
    "rgb": "rgb(77, 77, 77)",
    "w": 32,
    "x": 48,
    "y": 48,
  },
  {
    "colour": 6,
    "h": 31,
    "op": "rect",
    "rgb": "rgb(51, 51, 51)",
    "w": 31,
    "x": 48,
    "y": 48,
  },
  {
    "colour": 8,
    "h": 1,
    "op": "rect",
    "rgb": "rgb(9, 9, 9)",
    "w": 20,
    "x": 53,
    "y": 53,
  },
  {
    "colour": 8,
    "h": 20,
    "op": "rect",
    "rgb": "rgb(9, 9, 9)",
    "w": 1,
    "x": 53,
    "y": 53,
  },
  {
    "colour": 7,
    "h": 1,
    "op": "rect",
    "rgb": "rgb(94, 94, 94)",
    "w": 20,
    "x": 54,
    "y": 73,
  },
  {
    "colour": 7,
    "h": 20,
    "op": "rect",
    "rgb": "rgb(94, 94, 94)",
    "w": 1,
    "x": 73,
    "y": 54,
  },
  {
    "colour": 13,
    "h": 2,
    "op": "rect",
    "rgb": "rgb(242, 153, 38)",
    "w": 31,
    "x": 48,
    "y": 48,
  },
  {
    "colour": 13,
    "h": 2,
    "op": "rect",
    "rgb": "rgb(242, 153, 38)",
    "w": 31,
    "x": 48,
    "y": 77,
  },
  {
    "colour": 13,
    "h": 31,
    "op": "rect",
    "rgb": "rgb(242, 153, 38)",
    "w": 2,
    "x": 48,
    "y": 48,
  },
  {
    "colour": 13,
    "h": 31,
    "op": "rect",
    "rgb": "rgb(242, 153, 38)",
    "w": 2,
    "x": 77,
    "y": 48,
  },
  {
    "op": "unclip",
  },
  {
    "h": 32,
    "op": "clip",
    "w": 32,
    "x": 80,
    "y": 48,
  },
  {
    "colour": 1,
    "h": 32,
    "op": "rect",
    "rgb": "rgb(77, 77, 77)",
    "w": 32,
    "x": 80,
    "y": 48,
  },
  {
    "colour": 11,
    "h": 31,
    "op": "rect",
    "rgb": "rgb(33, 128, 217)",
    "w": 31,
    "x": 80,
    "y": 48,
  },
  {
    "op": "unclip",
  },
  {
    "h": 32,
    "op": "clip",
    "w": 32,
    "x": 112,
    "y": 48,
  },
  {
    "colour": 1,
    "h": 32,
    "op": "rect",
    "rgb": "rgb(77, 77, 77)",
    "w": 32,
    "x": 112,
    "y": 48,
  },
  {
    "colour": 2,
    "h": 31,
    "op": "rect",
    "rgb": "rgb(128, 128, 128)",
    "w": 31,
    "x": 112,
    "y": 48,
  },
  {
    "op": "unclip",
  },
  {
    "h": 32,
    "op": "clip",
    "w": 32,
    "x": 144,
    "y": 48,
  },
  {
    "colour": 1,
    "h": 32,
    "op": "rect",
    "rgb": "rgb(77, 77, 77)",
    "w": 32,
    "x": 144,
    "y": 48,
  },
  {
    "colour": 2,
    "h": 31,
    "op": "rect",
    "rgb": "rgb(128, 128, 128)",
    "w": 31,
    "x": 144,
    "y": 48,
  },
  {
    "op": "unclip",
  },
  {
    "h": 32,
    "op": "clip",
    "w": 32,
    "x": 176,
    "y": 48,
  },
  {
    "colour": 1,
    "h": 32,
    "op": "rect",
    "rgb": "rgb(77, 77, 77)",
    "w": 32,
    "x": 176,
    "y": 48,
  },
  {
    "colour": 2,
    "h": 31,
    "op": "rect",
    "rgb": "rgb(128, 128, 128)",
    "w": 31,
    "x": 176,
    "y": 48,
  },
  {
    "op": "unclip",
  },
  {
    "h": 32,
    "op": "clip",
    "w": 32,
    "x": 16,
    "y": 80,
  },
  {
    "colour": 1,
    "h": 32,
    "op": "rect",
    "rgb": "rgb(77, 77, 77)",
    "w": 32,
    "x": 16,
    "y": 80,
  },
  {
    "colour": 2,
    "h": 31,
    "op": "rect",
    "rgb": "rgb(128, 128, 128)",
    "w": 31,
    "x": 16,
    "y": 80,
  },
  {
    "op": "unclip",
  },
  {
    "h": 32,
    "op": "clip",
    "w": 32,
    "x": 48,
    "y": 80,
  },
  {
    "colour": 1,
    "h": 32,
    "op": "rect",
    "rgb": "rgb(77, 77, 77)",
    "w": 32,
    "x": 48,
    "y": 80,
  },
  {
    "colour": 6,
    "h": 31,
    "op": "rect",
    "rgb": "rgb(51, 51, 51)",
    "w": 31,
    "x": 48,
    "y": 80,
  },
  {
    "colour": 8,
    "h": 1,
    "op": "rect",
    "rgb": "rgb(9, 9, 9)",
    "w": 20,
    "x": 53,
    "y": 85,
  },
  {
    "colour": 8,
    "h": 20,
    "op": "rect",
    "rgb": "rgb(9, 9, 9)",
    "w": 1,
    "x": 53,
    "y": 85,
  },
  {
    "colour": 7,
    "h": 1,
    "op": "rect",
    "rgb": "rgb(94, 94, 94)",
    "w": 20,
    "x": 54,
    "y": 105,
  },
  {
    "colour": 7,
    "h": 20,
    "op": "rect",
    "rgb": "rgb(94, 94, 94)",
    "w": 1,
    "x": 73,
    "y": 86,
  },
  {
    "op": "unclip",
  },
  {
    "h": 32,
    "op": "clip",
    "w": 32,
    "x": 80,
    "y": 80,
  },
  {
    "colour": 1,
    "h": 32,
    "op": "rect",
    "rgb": "rgb(77, 77, 77)",
    "w": 32,
    "x": 80,
    "y": 80,
  },
  {
    "colour": 6,
    "h": 31,
    "op": "rect",
    "rgb": "rgb(51, 51, 51)",
    "w": 31,
    "x": 80,
    "y": 80,
  },
  {
    "colour": 8,
    "h": 1,
    "op": "rect",
    "rgb": "rgb(9, 9, 9)",
    "w": 20,
    "x": 85,
    "y": 85,
  },
  {
    "colour": 8,
    "h": 20,
    "op": "rect",
    "rgb": "rgb(9, 9, 9)",
    "w": 1,
    "x": 85,
    "y": 85,
  },
  {
    "colour": 7,
    "h": 1,
    "op": "rect",
    "rgb": "rgb(94, 94, 94)",
    "w": 20,
    "x": 86,
    "y": 105,
  },
  {
    "colour": 7,
    "h": 20,
    "op": "rect",
    "rgb": "rgb(94, 94, 94)",
    "w": 1,
    "x": 105,
    "y": 86,
  },
  {
    "op": "unclip",
  },
  {
    "h": 32,
    "op": "clip",
    "w": 32,
    "x": 112,
    "y": 80,
  },
  {
    "colour": 1,
    "h": 32,
    "op": "rect",
    "rgb": "rgb(77, 77, 77)",
    "w": 32,
    "x": 112,
    "y": 80,
  },
  {
    "colour": 2,
    "h": 31,
    "op": "rect",
    "rgb": "rgb(128, 128, 128)",
    "w": 31,
    "x": 112,
    "y": 80,
  },
  {
    "op": "unclip",
  },
  {
    "h": 32,
    "op": "clip",
    "w": 32,
    "x": 144,
    "y": 80,
  },
  {
    "colour": 1,
    "h": 32,
    "op": "rect",
    "rgb": "rgb(77, 77, 77)",
    "w": 32,
    "x": 144,
    "y": 80,
  },
  {
    "colour": 2,
    "h": 31,
    "op": "rect",
    "rgb": "rgb(128, 128, 128)",
    "w": 31,
    "x": 144,
    "y": 80,
  },
  {
    "op": "unclip",
  },
  {
    "h": 32,
    "op": "clip",
    "w": 32,
    "x": 176,
    "y": 80,
  },
  {
    "colour": 1,
    "h": 32,
    "op": "rect",
    "rgb": "rgb(77, 77, 77)",
    "w": 32,
    "x": 176,
    "y": 80,
  },
  {
    "colour": 6,
    "h": 31,
    "op": "rect",
    "rgb": "rgb(51, 51, 51)",
    "w": 31,
    "x": 176,
    "y": 80,
  },
  {
    "colour": 8,
    "h": 1,
    "op": "rect",
    "rgb": "rgb(9, 9, 9)",
    "w": 20,
    "x": 181,
    "y": 85,
  },
  {
    "colour": 8,
    "h": 20,
    "op": "rect",
    "rgb": "rgb(9, 9, 9)",
    "w": 1,
    "x": 181,
    "y": 85,
  },
  {
    "colour": 7,
    "h": 1,
    "op": "rect",
    "rgb": "rgb(94, 94, 94)",
    "w": 20,
    "x": 182,
    "y": 105,
  },
  {
    "colour": 7,
    "h": 20,
    "op": "rect",
    "rgb": "rgb(94, 94, 94)",
    "w": 1,
    "x": 201,
    "y": 86,
  },
  {
    "op": "unclip",
  },
  {
    "h": 32,
    "op": "clip",
    "w": 32,
    "x": 16,
    "y": 112,
  },
  {
    "colour": 1,
    "h": 32,
    "op": "rect",
    "rgb": "rgb(77, 77, 77)",
    "w": 32,
    "x": 16,
    "y": 112,
  },
  {
    "colour": 2,
    "h": 31,
    "op": "rect",
    "rgb": "rgb(128, 128, 128)",
    "w": 31,
    "x": 16,
    "y": 112,
  },
  {
    "op": "unclip",
  },
  {
    "h": 32,
    "op": "clip",
    "w": 32,
    "x": 48,
    "y": 112,
  },
  {
    "colour": 1,
    "h": 32,
    "op": "rect",
    "rgb": "rgb(77, 77, 77)",
    "w": 32,
    "x": 48,
    "y": 112,
  },
  {
    "colour": 2,
    "h": 31,
    "op": "rect",
    "rgb": "rgb(128, 128, 128)",
    "w": 31,
    "x": 48,
    "y": 112,
  },
  {
    "op": "unclip",
  },
  {
    "h": 32,
    "op": "clip",
    "w": 32,
    "x": 80,
    "y": 112,
  },
  {
    "colour": 1,
    "h": 32,
    "op": "rect",
    "rgb": "rgb(77, 77, 77)",
    "w": 32,
    "x": 80,
    "y": 112,
  },
  {
    "colour": 2,
    "h": 31,
    "op": "rect",
    "rgb": "rgb(128, 128, 128)",
    "w": 31,
    "x": 80,
    "y": 112,
  },
  {
    "op": "unclip",
  },
  {
    "h": 32,
    "op": "clip",
    "w": 32,
    "x": 112,
    "y": 112,
  },
  {
    "colour": 1,
    "h": 32,
    "op": "rect",
    "rgb": "rgb(77, 77, 77)",
    "w": 32,
    "x": 112,
    "y": 112,
  },
  {
    "colour": 2,
    "h": 31,
    "op": "rect",
    "rgb": "rgb(128, 128, 128)",
    "w": 31,
    "x": 112,
    "y": 112,
  },
  {
    "op": "unclip",
  },
  {
    "h": 32,
    "op": "clip",
    "w": 32,
    "x": 144,
    "y": 112,
  },
  {
    "colour": 1,
    "h": 32,
    "op": "rect",
    "rgb": "rgb(77, 77, 77)",
    "w": 32,
    "x": 144,
    "y": 112,
  },
  {
    "colour": 6,
    "h": 31,
    "op": "rect",
    "rgb": "rgb(51, 51, 51)",
    "w": 31,
    "x": 144,
    "y": 112,
  },
  {
    "colour": 8,
    "h": 1,
    "op": "rect",
    "rgb": "rgb(9, 9, 9)",
    "w": 20,
    "x": 149,
    "y": 117,
  },
  {
    "colour": 8,
    "h": 20,
    "op": "rect",
    "rgb": "rgb(9, 9, 9)",
    "w": 1,
    "x": 149,
    "y": 117,
  },
  {
    "colour": 7,
    "h": 1,
    "op": "rect",
    "rgb": "rgb(94, 94, 94)",
    "w": 20,
    "x": 150,
    "y": 137,
  },
  {
    "colour": 7,
    "h": 20,
    "op": "rect",
    "rgb": "rgb(94, 94, 94)",
    "w": 1,
    "x": 169,
    "y": 118,
  },
  {
    "op": "unclip",
  },
  {
    "h": 32,
    "op": "clip",
    "w": 32,
    "x": 176,
    "y": 112,
  },
  {
    "colour": 1,
    "h": 32,
    "op": "rect",
    "rgb": "rgb(77, 77, 77)",
    "w": 32,
    "x": 176,
    "y": 112,
  },
  {
    "colour": 2,
    "h": 31,
    "op": "rect",
    "rgb": "rgb(128, 128, 128)",
    "w": 31,
    "x": 176,
    "y": 112,
  },
  {
    "op": "unclip",
  },
  {
    "h": 32,
    "op": "clip",
    "w": 32,
    "x": 16,
    "y": 144,
  },
  {
    "colour": 1,
    "h": 32,
    "op": "rect",
    "rgb": "rgb(77, 77, 77)",
    "w": 32,
    "x": 16,
    "y": 144,
  },
  {
    "colour": 6,
    "h": 31,
    "op": "rect",
    "rgb": "rgb(51, 51, 51)",
    "w": 31,
    "x": 16,
    "y": 144,
  },
  {
    "colour": 8,
    "h": 1,
    "op": "rect",
    "rgb": "rgb(9, 9, 9)",
    "w": 20,
    "x": 21,
    "y": 149,
  },
  {
    "colour": 8,
    "h": 20,
    "op": "rect",
    "rgb": "rgb(9, 9, 9)",
    "w": 1,
    "x": 21,
    "y": 149,
  },
  {
    "colour": 7,
    "h": 1,
    "op": "rect",
    "rgb": "rgb(94, 94, 94)",
    "w": 20,
    "x": 22,
    "y": 169,
  },
  {
    "colour": 7,
    "h": 20,
    "op": "rect",
    "rgb": "rgb(94, 94, 94)",
    "w": 1,
    "x": 41,
    "y": 150,
  },
  {
    "op": "unclip",
  },
  {
    "h": 32,
    "op": "clip",
    "w": 32,
    "x": 48,
    "y": 144,
  },
  {
    "colour": 1,
    "h": 32,
    "op": "rect",
    "rgb": "rgb(77, 77, 77)",
    "w": 32,
    "x": 48,
    "y": 144,
  },
  {
    "colour": 2,
    "h": 31,
    "op": "rect",
    "rgb": "rgb(128, 128, 128)",
    "w": 31,
    "x": 48,
    "y": 144,
  },
  {
    "op": "unclip",
  },
  {
    "h": 32,
    "op": "clip",
    "w": 32,
    "x": 80,
    "y": 144,
  },
  {
    "colour": 1,
    "h": 32,
    "op": "rect",
    "rgb": "rgb(77, 77, 77)",
    "w": 32,
    "x": 80,
    "y": 144,
  },
  {
    "colour": 2,
    "h": 31,
    "op": "rect",
    "rgb": "rgb(128, 128, 128)",
    "w": 31,
    "x": 80,
    "y": 144,
  },
  {
    "op": "unclip",
  },
  {
    "h": 32,
    "op": "clip",
    "w": 32,
    "x": 112,
    "y": 144,
  },
  {
    "colour": 1,
    "h": 32,
    "op": "rect",
    "rgb": "rgb(77, 77, 77)",
    "w": 32,
    "x": 112,
    "y": 144,
  },
  {
    "colour": 2,
    "h": 31,
    "op": "rect",
    "rgb": "rgb(128, 128, 128)",
    "w": 31,
    "x": 112,
    "y": 144,
  },
  {
    "op": "unclip",
  },
  {
    "h": 32,
    "op": "clip",
    "w": 32,
    "x": 144,
    "y": 144,
  },
  {
    "colour": 1,
    "h": 32,
    "op": "rect",
    "rgb": "rgb(77, 77, 77)",
    "w": 32,
    "x": 144,
    "y": 144,
  },
  {
    "colour": 2,
    "h": 31,
    "op": "rect",
    "rgb": "rgb(128, 128, 128)",
    "w": 31,
    "x": 144,
    "y": 144,
  },
  {
    "op": "unclip",
  },
  {
    "h": 32,
    "op": "clip",
    "w": 32,
    "x": 176,
    "y": 144,
  },
  {
    "colour": 1,
    "h": 32,
    "op": "rect",
    "rgb": "rgb(77, 77, 77)",
    "w": 32,
    "x": 176,
    "y": 144,
  },
  {
    "colour": 2,
    "h": 31,
    "op": "rect",
    "rgb": "rgb(128, 128, 128)",
    "w": 31,
    "x": 176,
    "y": 144,
  },
  {
    "op": "unclip",
  },
  {
    "h": 32,
    "op": "clip",
    "w": 32,
    "x": 16,
    "y": 176,
  },
  {
    "colour": 1,
    "h": 32,
    "op": "rect",
    "rgb": "rgb(77, 77, 77)",
    "w": 32,
    "x": 16,
    "y": 176,
  },
  {
    "colour": 3,
    "h": 31,
    "op": "rect",
    "rgb": "rgb(213, 213, 213)",
    "w": 31,
    "x": 16,
    "y": 176,
  },
  {
    "colour": 5,
    "h": 1,
    "op": "rect",
    "rgb": "rgb(175, 175, 175)",
    "w": 20,
    "x": 21,
    "y": 181,
  },
  {
    "colour": 5,
    "h": 20,
    "op": "rect",
    "rgb": "rgb(175, 175, 175)",
    "w": 1,
    "x": 21,
    "y": 181,
  },
  {
    "colour": 4,
    "h": 1,
    "op": "rect",
    "rgb": "rgb(255, 255, 255)",
    "w": 20,
    "x": 22,
    "y": 201,
  },
  {
    "colour": 4,
    "h": 20,
    "op": "rect",
    "rgb": "rgb(255, 255, 255)",
    "w": 1,
    "x": 41,
    "y": 182,
  },
  {
    "op": "unclip",
  },
  {
    "h": 32,
    "op": "clip",
    "w": 32,
    "x": 48,
    "y": 176,
  },
  {
    "colour": 1,
    "h": 32,
    "op": "rect",
    "rgb": "rgb(77, 77, 77)",
    "w": 32,
    "x": 48,
    "y": 176,
  },
  {
    "colour": 2,
    "h": 31,
    "op": "rect",
    "rgb": "rgb(128, 128, 128)",
    "w": 31,
    "x": 48,
    "y": 176,
  },
  {
    "op": "unclip",
  },
  {
    "h": 32,
    "op": "clip",
    "w": 32,
    "x": 80,
    "y": 176,
  },
  {
    "colour": 1,
    "h": 32,
    "op": "rect",
    "rgb": "rgb(77, 77, 77)",
    "w": 32,
    "x": 80,
    "y": 176,
  },
  {
    "colour": 2,
    "h": 31,
    "op": "rect",
    "rgb": "rgb(128, 128, 128)",
    "w": 31,
    "x": 80,
    "y": 176,
  },
  {
    "op": "unclip",
  },
  {
    "h": 32,
    "op": "clip",
    "w": 32,
    "x": 112,
    "y": 176,
  },
  {
    "colour": 1,
    "h": 32,
    "op": "rect",
    "rgb": "rgb(77, 77, 77)",
    "w": 32,
    "x": 112,
    "y": 176,
  },
  {
    "colour": 2,
    "h": 31,
    "op": "rect",
    "rgb": "rgb(128, 128, 128)",
    "w": 31,
    "x": 112,
    "y": 176,
  },
  {
    "op": "unclip",
  },
  {
    "h": 32,
    "op": "clip",
    "w": 32,
    "x": 144,
    "y": 176,
  },
  {
    "colour": 1,
    "h": 32,
    "op": "rect",
    "rgb": "rgb(77, 77, 77)",
    "w": 32,
    "x": 144,
    "y": 176,
  },
  {
    "colour": 6,
    "h": 31,
    "op": "rect",
    "rgb": "rgb(51, 51, 51)",
    "w": 31,
    "x": 144,
    "y": 176,
  },
  {
    "colour": 8,
    "h": 1,
    "op": "rect",
    "rgb": "rgb(9, 9, 9)",
    "w": 20,
    "x": 149,
    "y": 181,
  },
  {
    "colour": 8,
    "h": 20,
    "op": "rect",
    "rgb": "rgb(9, 9, 9)",
    "w": 1,
    "x": 149,
    "y": 181,
  },
  {
    "colour": 7,
    "h": 1,
    "op": "rect",
    "rgb": "rgb(94, 94, 94)",
    "w": 20,
    "x": 150,
    "y": 201,
  },
  {
    "colour": 7,
    "h": 20,
    "op": "rect",
    "rgb": "rgb(94, 94, 94)",
    "w": 1,
    "x": 169,
    "y": 182,
  },
  {
    "op": "unclip",
  },
  {
    "h": 32,
    "op": "clip",
    "w": 32,
    "x": 176,
    "y": 176,
  },
  {
    "colour": 1,
    "h": 32,
    "op": "rect",
    "rgb": "rgb(77, 77, 77)",
    "w": 32,
    "x": 176,
    "y": 176,
  },
  {
    "colour": 2,
    "h": 31,
    "op": "rect",
    "rgb": "rgb(128, 128, 128)",
    "w": 31,
    "x": 176,
    "y": 176,
  },
  {
    "op": "unclip",
  },
]
`;

exports[`Unruly render scenarios > matches the opener-frame snapshot of a fixed generated board 1`] = `
[
  {
    "colour": 0,
    "h": 224,
    "op": "rect",
    "rgb": "rgb(211, 211, 211)",
    "w": 224,
    "x": 0,
    "y": 0,
  },
  {
    "colour": 1,
    "h": 197,
    "op": "rect",
    "rgb": "rgb(77, 77, 77)",
    "w": 197,
    "x": 13,
    "y": 13,
  },
  {
    "h": 32,
    "op": "clip",
    "w": 32,
    "x": 16,
    "y": 16,
  },
  {
    "colour": 1,
    "h": 32,
    "op": "rect",
    "rgb": "rgb(77, 77, 77)",
    "w": 32,
    "x": 16,
    "y": 16,
  },
  {
    "colour": 2,
    "h": 31,
    "op": "rect",
    "rgb": "rgb(128, 128, 128)",
    "w": 31,
    "x": 16,
    "y": 16,
  },
  {
    "op": "unclip",
  },
  {
    "h": 32,
    "op": "clip",
    "w": 32,
    "x": 48,
    "y": 16,
  },
  {
    "colour": 1,
    "h": 32,
    "op": "rect",
    "rgb": "rgb(77, 77, 77)",
    "w": 32,
    "x": 48,
    "y": 16,
  },
  {
    "colour": 2,
    "h": 31,
    "op": "rect",
    "rgb": "rgb(128, 128, 128)",
    "w": 31,
    "x": 48,
    "y": 16,
  },
  {
    "op": "unclip",
  },
  {
    "h": 32,
    "op": "clip",
    "w": 32,
    "x": 80,
    "y": 16,
  },
  {
    "colour": 1,
    "h": 32,
    "op": "rect",
    "rgb": "rgb(77, 77, 77)",
    "w": 32,
    "x": 80,
    "y": 16,
  },
  {
    "colour": 6,
    "h": 31,
    "op": "rect",
    "rgb": "rgb(51, 51, 51)",
    "w": 31,
    "x": 80,
    "y": 16,
  },
  {
    "colour": 8,
    "h": 1,
    "op": "rect",
    "rgb": "rgb(9, 9, 9)",
    "w": 20,
    "x": 85,
    "y": 21,
  },
  {
    "colour": 8,
    "h": 20,
    "op": "rect",
    "rgb": "rgb(9, 9, 9)",
    "w": 1,
    "x": 85,
    "y": 21,
  },
  {
    "colour": 7,
    "h": 1,
    "op": "rect",
    "rgb": "rgb(94, 94, 94)",
    "w": 20,
    "x": 86,
    "y": 41,
  },
  {
    "colour": 7,
    "h": 20,
    "op": "rect",
    "rgb": "rgb(94, 94, 94)",
    "w": 1,
    "x": 105,
    "y": 22,
  },
  {
    "op": "unclip",
  },
  {
    "h": 32,
    "op": "clip",
    "w": 32,
    "x": 112,
    "y": 16,
  },
  {
    "colour": 1,
    "h": 32,
    "op": "rect",
    "rgb": "rgb(77, 77, 77)",
    "w": 32,
    "x": 112,
    "y": 16,
  },
  {
    "colour": 2,
    "h": 31,
    "op": "rect",
    "rgb": "rgb(128, 128, 128)",
    "w": 31,
    "x": 112,
    "y": 16,
  },
  {
    "op": "unclip",
  },
  {
    "h": 32,
    "op": "clip",
    "w": 32,
    "x": 144,
    "y": 16,
  },
  {
    "colour": 1,
    "h": 32,
    "op": "rect",
    "rgb": "rgb(77, 77, 77)",
    "w": 32,
    "x": 144,
    "y": 16,
  },
  {
    "colour": 2,
    "h": 31,
    "op": "rect",
    "rgb": "rgb(128, 128, 128)",
    "w": 31,
    "x": 144,
    "y": 16,
  },
  {
    "op": "unclip",
  },
  {
    "h": 32,
    "op": "clip",
    "w": 32,
    "x": 176,
    "y": 16,
  },
  {
    "colour": 1,
    "h": 32,
    "op": "rect",
    "rgb": "rgb(77, 77, 77)",
    "w": 32,
    "x": 176,
    "y": 16,
  },
  {
    "colour": 2,
    "h": 31,
    "op": "rect",
    "rgb": "rgb(128, 128, 128)",
    "w": 31,
    "x": 176,
    "y": 16,
  },
  {
    "op": "unclip",
  },
  {
    "h": 32,
    "op": "clip",
    "w": 32,
    "x": 16,
    "y": 48,
  },
  {
    "colour": 1,
    "h": 32,
    "op": "rect",
    "rgb": "rgb(77, 77, 77)",
    "w": 32,
    "x": 16,
    "y": 48,
  },
  {
    "colour": 3,
    "h": 31,
    "op": "rect",
    "rgb": "rgb(213, 213, 213)",
    "w": 31,
    "x": 16,
    "y": 48,
  },
  {
    "colour": 5,
    "h": 1,
    "op": "rect",
    "rgb": "rgb(175, 175, 175)",
    "w": 20,
    "x": 21,
    "y": 53,
  },
  {
    "colour": 5,
    "h": 20,
    "op": "rect",
    "rgb": "rgb(175, 175, 175)",
    "w": 1,
    "x": 21,
    "y": 53,
  },
  {
    "colour": 4,
    "h": 1,
    "op": "rect",
    "rgb": "rgb(255, 255, 255)",
    "w": 20,
    "x": 22,
    "y": 73,
  },
  {
    "colour": 4,
    "h": 20,
    "op": "rect",
    "rgb": "rgb(255, 255, 255)",
    "w": 1,
    "x": 41,
    "y": 54,
  },
  {
    "op": "unclip",
  },
  {
    "h": 32,
    "op": "clip",
    "w": 32,
    "x": 48,
    "y": 48,
  },
  {
    "colour": 1,
    "h": 32,
    "op": "rect",
    "rgb": "rgb(77, 77, 77)",
    "w": 32,
    "x": 48,
    "y": 48,
  },
  {
    "colour": 2,
    "h": 31,
    "op": "rect",
    "rgb": "rgb(128, 128, 128)",
    "w": 31,
    "x": 48,
    "y": 48,
  },
  {
    "op": "unclip",
  },
  {
    "h": 32,
    "op": "clip",
    "w": 32,
    "x": 80,
    "y": 48,
  },
  {
    "colour": 1,
    "h": 32,
    "op": "rect",
    "rgb": "rgb(77, 77, 77)",
    "w": 32,
    "x": 80,
    "y": 48,
  },
  {
    "colour": 3,
    "h": 31,
    "op": "rect",
    "rgb": "rgb(213, 213, 213)",
    "w": 31,
    "x": 80,
    "y": 48,
  },
  {
    "colour": 5,
    "h": 1,
    "op": "rect",
    "rgb": "rgb(175, 175, 175)",
    "w": 20,
    "x": 85,
    "y": 53,
  },
  {
    "colour": 5,
    "h": 20,
    "op": "rect",
    "rgb": "rgb(175, 175, 175)",
    "w": 1,
    "x": 85,
    "y": 53,
  },
  {
    "colour": 4,
    "h": 1,
    "op": "rect",
    "rgb": "rgb(255, 255, 255)",
    "w": 20,
    "x": 86,
    "y": 73,
  },
  {
    "colour": 4,
    "h": 20,
    "op": "rect",
    "rgb": "rgb(255, 255, 255)",
    "w": 1,
    "x": 105,
    "y": 54,
  },
  {
    "op": "unclip",
  },
  {
    "h": 32,
    "op": "clip",
    "w": 32,
    "x": 112,
    "y": 48,
  },
  {
    "colour": 1,
    "h": 32,
    "op": "rect",
    "rgb": "rgb(77, 77, 77)",
    "w": 32,
    "x": 112,
    "y": 48,
  },
  {
    "colour": 2,
    "h": 31,
    "op": "rect",
    "rgb": "rgb(128, 128, 128)",
    "w": 31,
    "x": 112,
    "y": 48,
  },
  {
    "op": "unclip",
  },
  {
    "h": 32,
    "op": "clip",
    "w": 32,
    "x": 144,
    "y": 48,
  },
  {
    "colour": 1,
    "h": 32,
    "op": "rect",
    "rgb": "rgb(77, 77, 77)",
    "w": 32,
    "x": 144,
    "y": 48,
  },
  {
    "colour": 2,
    "h": 31,
    "op": "rect",
    "rgb": "rgb(128, 128, 128)",
    "w": 31,
    "x": 144,
    "y": 48,
  },
  {
    "op": "unclip",
  },
  {
    "h": 32,
    "op": "clip",
    "w": 32,
    "x": 176,
    "y": 48,
  },
  {
    "colour": 1,
    "h": 32,
    "op": "rect",
    "rgb": "rgb(77, 77, 77)",
    "w": 32,
    "x": 176,
    "y": 48,
  },
  {
    "colour": 2,
    "h": 31,
    "op": "rect",
    "rgb": "rgb(128, 128, 128)",
    "w": 31,
    "x": 176,
    "y": 48,
  },
  {
    "op": "unclip",
  },
  {
    "h": 32,
    "op": "clip",
    "w": 32,
    "x": 16,
    "y": 80,
  },
  {
    "colour": 1,
    "h": 32,
    "op": "rect",
    "rgb": "rgb(77, 77, 77)",
    "w": 32,
    "x": 16,
    "y": 80,
  },
  {
    "colour": 2,
    "h": 31,
    "op": "rect",
    "rgb": "rgb(128, 128, 128)",
    "w": 31,
    "x": 16,
    "y": 80,
  },
  {
    "op": "unclip",
  },
  {
    "h": 32,
    "op": "clip",
    "w": 32,
    "x": 48,
    "y": 80,
  },
  {
    "colour": 1,
    "h": 32,
    "op": "rect",
    "rgb": "rgb(77, 77, 77)",
    "w": 32,
    "x": 48,
    "y": 80,
  },
  {
    "colour": 3,
    "h": 31,
    "op": "rect",
    "rgb": "rgb(213, 213, 213)",
    "w": 31,
    "x": 48,
    "y": 80,
  },
  {
    "colour": 5,
    "h": 1,
    "op": "rect",
    "rgb": "rgb(175, 175, 175)",
    "w": 20,
    "x": 53,
    "y": 85,
  },
  {
    "colour": 5,
    "h": 20,
    "op": "rect",
    "rgb": "rgb(175, 175, 175)",
    "w": 1,
    "x": 53,
    "y": 85,
  },
  {
    "colour": 4,
    "h": 1,
    "op": "rect",
    "rgb": "rgb(255, 255, 255)",
    "w": 20,
    "x": 54,
    "y": 105,
  },
  {
    "colour": 4,
    "h": 20,
    "op": "rect",
    "rgb": "rgb(255, 255, 255)",
    "w": 1,
    "x": 73,
    "y": 86,
  },
  {
    "op": "unclip",
  },
  {
    "h": 32,
    "op": "clip",
    "w": 32,
    "x": 80,
    "y": 80,
  },
  {
    "colour": 1,
    "h": 32,
    "op": "rect",
    "rgb": "rgb(77, 77, 77)",
    "w": 32,
    "x": 80,
    "y": 80,
  },
  {
    "colour": 2,
    "h": 31,
    "op": "rect",
    "rgb": "rgb(128, 128, 128)",
    "w": 31,
    "x": 80,
    "y": 80,
  },
  {
    "op": "unclip",
  },
  {
    "h": 32,
    "op": "clip",
    "w": 32,
    "x": 112,
    "y": 80,
  },
  {
    "colour": 1,
    "h": 32,
    "op": "rect",
    "rgb": "rgb(77, 77, 77)",
    "w": 32,
    "x": 112,
    "y": 80,
  },
  {
    "colour": 2,
    "h": 31,
    "op": "rect",
    "rgb": "rgb(128, 128, 128)",
    "w": 31,
    "x": 112,
    "y": 80,
  },
  {
    "op": "unclip",
  },
  {
    "h": 32,
    "op": "clip",
    "w": 32,
    "x": 144,
    "y": 80,
  },
  {
    "colour": 1,
    "h": 32,
    "op": "rect",
    "rgb": "rgb(77, 77, 77)",
    "w": 32,
    "x": 144,
    "y": 80,
  },
  {
    "colour": 2,
    "h": 31,
    "op": "rect",
    "rgb": "rgb(128, 128, 128)",
    "w": 31,
    "x": 144,
    "y": 80,
  },
  {
    "op": "unclip",
  },
  {
    "h": 32,
    "op": "clip",
    "w": 32,
    "x": 176,
    "y": 80,
  },
  {
    "colour": 1,
    "h": 32,
    "op": "rect",
    "rgb": "rgb(77, 77, 77)",
    "w": 32,
    "x": 176,
    "y": 80,
  },
  {
    "colour": 6,
    "h": 31,
    "op": "rect",
    "rgb": "rgb(51, 51, 51)",
    "w": 31,
    "x": 176,
    "y": 80,
  },
  {
    "colour": 8,
    "h": 1,
    "op": "rect",
    "rgb": "rgb(9, 9, 9)",
    "w": 20,
    "x": 181,
    "y": 85,
  },
  {
    "colour": 8,
    "h": 20,
    "op": "rect",
    "rgb": "rgb(9, 9, 9)",
    "w": 1,
    "x": 181,
    "y": 85,
  },
  {
    "colour": 7,
    "h": 1,
    "op": "rect",
    "rgb": "rgb(94, 94, 94)",
    "w": 20,
    "x": 182,
    "y": 105,
  },
  {
    "colour": 7,
    "h": 20,
    "op": "rect",
    "rgb": "rgb(94, 94, 94)",
    "w": 1,
    "x": 201,
    "y": 86,
  },
  {
    "op": "unclip",
  },
  {
    "h": 32,
    "op": "clip",
    "w": 32,
    "x": 16,
    "y": 112,
  },
  {
    "colour": 1,
    "h": 32,
    "op": "rect",
    "rgb": "rgb(77, 77, 77)",
    "w": 32,
    "x": 16,
    "y": 112,
  },
  {
    "colour": 2,
    "h": 31,
    "op": "rect",
    "rgb": "rgb(128, 128, 128)",
    "w": 31,
    "x": 16,
    "y": 112,
  },
  {
    "op": "unclip",
  },
  {
    "h": 32,
    "op": "clip",
    "w": 32,
    "x": 48,
    "y": 112,
  },
  {
    "colour": 1,
    "h": 32,
    "op": "rect",
    "rgb": "rgb(77, 77, 77)",
    "w": 32,
    "x": 48,
    "y": 112,
  },
  {
    "colour": 3,
    "h": 31,
    "op": "rect",
    "rgb": "rgb(213, 213, 213)",
    "w": 31,
    "x": 48,
    "y": 112,
  },
  {
    "colour": 5,
    "h": 1,
    "op": "rect",
    "rgb": "rgb(175, 175, 175)",
    "w": 20,
    "x": 53,
    "y": 117,
  },
  {
    "colour": 5,
    "h": 20,
    "op": "rect",
    "rgb": "rgb(175, 175, 175)",
    "w": 1,
    "x": 53,
    "y": 117,
  },
  {
    "colour": 4,
    "h": 1,
    "op": "rect",
    "rgb": "rgb(255, 255, 255)",
    "w": 20,
    "x": 54,
    "y": 137,
  },
  {
    "colour": 4,
    "h": 20,
    "op": "rect",
    "rgb": "rgb(255, 255, 255)",
    "w": 1,
    "x": 73,
    "y": 118,
  },
  {
    "op": "unclip",
  },
  {
    "h": 32,
    "op": "clip",
    "w": 32,
    "x": 80,
    "y": 112,
  },
  {
    "colour": 1,
    "h": 32,
    "op": "rect",
    "rgb": "rgb(77, 77, 77)",
    "w": 32,
    "x": 80,
    "y": 112,
  },
  {
    "colour": 2,
    "h": 31,
    "op": "rect",
    "rgb": "rgb(128, 128, 128)",
    "w": 31,
    "x": 80,
    "y": 112,
  },
  {
    "op": "unclip",
  },
  {
    "h": 32,
    "op": "clip",
    "w": 32,
    "x": 112,
    "y": 112,
  },
  {
    "colour": 1,
    "h": 32,
    "op": "rect",
    "rgb": "rgb(77, 77, 77)",
    "w": 32,
    "x": 112,
    "y": 112,
  },
  {
    "colour": 2,
    "h": 31,
    "op": "rect",
    "rgb": "rgb(128, 128, 128)",
    "w": 31,
    "x": 112,
    "y": 112,
  },
  {
    "op": "unclip",
  },
  {
    "h": 32,
    "op": "clip",
    "w": 32,
    "x": 144,
    "y": 112,
  },
  {
    "colour": 1,
    "h": 32,
    "op": "rect",
    "rgb": "rgb(77, 77, 77)",
    "w": 32,
    "x": 144,
    "y": 112,
  },
  {
    "colour": 2,
    "h": 31,
    "op": "rect",
    "rgb": "rgb(128, 128, 128)",
    "w": 31,
    "x": 144,
    "y": 112,
  },
  {
    "op": "unclip",
  },
  {
    "h": 32,
    "op": "clip",
    "w": 32,
    "x": 176,
    "y": 112,
  },
  {
    "colour": 1,
    "h": 32,
    "op": "rect",
    "rgb": "rgb(77, 77, 77)",
    "w": 32,
    "x": 176,
    "y": 112,
  },
  {
    "colour": 6,
    "h": 31,
    "op": "rect",
    "rgb": "rgb(51, 51, 51)",
    "w": 31,
    "x": 176,
    "y": 112,
  },
  {
    "colour": 8,
    "h": 1,
    "op": "rect",
    "rgb": "rgb(9, 9, 9)",
    "w": 20,
    "x": 181,
    "y": 117,
  },
  {
    "colour": 8,
    "h": 20,
    "op": "rect",
    "rgb": "rgb(9, 9, 9)",
    "w": 1,
    "x": 181,
    "y": 117,
  },
  {
    "colour": 7,
    "h": 1,
    "op": "rect",
    "rgb": "rgb(94, 94, 94)",
    "w": 20,
    "x": 182,
    "y": 137,
  },
  {
    "colour": 7,
    "h": 20,
    "op": "rect",
    "rgb": "rgb(94, 94, 94)",
    "w": 1,
    "x": 201,
    "y": 118,
  },
  {
    "op": "unclip",
  },
  {
    "h": 32,
    "op": "clip",
    "w": 32,
    "x": 16,
    "y": 144,
  },
  {
    "colour": 1,
    "h": 32,
    "op": "rect",
    "rgb": "rgb(77, 77, 77)",
    "w": 32,
    "x": 16,
    "y": 144,
  },
  {
    "colour": 2,
    "h": 31,
    "op": "rect",
    "rgb": "rgb(128, 128, 128)",
    "w": 31,
    "x": 16,
    "y": 144,
  },
  {
    "op": "unclip",
  },
  {
    "h": 32,
    "op": "clip",
    "w": 32,
    "x": 48,
    "y": 144,
  },
  {
    "colour": 1,
    "h": 32,
    "op": "rect",
    "rgb": "rgb(77, 77, 77)",
    "w": 32,
    "x": 48,
    "y": 144,
  },
  {
    "colour": 2,
    "h": 31,
    "op": "rect",
    "rgb": "rgb(128, 128, 128)",
    "w": 31,
    "x": 48,
    "y": 144,
  },
  {
    "op": "unclip",
  },
  {
    "h": 32,
    "op": "clip",
    "w": 32,
    "x": 80,
    "y": 144,
  },
  {
    "colour": 1,
    "h": 32,
    "op": "rect",
    "rgb": "rgb(77, 77, 77)",
    "w": 32,
    "x": 80,
    "y": 144,
  },
  {
    "colour": 2,
    "h": 31,
    "op": "rect",
    "rgb": "rgb(128, 128, 128)",
    "w": 31,
    "x": 80,
    "y": 144,
  },
  {
    "op": "unclip",
  },
  {
    "h": 32,
    "op": "clip",
    "w": 32,
    "x": 112,
    "y": 144,
  },
  {
    "colour": 1,
    "h": 32,
    "op": "rect",
    "rgb": "rgb(77, 77, 77)",
    "w": 32,
    "x": 112,
    "y": 144,
  },
  {
    "colour": 2,
    "h": 31,
    "op": "rect",
    "rgb": "rgb(128, 128, 128)",
    "w": 31,
    "x": 112,
    "y": 144,
  },
  {
    "op": "unclip",
  },
  {
    "h": 32,
    "op": "clip",
    "w": 32,
    "x": 144,
    "y": 144,
  },
  {
    "colour": 1,
    "h": 32,
    "op": "rect",
    "rgb": "rgb(77, 77, 77)",
    "w": 32,
    "x": 144,
    "y": 144,
  },
  {
    "colour": 3,
    "h": 31,
    "op": "rect",
    "rgb": "rgb(213, 213, 213)",
    "w": 31,
    "x": 144,
    "y": 144,
  },
  {
    "colour": 5,
    "h": 1,
    "op": "rect",
    "rgb": "rgb(175, 175, 175)",
    "w": 20,
    "x": 149,
    "y": 149,
  },
  {
    "colour": 5,
    "h": 20,
    "op": "rect",
    "rgb": "rgb(175, 175, 175)",
    "w": 1,
    "x": 149,
    "y": 149,
  },
  {
    "colour": 4,
    "h": 1,
    "op": "rect",
    "rgb": "rgb(255, 255, 255)",
    "w": 20,
    "x": 150,
    "y": 169,
  },
  {
    "colour": 4,
    "h": 20,
    "op": "rect",
    "rgb": "rgb(255, 255, 255)",
    "w": 1,
    "x": 169,
    "y": 150,
  },
  {
    "op": "unclip",
  },
  {
    "h": 32,
    "op": "clip",
    "w": 32,
    "x": 176,
    "y": 144,
  },
  {
    "colour": 1,
    "h": 32,
    "op": "rect",
    "rgb": "rgb(77, 77, 77)",
    "w": 32,
    "x": 176,
    "y": 144,
  },
  {
    "colour": 2,
    "h": 31,
    "op": "rect",
    "rgb": "rgb(128, 128, 128)",
    "w": 31,
    "x": 176,
    "y": 144,
  },
  {
    "op": "unclip",
  },
  {
    "h": 32,
    "op": "clip",
    "w": 32,
    "x": 16,
    "y": 176,
  },
  {
    "colour": 1,
    "h": 32,
    "op": "rect",
    "rgb": "rgb(77, 77, 77)",
    "w": 32,
    "x": 16,
    "y": 176,
  },
  {
    "colour": 2,
    "h": 31,
    "op": "rect",
    "rgb": "rgb(128, 128, 128)",
    "w": 31,
    "x": 16,
    "y": 176,
  },
  {
    "op": "unclip",
  },
  {
    "h": 32,
    "op": "clip",
    "w": 32,
    "x": 48,
    "y": 176,
  },
  {
    "colour": 1,
    "h": 32,
    "op": "rect",
    "rgb": "rgb(77, 77, 77)",
    "w": 32,
    "x": 48,
    "y": 176,
  },
  {
    "colour": 3,
    "h": 31,
    "op": "rect",
    "rgb": "rgb(213, 213, 213)",
    "w": 31,
    "x": 48,
    "y": 176,
  },
  {
    "colour": 5,
    "h": 1,
    "op": "rect",
    "rgb": "rgb(175, 175, 175)",
    "w": 20,
    "x": 53,
    "y": 181,
  },
  {
    "colour": 5,
    "h": 20,
    "op": "rect",
    "rgb": "rgb(175, 175, 175)",
    "w": 1,
    "x": 53,
    "y": 181,
  },
  {
    "colour": 4,
    "h": 1,
    "op": "rect",
    "rgb": "rgb(255, 255, 255)",
    "w": 20,
    "x": 54,
    "y": 201,
  },
  {
    "colour": 4,
    "h": 20,
    "op": "rect",
    "rgb": "rgb(255, 255, 255)",
    "w": 1,
    "x": 73,
    "y": 182,
  },
  {
    "op": "unclip",
  },
  {
    "h": 32,
    "op": "clip",
    "w": 32,
    "x": 80,
    "y": 176,
  },
  {
    "colour": 1,
    "h": 32,
    "op": "rect",
    "rgb": "rgb(77, 77, 77)",
    "w": 32,
    "x": 80,
    "y": 176,
  },
  {
    "colour": 2,
    "h": 31,
    "op": "rect",
    "rgb": "rgb(128, 128, 128)",
    "w": 31,
    "x": 80,
    "y": 176,
  },
  {
    "op": "unclip",
  },
  {
    "h": 32,
    "op": "clip",
    "w": 32,
    "x": 112,
    "y": 176,
  },
  {
    "colour": 1,
    "h": 32,
    "op": "rect",
    "rgb": "rgb(77, 77, 77)",
    "w": 32,
    "x": 112,
    "y": 176,
  },
  {
    "colour": 3,
    "h": 31,
    "op": "rect",
    "rgb": "rgb(213, 213, 213)",
    "w": 31,
    "x": 112,
    "y": 176,
  },
  {
    "colour": 5,
    "h": 1,
    "op": "rect",
    "rgb": "rgb(175, 175, 175)",
    "w": 20,
    "x": 117,
    "y": 181,
  },
  {
    "colour": 5,
    "h": 20,
    "op": "rect",
    "rgb": "rgb(175, 175, 175)",
    "w": 1,
    "x": 117,
    "y": 181,
  },
  {
    "colour": 4,
    "h": 1,
    "op": "rect",
    "rgb": "rgb(255, 255, 255)",
    "w": 20,
    "x": 118,
    "y": 201,
  },
  {
    "colour": 4,
    "h": 20,
    "op": "rect",
    "rgb": "rgb(255, 255, 255)",
    "w": 1,
    "x": 137,
    "y": 182,
  },
  {
    "op": "unclip",
  },
  {
    "h": 32,
    "op": "clip",
    "w": 32,
    "x": 144,
    "y": 176,
  },
  {
    "colour": 1,
    "h": 32,
    "op": "rect",
    "rgb": "rgb(77, 77, 77)",
    "w": 32,
    "x": 144,
    "y": 176,
  },
  {
    "colour": 2,
    "h": 31,
    "op": "rect",
    "rgb": "rgb(128, 128, 128)",
    "w": 31,
    "x": 144,
    "y": 176,
  },
  {
    "op": "unclip",
  },
  {
    "h": 32,
    "op": "clip",
    "w": 32,
    "x": 176,
    "y": 176,
  },
  {
    "colour": 1,
    "h": 32,
    "op": "rect",
    "rgb": "rgb(77, 77, 77)",
    "w": 32,
    "x": 176,
    "y": 176,
  },
  {
    "colour": 6,
    "h": 31,
    "op": "rect",
    "rgb": "rgb(51, 51, 51)",
    "w": 31,
    "x": 176,
    "y": 176,
  },
  {
    "colour": 8,
    "h": 1,
    "op": "rect",
    "rgb": "rgb(9, 9, 9)",
    "w": 20,
    "x": 181,
    "y": 181,
  },
  {
    "colour": 8,
    "h": 20,
    "op": "rect",
    "rgb": "rgb(9, 9, 9)",
    "w": 1,
    "x": 181,
    "y": 181,
  },
  {
    "colour": 7,
    "h": 1,
    "op": "rect",
    "rgb": "rgb(94, 94, 94)",
    "w": 20,
    "x": 182,
    "y": 201,
  },
  {
    "colour": 7,
    "h": 20,
    "op": "rect",
    "rgb": "rgb(94, 94, 94)",
    "w": 1,
    "x": 201,
    "y": 182,
  },
  {
    "op": "unclip",
  },
]
`;
