// Vitest Snapshot v1, https://vitest.dev/guide/snapshot.html

exports[`boats hint — rendering > matches the recorded hint frame 1`] = `
[
  {
    "color": 0,
    "h": 296,
    "op": "rect",
    "rgb": "rgb(211, 211, 211)",
    "w": 224,
    "x": 0,
    "y": 0,
  },
  {
    "color": 0,
    "h": 32,
    "op": "rect",
    "rgb": "rgb(211, 211, 211)",
    "w": 32,
    "x": 0,
    "y": 208,
  },
  {
    "align": "center",
    "baseline": "alphabetic",
    "color": 11,
    "fontType": "variable",
    "op": "text",
    "rgb": "rgb(0, 0, 0)",
    "size": 16,
    "text": "3",
    "x": 16,
    "y": 224,
  },
  {
    "color": 0,
    "h": 32,
    "op": "rect",
    "rgb": "rgb(211, 211, 211)",
    "w": 32,
    "x": 32,
    "y": 208,
  },
  {
    "align": "center",
    "baseline": "alphabetic",
    "color": 11,
    "fontType": "variable",
    "op": "text",
    "rgb": "rgb(0, 0, 0)",
    "size": 16,
    "text": "0",
    "x": 48,
    "y": 224,
  },
  {
    "color": 0,
    "h": 32,
    "op": "rect",
    "rgb": "rgb(211, 211, 211)",
    "w": 32,
    "x": 64,
    "y": 208,
  },
  {
    "align": "center",
    "baseline": "alphabetic",
    "color": 11,
    "fontType": "variable",
    "op": "text",
    "rgb": "rgb(0, 0, 0)",
    "size": 16,
    "text": "2",
    "x": 80,
    "y": 224,
  },
  {
    "color": 0,
    "h": 32,
    "op": "rect",
    "rgb": "rgb(211, 211, 211)",
    "w": 32,
    "x": 96,
    "y": 208,
  },
  {
    "align": "center",
    "baseline": "alphabetic",
    "color": 11,
    "fontType": "variable",
    "op": "text",
    "rgb": "rgb(0, 0, 0)",
    "size": 16,
    "text": "1",
    "x": 112,
    "y": 224,
  },
  {
    "color": 0,
    "h": 32,
    "op": "rect",
    "rgb": "rgb(211, 211, 211)",
    "w": 32,
    "x": 128,
    "y": 208,
  },
  {
    "align": "center",
    "baseline": "alphabetic",
    "color": 11,
    "fontType": "variable",
    "op": "text",
    "rgb": "rgb(0, 0, 0)",
    "size": 16,
    "text": "2",
    "x": 144,
    "y": 224,
  },
  {
    "color": 0,
    "h": 32,
    "op": "rect",
    "rgb": "rgb(211, 211, 211)",
    "w": 32,
    "x": 160,
    "y": 208,
  },
  {
    "align": "center",
    "baseline": "alphabetic",
    "color": 11,
    "fontType": "variable",
    "op": "text",
    "rgb": "rgb(0, 0, 0)",
    "size": 16,
    "text": "2",
    "x": 176,
    "y": 224,
  },
  {
    "color": 0,
    "h": 32,
    "op": "rect",
    "rgb": "rgb(211, 211, 211)",
    "w": 32,
    "x": 208,
    "y": 0,
  },
  {
    "align": "right",
    "baseline": "mathematical",
    "color": 11,
    "fontType": "variable",
    "op": "text",
    "rgb": "rgb(0, 0, 0)",
    "size": 16,
    "text": "1",
    "x": 224,
    "y": 16,
  },
  {
    "color": 0,
    "h": 32,
    "op": "rect",
    "rgb": "rgb(211, 211, 211)",
    "w": 32,
    "x": 208,
    "y": 32,
  },
  {
    "align": "right",
    "baseline": "mathematical",
    "color": 11,
    "fontType": "variable",
    "op": "text",
    "rgb": "rgb(0, 0, 0)",
    "size": 16,
    "text": "1",
    "x": 224,
    "y": 48,
  },
  {
    "color": 0,
    "h": 32,
    "op": "rect",
    "rgb": "rgb(211, 211, 211)",
    "w": 32,
    "x": 208,
    "y": 64,
  },
  {
    "align": "right",
    "baseline": "mathematical",
    "color": 11,
    "fontType": "variable",
    "op": "text",
    "rgb": "rgb(0, 0, 0)",
    "size": 16,
    "text": "3",
    "x": 224,
    "y": 80,
  },
  {
    "color": 0,
    "h": 32,
    "op": "rect",
    "rgb": "rgb(211, 211, 211)",
    "w": 32,
    "x": 208,
    "y": 96,
  },
  {
    "align": "right",
    "baseline": "mathematical",
    "color": 11,
    "fontType": "variable",
    "op": "text",
    "rgb": "rgb(0, 0, 0)",
    "size": 16,
    "text": "1",
    "x": 224,
    "y": 112,
  },
  {
    "color": 0,
    "h": 32,
    "op": "rect",
    "rgb": "rgb(211, 211, 211)",
    "w": 32,
    "x": 208,
    "y": 128,
  },
  {
    "align": "right",
    "baseline": "mathematical",
    "color": 11,
    "fontType": "variable",
    "op": "text",
    "rgb": "rgb(0, 0, 0)",
    "size": 16,
    "text": "2",
    "x": 224,
    "y": 144,
  },
  {
    "color": 0,
    "h": 32,
    "op": "rect",
    "rgb": "rgb(211, 211, 211)",
    "w": 32,
    "x": 208,
    "y": 160,
  },
  {
    "align": "right",
    "baseline": "mathematical",
    "color": 11,
    "fontType": "variable",
    "op": "text",
    "rgb": "rgb(0, 0, 0)",
    "size": 16,
    "text": "2",
    "x": 224,
    "y": 176,
  },
  {
    "color": 0,
    "h": 32,
    "op": "rect",
    "rgb": "rgb(211, 211, 211)",
    "w": 32,
    "x": 0,
    "y": 0,
  },
  {
    "color": 1,
    "op": "line",
    "rgb": "rgb(0, 0, 0)",
    "thickness": 1,
    "x1": 0,
    "x2": 32,
    "y1": 0,
    "y2": 0,
  },
  {
    "color": 1,
    "op": "line",
    "rgb": "rgb(0, 0, 0)",
    "thickness": 1,
    "x1": 32,
    "x2": 32,
    "y1": 0,
    "y2": 32,
  },
  {
    "color": 1,
    "op": "line",
    "rgb": "rgb(0, 0, 0)",
    "thickness": 1,
    "x1": 32,
    "x2": 0,
    "y1": 32,
    "y2": 32,
  },
  {
    "color": 1,
    "op": "line",
    "rgb": "rgb(0, 0, 0)",
    "thickness": 1,
    "x1": 0,
    "x2": 0,
    "y1": 32,
    "y2": 0,
  },
  {
    "color": 0,
    "h": 32,
    "op": "rect",
    "rgb": "rgb(211, 211, 211)",
    "w": 32,
    "x": 0,
    "y": 32,
  },
  {
    "color": 1,
    "op": "line",
    "rgb": "rgb(0, 0, 0)",
    "thickness": 1,
    "x1": 0,
    "x2": 32,
    "y1": 32,
    "y2": 32,
  },
  {
    "color": 1,
    "op": "line",
    "rgb": "rgb(0, 0, 0)",
    "thickness": 1,
    "x1": 32,
    "x2": 32,
    "y1": 32,
    "y2": 64,
  },
  {
    "color": 1,
    "op": "line",
    "rgb": "rgb(0, 0, 0)",
    "thickness": 1,
    "x1": 32,
    "x2": 0,
    "y1": 64,
    "y2": 64,
  },
  {
    "color": 1,
    "op": "line",
    "rgb": "rgb(0, 0, 0)",
    "thickness": 1,
    "x1": 0,
    "x2": 0,
    "y1": 64,
    "y2": 32,
  },
  {
    "color": 4,
    "h": 32,
    "op": "rect",
    "rgb": "rgb(165, 195, 239)",
    "w": 32,
    "x": 0,
    "y": 64,
  },
  {
    "color": 1,
    "op": "line",
    "rgb": "rgb(0, 0, 0)",
    "thickness": 1,
    "x1": 0,
    "x2": 32,
    "y1": 64,
    "y2": 64,
  },
  {
    "color": 1,
    "op": "line",
    "rgb": "rgb(0, 0, 0)",
    "thickness": 1,
    "x1": 32,
    "x2": 32,
    "y1": 64,
    "y2": 96,
  },
  {
    "color": 1,
    "op": "line",
    "rgb": "rgb(0, 0, 0)",
    "thickness": 1,
    "x1": 32,
    "x2": 0,
    "y1": 96,
    "y2": 96,
  },
  {
    "color": 1,
    "op": "line",
    "rgb": "rgb(0, 0, 0)",
    "thickness": 1,
    "x1": 0,
    "x2": 0,
    "y1": 96,
    "y2": 64,
  },
  {
    "align": "center",
    "baseline": "mathematical",
    "color": 1,
    "fontType": "variable",
    "op": "text",
    "rgb": "rgb(0, 0, 0)",
    "size": 16,
    "text": "~",
    "x": 16,
    "y": 77,
  },
  {
    "align": "center",
    "baseline": "mathematical",
    "color": 1,
    "fontType": "variable",
    "op": "text",
    "rgb": "rgb(0, 0, 0)",
    "size": 16,
    "text": "~",
    "x": 16,
    "y": 83,
  },
  {
    "color": 0,
    "h": 32,
    "op": "rect",
    "rgb": "rgb(211, 211, 211)",
    "w": 32,
    "x": 0,
    "y": 96,
  },
  {
    "color": 1,
    "op": "line",
    "rgb": "rgb(0, 0, 0)",
    "thickness": 1,
    "x1": 0,
    "x2": 32,
    "y1": 96,
    "y2": 96,
  },
  {
    "color": 1,
    "op": "line",
    "rgb": "rgb(0, 0, 0)",
    "thickness": 1,
    "x1": 32,
    "x2": 32,
    "y1": 96,
    "y2": 128,
  },
  {
    "color": 1,
    "op": "line",
    "rgb": "rgb(0, 0, 0)",
    "thickness": 1,
    "x1": 32,
    "x2": 0,
    "y1": 128,
    "y2": 128,
  },
  {
    "color": 1,
    "op": "line",
    "rgb": "rgb(0, 0, 0)",
    "thickness": 1,
    "x1": 0,
    "x2": 0,
    "y1": 128,
    "y2": 96,
  },
  {
    "color": 0,
    "h": 32,
    "op": "rect",
    "rgb": "rgb(211, 211, 211)",
    "w": 32,
    "x": 0,
    "y": 128,
  },
  {
    "color": 1,
    "op": "line",
    "rgb": "rgb(0, 0, 0)",
    "thickness": 1,
    "x1": 0,
    "x2": 32,
    "y1": 128,
    "y2": 128,
  },
  {
    "color": 1,
    "op": "line",
    "rgb": "rgb(0, 0, 0)",
    "thickness": 1,
    "x1": 32,
    "x2": 32,
    "y1": 128,
    "y2": 160,
  },
  {
    "color": 1,
    "op": "line",
    "rgb": "rgb(0, 0, 0)",
    "thickness": 1,
    "x1": 32,
    "x2": 0,
    "y1": 160,
    "y2": 160,
  },
  {
    "color": 1,
    "op": "line",
    "rgb": "rgb(0, 0, 0)",
    "thickness": 1,
    "x1": 0,
    "x2": 0,
    "y1": 160,
    "y2": 128,
  },
  {
    "color": 0,
    "h": 32,
    "op": "rect",
    "rgb": "rgb(211, 211, 211)",
    "w": 32,
    "x": 0,
    "y": 160,
  },
  {
    "color": 1,
    "op": "line",
    "rgb": "rgb(0, 0, 0)",
    "thickness": 1,
    "x1": 0,
    "x2": 32,
    "y1": 160,
    "y2": 160,
  },
  {
    "color": 1,
    "op": "line",
    "rgb": "rgb(0, 0, 0)",
    "thickness": 1,
    "x1": 32,
    "x2": 32,
    "y1": 160,
    "y2": 192,
  },
  {
    "color": 1,
    "op": "line",
    "rgb": "rgb(0, 0, 0)",
    "thickness": 1,
    "x1": 32,
    "x2": 0,
    "y1": 192,
    "y2": 192,
  },
  {
    "color": 1,
    "op": "line",
    "rgb": "rgb(0, 0, 0)",
    "thickness": 1,
    "x1": 0,
    "x2": 0,
    "y1": 192,
    "y2": 160,
  },
  {
    "color": 0,
    "h": 32,
    "op": "rect",
    "rgb": "rgb(211, 211, 211)",
    "w": 32,
    "x": 32,
    "y": 0,
  },
  {
    "color": 1,
    "op": "line",
    "rgb": "rgb(0, 0, 0)",
    "thickness": 1,
    "x1": 32,
    "x2": 64,
    "y1": 0,
    "y2": 0,
  },
  {
    "color": 1,
    "op": "line",
    "rgb": "rgb(0, 0, 0)",
    "thickness": 1,
    "x1": 64,
    "x2": 64,
    "y1": 0,
    "y2": 32,
  },
  {
    "color": 1,
    "op": "line",
    "rgb": "rgb(0, 0, 0)",
    "thickness": 1,
    "x1": 64,
    "x2": 32,
    "y1": 32,
    "y2": 32,
  },
  {
    "color": 1,
    "op": "line",
    "rgb": "rgb(0, 0, 0)",
    "thickness": 1,
    "x1": 32,
    "x2": 32,
    "y1": 32,
    "y2": 0,
  },
  {
    "color": 0,
    "h": 32,
    "op": "rect",
    "rgb": "rgb(211, 211, 211)",
    "w": 32,
    "x": 32,
    "y": 32,
  },
  {
    "color": 1,
    "op": "line",
    "rgb": "rgb(0, 0, 0)",
    "thickness": 1,
    "x1": 32,
    "x2": 64,
    "y1": 32,
    "y2": 32,
  },
  {
    "color": 1,
    "op": "line",
    "rgb": "rgb(0, 0, 0)",
    "thickness": 1,
    "x1": 64,
    "x2": 64,
    "y1": 32,
    "y2": 64,
  },
  {
    "color": 1,
    "op": "line",
    "rgb": "rgb(0, 0, 0)",
    "thickness": 1,
    "x1": 64,
    "x2": 32,
    "y1": 64,
    "y2": 64,
  },
  {
    "color": 1,
    "op": "line",
    "rgb": "rgb(0, 0, 0)",
    "thickness": 1,
    "x1": 32,
    "x2": 32,
    "y1": 64,
    "y2": 32,
  },
  {
    "color": 0,
    "h": 32,
    "op": "rect",
    "rgb": "rgb(211, 211, 211)",
    "w": 32,
    "x": 32,
    "y": 64,
  },
  {
    "color": 1,
    "op": "line",
    "rgb": "rgb(0, 0, 0)",
    "thickness": 1,
    "x1": 32,
    "x2": 64,
    "y1": 64,
    "y2": 64,
  },
  {
    "color": 1,
    "op": "line",
    "rgb": "rgb(0, 0, 0)",
    "thickness": 1,
    "x1": 64,
    "x2": 64,
    "y1": 64,
    "y2": 96,
  },
  {
    "color": 1,
    "op": "line",
    "rgb": "rgb(0, 0, 0)",
    "thickness": 1,
    "x1": 64,
    "x2": 32,
    "y1": 96,
    "y2": 96,
  },
  {
    "color": 1,
    "op": "line",
    "rgb": "rgb(0, 0, 0)",
    "thickness": 1,
    "x1": 32,
    "x2": 32,
    "y1": 96,
    "y2": 64,
  },
  {
    "color": 0,
    "h": 32,
    "op": "rect",
    "rgb": "rgb(211, 211, 211)",
    "w": 32,
    "x": 32,
    "y": 96,
  },
  {
    "color": 1,
    "op": "line",
    "rgb": "rgb(0, 0, 0)",
    "thickness": 1,
    "x1": 32,
    "x2": 64,
    "y1": 96,
    "y2": 96,
  },
  {
    "color": 1,
    "op": "line",
    "rgb": "rgb(0, 0, 0)",
    "thickness": 1,
    "x1": 64,
    "x2": 64,
    "y1": 96,
    "y2": 128,
  },
  {
    "color": 1,
    "op": "line",
    "rgb": "rgb(0, 0, 0)",
    "thickness": 1,
    "x1": 64,
    "x2": 32,
    "y1": 128,
    "y2": 128,
  },
  {
    "color": 1,
    "op": "line",
    "rgb": "rgb(0, 0, 0)",
    "thickness": 1,
    "x1": 32,
    "x2": 32,
    "y1": 128,
    "y2": 96,
  },
  {
    "align": "center",
    "baseline": "mathematical",
    "color": 15,
    "fontType": "variable",
    "op": "text",
    "rgb": "rgb(21, 113, 233)",
    "size": 16,
    "text": "~",
    "x": 48,
    "y": 109,
  },
  {
    "align": "center",
    "baseline": "mathematical",
    "color": 15,
    "fontType": "variable",
    "op": "text",
    "rgb": "rgb(21, 113, 233)",
    "size": 16,
    "text": "~",
    "x": 48,
    "y": 115,
  },
  {
    "color": 0,
    "h": 32,
    "op": "rect",
    "rgb": "rgb(211, 211, 211)",
    "w": 32,
    "x": 32,
    "y": 128,
  },
  {
    "color": 1,
    "op": "line",
    "rgb": "rgb(0, 0, 0)",
    "thickness": 1,
    "x1": 32,
    "x2": 64,
    "y1": 128,
    "y2": 128,
  },
  {
    "color": 1,
    "op": "line",
    "rgb": "rgb(0, 0, 0)",
    "thickness": 1,
    "x1": 64,
    "x2": 64,
    "y1": 128,
    "y2": 160,
  },
  {
    "color": 1,
    "op": "line",
    "rgb": "rgb(0, 0, 0)",
    "thickness": 1,
    "x1": 64,
    "x2": 32,
    "y1": 160,
    "y2": 160,
  },
  {
    "color": 1,
    "op": "line",
    "rgb": "rgb(0, 0, 0)",
    "thickness": 1,
    "x1": 32,
    "x2": 32,
    "y1": 160,
    "y2": 128,
  },
  {
    "color": 0,
    "h": 32,
    "op": "rect",
    "rgb": "rgb(211, 211, 211)",
    "w": 32,
    "x": 32,
    "y": 160,
  },
  {
    "color": 1,
    "op": "line",
    "rgb": "rgb(0, 0, 0)",
    "thickness": 1,
    "x1": 32,
    "x2": 64,
    "y1": 160,
    "y2": 160,
  },
  {
    "color": 1,
    "op": "line",
    "rgb": "rgb(0, 0, 0)",
    "thickness": 1,
    "x1": 64,
    "x2": 64,
    "y1": 160,
    "y2": 192,
  },
  {
    "color": 1,
    "op": "line",
    "rgb": "rgb(0, 0, 0)",
    "thickness": 1,
    "x1": 64,
    "x2": 32,
    "y1": 192,
    "y2": 192,
  },
  {
    "color": 1,
    "op": "line",
    "rgb": "rgb(0, 0, 0)",
    "thickness": 1,
    "x1": 32,
    "x2": 32,
    "y1": 192,
    "y2": 160,
  },
  {
    "align": "center",
    "baseline": "mathematical",
    "color": 15,
    "fontType": "variable",
    "op": "text",
    "rgb": "rgb(21, 113, 233)",
    "size": 16,
    "text": "~",
    "x": 48,
    "y": 173,
  },
  {
    "align": "center",
    "baseline": "mathematical",
    "color": 15,
    "fontType": "variable",
    "op": "text",
    "rgb": "rgb(21, 113, 233)",
    "size": 16,
    "text": "~",
    "x": 48,
    "y": 179,
  },
  {
    "color": 0,
    "h": 32,
    "op": "rect",
    "rgb": "rgb(211, 211, 211)",
    "w": 32,
    "x": 64,
    "y": 0,
  },
  {
    "color": 1,
    "op": "line",
    "rgb": "rgb(0, 0, 0)",
    "thickness": 1,
    "x1": 64,
    "x2": 96,
    "y1": 0,
    "y2": 0,
  },
  {
    "color": 1,
    "op": "line",
    "rgb": "rgb(0, 0, 0)",
    "thickness": 1,
    "x1": 96,
    "x2": 96,
    "y1": 0,
    "y2": 32,
  },
  {
    "color": 1,
    "op": "line",
    "rgb": "rgb(0, 0, 0)",
    "thickness": 1,
    "x1": 96,
    "x2": 64,
    "y1": 32,
    "y2": 32,
  },
  {
    "color": 1,
    "op": "line",
    "rgb": "rgb(0, 0, 0)",
    "thickness": 1,
    "x1": 64,
    "x2": 64,
    "y1": 32,
    "y2": 0,
  },
  {
    "color": 0,
    "h": 32,
    "op": "rect",
    "rgb": "rgb(211, 211, 211)",
    "w": 32,
    "x": 64,
    "y": 32,
  },
  {
    "color": 1,
    "op": "line",
    "rgb": "rgb(0, 0, 0)",
    "thickness": 1,
    "x1": 64,
    "x2": 96,
    "y1": 32,
    "y2": 32,
  },
  {
    "color": 1,
    "op": "line",
    "rgb": "rgb(0, 0, 0)",
    "thickness": 1,
    "x1": 96,
    "x2": 96,
    "y1": 32,
    "y2": 64,
  },
  {
    "color": 1,
    "op": "line",
    "rgb": "rgb(0, 0, 0)",
    "thickness": 1,
    "x1": 96,
    "x2": 64,
    "y1": 64,
    "y2": 64,
  },
  {
    "color": 1,
    "op": "line",
    "rgb": "rgb(0, 0, 0)",
    "thickness": 1,
    "x1": 64,
    "x2": 64,
    "y1": 64,
    "y2": 32,
  },
  {
    "color": 0,
    "h": 32,
    "op": "rect",
    "rgb": "rgb(211, 211, 211)",
    "w": 32,
    "x": 64,
    "y": 64,
  },
  {
    "color": 1,
    "op": "line",
    "rgb": "rgb(0, 0, 0)",
    "thickness": 1,
    "x1": 64,
    "x2": 96,
    "y1": 64,
    "y2": 64,
  },
  {
    "color": 1,
    "op": "line",
    "rgb": "rgb(0, 0, 0)",
    "thickness": 1,
    "x1": 96,
    "x2": 96,
    "y1": 64,
    "y2": 96,
  },
  {
    "color": 1,
    "op": "line",
    "rgb": "rgb(0, 0, 0)",
    "thickness": 1,
    "x1": 96,
    "x2": 64,
    "y1": 96,
    "y2": 96,
  },
  {
    "color": 1,
    "op": "line",
    "rgb": "rgb(0, 0, 0)",
    "thickness": 1,
    "x1": 64,
    "x2": 64,
    "y1": 96,
    "y2": 64,
  },
  {
    "color": 0,
    "h": 32,
    "op": "rect",
    "rgb": "rgb(211, 211, 211)",
    "w": 32,
    "x": 64,
    "y": 96,
  },
  {
    "color": 1,
    "op": "line",
    "rgb": "rgb(0, 0, 0)",
    "thickness": 1,
    "x1": 64,
    "x2": 96,
    "y1": 96,
    "y2": 96,
  },
  {
    "color": 1,
    "op": "line",
    "rgb": "rgb(0, 0, 0)",
    "thickness": 1,
    "x1": 96,
    "x2": 96,
    "y1": 96,
    "y2": 128,
  },
  {
    "color": 1,
    "op": "line",
    "rgb": "rgb(0, 0, 0)",
    "thickness": 1,
    "x1": 96,
    "x2": 64,
    "y1": 128,
    "y2": 128,
  },
  {
    "color": 1,
    "op": "line",
    "rgb": "rgb(0, 0, 0)",
    "thickness": 1,
    "x1": 64,
    "x2": 64,
    "y1": 128,
    "y2": 96,
  },
  {
    "color": 0,
    "h": 32,
    "op": "rect",
    "rgb": "rgb(211, 211, 211)",
    "w": 32,
    "x": 64,
    "y": 128,
  },
  {
    "color": 1,
    "op": "line",
    "rgb": "rgb(0, 0, 0)",
    "thickness": 1,
    "x1": 64,
    "x2": 96,
    "y1": 128,
    "y2": 128,
  },
  {
    "color": 1,
    "op": "line",
    "rgb": "rgb(0, 0, 0)",
    "thickness": 1,
    "x1": 96,
    "x2": 96,
    "y1": 128,
    "y2": 160,
  },
  {
    "color": 1,
    "op": "line",
    "rgb": "rgb(0, 0, 0)",
    "thickness": 1,
    "x1": 96,
    "x2": 64,
    "y1": 160,
    "y2": 160,
  },
  {
    "color": 1,
    "op": "line",
    "rgb": "rgb(0, 0, 0)",
    "thickness": 1,
    "x1": 64,
    "x2": 64,
    "y1": 160,
    "y2": 128,
  },
  {
    "fill": 15,
    "fillRgb": "rgb(21, 113, 233)",
    "op": "polygon",
    "outline": 15,
    "outlineRgb": "rgb(21, 113, 233)",
    "points": [
      [
        71,
        135,
      ],
      [
        90,
        135,
      ],
      [
        90,
        154,
      ],
      [
        71,
        154,
      ],
    ],
  },
  {
    "color": 4,
    "h": 32,
    "op": "rect",
    "rgb": "rgb(165, 195, 239)",
    "w": 32,
    "x": 64,
    "y": 160,
  },
  {
    "color": 1,
    "op": "line",
    "rgb": "rgb(0, 0, 0)",
    "thickness": 1,
    "x1": 64,
    "x2": 96,
    "y1": 160,
    "y2": 160,
  },
  {
    "color": 1,
    "op": "line",
    "rgb": "rgb(0, 0, 0)",
    "thickness": 1,
    "x1": 96,
    "x2": 96,
    "y1": 160,
    "y2": 192,
  },
  {
    "color": 1,
    "op": "line",
    "rgb": "rgb(0, 0, 0)",
    "thickness": 1,
    "x1": 96,
    "x2": 64,
    "y1": 192,
    "y2": 192,
  },
  {
    "color": 1,
    "op": "line",
    "rgb": "rgb(0, 0, 0)",
    "thickness": 1,
    "x1": 64,
    "x2": 64,
    "y1": 192,
    "y2": 160,
  },
  {
    "cx": 81,
    "cy": 177,
    "fill": 5,
    "fillRgb": "rgb(77, 77, 77)",
    "op": "circle",
    "outline": 5,
    "outlineRgb": "rgb(77, 77, 77)",
    "r": 13,
  },
  {
    "fill": 5,
    "fillRgb": "rgb(77, 77, 77)",
    "op": "polygon",
    "outline": 5,
    "outlineRgb": "rgb(77, 77, 77)",
    "points": [
      [
        67,
        163,
      ],
      [
        94,
        163,
      ],
      [
        94,
        177,
      ],
      [
        67,
        177,
      ],
    ],
  },
  {
    "color": 16,
    "h": 2,
    "op": "rect",
    "rgb": "rgb(14, 88, 91)",
    "w": 23,
    "x": 69,
    "y": 165,
  },
  {
    "color": 16,
    "h": 23,
    "op": "rect",
    "rgb": "rgb(14, 88, 91)",
    "w": 2,
    "x": 69,
    "y": 165,
  },
  {
    "color": 16,
    "h": 2,
    "op": "rect",
    "rgb": "rgb(14, 88, 91)",
    "w": 23,
    "x": 69,
    "y": 186,
  },
  {
    "color": 16,
    "h": 23,
    "op": "rect",
    "rgb": "rgb(14, 88, 91)",
    "w": 2,
    "x": 90,
    "y": 165,
  },
  {
    "color": 0,
    "h": 32,
    "op": "rect",
    "rgb": "rgb(211, 211, 211)",
    "w": 32,
    "x": 96,
    "y": 0,
  },
  {
    "color": 1,
    "op": "line",
    "rgb": "rgb(0, 0, 0)",
    "thickness": 1,
    "x1": 96,
    "x2": 128,
    "y1": 0,
    "y2": 0,
  },
  {
    "color": 1,
    "op": "line",
    "rgb": "rgb(0, 0, 0)",
    "thickness": 1,
    "x1": 128,
    "x2": 128,
    "y1": 0,
    "y2": 32,
  },
  {
    "color": 1,
    "op": "line",
    "rgb": "rgb(0, 0, 0)",
    "thickness": 1,
    "x1": 128,
    "x2": 96,
    "y1": 32,
    "y2": 32,
  },
  {
    "color": 1,
    "op": "line",
    "rgb": "rgb(0, 0, 0)",
    "thickness": 1,
    "x1": 96,
    "x2": 96,
    "y1": 32,
    "y2": 0,
  },
  {
    "color": 0,
    "h": 32,
    "op": "rect",
    "rgb": "rgb(211, 211, 211)",
    "w": 32,
    "x": 96,
    "y": 32,
  },
  {
    "color": 1,
    "op": "line",
    "rgb": "rgb(0, 0, 0)",
    "thickness": 1,
    "x1": 96,
    "x2": 128,
    "y1": 32,
    "y2": 32,
  },
  {
    "color": 1,
    "op": "line",
    "rgb": "rgb(0, 0, 0)",
    "thickness": 1,
    "x1": 128,
    "x2": 128,
    "y1": 32,
    "y2": 64,
  },
  {
    "color": 1,
    "op": "line",
    "rgb": "rgb(0, 0, 0)",
    "thickness": 1,
    "x1": 128,
    "x2": 96,
    "y1": 64,
    "y2": 64,
  },
  {
    "color": 1,
    "op": "line",
    "rgb": "rgb(0, 0, 0)",
    "thickness": 1,
    "x1": 96,
    "x2": 96,
    "y1": 64,
    "y2": 32,
  },
  {
    "color": 0,
    "h": 32,
    "op": "rect",
    "rgb": "rgb(211, 211, 211)",
    "w": 32,
    "x": 96,
    "y": 64,
  },
  {
    "color": 1,
    "op": "line",
    "rgb": "rgb(0, 0, 0)",
    "thickness": 1,
    "x1": 96,
    "x2": 128,
    "y1": 64,
    "y2": 64,
  },
  {
    "color": 1,
    "op": "line",
    "rgb": "rgb(0, 0, 0)",
    "thickness": 1,
    "x1": 128,
    "x2": 128,
    "y1": 64,
    "y2": 96,
  },
  {
    "color": 1,
    "op": "line",
    "rgb": "rgb(0, 0, 0)",
    "thickness": 1,
    "x1": 128,
    "x2": 96,
    "y1": 96,
    "y2": 96,
  },
  {
    "color": 1,
    "op": "line",
    "rgb": "rgb(0, 0, 0)",
    "thickness": 1,
    "x1": 96,
    "x2": 96,
    "y1": 96,
    "y2": 64,
  },
  {
    "color": 0,
    "h": 32,
    "op": "rect",
    "rgb": "rgb(211, 211, 211)",
    "w": 32,
    "x": 96,
    "y": 96,
  },
  {
    "color": 1,
    "op": "line",
    "rgb": "rgb(0, 0, 0)",
    "thickness": 1,
    "x1": 96,
    "x2": 128,
    "y1": 96,
    "y2": 96,
  },
  {
    "color": 1,
    "op": "line",
    "rgb": "rgb(0, 0, 0)",
    "thickness": 1,
    "x1": 128,
    "x2": 128,
    "y1": 96,
    "y2": 128,
  },
  {
    "color": 1,
    "op": "line",
    "rgb": "rgb(0, 0, 0)",
    "thickness": 1,
    "x1": 128,
    "x2": 96,
    "y1": 128,
    "y2": 128,
  },
  {
    "color": 1,
    "op": "line",
    "rgb": "rgb(0, 0, 0)",
    "thickness": 1,
    "x1": 96,
    "x2": 96,
    "y1": 128,
    "y2": 96,
  },
  {
    "align": "center",
    "baseline": "mathematical",
    "color": 15,
    "fontType": "variable",
    "op": "text",
    "rgb": "rgb(21, 113, 233)",
    "size": 16,
    "text": "~",
    "x": 112,
    "y": 109,
  },
  {
    "align": "center",
    "baseline": "mathematical",
    "color": 15,
    "fontType": "variable",
    "op": "text",
    "rgb": "rgb(21, 113, 233)",
    "size": 16,
    "text": "~",
    "x": 112,
    "y": 115,
  },
  {
    "color": 0,
    "h": 32,
    "op": "rect",
    "rgb": "rgb(211, 211, 211)",
    "w": 32,
    "x": 96,
    "y": 128,
  },
  {
    "color": 1,
    "op": "line",
    "rgb": "rgb(0, 0, 0)",
    "thickness": 1,
    "x1": 96,
    "x2": 128,
    "y1": 128,
    "y2": 128,
  },
  {
    "color": 1,
    "op": "line",
    "rgb": "rgb(0, 0, 0)",
    "thickness": 1,
    "x1": 128,
    "x2": 128,
    "y1": 128,
    "y2": 160,
  },
  {
    "color": 1,
    "op": "line",
    "rgb": "rgb(0, 0, 0)",
    "thickness": 1,
    "x1": 128,
    "x2": 96,
    "y1": 160,
    "y2": 160,
  },
  {
    "color": 1,
    "op": "line",
    "rgb": "rgb(0, 0, 0)",
    "thickness": 1,
    "x1": 96,
    "x2": 96,
    "y1": 160,
    "y2": 128,
  },
  {
    "color": 0,
    "h": 32,
    "op": "rect",
    "rgb": "rgb(211, 211, 211)",
    "w": 32,
    "x": 96,
    "y": 160,
  },
  {
    "color": 1,
    "op": "line",
    "rgb": "rgb(0, 0, 0)",
    "thickness": 1,
    "x1": 96,
    "x2": 128,
    "y1": 160,
    "y2": 160,
  },
  {
    "color": 1,
    "op": "line",
    "rgb": "rgb(0, 0, 0)",
    "thickness": 1,
    "x1": 128,
    "x2": 128,
    "y1": 160,
    "y2": 192,
  },
  {
    "color": 1,
    "op": "line",
    "rgb": "rgb(0, 0, 0)",
    "thickness": 1,
    "x1": 128,
    "x2": 96,
    "y1": 192,
    "y2": 192,
  },
  {
    "color": 1,
    "op": "line",
    "rgb": "rgb(0, 0, 0)",
    "thickness": 1,
    "x1": 96,
    "x2": 96,
    "y1": 192,
    "y2": 160,
  },
  {
    "align": "center",
    "baseline": "mathematical",
    "color": 15,
    "fontType": "variable",
    "op": "text",
    "rgb": "rgb(21, 113, 233)",
    "size": 16,
    "text": "~",
    "x": 112,
    "y": 173,
  },
  {
    "align": "center",
    "baseline": "mathematical",
    "color": 15,
    "fontType": "variable",
    "op": "text",
    "rgb": "rgb(21, 113, 233)",
    "size": 16,
    "text": "~",
    "x": 112,
    "y": 179,
  },
  {
    "color": 0,
    "h": 32,
    "op": "rect",
    "rgb": "rgb(211, 211, 211)",
    "w": 32,
    "x": 128,
    "y": 0,
  },
  {
    "color": 1,
    "op": "line",
    "rgb": "rgb(0, 0, 0)",
    "thickness": 1,
    "x1": 128,
    "x2": 160,
    "y1": 0,
    "y2": 0,
  },
  {
    "color": 1,
    "op": "line",
    "rgb": "rgb(0, 0, 0)",
    "thickness": 1,
    "x1": 160,
    "x2": 160,
    "y1": 0,
    "y2": 32,
  },
  {
    "color": 1,
    "op": "line",
    "rgb": "rgb(0, 0, 0)",
    "thickness": 1,
    "x1": 160,
    "x2": 128,
    "y1": 32,
    "y2": 32,
  },
  {
    "color": 1,
    "op": "line",
    "rgb": "rgb(0, 0, 0)",
    "thickness": 1,
    "x1": 128,
    "x2": 128,
    "y1": 32,
    "y2": 0,
  },
  {
    "color": 0,
    "h": 32,
    "op": "rect",
    "rgb": "rgb(211, 211, 211)",
    "w": 32,
    "x": 128,
    "y": 32,
  },
  {
    "color": 1,
    "op": "line",
    "rgb": "rgb(0, 0, 0)",
    "thickness": 1,
    "x1": 128,
    "x2": 160,
    "y1": 32,
    "y2": 32,
  },
  {
    "color": 1,
    "op": "line",
    "rgb": "rgb(0, 0, 0)",
    "thickness": 1,
    "x1": 160,
    "x2": 160,
    "y1": 32,
    "y2": 64,
  },
  {
    "color": 1,
    "op": "line",
    "rgb": "rgb(0, 0, 0)",
    "thickness": 1,
    "x1": 160,
    "x2": 128,
    "y1": 64,
    "y2": 64,
  },
  {
    "color": 1,
    "op": "line",
    "rgb": "rgb(0, 0, 0)",
    "thickness": 1,
    "x1": 128,
    "x2": 128,
    "y1": 64,
    "y2": 32,
  },
  {
    "color": 0,
    "h": 32,
    "op": "rect",
    "rgb": "rgb(211, 211, 211)",
    "w": 32,
    "x": 128,
    "y": 64,
  },
  {
    "color": 1,
    "op": "line",
    "rgb": "rgb(0, 0, 0)",
    "thickness": 1,
    "x1": 128,
    "x2": 160,
    "y1": 64,
    "y2": 64,
  },
  {
    "color": 1,
    "op": "line",
    "rgb": "rgb(0, 0, 0)",
    "thickness": 1,
    "x1": 160,
    "x2": 160,
    "y1": 64,
    "y2": 96,
  },
  {
    "color": 1,
    "op": "line",
    "rgb": "rgb(0, 0, 0)",
    "thickness": 1,
    "x1": 160,
    "x2": 128,
    "y1": 96,
    "y2": 96,
  },
  {
    "color": 1,
    "op": "line",
    "rgb": "rgb(0, 0, 0)",
    "thickness": 1,
    "x1": 128,
    "x2": 128,
    "y1": 96,
    "y2": 64,
  },
  {
    "color": 0,
    "h": 32,
    "op": "rect",
    "rgb": "rgb(211, 211, 211)",
    "w": 32,
    "x": 128,
    "y": 96,
  },
  {
    "color": 1,
    "op": "line",
    "rgb": "rgb(0, 0, 0)",
    "thickness": 1,
    "x1": 128,
    "x2": 160,
    "y1": 96,
    "y2": 96,
  },
  {
    "color": 1,
    "op": "line",
    "rgb": "rgb(0, 0, 0)",
    "thickness": 1,
    "x1": 160,
    "x2": 160,
    "y1": 96,
    "y2": 128,
  },
  {
    "color": 1,
    "op": "line",
    "rgb": "rgb(0, 0, 0)",
    "thickness": 1,
    "x1": 160,
    "x2": 128,
    "y1": 128,
    "y2": 128,
  },
  {
    "color": 1,
    "op": "line",
    "rgb": "rgb(0, 0, 0)",
    "thickness": 1,
    "x1": 128,
    "x2": 128,
    "y1": 128,
    "y2": 96,
  },
  {
    "color": 0,
    "h": 32,
    "op": "rect",
    "rgb": "rgb(211, 211, 211)",
    "w": 32,
    "x": 128,
    "y": 128,
  },
  {
    "color": 1,
    "op": "line",
    "rgb": "rgb(0, 0, 0)",
    "thickness": 1,
    "x1": 128,
    "x2": 160,
    "y1": 128,
    "y2": 128,
  },
  {
    "color": 1,
    "op": "line",
    "rgb": "rgb(0, 0, 0)",
    "thickness": 1,
    "x1": 160,
    "x2": 160,
    "y1": 128,
    "y2": 160,
  },
  {
    "color": 1,
    "op": "line",
    "rgb": "rgb(0, 0, 0)",
    "thickness": 1,
    "x1": 160,
    "x2": 128,
    "y1": 160,
    "y2": 160,
  },
  {
    "color": 1,
    "op": "line",
    "rgb": "rgb(0, 0, 0)",
    "thickness": 1,
    "x1": 128,
    "x2": 128,
    "y1": 160,
    "y2": 128,
  },
  {
    "color": 0,
    "h": 32,
    "op": "rect",
    "rgb": "rgb(211, 211, 211)",
    "w": 32,
    "x": 128,
    "y": 160,
  },
  {
    "color": 1,
    "op": "line",
    "rgb": "rgb(0, 0, 0)",
    "thickness": 1,
    "x1": 128,
    "x2": 160,
    "y1": 160,
    "y2": 160,
  },
  {
    "color": 1,
    "op": "line",
    "rgb": "rgb(0, 0, 0)",
    "thickness": 1,
    "x1": 160,
    "x2": 160,
    "y1": 160,
    "y2": 192,
  },
  {
    "color": 1,
    "op": "line",
    "rgb": "rgb(0, 0, 0)",
    "thickness": 1,
    "x1": 160,
    "x2": 128,
    "y1": 192,
    "y2": 192,
  },
  {
    "color": 1,
    "op": "line",
    "rgb": "rgb(0, 0, 0)",
    "thickness": 1,
    "x1": 128,
    "x2": 128,
    "y1": 192,
    "y2": 160,
  },
  {
    "color": 0,
    "h": 32,
    "op": "rect",
    "rgb": "rgb(211, 211, 211)",
    "w": 32,
    "x": 160,
    "y": 0,
  },
  {
    "color": 1,
    "op": "line",
    "rgb": "rgb(0, 0, 0)",
    "thickness": 1,
    "x1": 160,
    "x2": 192,
    "y1": 0,
    "y2": 0,
  },
  {
    "color": 1,
    "op": "line",
    "rgb": "rgb(0, 0, 0)",
    "thickness": 1,
    "x1": 192,
    "x2": 192,
    "y1": 0,
    "y2": 32,
  },
  {
    "color": 1,
    "op": "line",
    "rgb": "rgb(0, 0, 0)",
    "thickness": 1,
    "x1": 192,
    "x2": 160,
    "y1": 32,
    "y2": 32,
  },
  {
    "color": 1,
    "op": "line",
    "rgb": "rgb(0, 0, 0)",
    "thickness": 1,
    "x1": 160,
    "x2": 160,
    "y1": 32,
    "y2": 0,
  },
  {
    "color": 0,
    "h": 32,
    "op": "rect",
    "rgb": "rgb(211, 211, 211)",
    "w": 32,
    "x": 160,
    "y": 32,
  },
  {
    "color": 1,
    "op": "line",
    "rgb": "rgb(0, 0, 0)",
    "thickness": 1,
    "x1": 160,
    "x2": 192,
    "y1": 32,
    "y2": 32,
  },
  {
    "color": 1,
    "op": "line",
    "rgb": "rgb(0, 0, 0)",
    "thickness": 1,
    "x1": 192,
    "x2": 192,
    "y1": 32,
    "y2": 64,
  },
  {
    "color": 1,
    "op": "line",
    "rgb": "rgb(0, 0, 0)",
    "thickness": 1,
    "x1": 192,
    "x2": 160,
    "y1": 64,
    "y2": 64,
  },
  {
    "color": 1,
    "op": "line",
    "rgb": "rgb(0, 0, 0)",
    "thickness": 1,
    "x1": 160,
    "x2": 160,
    "y1": 64,
    "y2": 32,
  },
  {
    "color": 0,
    "h": 32,
    "op": "rect",
    "rgb": "rgb(211, 211, 211)",
    "w": 32,
    "x": 160,
    "y": 64,
  },
  {
    "color": 1,
    "op": "line",
    "rgb": "rgb(0, 0, 0)",
    "thickness": 1,
    "x1": 160,
    "x2": 192,
    "y1": 64,
    "y2": 64,
  },
  {
    "color": 1,
    "op": "line",
    "rgb": "rgb(0, 0, 0)",
    "thickness": 1,
    "x1": 192,
    "x2": 192,
    "y1": 64,
    "y2": 96,
  },
  {
    "color": 1,
    "op": "line",
    "rgb": "rgb(0, 0, 0)",
    "thickness": 1,
    "x1": 192,
    "x2": 160,
    "y1": 96,
    "y2": 96,
  },
  {
    "color": 1,
    "op": "line",
    "rgb": "rgb(0, 0, 0)",
    "thickness": 1,
    "x1": 160,
    "x2": 160,
    "y1": 96,
    "y2": 64,
  },
  {
    "color": 0,
    "h": 32,
    "op": "rect",
    "rgb": "rgb(211, 211, 211)",
    "w": 32,
    "x": 160,
    "y": 96,
  },
  {
    "color": 1,
    "op": "line",
    "rgb": "rgb(0, 0, 0)",
    "thickness": 1,
    "x1": 160,
    "x2": 192,
    "y1": 96,
    "y2": 96,
  },
  {
    "color": 1,
    "op": "line",
    "rgb": "rgb(0, 0, 0)",
    "thickness": 1,
    "x1": 192,
    "x2": 192,
    "y1": 96,
    "y2": 128,
  },
  {
    "color": 1,
    "op": "line",
    "rgb": "rgb(0, 0, 0)",
    "thickness": 1,
    "x1": 192,
    "x2": 160,
    "y1": 128,
    "y2": 128,
  },
  {
    "color": 1,
    "op": "line",
    "rgb": "rgb(0, 0, 0)",
    "thickness": 1,
    "x1": 160,
    "x2": 160,
    "y1": 128,
    "y2": 96,
  },
  {
    "color": 0,
    "h": 32,
    "op": "rect",
    "rgb": "rgb(211, 211, 211)",
    "w": 32,
    "x": 160,
    "y": 128,
  },
  {
    "color": 1,
    "op": "line",
    "rgb": "rgb(0, 0, 0)",
    "thickness": 1,
    "x1": 160,
    "x2": 192,
    "y1": 128,
    "y2": 128,
  },
  {
    "color": 1,
    "op": "line",
    "rgb": "rgb(0, 0, 0)",
    "thickness": 1,
    "x1": 192,
    "x2": 192,
    "y1": 128,
    "y2": 160,
  },
  {
    "color": 1,
    "op": "line",
    "rgb": "rgb(0, 0, 0)",
    "thickness": 1,
    "x1": 192,
    "x2": 160,
    "y1": 160,
    "y2": 160,
  },
  {
    "color": 1,
    "op": "line",
    "rgb": "rgb(0, 0, 0)",
    "thickness": 1,
    "x1": 160,
    "x2": 160,
    "y1": 160,
    "y2": 128,
  },
  {
    "color": 4,
    "h": 32,
    "op": "rect",
    "rgb": "rgb(165, 195, 239)",
    "w": 32,
    "x": 160,
    "y": 160,
  },
  {
    "color": 1,
    "op": "line",
    "rgb": "rgb(0, 0, 0)",
    "thickness": 1,
    "x1": 160,
    "x2": 192,
    "y1": 160,
    "y2": 160,
  },
  {
    "color": 1,
    "op": "line",
    "rgb": "rgb(0, 0, 0)",
    "thickness": 1,
    "x1": 192,
    "x2": 192,
    "y1": 160,
    "y2": 192,
  },
  {
    "color": 1,
    "op": "line",
    "rgb": "rgb(0, 0, 0)",
    "thickness": 1,
    "x1": 192,
    "x2": 160,
    "y1": 192,
    "y2": 192,
  },
  {
    "color": 1,
    "op": "line",
    "rgb": "rgb(0, 0, 0)",
    "thickness": 1,
    "x1": 160,
    "x2": 160,
    "y1": 192,
    "y2": 160,
  },
  {
    "cx": 177,
    "cy": 177,
    "fill": 5,
    "fillRgb": "rgb(77, 77, 77)",
    "op": "circle",
    "outline": 5,
    "outlineRgb": "rgb(77, 77, 77)",
    "r": 13,
  },
  {
    "color": 0,
    "h": 24,
    "op": "rect",
    "rgb": "rgb(211, 211, 211)",
    "w": 32,
    "x": 0,
    "y": 240,
  },
  {
    "cx": 12,
    "cy": 252,
    "fill": 8,
    "fillRgb": "rgb(33, 167, 73)",
    "op": "circle",
    "outline": 8,
    "outlineRgb": "rgb(33, 167, 73)",
    "r": 10,
  },
  {
    "color": 0,
    "h": 24,
    "op": "rect",
    "rgb": "rgb(211, 211, 211)",
    "w": 32,
    "x": 32,
    "y": 240,
  },
  {
    "cx": 44,
    "cy": 252,
    "fill": 8,
    "fillRgb": "rgb(33, 167, 73)",
    "op": "circle",
    "outline": 8,
    "outlineRgb": "rgb(33, 167, 73)",
    "r": 10,
  },
  {
    "color": 0,
    "h": 24,
    "op": "rect",
    "rgb": "rgb(211, 211, 211)",
    "w": 32,
    "x": 64,
    "y": 240,
  },
  {
    "cx": 76,
    "cy": 252,
    "fill": 8,
    "fillRgb": "rgb(33, 167, 73)",
    "op": "circle",
    "outline": 8,
    "outlineRgb": "rgb(33, 167, 73)",
    "r": 10,
  },
  {
    "color": 0,
    "h": 24,
    "op": "rect",
    "rgb": "rgb(211, 211, 211)",
    "w": 56,
    "x": 96,
    "y": 240,
  },
  {
    "cx": 108,
    "cy": 252,
    "fill": 8,
    "fillRgb": "rgb(33, 167, 73)",
    "op": "circle",
    "outline": 8,
    "outlineRgb": "rgb(33, 167, 73)",
    "r": 10,
  },
  {
    "fill": 8,
    "fillRgb": "rgb(33, 167, 73)",
    "op": "polygon",
    "outline": 8,
    "outlineRgb": "rgb(33, 167, 73)",
    "points": [
      [
        108,
        242,
      ],
      [
        118,
        242,
      ],
      [
        118,
        262,
      ],
      [
        108,
        262,
      ],
    ],
  },
  {
    "cx": 132,
    "cy": 252,
    "fill": 8,
    "fillRgb": "rgb(33, 167, 73)",
    "op": "circle",
    "outline": 8,
    "outlineRgb": "rgb(33, 167, 73)",
    "r": 10,
  },
  {
    "fill": 8,
    "fillRgb": "rgb(33, 167, 73)",
    "op": "polygon",
    "outline": 8,
    "outlineRgb": "rgb(33, 167, 73)",
    "points": [
      [
        122,
        242,
      ],
      [
        132,
        242,
      ],
      [
        132,
        262,
      ],
      [
        122,
        262,
      ],
    ],
  },
  {
    "color": 0,
    "h": 24,
    "op": "rect",
    "rgb": "rgb(211, 211, 211)",
    "w": 56,
    "x": 152,
    "y": 240,
  },
  {
    "cx": 164,
    "cy": 252,
    "fill": 8,
    "fillRgb": "rgb(33, 167, 73)",
    "op": "circle",
    "outline": 8,
    "outlineRgb": "rgb(33, 167, 73)",
    "r": 10,
  },
  {
    "fill": 8,
    "fillRgb": "rgb(33, 167, 73)",
    "op": "polygon",
    "outline": 8,
    "outlineRgb": "rgb(33, 167, 73)",
    "points": [
      [
        164,
        242,
      ],
      [
        174,
        242,
      ],
      [
        174,
        262,
      ],
      [
        164,
        262,
      ],
    ],
  },
  {
    "cx": 188,
    "cy": 252,
    "fill": 8,
    "fillRgb": "rgb(33, 167, 73)",
    "op": "circle",
    "outline": 8,
    "outlineRgb": "rgb(33, 167, 73)",
    "r": 10,
  },
  {
    "fill": 8,
    "fillRgb": "rgb(33, 167, 73)",
    "op": "polygon",
    "outline": 8,
    "outlineRgb": "rgb(33, 167, 73)",
    "points": [
      [
        178,
        242,
      ],
      [
        188,
        242,
      ],
      [
        188,
        262,
      ],
      [
        178,
        262,
      ],
    ],
  },
  {
    "color": 0,
    "h": 24,
    "op": "rect",
    "rgb": "rgb(211, 211, 211)",
    "w": 80,
    "x": 0,
    "y": 272,
  },
  {
    "cx": 12,
    "cy": 284,
    "fill": 8,
    "fillRgb": "rgb(33, 167, 73)",
    "op": "circle",
    "outline": 8,
    "outlineRgb": "rgb(33, 167, 73)",
    "r": 10,
  },
  {
    "fill": 8,
    "fillRgb": "rgb(33, 167, 73)",
    "op": "polygon",
    "outline": 8,
    "outlineRgb": "rgb(33, 167, 73)",
    "points": [
      [
        12,
        274,
      ],
      [
        22,
        274,
      ],
      [
        22,
        294,
      ],
      [
        12,
        294,
      ],
    ],
  },
  {
    "fill": 8,
    "fillRgb": "rgb(33, 167, 73)",
    "op": "polygon",
    "outline": 8,
    "outlineRgb": "rgb(33, 167, 73)",
    "points": [
      [
        26,
        274,
      ],
      [
        46,
        274,
      ],
      [
        46,
        294,
      ],
      [
        26,
        294,
      ],
    ],
  },
  {
    "cx": 60,
    "cy": 284,
    "fill": 8,
    "fillRgb": "rgb(33, 167, 73)",
    "op": "circle",
    "outline": 8,
    "outlineRgb": "rgb(33, 167, 73)",
    "r": 10,
  },
  {
    "fill": 8,
    "fillRgb": "rgb(33, 167, 73)",
    "op": "polygon",
    "outline": 8,
    "outlineRgb": "rgb(33, 167, 73)",
    "points": [
      [
        50,
        274,
      ],
      [
        60,
        274,
      ],
      [
        60,
        294,
      ],
      [
        50,
        294,
      ],
    ],
  },
]
`;
