// Vitest Snapshot v1, https://vitest.dev/guide/snapshot.html

exports[`hint rendering (tier 2.5) > a chain frame paints the what-if marks and the danger double ring 1`] = `
[
  {
    "colour": 0,
    "h": 230,
    "op": "rect",
    "rgb": "rgb(211, 211, 211)",
    "w": 230,
    "x": 0,
    "y": 0,
  },
  {
    "colour": 1,
    "h": 229,
    "op": "rect",
    "rgb": "rgb(0, 0, 0)",
    "w": 229,
    "x": 0,
    "y": 0,
  },
  {
    "colour": 1,
    "h": 32,
    "op": "rect",
    "rgb": "rgb(0, 0, 0)",
    "w": 32,
    "x": 3,
    "y": 3,
  },
  {
    "colour": 2,
    "h": 31,
    "op": "rect",
    "rgb": "rgb(239, 184, 209)",
    "w": 31,
    "x": 3,
    "y": 3,
  },
  {
    "cx": 19,
    "cy": 19,
    "fill": 4,
    "fillRgb": "rgb(0, 0, 0)",
    "op": "circle",
    "outline": 4,
    "outlineRgb": "rgb(0, 0, 0)",
    "r": 6,
  },
  {
    "colour": 1,
    "h": 32,
    "op": "rect",
    "rgb": "rgb(0, 0, 0)",
    "w": 32,
    "x": 35,
    "y": 3,
  },
  {
    "colour": 0,
    "h": 31,
    "op": "rect",
    "rgb": "rgb(211, 211, 211)",
    "w": 31,
    "x": 35,
    "y": 3,
  },
  {
    "colour": 1,
    "h": 32,
    "op": "rect",
    "rgb": "rgb(0, 0, 0)",
    "w": 32,
    "x": 67,
    "y": 3,
  },
  {
    "colour": 0,
    "h": 31,
    "op": "rect",
    "rgb": "rgb(211, 211, 211)",
    "w": 31,
    "x": 67,
    "y": 3,
  },
  {
    "colour": 1,
    "h": 32,
    "op": "rect",
    "rgb": "rgb(0, 0, 0)",
    "w": 32,
    "x": 99,
    "y": 3,
  },
  {
    "colour": 2,
    "h": 31,
    "op": "rect",
    "rgb": "rgb(239, 184, 209)",
    "w": 31,
    "x": 99,
    "y": 3,
  },
  {
    "cx": 115,
    "cy": 19,
    "fill": 4,
    "fillRgb": "rgb(0, 0, 0)",
    "op": "circle",
    "outline": 4,
    "outlineRgb": "rgb(0, 0, 0)",
    "r": 6,
  },
  {
    "colour": 1,
    "h": 32,
    "op": "rect",
    "rgb": "rgb(0, 0, 0)",
    "w": 32,
    "x": 131,
    "y": 3,
  },
  {
    "colour": 3,
    "h": 31,
    "op": "rect",
    "rgb": "rgb(21, 113, 233)",
    "w": 31,
    "x": 131,
    "y": 3,
  },
  {
    "cx": 147,
    "cy": 19,
    "fill": 5,
    "fillRgb": "rgb(255, 255, 255)",
    "op": "circle",
    "outline": 5,
    "outlineRgb": "rgb(255, 255, 255)",
    "r": 6,
  },
  {
    "colour": 1,
    "h": 32,
    "op": "rect",
    "rgb": "rgb(0, 0, 0)",
    "w": 32,
    "x": 163,
    "y": 3,
  },
  {
    "colour": 0,
    "h": 31,
    "op": "rect",
    "rgb": "rgb(211, 211, 211)",
    "w": 31,
    "x": 163,
    "y": 3,
  },
  {
    "colour": 1,
    "h": 32,
    "op": "rect",
    "rgb": "rgb(0, 0, 0)",
    "w": 32,
    "x": 195,
    "y": 3,
  },
  {
    "colour": 0,
    "h": 31,
    "op": "rect",
    "rgb": "rgb(211, 211, 211)",
    "w": 31,
    "x": 195,
    "y": 3,
  },
  {
    "colour": 1,
    "h": 32,
    "op": "rect",
    "rgb": "rgb(0, 0, 0)",
    "w": 32,
    "x": 3,
    "y": 35,
  },
  {
    "colour": 0,
    "h": 31,
    "op": "rect",
    "rgb": "rgb(211, 211, 211)",
    "w": 31,
    "x": 3,
    "y": 35,
  },
  {
    "colour": 1,
    "h": 32,
    "op": "rect",
    "rgb": "rgb(0, 0, 0)",
    "w": 32,
    "x": 35,
    "y": 35,
  },
  {
    "colour": 0,
    "h": 31,
    "op": "rect",
    "rgb": "rgb(211, 211, 211)",
    "w": 31,
    "x": 35,
    "y": 35,
  },
  {
    "colour": 1,
    "h": 32,
    "op": "rect",
    "rgb": "rgb(0, 0, 0)",
    "w": 32,
    "x": 67,
    "y": 35,
  },
  {
    "colour": 0,
    "h": 31,
    "op": "rect",
    "rgb": "rgb(211, 211, 211)",
    "w": 31,
    "x": 67,
    "y": 35,
  },
  {
    "colour": 1,
    "h": 32,
    "op": "rect",
    "rgb": "rgb(0, 0, 0)",
    "w": 32,
    "x": 99,
    "y": 35,
  },
  {
    "colour": 0,
    "h": 31,
    "op": "rect",
    "rgb": "rgb(211, 211, 211)",
    "w": 31,
    "x": 99,
    "y": 35,
  },
  {
    "colour": 1,
    "h": 32,
    "op": "rect",
    "rgb": "rgb(0, 0, 0)",
    "w": 32,
    "x": 131,
    "y": 35,
  },
  {
    "colour": 0,
    "h": 31,
    "op": "rect",
    "rgb": "rgb(211, 211, 211)",
    "w": 31,
    "x": 131,
    "y": 35,
  },
  {
    "colour": 1,
    "h": 32,
    "op": "rect",
    "rgb": "rgb(0, 0, 0)",
    "w": 32,
    "x": 163,
    "y": 35,
  },
  {
    "colour": 0,
    "h": 31,
    "op": "rect",
    "rgb": "rgb(211, 211, 211)",
    "w": 31,
    "x": 163,
    "y": 35,
  },
  {
    "colour": 1,
    "h": 32,
    "op": "rect",
    "rgb": "rgb(0, 0, 0)",
    "w": 32,
    "x": 195,
    "y": 35,
  },
  {
    "colour": 0,
    "h": 31,
    "op": "rect",
    "rgb": "rgb(211, 211, 211)",
    "w": 31,
    "x": 195,
    "y": 35,
  },
  {
    "colour": 1,
    "h": 32,
    "op": "rect",
    "rgb": "rgb(0, 0, 0)",
    "w": 32,
    "x": 3,
    "y": 67,
  },
  {
    "colour": 0,
    "h": 31,
    "op": "rect",
    "rgb": "rgb(211, 211, 211)",
    "w": 31,
    "x": 3,
    "y": 67,
  },
  {
    "colour": 1,
    "h": 32,
    "op": "rect",
    "rgb": "rgb(0, 0, 0)",
    "w": 32,
    "x": 35,
    "y": 67,
  },
  {
    "colour": 0,
    "h": 31,
    "op": "rect",
    "rgb": "rgb(211, 211, 211)",
    "w": 31,
    "x": 35,
    "y": 67,
  },
  {
    "colour": 1,
    "h": 32,
    "op": "rect",
    "rgb": "rgb(0, 0, 0)",
    "w": 32,
    "x": 67,
    "y": 67,
  },
  {
    "colour": 0,
    "h": 31,
    "op": "rect",
    "rgb": "rgb(211, 211, 211)",
    "w": 31,
    "x": 67,
    "y": 67,
  },
  {
    "colour": 1,
    "h": 32,
    "op": "rect",
    "rgb": "rgb(0, 0, 0)",
    "w": 32,
    "x": 99,
    "y": 67,
  },
  {
    "colour": 0,
    "h": 31,
    "op": "rect",
    "rgb": "rgb(211, 211, 211)",
    "w": 31,
    "x": 99,
    "y": 67,
  },
  {
    "colour": 1,
    "h": 32,
    "op": "rect",
    "rgb": "rgb(0, 0, 0)",
    "w": 32,
    "x": 131,
    "y": 67,
  },
  {
    "colour": 3,
    "h": 31,
    "op": "rect",
    "rgb": "rgb(21, 113, 233)",
    "w": 31,
    "x": 131,
    "y": 67,
  },
  {
    "cx": 147,
    "cy": 83,
    "fill": 5,
    "fillRgb": "rgb(255, 255, 255)",
    "op": "circle",
    "outline": 5,
    "outlineRgb": "rgb(255, 255, 255)",
    "r": 6,
  },
  {
    "colour": 1,
    "h": 32,
    "op": "rect",
    "rgb": "rgb(0, 0, 0)",
    "w": 32,
    "x": 163,
    "y": 67,
  },
  {
    "colour": 0,
    "h": 31,
    "op": "rect",
    "rgb": "rgb(211, 211, 211)",
    "w": 31,
    "x": 163,
    "y": 67,
  },
  {
    "colour": 1,
    "h": 32,
    "op": "rect",
    "rgb": "rgb(0, 0, 0)",
    "w": 32,
    "x": 195,
    "y": 67,
  },
  {
    "colour": 2,
    "h": 31,
    "op": "rect",
    "rgb": "rgb(239, 184, 209)",
    "w": 31,
    "x": 195,
    "y": 67,
  },
  {
    "colour": 1,
    "h": 32,
    "op": "rect",
    "rgb": "rgb(0, 0, 0)",
    "w": 32,
    "x": 3,
    "y": 99,
  },
  {
    "colour": 0,
    "h": 31,
    "op": "rect",
    "rgb": "rgb(211, 211, 211)",
    "w": 31,
    "x": 3,
    "y": 99,
  },
  {
    "colour": 1,
    "h": 32,
    "op": "rect",
    "rgb": "rgb(0, 0, 0)",
    "w": 32,
    "x": 35,
    "y": 99,
  },
  {
    "colour": 0,
    "h": 31,
    "op": "rect",
    "rgb": "rgb(211, 211, 211)",
    "w": 31,
    "x": 35,
    "y": 99,
  },
  {
    "colour": 1,
    "h": 32,
    "op": "rect",
    "rgb": "rgb(0, 0, 0)",
    "w": 32,
    "x": 67,
    "y": 99,
  },
  {
    "colour": 3,
    "h": 31,
    "op": "rect",
    "rgb": "rgb(21, 113, 233)",
    "w": 31,
    "x": 67,
    "y": 99,
  },
  {
    "cx": 83,
    "cy": 115,
    "fill": 5,
    "fillRgb": "rgb(255, 255, 255)",
    "op": "circle",
    "outline": 5,
    "outlineRgb": "rgb(255, 255, 255)",
    "r": 6,
  },
  {
    "colour": 1,
    "h": 32,
    "op": "rect",
    "rgb": "rgb(0, 0, 0)",
    "w": 32,
    "x": 99,
    "y": 99,
  },
  {
    "colour": 0,
    "h": 31,
    "op": "rect",
    "rgb": "rgb(211, 211, 211)",
    "w": 31,
    "x": 99,
    "y": 99,
  },
  {
    "colour": 1,
    "h": 32,
    "op": "rect",
    "rgb": "rgb(0, 0, 0)",
    "w": 32,
    "x": 131,
    "y": 99,
  },
  {
    "colour": 0,
    "h": 31,
    "op": "rect",
    "rgb": "rgb(211, 211, 211)",
    "w": 31,
    "x": 131,
    "y": 99,
  },
  {
    "colour": 1,
    "h": 32,
    "op": "rect",
    "rgb": "rgb(0, 0, 0)",
    "w": 32,
    "x": 163,
    "y": 99,
  },
  {
    "colour": 3,
    "h": 31,
    "op": "rect",
    "rgb": "rgb(21, 113, 233)",
    "w": 31,
    "x": 163,
    "y": 99,
  },
  {
    "cx": 179,
    "cy": 115,
    "fill": 5,
    "fillRgb": "rgb(255, 255, 255)",
    "op": "circle",
    "outline": 5,
    "outlineRgb": "rgb(255, 255, 255)",
    "r": 6,
  },
  {
    "colour": 1,
    "h": 32,
    "op": "rect",
    "rgb": "rgb(0, 0, 0)",
    "w": 32,
    "x": 195,
    "y": 99,
  },
  {
    "colour": 2,
    "h": 31,
    "op": "rect",
    "rgb": "rgb(239, 184, 209)",
    "w": 31,
    "x": 195,
    "y": 99,
  },
  {
    "cx": 211,
    "cy": 115,
    "fill": 4,
    "fillRgb": "rgb(0, 0, 0)",
    "op": "circle",
    "outline": 4,
    "outlineRgb": "rgb(0, 0, 0)",
    "r": 6,
  },
  {
    "colour": 1,
    "h": 32,
    "op": "rect",
    "rgb": "rgb(0, 0, 0)",
    "w": 32,
    "x": 3,
    "y": 131,
  },
  {
    "colour": 0,
    "h": 31,
    "op": "rect",
    "rgb": "rgb(211, 211, 211)",
    "w": 31,
    "x": 3,
    "y": 131,
  },
  {
    "colour": 1,
    "h": 32,
    "op": "rect",
    "rgb": "rgb(0, 0, 0)",
    "w": 32,
    "x": 35,
    "y": 131,
  },
  {
    "colour": 0,
    "h": 31,
    "op": "rect",
    "rgb": "rgb(211, 211, 211)",
    "w": 31,
    "x": 35,
    "y": 131,
  },
  {
    "colour": 1,
    "h": 32,
    "op": "rect",
    "rgb": "rgb(0, 0, 0)",
    "w": 32,
    "x": 67,
    "y": 131,
  },
  {
    "colour": 0,
    "h": 31,
    "op": "rect",
    "rgb": "rgb(211, 211, 211)",
    "w": 31,
    "x": 67,
    "y": 131,
  },
  {
    "colour": 1,
    "h": 32,
    "op": "rect",
    "rgb": "rgb(0, 0, 0)",
    "w": 32,
    "x": 99,
    "y": 131,
  },
  {
    "colour": 3,
    "h": 31,
    "op": "rect",
    "rgb": "rgb(21, 113, 233)",
    "w": 31,
    "x": 99,
    "y": 131,
  },
  {
    "cx": 115,
    "cy": 147,
    "fill": 5,
    "fillRgb": "rgb(255, 255, 255)",
    "op": "circle",
    "outline": 5,
    "outlineRgb": "rgb(255, 255, 255)",
    "r": 6,
  },
  {
    "colour": 1,
    "h": 32,
    "op": "rect",
    "rgb": "rgb(0, 0, 0)",
    "w": 32,
    "x": 131,
    "y": 131,
  },
  {
    "colour": 0,
    "h": 31,
    "op": "rect",
    "rgb": "rgb(211, 211, 211)",
    "w": 31,
    "x": 131,
    "y": 131,
  },
  {
    "colour": 1,
    "h": 32,
    "op": "rect",
    "rgb": "rgb(0, 0, 0)",
    "w": 32,
    "x": 163,
    "y": 131,
  },
  {
    "colour": 0,
    "h": 31,
    "op": "rect",
    "rgb": "rgb(211, 211, 211)",
    "w": 31,
    "x": 163,
    "y": 131,
  },
  {
    "colour": 1,
    "h": 32,
    "op": "rect",
    "rgb": "rgb(0, 0, 0)",
    "w": 32,
    "x": 195,
    "y": 131,
  },
  {
    "colour": 3,
    "h": 31,
    "op": "rect",
    "rgb": "rgb(21, 113, 233)",
    "w": 31,
    "x": 195,
    "y": 131,
  },
  {
    "cx": 211,
    "cy": 147,
    "fill": 5,
    "fillRgb": "rgb(255, 255, 255)",
    "op": "circle",
    "outline": 5,
    "outlineRgb": "rgb(255, 255, 255)",
    "r": 6,
  },
  {
    "colour": 1,
    "h": 32,
    "op": "rect",
    "rgb": "rgb(0, 0, 0)",
    "w": 32,
    "x": 3,
    "y": 163,
  },
  {
    "colour": 9,
    "h": 31,
    "op": "rect",
    "rgb": "rgb(177, 250, 254)",
    "w": 31,
    "x": 3,
    "y": 163,
  },
  {
    "colour": 3,
    "h": 10,
    "op": "rect",
    "rgb": "rgb(21, 113, 233)",
    "w": 10,
    "x": 14,
    "y": 174,
  },
  {
    "colour": 1,
    "h": 32,
    "op": "rect",
    "rgb": "rgb(0, 0, 0)",
    "w": 32,
    "x": 35,
    "y": 163,
  },
  {
    "colour": 8,
    "h": 31,
    "op": "rect",
    "rgb": "rgb(21, 113, 233)",
    "w": 31,
    "x": 35,
    "y": 163,
  },
  {
    "colour": 1,
    "h": 32,
    "op": "rect",
    "rgb": "rgb(0, 0, 0)",
    "w": 32,
    "x": 67,
    "y": 163,
  },
  {
    "colour": 0,
    "h": 31,
    "op": "rect",
    "rgb": "rgb(211, 211, 211)",
    "w": 31,
    "x": 67,
    "y": 163,
  },
  {
    "colour": 1,
    "h": 32,
    "op": "rect",
    "rgb": "rgb(0, 0, 0)",
    "w": 32,
    "x": 99,
    "y": 163,
  },
  {
    "colour": 2,
    "h": 31,
    "op": "rect",
    "rgb": "rgb(239, 184, 209)",
    "w": 31,
    "x": 99,
    "y": 163,
  },
  {
    "cx": 115,
    "cy": 179,
    "fill": 4,
    "fillRgb": "rgb(0, 0, 0)",
    "op": "circle",
    "outline": 4,
    "outlineRgb": "rgb(0, 0, 0)",
    "r": 6,
  },
  {
    "colour": 1,
    "h": 32,
    "op": "rect",
    "rgb": "rgb(0, 0, 0)",
    "w": 32,
    "x": 131,
    "y": 163,
  },
  {
    "colour": 0,
    "h": 31,
    "op": "rect",
    "rgb": "rgb(211, 211, 211)",
    "w": 31,
    "x": 131,
    "y": 163,
  },
  {
    "colour": 1,
    "h": 32,
    "op": "rect",
    "rgb": "rgb(0, 0, 0)",
    "w": 32,
    "x": 163,
    "y": 163,
  },
  {
    "colour": 0,
    "h": 31,
    "op": "rect",
    "rgb": "rgb(211, 211, 211)",
    "w": 31,
    "x": 163,
    "y": 163,
  },
  {
    "colour": 1,
    "h": 32,
    "op": "rect",
    "rgb": "rgb(0, 0, 0)",
    "w": 32,
    "x": 195,
    "y": 163,
  },
  {
    "colour": 0,
    "h": 31,
    "op": "rect",
    "rgb": "rgb(211, 211, 211)",
    "w": 31,
    "x": 195,
    "y": 163,
  },
  {
    "colour": 1,
    "h": 32,
    "op": "rect",
    "rgb": "rgb(0, 0, 0)",
    "w": 32,
    "x": 3,
    "y": 195,
  },
  {
    "colour": 3,
    "h": 31,
    "op": "rect",
    "rgb": "rgb(21, 113, 233)",
    "w": 31,
    "x": 3,
    "y": 195,
  },
  {
    "cx": 19,
    "cy": 211,
    "fill": 5,
    "fillRgb": "rgb(255, 255, 255)",
    "op": "circle",
    "outline": 5,
    "outlineRgb": "rgb(255, 255, 255)",
    "r": 6,
  },
  {
    "colour": 10,
    "h": 2,
    "op": "rect",
    "rgb": "rgb(232, 139, 33)",
    "w": 29,
    "x": 4,
    "y": 196,
  },
  {
    "colour": 10,
    "h": 29,
    "op": "rect",
    "rgb": "rgb(232, 139, 33)",
    "w": 2,
    "x": 4,
    "y": 196,
  },
  {
    "colour": 10,
    "h": 2,
    "op": "rect",
    "rgb": "rgb(232, 139, 33)",
    "w": 29,
    "x": 4,
    "y": 223,
  },
  {
    "colour": 10,
    "h": 29,
    "op": "rect",
    "rgb": "rgb(232, 139, 33)",
    "w": 2,
    "x": 31,
    "y": 196,
  },
  {
    "colour": 10,
    "h": 2,
    "op": "rect",
    "rgb": "rgb(232, 139, 33)",
    "w": 21,
    "x": 8,
    "y": 200,
  },
  {
    "colour": 10,
    "h": 21,
    "op": "rect",
    "rgb": "rgb(232, 139, 33)",
    "w": 2,
    "x": 8,
    "y": 200,
  },
  {
    "colour": 10,
    "h": 2,
    "op": "rect",
    "rgb": "rgb(232, 139, 33)",
    "w": 21,
    "x": 8,
    "y": 219,
  },
  {
    "colour": 10,
    "h": 21,
    "op": "rect",
    "rgb": "rgb(232, 139, 33)",
    "w": 2,
    "x": 27,
    "y": 200,
  },
  {
    "colour": 1,
    "h": 32,
    "op": "rect",
    "rgb": "rgb(0, 0, 0)",
    "w": 32,
    "x": 35,
    "y": 195,
  },
  {
    "colour": 9,
    "h": 31,
    "op": "rect",
    "rgb": "rgb(177, 250, 254)",
    "w": 31,
    "x": 35,
    "y": 195,
  },
  {
    "colour": 3,
    "h": 10,
    "op": "rect",
    "rgb": "rgb(21, 113, 233)",
    "w": 10,
    "x": 46,
    "y": 206,
  },
  {
    "colour": 1,
    "h": 32,
    "op": "rect",
    "rgb": "rgb(0, 0, 0)",
    "w": 32,
    "x": 67,
    "y": 195,
  },
  {
    "colour": 0,
    "h": 31,
    "op": "rect",
    "rgb": "rgb(211, 211, 211)",
    "w": 31,
    "x": 67,
    "y": 195,
  },
  {
    "colour": 1,
    "h": 32,
    "op": "rect",
    "rgb": "rgb(0, 0, 0)",
    "w": 32,
    "x": 99,
    "y": 195,
  },
  {
    "colour": 0,
    "h": 31,
    "op": "rect",
    "rgb": "rgb(211, 211, 211)",
    "w": 31,
    "x": 99,
    "y": 195,
  },
  {
    "colour": 1,
    "h": 32,
    "op": "rect",
    "rgb": "rgb(0, 0, 0)",
    "w": 32,
    "x": 131,
    "y": 195,
  },
  {
    "colour": 3,
    "h": 31,
    "op": "rect",
    "rgb": "rgb(21, 113, 233)",
    "w": 31,
    "x": 131,
    "y": 195,
  },
  {
    "cx": 147,
    "cy": 211,
    "fill": 5,
    "fillRgb": "rgb(255, 255, 255)",
    "op": "circle",
    "outline": 5,
    "outlineRgb": "rgb(255, 255, 255)",
    "r": 6,
  },
  {
    "colour": 1,
    "h": 32,
    "op": "rect",
    "rgb": "rgb(0, 0, 0)",
    "w": 32,
    "x": 163,
    "y": 195,
  },
  {
    "colour": 0,
    "h": 31,
    "op": "rect",
    "rgb": "rgb(211, 211, 211)",
    "w": 31,
    "x": 163,
    "y": 195,
  },
  {
    "colour": 1,
    "h": 32,
    "op": "rect",
    "rgb": "rgb(0, 0, 0)",
    "w": 32,
    "x": 195,
    "y": 195,
  },
  {
    "colour": 0,
    "h": 31,
    "op": "rect",
    "rgb": "rgb(211, 211, 211)",
    "w": 31,
    "x": 195,
    "y": 195,
  },
]
`;

exports[`hint rendering (tier 2.5) > a direct hint frame paints the COL_HINT target 1`] = `
[
  {
    "colour": 0,
    "h": 230,
    "op": "rect",
    "rgb": "rgb(211, 211, 211)",
    "w": 230,
    "x": 0,
    "y": 0,
  },
  {
    "colour": 1,
    "h": 229,
    "op": "rect",
    "rgb": "rgb(0, 0, 0)",
    "w": 229,
    "x": 0,
    "y": 0,
  },
  {
    "colour": 1,
    "h": 32,
    "op": "rect",
    "rgb": "rgb(0, 0, 0)",
    "w": 32,
    "x": 3,
    "y": 3,
  },
  {
    "colour": 2,
    "h": 31,
    "op": "rect",
    "rgb": "rgb(239, 184, 209)",
    "w": 31,
    "x": 3,
    "y": 3,
  },
  {
    "cx": 19,
    "cy": 19,
    "fill": 4,
    "fillRgb": "rgb(0, 0, 0)",
    "op": "circle",
    "outline": 4,
    "outlineRgb": "rgb(0, 0, 0)",
    "r": 6,
  },
  {
    "colour": 1,
    "h": 32,
    "op": "rect",
    "rgb": "rgb(0, 0, 0)",
    "w": 32,
    "x": 35,
    "y": 3,
  },
  {
    "colour": 8,
    "h": 31,
    "op": "rect",
    "rgb": "rgb(21, 113, 233)",
    "w": 31,
    "x": 35,
    "y": 3,
  },
  {
    "colour": 1,
    "h": 32,
    "op": "rect",
    "rgb": "rgb(0, 0, 0)",
    "w": 32,
    "x": 67,
    "y": 3,
  },
  {
    "colour": 3,
    "h": 31,
    "op": "rect",
    "rgb": "rgb(21, 113, 233)",
    "w": 31,
    "x": 67,
    "y": 3,
  },
  {
    "cx": 83,
    "cy": 19,
    "fill": 5,
    "fillRgb": "rgb(255, 255, 255)",
    "op": "circle",
    "outline": 5,
    "outlineRgb": "rgb(255, 255, 255)",
    "r": 6,
  },
  {
    "colour": 1,
    "h": 32,
    "op": "rect",
    "rgb": "rgb(0, 0, 0)",
    "w": 32,
    "x": 99,
    "y": 3,
  },
  {
    "colour": 0,
    "h": 31,
    "op": "rect",
    "rgb": "rgb(211, 211, 211)",
    "w": 31,
    "x": 99,
    "y": 3,
  },
  {
    "colour": 1,
    "h": 32,
    "op": "rect",
    "rgb": "rgb(0, 0, 0)",
    "w": 32,
    "x": 131,
    "y": 3,
  },
  {
    "colour": 0,
    "h": 31,
    "op": "rect",
    "rgb": "rgb(211, 211, 211)",
    "w": 31,
    "x": 131,
    "y": 3,
  },
  {
    "colour": 1,
    "h": 32,
    "op": "rect",
    "rgb": "rgb(0, 0, 0)",
    "w": 32,
    "x": 163,
    "y": 3,
  },
  {
    "colour": 0,
    "h": 31,
    "op": "rect",
    "rgb": "rgb(211, 211, 211)",
    "w": 31,
    "x": 163,
    "y": 3,
  },
  {
    "colour": 1,
    "h": 32,
    "op": "rect",
    "rgb": "rgb(0, 0, 0)",
    "w": 32,
    "x": 195,
    "y": 3,
  },
  {
    "colour": 0,
    "h": 31,
    "op": "rect",
    "rgb": "rgb(211, 211, 211)",
    "w": 31,
    "x": 195,
    "y": 3,
  },
  {
    "colour": 1,
    "h": 32,
    "op": "rect",
    "rgb": "rgb(0, 0, 0)",
    "w": 32,
    "x": 3,
    "y": 35,
  },
  {
    "colour": 3,
    "h": 31,
    "op": "rect",
    "rgb": "rgb(21, 113, 233)",
    "w": 31,
    "x": 3,
    "y": 35,
  },
  {
    "cx": 19,
    "cy": 51,
    "fill": 5,
    "fillRgb": "rgb(255, 255, 255)",
    "op": "circle",
    "outline": 5,
    "outlineRgb": "rgb(255, 255, 255)",
    "r": 6,
  },
  {
    "colour": 1,
    "h": 32,
    "op": "rect",
    "rgb": "rgb(0, 0, 0)",
    "w": 32,
    "x": 35,
    "y": 35,
  },
  {
    "colour": 2,
    "h": 31,
    "op": "rect",
    "rgb": "rgb(239, 184, 209)",
    "w": 31,
    "x": 35,
    "y": 35,
  },
  {
    "cx": 51,
    "cy": 51,
    "fill": 4,
    "fillRgb": "rgb(0, 0, 0)",
    "op": "circle",
    "outline": 4,
    "outlineRgb": "rgb(0, 0, 0)",
    "r": 6,
  },
  {
    "colour": 1,
    "h": 32,
    "op": "rect",
    "rgb": "rgb(0, 0, 0)",
    "w": 32,
    "x": 67,
    "y": 35,
  },
  {
    "colour": 0,
    "h": 31,
    "op": "rect",
    "rgb": "rgb(211, 211, 211)",
    "w": 31,
    "x": 67,
    "y": 35,
  },
  {
    "colour": 1,
    "h": 32,
    "op": "rect",
    "rgb": "rgb(0, 0, 0)",
    "w": 32,
    "x": 99,
    "y": 35,
  },
  {
    "colour": 0,
    "h": 31,
    "op": "rect",
    "rgb": "rgb(211, 211, 211)",
    "w": 31,
    "x": 99,
    "y": 35,
  },
  {
    "colour": 1,
    "h": 32,
    "op": "rect",
    "rgb": "rgb(0, 0, 0)",
    "w": 32,
    "x": 131,
    "y": 35,
  },
  {
    "colour": 3,
    "h": 31,
    "op": "rect",
    "rgb": "rgb(21, 113, 233)",
    "w": 31,
    "x": 131,
    "y": 35,
  },
  {
    "cx": 147,
    "cy": 51,
    "fill": 5,
    "fillRgb": "rgb(255, 255, 255)",
    "op": "circle",
    "outline": 5,
    "outlineRgb": "rgb(255, 255, 255)",
    "r": 6,
  },
  {
    "colour": 1,
    "h": 32,
    "op": "rect",
    "rgb": "rgb(0, 0, 0)",
    "w": 32,
    "x": 163,
    "y": 35,
  },
  {
    "colour": 0,
    "h": 31,
    "op": "rect",
    "rgb": "rgb(211, 211, 211)",
    "w": 31,
    "x": 163,
    "y": 35,
  },
  {
    "colour": 1,
    "h": 32,
    "op": "rect",
    "rgb": "rgb(0, 0, 0)",
    "w": 32,
    "x": 195,
    "y": 35,
  },
  {
    "colour": 0,
    "h": 31,
    "op": "rect",
    "rgb": "rgb(211, 211, 211)",
    "w": 31,
    "x": 195,
    "y": 35,
  },
  {
    "colour": 1,
    "h": 32,
    "op": "rect",
    "rgb": "rgb(0, 0, 0)",
    "w": 32,
    "x": 3,
    "y": 67,
  },
  {
    "colour": 0,
    "h": 31,
    "op": "rect",
    "rgb": "rgb(211, 211, 211)",
    "w": 31,
    "x": 3,
    "y": 67,
  },
  {
    "colour": 1,
    "h": 32,
    "op": "rect",
    "rgb": "rgb(0, 0, 0)",
    "w": 32,
    "x": 35,
    "y": 67,
  },
  {
    "colour": 0,
    "h": 31,
    "op": "rect",
    "rgb": "rgb(211, 211, 211)",
    "w": 31,
    "x": 35,
    "y": 67,
  },
  {
    "colour": 1,
    "h": 32,
    "op": "rect",
    "rgb": "rgb(0, 0, 0)",
    "w": 32,
    "x": 67,
    "y": 67,
  },
  {
    "colour": 0,
    "h": 31,
    "op": "rect",
    "rgb": "rgb(211, 211, 211)",
    "w": 31,
    "x": 67,
    "y": 67,
  },
  {
    "colour": 1,
    "h": 32,
    "op": "rect",
    "rgb": "rgb(0, 0, 0)",
    "w": 32,
    "x": 99,
    "y": 67,
  },
  {
    "colour": 2,
    "h": 31,
    "op": "rect",
    "rgb": "rgb(239, 184, 209)",
    "w": 31,
    "x": 99,
    "y": 67,
  },
  {
    "cx": 115,
    "cy": 83,
    "fill": 4,
    "fillRgb": "rgb(0, 0, 0)",
    "op": "circle",
    "outline": 4,
    "outlineRgb": "rgb(0, 0, 0)",
    "r": 6,
  },
  {
    "colour": 1,
    "h": 32,
    "op": "rect",
    "rgb": "rgb(0, 0, 0)",
    "w": 32,
    "x": 131,
    "y": 67,
  },
  {
    "colour": 0,
    "h": 31,
    "op": "rect",
    "rgb": "rgb(211, 211, 211)",
    "w": 31,
    "x": 131,
    "y": 67,
  },
  {
    "colour": 1,
    "h": 32,
    "op": "rect",
    "rgb": "rgb(0, 0, 0)",
    "w": 32,
    "x": 163,
    "y": 67,
  },
  {
    "colour": 3,
    "h": 31,
    "op": "rect",
    "rgb": "rgb(21, 113, 233)",
    "w": 31,
    "x": 163,
    "y": 67,
  },
  {
    "cx": 179,
    "cy": 83,
    "fill": 5,
    "fillRgb": "rgb(255, 255, 255)",
    "op": "circle",
    "outline": 5,
    "outlineRgb": "rgb(255, 255, 255)",
    "r": 6,
  },
  {
    "colour": 1,
    "h": 32,
    "op": "rect",
    "rgb": "rgb(0, 0, 0)",
    "w": 32,
    "x": 195,
    "y": 67,
  },
  {
    "colour": 0,
    "h": 31,
    "op": "rect",
    "rgb": "rgb(211, 211, 211)",
    "w": 31,
    "x": 195,
    "y": 67,
  },
  {
    "colour": 1,
    "h": 32,
    "op": "rect",
    "rgb": "rgb(0, 0, 0)",
    "w": 32,
    "x": 3,
    "y": 99,
  },
  {
    "colour": 2,
    "h": 31,
    "op": "rect",
    "rgb": "rgb(239, 184, 209)",
    "w": 31,
    "x": 3,
    "y": 99,
  },
  {
    "cx": 19,
    "cy": 115,
    "fill": 4,
    "fillRgb": "rgb(0, 0, 0)",
    "op": "circle",
    "outline": 4,
    "outlineRgb": "rgb(0, 0, 0)",
    "r": 6,
  },
  {
    "colour": 1,
    "h": 32,
    "op": "rect",
    "rgb": "rgb(0, 0, 0)",
    "w": 32,
    "x": 35,
    "y": 99,
  },
  {
    "colour": 0,
    "h": 31,
    "op": "rect",
    "rgb": "rgb(211, 211, 211)",
    "w": 31,
    "x": 35,
    "y": 99,
  },
  {
    "colour": 1,
    "h": 32,
    "op": "rect",
    "rgb": "rgb(0, 0, 0)",
    "w": 32,
    "x": 67,
    "y": 99,
  },
  {
    "colour": 2,
    "h": 31,
    "op": "rect",
    "rgb": "rgb(239, 184, 209)",
    "w": 31,
    "x": 67,
    "y": 99,
  },
  {
    "cx": 83,
    "cy": 115,
    "fill": 4,
    "fillRgb": "rgb(0, 0, 0)",
    "op": "circle",
    "outline": 4,
    "outlineRgb": "rgb(0, 0, 0)",
    "r": 6,
  },
  {
    "colour": 1,
    "h": 32,
    "op": "rect",
    "rgb": "rgb(0, 0, 0)",
    "w": 32,
    "x": 99,
    "y": 99,
  },
  {
    "colour": 0,
    "h": 31,
    "op": "rect",
    "rgb": "rgb(211, 211, 211)",
    "w": 31,
    "x": 99,
    "y": 99,
  },
  {
    "colour": 1,
    "h": 32,
    "op": "rect",
    "rgb": "rgb(0, 0, 0)",
    "w": 32,
    "x": 131,
    "y": 99,
  },
  {
    "colour": 0,
    "h": 31,
    "op": "rect",
    "rgb": "rgb(211, 211, 211)",
    "w": 31,
    "x": 131,
    "y": 99,
  },
  {
    "colour": 1,
    "h": 32,
    "op": "rect",
    "rgb": "rgb(0, 0, 0)",
    "w": 32,
    "x": 163,
    "y": 99,
  },
  {
    "colour": 0,
    "h": 31,
    "op": "rect",
    "rgb": "rgb(211, 211, 211)",
    "w": 31,
    "x": 163,
    "y": 99,
  },
  {
    "colour": 1,
    "h": 32,
    "op": "rect",
    "rgb": "rgb(0, 0, 0)",
    "w": 32,
    "x": 195,
    "y": 99,
  },
  {
    "colour": 0,
    "h": 31,
    "op": "rect",
    "rgb": "rgb(211, 211, 211)",
    "w": 31,
    "x": 195,
    "y": 99,
  },
  {
    "colour": 1,
    "h": 32,
    "op": "rect",
    "rgb": "rgb(0, 0, 0)",
    "w": 32,
    "x": 3,
    "y": 131,
  },
  {
    "colour": 0,
    "h": 31,
    "op": "rect",
    "rgb": "rgb(211, 211, 211)",
    "w": 31,
    "x": 3,
    "y": 131,
  },
  {
    "colour": 1,
    "h": 32,
    "op": "rect",
    "rgb": "rgb(0, 0, 0)",
    "w": 32,
    "x": 35,
    "y": 131,
  },
  {
    "colour": 3,
    "h": 31,
    "op": "rect",
    "rgb": "rgb(21, 113, 233)",
    "w": 31,
    "x": 35,
    "y": 131,
  },
  {
    "cx": 51,
    "cy": 147,
    "fill": 5,
    "fillRgb": "rgb(255, 255, 255)",
    "op": "circle",
    "outline": 5,
    "outlineRgb": "rgb(255, 255, 255)",
    "r": 6,
  },
  {
    "colour": 1,
    "h": 32,
    "op": "rect",
    "rgb": "rgb(0, 0, 0)",
    "w": 32,
    "x": 67,
    "y": 131,
  },
  {
    "colour": 0,
    "h": 31,
    "op": "rect",
    "rgb": "rgb(211, 211, 211)",
    "w": 31,
    "x": 67,
    "y": 131,
  },
  {
    "colour": 1,
    "h": 32,
    "op": "rect",
    "rgb": "rgb(0, 0, 0)",
    "w": 32,
    "x": 99,
    "y": 131,
  },
  {
    "colour": 0,
    "h": 31,
    "op": "rect",
    "rgb": "rgb(211, 211, 211)",
    "w": 31,
    "x": 99,
    "y": 131,
  },
  {
    "colour": 1,
    "h": 32,
    "op": "rect",
    "rgb": "rgb(0, 0, 0)",
    "w": 32,
    "x": 131,
    "y": 131,
  },
  {
    "colour": 2,
    "h": 31,
    "op": "rect",
    "rgb": "rgb(239, 184, 209)",
    "w": 31,
    "x": 131,
    "y": 131,
  },
  {
    "cx": 147,
    "cy": 147,
    "fill": 4,
    "fillRgb": "rgb(0, 0, 0)",
    "op": "circle",
    "outline": 4,
    "outlineRgb": "rgb(0, 0, 0)",
    "r": 6,
  },
  {
    "colour": 1,
    "h": 32,
    "op": "rect",
    "rgb": "rgb(0, 0, 0)",
    "w": 32,
    "x": 163,
    "y": 131,
  },
  {
    "colour": 0,
    "h": 31,
    "op": "rect",
    "rgb": "rgb(211, 211, 211)",
    "w": 31,
    "x": 163,
    "y": 131,
  },
  {
    "colour": 1,
    "h": 32,
    "op": "rect",
    "rgb": "rgb(0, 0, 0)",
    "w": 32,
    "x": 195,
    "y": 131,
  },
  {
    "colour": 3,
    "h": 31,
    "op": "rect",
    "rgb": "rgb(21, 113, 233)",
    "w": 31,
    "x": 195,
    "y": 131,
  },
  {
    "cx": 211,
    "cy": 147,
    "fill": 5,
    "fillRgb": "rgb(255, 255, 255)",
    "op": "circle",
    "outline": 5,
    "outlineRgb": "rgb(255, 255, 255)",
    "r": 6,
  },
  {
    "colour": 1,
    "h": 32,
    "op": "rect",
    "rgb": "rgb(0, 0, 0)",
    "w": 32,
    "x": 3,
    "y": 163,
  },
  {
    "colour": 0,
    "h": 31,
    "op": "rect",
    "rgb": "rgb(211, 211, 211)",
    "w": 31,
    "x": 3,
    "y": 163,
  },
  {
    "colour": 1,
    "h": 32,
    "op": "rect",
    "rgb": "rgb(0, 0, 0)",
    "w": 32,
    "x": 35,
    "y": 163,
  },
  {
    "colour": 0,
    "h": 31,
    "op": "rect",
    "rgb": "rgb(211, 211, 211)",
    "w": 31,
    "x": 35,
    "y": 163,
  },
  {
    "colour": 1,
    "h": 32,
    "op": "rect",
    "rgb": "rgb(0, 0, 0)",
    "w": 32,
    "x": 67,
    "y": 163,
  },
  {
    "colour": 0,
    "h": 31,
    "op": "rect",
    "rgb": "rgb(211, 211, 211)",
    "w": 31,
    "x": 67,
    "y": 163,
  },
  {
    "colour": 1,
    "h": 32,
    "op": "rect",
    "rgb": "rgb(0, 0, 0)",
    "w": 32,
    "x": 99,
    "y": 163,
  },
  {
    "colour": 0,
    "h": 31,
    "op": "rect",
    "rgb": "rgb(211, 211, 211)",
    "w": 31,
    "x": 99,
    "y": 163,
  },
  {
    "colour": 1,
    "h": 32,
    "op": "rect",
    "rgb": "rgb(0, 0, 0)",
    "w": 32,
    "x": 131,
    "y": 163,
  },
  {
    "colour": 0,
    "h": 31,
    "op": "rect",
    "rgb": "rgb(211, 211, 211)",
    "w": 31,
    "x": 131,
    "y": 163,
  },
  {
    "colour": 1,
    "h": 32,
    "op": "rect",
    "rgb": "rgb(0, 0, 0)",
    "w": 32,
    "x": 163,
    "y": 163,
  },
  {
    "colour": 2,
    "h": 31,
    "op": "rect",
    "rgb": "rgb(239, 184, 209)",
    "w": 31,
    "x": 163,
    "y": 163,
  },
  {
    "cx": 179,
    "cy": 179,
    "fill": 4,
    "fillRgb": "rgb(0, 0, 0)",
    "op": "circle",
    "outline": 4,
    "outlineRgb": "rgb(0, 0, 0)",
    "r": 6,
  },
  {
    "colour": 1,
    "h": 32,
    "op": "rect",
    "rgb": "rgb(0, 0, 0)",
    "w": 32,
    "x": 195,
    "y": 163,
  },
  {
    "colour": 0,
    "h": 31,
    "op": "rect",
    "rgb": "rgb(211, 211, 211)",
    "w": 31,
    "x": 195,
    "y": 163,
  },
  {
    "colour": 1,
    "h": 32,
    "op": "rect",
    "rgb": "rgb(0, 0, 0)",
    "w": 32,
    "x": 3,
    "y": 195,
  },
  {
    "colour": 0,
    "h": 31,
    "op": "rect",
    "rgb": "rgb(211, 211, 211)",
    "w": 31,
    "x": 3,
    "y": 195,
  },
  {
    "colour": 1,
    "h": 32,
    "op": "rect",
    "rgb": "rgb(0, 0, 0)",
    "w": 32,
    "x": 35,
    "y": 195,
  },
  {
    "colour": 0,
    "h": 31,
    "op": "rect",
    "rgb": "rgb(211, 211, 211)",
    "w": 31,
    "x": 35,
    "y": 195,
  },
  {
    "colour": 1,
    "h": 32,
    "op": "rect",
    "rgb": "rgb(0, 0, 0)",
    "w": 32,
    "x": 67,
    "y": 195,
  },
  {
    "colour": 0,
    "h": 31,
    "op": "rect",
    "rgb": "rgb(211, 211, 211)",
    "w": 31,
    "x": 67,
    "y": 195,
  },
  {
    "colour": 1,
    "h": 32,
    "op": "rect",
    "rgb": "rgb(0, 0, 0)",
    "w": 32,
    "x": 99,
    "y": 195,
  },
  {
    "colour": 0,
    "h": 31,
    "op": "rect",
    "rgb": "rgb(211, 211, 211)",
    "w": 31,
    "x": 99,
    "y": 195,
  },
  {
    "colour": 1,
    "h": 32,
    "op": "rect",
    "rgb": "rgb(0, 0, 0)",
    "w": 32,
    "x": 131,
    "y": 195,
  },
  {
    "colour": 0,
    "h": 31,
    "op": "rect",
    "rgb": "rgb(211, 211, 211)",
    "w": 31,
    "x": 131,
    "y": 195,
  },
  {
    "colour": 1,
    "h": 32,
    "op": "rect",
    "rgb": "rgb(0, 0, 0)",
    "w": 32,
    "x": 163,
    "y": 195,
  },
  {
    "colour": 0,
    "h": 31,
    "op": "rect",
    "rgb": "rgb(211, 211, 211)",
    "w": 31,
    "x": 163,
    "y": 195,
  },
  {
    "colour": 1,
    "h": 32,
    "op": "rect",
    "rgb": "rgb(0, 0, 0)",
    "w": 32,
    "x": 195,
    "y": 195,
  },
  {
    "colour": 0,
    "h": 31,
    "op": "rect",
    "rgb": "rgb(211, 211, 211)",
    "w": 31,
    "x": 195,
    "y": 195,
  },
]
`;
