// Vitest Snapshot v1, https://vitest.dev/guide/snapshot.html

exports[`group render scenarios > a subgroup divider adds thick grid edges the opener lacks 1`] = `
[
  {
    "colour": 0,
    "h": 386,
    "op": "rect",
    "rgb": "rgb(211, 211, 211)",
    "w": 386,
    "x": 0,
    "y": 0,
  },
  {
    "colour": 1,
    "h": 291,
    "op": "rect",
    "rgb": "rgb(0, 0, 0)",
    "w": 291,
    "x": 71,
    "y": 71,
  },
  {
    "h": 38,
    "op": "clip",
    "w": 38,
    "x": 29,
    "y": 77,
  },
  {
    "colour": 0,
    "h": 38,
    "op": "rect",
    "rgb": "rgb(211, 211, 211)",
    "w": 38,
    "x": 29,
    "y": 77,
  },
  {
    "align": "center",
    "baseline": "mathematical",
    "colour": 1,
    "fontType": "variable",
    "op": "text",
    "rgb": "rgb(0, 0, 0)",
    "size": 24,
    "text": "e",
    "x": 49,
    "y": 97,
  },
  {
    "op": "unclip",
  },
  {
    "h": 38,
    "op": "clip",
    "w": 38,
    "x": 77,
    "y": 29,
  },
  {
    "colour": 0,
    "h": 38,
    "op": "rect",
    "rgb": "rgb(211, 211, 211)",
    "w": 38,
    "x": 77,
    "y": 29,
  },
  {
    "align": "center",
    "baseline": "mathematical",
    "colour": 1,
    "fontType": "variable",
    "op": "text",
    "rgb": "rgb(0, 0, 0)",
    "size": 24,
    "text": "e",
    "x": 97,
    "y": 49,
  },
  {
    "op": "unclip",
  },
  {
    "h": 38,
    "op": "clip",
    "w": 38,
    "x": 29,
    "y": 125,
  },
  {
    "colour": 0,
    "h": 38,
    "op": "rect",
    "rgb": "rgb(211, 211, 211)",
    "w": 38,
    "x": 29,
    "y": 125,
  },
  {
    "align": "center",
    "baseline": "mathematical",
    "colour": 1,
    "fontType": "variable",
    "op": "text",
    "rgb": "rgb(0, 0, 0)",
    "size": 24,
    "text": "a",
    "x": 49,
    "y": 145,
  },
  {
    "op": "unclip",
  },
  {
    "h": 38,
    "op": "clip",
    "w": 38,
    "x": 125,
    "y": 29,
  },
  {
    "colour": 0,
    "h": 38,
    "op": "rect",
    "rgb": "rgb(211, 211, 211)",
    "w": 38,
    "x": 125,
    "y": 29,
  },
  {
    "align": "center",
    "baseline": "mathematical",
    "colour": 1,
    "fontType": "variable",
    "op": "text",
    "rgb": "rgb(0, 0, 0)",
    "size": 24,
    "text": "a",
    "x": 145,
    "y": 49,
  },
  {
    "op": "unclip",
  },
  {
    "h": 38,
    "op": "clip",
    "w": 38,
    "x": 29,
    "y": 173,
  },
  {
    "colour": 0,
    "h": 38,
    "op": "rect",
    "rgb": "rgb(211, 211, 211)",
    "w": 38,
    "x": 29,
    "y": 173,
  },
  {
    "align": "center",
    "baseline": "mathematical",
    "colour": 1,
    "fontType": "variable",
    "op": "text",
    "rgb": "rgb(0, 0, 0)",
    "size": 24,
    "text": "b",
    "x": 49,
    "y": 193,
  },
  {
    "op": "unclip",
  },
  {
    "h": 38,
    "op": "clip",
    "w": 38,
    "x": 173,
    "y": 29,
  },
  {
    "colour": 0,
    "h": 38,
    "op": "rect",
    "rgb": "rgb(211, 211, 211)",
    "w": 38,
    "x": 173,
    "y": 29,
  },
  {
    "align": "center",
    "baseline": "mathematical",
    "colour": 1,
    "fontType": "variable",
    "op": "text",
    "rgb": "rgb(0, 0, 0)",
    "size": 24,
    "text": "b",
    "x": 193,
    "y": 49,
  },
  {
    "op": "unclip",
  },
  {
    "h": 38,
    "op": "clip",
    "w": 38,
    "x": 29,
    "y": 221,
  },
  {
    "colour": 0,
    "h": 38,
    "op": "rect",
    "rgb": "rgb(211, 211, 211)",
    "w": 38,
    "x": 29,
    "y": 221,
  },
  {
    "align": "center",
    "baseline": "mathematical",
    "colour": 1,
    "fontType": "variable",
    "op": "text",
    "rgb": "rgb(0, 0, 0)",
    "size": 24,
    "text": "c",
    "x": 49,
    "y": 241,
  },
  {
    "op": "unclip",
  },
  {
    "h": 38,
    "op": "clip",
    "w": 38,
    "x": 221,
    "y": 29,
  },
  {
    "colour": 0,
    "h": 38,
    "op": "rect",
    "rgb": "rgb(211, 211, 211)",
    "w": 38,
    "x": 221,
    "y": 29,
  },
  {
    "align": "center",
    "baseline": "mathematical",
    "colour": 1,
    "fontType": "variable",
    "op": "text",
    "rgb": "rgb(0, 0, 0)",
    "size": 24,
    "text": "c",
    "x": 241,
    "y": 49,
  },
  {
    "op": "unclip",
  },
  {
    "h": 38,
    "op": "clip",
    "w": 38,
    "x": 29,
    "y": 269,
  },
  {
    "colour": 0,
    "h": 38,
    "op": "rect",
    "rgb": "rgb(211, 211, 211)",
    "w": 38,
    "x": 29,
    "y": 269,
  },
  {
    "align": "center",
    "baseline": "mathematical",
    "colour": 1,
    "fontType": "variable",
    "op": "text",
    "rgb": "rgb(0, 0, 0)",
    "size": 24,
    "text": "d",
    "x": 49,
    "y": 289,
  },
  {
    "op": "unclip",
  },
  {
    "h": 38,
    "op": "clip",
    "w": 38,
    "x": 269,
    "y": 29,
  },
  {
    "colour": 0,
    "h": 38,
    "op": "rect",
    "rgb": "rgb(211, 211, 211)",
    "w": 38,
    "x": 269,
    "y": 29,
  },
  {
    "align": "center",
    "baseline": "mathematical",
    "colour": 1,
    "fontType": "variable",
    "op": "text",
    "rgb": "rgb(0, 0, 0)",
    "size": 24,
    "text": "d",
    "x": 289,
    "y": 49,
  },
  {
    "op": "unclip",
  },
  {
    "h": 38,
    "op": "clip",
    "w": 38,
    "x": 29,
    "y": 317,
  },
  {
    "colour": 0,
    "h": 38,
    "op": "rect",
    "rgb": "rgb(211, 211, 211)",
    "w": 38,
    "x": 29,
    "y": 317,
  },
  {
    "align": "center",
    "baseline": "mathematical",
    "colour": 1,
    "fontType": "variable",
    "op": "text",
    "rgb": "rgb(0, 0, 0)",
    "size": 24,
    "text": "f",
    "x": 49,
    "y": 337,
  },
  {
    "op": "unclip",
  },
  {
    "h": 38,
    "op": "clip",
    "w": 38,
    "x": 317,
    "y": 29,
  },
  {
    "colour": 0,
    "h": 38,
    "op": "rect",
    "rgb": "rgb(211, 211, 211)",
    "w": 38,
    "x": 317,
    "y": 29,
  },
  {
    "align": "center",
    "baseline": "mathematical",
    "colour": 1,
    "fontType": "variable",
    "op": "text",
    "rgb": "rgb(0, 0, 0)",
    "size": 24,
    "text": "f",
    "x": 337,
    "y": 49,
  },
  {
    "op": "unclip",
  },
  {
    "h": 47,
    "op": "clip",
    "w": 47,
    "x": 73,
    "y": 73,
  },
  {
    "colour": 6,
    "h": 47,
    "op": "rect",
    "rgb": "rgb(200, 200, 200)",
    "w": 47,
    "x": 73,
    "y": 73,
  },
  {
    "colour": 1,
    "h": 1,
    "op": "rect",
    "rgb": "rgb(0, 0, 0)",
    "w": 47,
    "x": 73,
    "y": 73,
  },
  {
    "colour": 1,
    "h": 1,
    "op": "rect",
    "rgb": "rgb(0, 0, 0)",
    "w": 47,
    "x": 73,
    "y": 119,
  },
  {
    "colour": 1,
    "h": 47,
    "op": "rect",
    "rgb": "rgb(0, 0, 0)",
    "w": 1,
    "x": 73,
    "y": 73,
  },
  {
    "colour": 1,
    "h": 47,
    "op": "rect",
    "rgb": "rgb(0, 0, 0)",
    "w": 1,
    "x": 119,
    "y": 73,
  },
  {
    "align": "center",
    "baseline": "mathematical",
    "colour": 1,
    "fontType": "variable",
    "op": "text",
    "rgb": "rgb(0, 0, 0)",
    "size": 24,
    "text": "e",
    "x": 97,
    "y": 97,
  },
  {
    "op": "unclip",
  },
  {
    "h": 47,
    "op": "clip",
    "w": 47,
    "x": 121,
    "y": 73,
  },
  {
    "colour": 0,
    "h": 47,
    "op": "rect",
    "rgb": "rgb(211, 211, 211)",
    "w": 47,
    "x": 121,
    "y": 73,
  },
  {
    "colour": 1,
    "h": 1,
    "op": "rect",
    "rgb": "rgb(0, 0, 0)",
    "w": 47,
    "x": 121,
    "y": 73,
  },
  {
    "colour": 1,
    "h": 1,
    "op": "rect",
    "rgb": "rgb(0, 0, 0)",
    "w": 47,
    "x": 121,
    "y": 119,
  },
  {
    "colour": 1,
    "h": 47,
    "op": "rect",
    "rgb": "rgb(0, 0, 0)",
    "w": 1,
    "x": 121,
    "y": 73,
  },
  {
    "align": "center",
    "baseline": "mathematical",
    "colour": 1,
    "fontType": "variable",
    "op": "text",
    "rgb": "rgb(0, 0, 0)",
    "size": 24,
    "text": "a",
    "x": 145,
    "y": 97,
  },
  {
    "op": "unclip",
  },
  {
    "h": 47,
    "op": "clip",
    "w": 47,
    "x": 169,
    "y": 73,
  },
  {
    "colour": 0,
    "h": 47,
    "op": "rect",
    "rgb": "rgb(211, 211, 211)",
    "w": 47,
    "x": 169,
    "y": 73,
  },
  {
    "colour": 1,
    "h": 1,
    "op": "rect",
    "rgb": "rgb(0, 0, 0)",
    "w": 47,
    "x": 169,
    "y": 73,
  },
  {
    "colour": 1,
    "h": 1,
    "op": "rect",
    "rgb": "rgb(0, 0, 0)",
    "w": 47,
    "x": 169,
    "y": 119,
  },
  {
    "align": "center",
    "baseline": "mathematical",
    "colour": 1,
    "fontType": "variable",
    "op": "text",
    "rgb": "rgb(0, 0, 0)",
    "size": 24,
    "text": "b",
    "x": 193,
    "y": 97,
  },
  {
    "op": "unclip",
  },
  {
    "h": 47,
    "op": "clip",
    "w": 47,
    "x": 217,
    "y": 73,
  },
  {
    "colour": 0,
    "h": 47,
    "op": "rect",
    "rgb": "rgb(211, 211, 211)",
    "w": 47,
    "x": 217,
    "y": 73,
  },
  {
    "colour": 1,
    "h": 1,
    "op": "rect",
    "rgb": "rgb(0, 0, 0)",
    "w": 47,
    "x": 217,
    "y": 73,
  },
  {
    "colour": 1,
    "h": 1,
    "op": "rect",
    "rgb": "rgb(0, 0, 0)",
    "w": 47,
    "x": 217,
    "y": 119,
  },
  {
    "align": "center",
    "baseline": "mathematical",
    "colour": 1,
    "fontType": "variable",
    "op": "text",
    "rgb": "rgb(0, 0, 0)",
    "size": 24,
    "text": "c",
    "x": 241,
    "y": 97,
  },
  {
    "op": "unclip",
  },
  {
    "h": 47,
    "op": "clip",
    "w": 47,
    "x": 265,
    "y": 73,
  },
  {
    "colour": 0,
    "h": 47,
    "op": "rect",
    "rgb": "rgb(211, 211, 211)",
    "w": 47,
    "x": 265,
    "y": 73,
  },
  {
    "colour": 1,
    "h": 1,
    "op": "rect",
    "rgb": "rgb(0, 0, 0)",
    "w": 47,
    "x": 265,
    "y": 73,
  },
  {
    "colour": 1,
    "h": 1,
    "op": "rect",
    "rgb": "rgb(0, 0, 0)",
    "w": 47,
    "x": 265,
    "y": 119,
  },
  {
    "align": "center",
    "baseline": "mathematical",
    "colour": 1,
    "fontType": "variable",
    "op": "text",
    "rgb": "rgb(0, 0, 0)",
    "size": 24,
    "text": "d",
    "x": 289,
    "y": 97,
  },
  {
    "op": "unclip",
  },
  {
    "h": 47,
    "op": "clip",
    "w": 47,
    "x": 313,
    "y": 73,
  },
  {
    "colour": 0,
    "h": 47,
    "op": "rect",
    "rgb": "rgb(211, 211, 211)",
    "w": 47,
    "x": 313,
    "y": 73,
  },
  {
    "colour": 1,
    "h": 1,
    "op": "rect",
    "rgb": "rgb(0, 0, 0)",
    "w": 47,
    "x": 313,
    "y": 73,
  },
  {
    "colour": 1,
    "h": 1,
    "op": "rect",
    "rgb": "rgb(0, 0, 0)",
    "w": 47,
    "x": 313,
    "y": 119,
  },
  {
    "colour": 1,
    "h": 47,
    "op": "rect",
    "rgb": "rgb(0, 0, 0)",
    "w": 1,
    "x": 359,
    "y": 73,
  },
  {
    "align": "center",
    "baseline": "mathematical",
    "colour": 1,
    "fontType": "variable",
    "op": "text",
    "rgb": "rgb(0, 0, 0)",
    "size": 24,
    "text": "f",
    "x": 337,
    "y": 97,
  },
  {
    "op": "unclip",
  },
  {
    "h": 47,
    "op": "clip",
    "w": 47,
    "x": 73,
    "y": 121,
  },
  {
    "colour": 0,
    "h": 47,
    "op": "rect",
    "rgb": "rgb(211, 211, 211)",
    "w": 47,
    "x": 73,
    "y": 121,
  },
  {
    "colour": 1,
    "h": 1,
    "op": "rect",
    "rgb": "rgb(0, 0, 0)",
    "w": 47,
    "x": 73,
    "y": 121,
  },
  {
    "colour": 1,
    "h": 47,
    "op": "rect",
    "rgb": "rgb(0, 0, 0)",
    "w": 1,
    "x": 73,
    "y": 121,
  },
  {
    "colour": 1,
    "h": 47,
    "op": "rect",
    "rgb": "rgb(0, 0, 0)",
    "w": 1,
    "x": 119,
    "y": 121,
  },
  {
    "align": "center",
    "baseline": "mathematical",
    "colour": 1,
    "fontType": "variable",
    "op": "text",
    "rgb": "rgb(0, 0, 0)",
    "size": 24,
    "text": "a",
    "x": 97,
    "y": 145,
  },
  {
    "op": "unclip",
  },
  {
    "h": 47,
    "op": "clip",
    "w": 47,
    "x": 121,
    "y": 121,
  },
  {
    "colour": 6,
    "h": 47,
    "op": "rect",
    "rgb": "rgb(200, 200, 200)",
    "w": 47,
    "x": 121,
    "y": 121,
  },
  {
    "colour": 1,
    "h": 1,
    "op": "rect",
    "rgb": "rgb(0, 0, 0)",
    "w": 47,
    "x": 121,
    "y": 121,
  },
  {
    "colour": 1,
    "h": 47,
    "op": "rect",
    "rgb": "rgb(0, 0, 0)",
    "w": 1,
    "x": 121,
    "y": 121,
  },
  {
    "op": "unclip",
  },
  {
    "h": 47,
    "op": "clip",
    "w": 47,
    "x": 169,
    "y": 121,
  },
  {
    "colour": 0,
    "h": 47,
    "op": "rect",
    "rgb": "rgb(211, 211, 211)",
    "w": 47,
    "x": 169,
    "y": 121,
  },
  {
    "colour": 1,
    "h": 1,
    "op": "rect",
    "rgb": "rgb(0, 0, 0)",
    "w": 47,
    "x": 169,
    "y": 121,
  },
  {
    "op": "unclip",
  },
  {
    "h": 47,
    "op": "clip",
    "w": 47,
    "x": 217,
    "y": 121,
  },
  {
    "colour": 0,
    "h": 47,
    "op": "rect",
    "rgb": "rgb(211, 211, 211)",
    "w": 47,
    "x": 217,
    "y": 121,
  },
  {
    "colour": 1,
    "h": 1,
    "op": "rect",
    "rgb": "rgb(0, 0, 0)",
    "w": 47,
    "x": 217,
    "y": 121,
  },
  {
    "op": "unclip",
  },
  {
    "h": 47,
    "op": "clip",
    "w": 47,
    "x": 265,
    "y": 121,
  },
  {
    "colour": 0,
    "h": 47,
    "op": "rect",
    "rgb": "rgb(211, 211, 211)",
    "w": 47,
    "x": 265,
    "y": 121,
  },
  {
    "colour": 1,
    "h": 1,
    "op": "rect",
    "rgb": "rgb(0, 0, 0)",
    "w": 47,
    "x": 265,
    "y": 121,
  },
  {
    "op": "unclip",
  },
  {
    "h": 47,
    "op": "clip",
    "w": 47,
    "x": 313,
    "y": 121,
  },
  {
    "colour": 0,
    "h": 47,
    "op": "rect",
    "rgb": "rgb(211, 211, 211)",
    "w": 47,
    "x": 313,
    "y": 121,
  },
  {
    "colour": 1,
    "h": 1,
    "op": "rect",
    "rgb": "rgb(0, 0, 0)",
    "w": 47,
    "x": 313,
    "y": 121,
  },
  {
    "colour": 1,
    "h": 47,
    "op": "rect",
    "rgb": "rgb(0, 0, 0)",
    "w": 1,
    "x": 359,
    "y": 121,
  },
  {
    "op": "unclip",
  },
  {
    "h": 47,
    "op": "clip",
    "w": 47,
    "x": 73,
    "y": 169,
  },
  {
    "colour": 0,
    "h": 47,
    "op": "rect",
    "rgb": "rgb(211, 211, 211)",
    "w": 47,
    "x": 73,
    "y": 169,
  },
  {
    "colour": 1,
    "h": 47,
    "op": "rect",
    "rgb": "rgb(0, 0, 0)",
    "w": 1,
    "x": 73,
    "y": 169,
  },
  {
    "colour": 1,
    "h": 47,
    "op": "rect",
    "rgb": "rgb(0, 0, 0)",
    "w": 1,
    "x": 119,
    "y": 169,
  },
  {
    "align": "center",
    "baseline": "mathematical",
    "colour": 1,
    "fontType": "variable",
    "op": "text",
    "rgb": "rgb(0, 0, 0)",
    "size": 24,
    "text": "b",
    "x": 97,
    "y": 193,
  },
  {
    "op": "unclip",
  },
  {
    "h": 47,
    "op": "clip",
    "w": 47,
    "x": 121,
    "y": 169,
  },
  {
    "colour": 0,
    "h": 47,
    "op": "rect",
    "rgb": "rgb(211, 211, 211)",
    "w": 47,
    "x": 121,
    "y": 169,
  },
  {
    "colour": 1,
    "h": 47,
    "op": "rect",
    "rgb": "rgb(0, 0, 0)",
    "w": 1,
    "x": 121,
    "y": 169,
  },
  {
    "op": "unclip",
  },
  {
    "h": 47,
    "op": "clip",
    "w": 47,
    "x": 169,
    "y": 169,
  },
  {
    "colour": 6,
    "h": 47,
    "op": "rect",
    "rgb": "rgb(200, 200, 200)",
    "w": 47,
    "x": 169,
    "y": 169,
  },
  {
    "op": "unclip",
  },
  {
    "h": 47,
    "op": "clip",
    "w": 47,
    "x": 217,
    "y": 169,
  },
  {
    "colour": 0,
    "h": 47,
    "op": "rect",
    "rgb": "rgb(211, 211, 211)",
    "w": 47,
    "x": 217,
    "y": 169,
  },
  {
    "op": "unclip",
  },
  {
    "h": 47,
    "op": "clip",
    "w": 47,
    "x": 265,
    "y": 169,
  },
  {
    "colour": 0,
    "h": 47,
    "op": "rect",
    "rgb": "rgb(211, 211, 211)",
    "w": 47,
    "x": 265,
    "y": 169,
  },
  {
    "op": "unclip",
  },
  {
    "h": 47,
    "op": "clip",
    "w": 47,
    "x": 313,
    "y": 169,
  },
  {
    "colour": 0,
    "h": 47,
    "op": "rect",
    "rgb": "rgb(211, 211, 211)",
    "w": 47,
    "x": 313,
    "y": 169,
  },
  {
    "colour": 1,
    "h": 47,
    "op": "rect",
    "rgb": "rgb(0, 0, 0)",
    "w": 1,
    "x": 359,
    "y": 169,
  },
  {
    "align": "center",
    "baseline": "mathematical",
    "colour": 1,
    "fontType": "variable",
    "op": "text",
    "rgb": "rgb(0, 0, 0)",
    "size": 24,
    "text": "d",
    "x": 337,
    "y": 193,
  },
  {
    "op": "unclip",
  },
  {
    "h": 47,
    "op": "clip",
    "w": 47,
    "x": 73,
    "y": 217,
  },
  {
    "colour": 0,
    "h": 47,
    "op": "rect",
    "rgb": "rgb(211, 211, 211)",
    "w": 47,
    "x": 73,
    "y": 217,
  },
  {
    "colour": 1,
    "h": 47,
    "op": "rect",
    "rgb": "rgb(0, 0, 0)",
    "w": 1,
    "x": 73,
    "y": 217,
  },
  {
    "colour": 1,
    "h": 47,
    "op": "rect",
    "rgb": "rgb(0, 0, 0)",
    "w": 1,
    "x": 119,
    "y": 217,
  },
  {
    "align": "center",
    "baseline": "mathematical",
    "colour": 1,
    "fontType": "variable",
    "op": "text",
    "rgb": "rgb(0, 0, 0)",
    "size": 24,
    "text": "c",
    "x": 97,
    "y": 241,
  },
  {
    "op": "unclip",
  },
  {
    "h": 47,
    "op": "clip",
    "w": 47,
    "x": 121,
    "y": 217,
  },
  {
    "colour": 0,
    "h": 47,
    "op": "rect",
    "rgb": "rgb(211, 211, 211)",
    "w": 47,
    "x": 121,
    "y": 217,
  },
  {
    "colour": 1,
    "h": 47,
    "op": "rect",
    "rgb": "rgb(0, 0, 0)",
    "w": 1,
    "x": 121,
    "y": 217,
  },
  {
    "op": "unclip",
  },
  {
    "h": 47,
    "op": "clip",
    "w": 47,
    "x": 169,
    "y": 217,
  },
  {
    "colour": 0,
    "h": 47,
    "op": "rect",
    "rgb": "rgb(211, 211, 211)",
    "w": 47,
    "x": 169,
    "y": 217,
  },
  {
    "op": "unclip",
  },
  {
    "h": 47,
    "op": "clip",
    "w": 47,
    "x": 217,
    "y": 217,
  },
  {
    "colour": 6,
    "h": 47,
    "op": "rect",
    "rgb": "rgb(200, 200, 200)",
    "w": 47,
    "x": 217,
    "y": 217,
  },
  {
    "op": "unclip",
  },
  {
    "h": 47,
    "op": "clip",
    "w": 47,
    "x": 265,
    "y": 217,
  },
  {
    "colour": 0,
    "h": 47,
    "op": "rect",
    "rgb": "rgb(211, 211, 211)",
    "w": 47,
    "x": 265,
    "y": 217,
  },
  {
    "op": "unclip",
  },
  {
    "h": 47,
    "op": "clip",
    "w": 47,
    "x": 313,
    "y": 217,
  },
  {
    "colour": 0,
    "h": 47,
    "op": "rect",
    "rgb": "rgb(211, 211, 211)",
    "w": 47,
    "x": 313,
    "y": 217,
  },
  {
    "colour": 1,
    "h": 47,
    "op": "rect",
    "rgb": "rgb(0, 0, 0)",
    "w": 1,
    "x": 359,
    "y": 217,
  },
  {
    "op": "unclip",
  },
  {
    "h": 47,
    "op": "clip",
    "w": 47,
    "x": 73,
    "y": 265,
  },
  {
    "colour": 0,
    "h": 47,
    "op": "rect",
    "rgb": "rgb(211, 211, 211)",
    "w": 47,
    "x": 73,
    "y": 265,
  },
  {
    "colour": 1,
    "h": 47,
    "op": "rect",
    "rgb": "rgb(0, 0, 0)",
    "w": 1,
    "x": 73,
    "y": 265,
  },
  {
    "colour": 1,
    "h": 47,
    "op": "rect",
    "rgb": "rgb(0, 0, 0)",
    "w": 1,
    "x": 119,
    "y": 265,
  },
  {
    "align": "center",
    "baseline": "mathematical",
    "colour": 1,
    "fontType": "variable",
    "op": "text",
    "rgb": "rgb(0, 0, 0)",
    "size": 24,
    "text": "d",
    "x": 97,
    "y": 289,
  },
  {
    "op": "unclip",
  },
  {
    "h": 47,
    "op": "clip",
    "w": 47,
    "x": 121,
    "y": 265,
  },
  {
    "colour": 0,
    "h": 47,
    "op": "rect",
    "rgb": "rgb(211, 211, 211)",
    "w": 47,
    "x": 121,
    "y": 265,
  },
  {
    "colour": 1,
    "h": 47,
    "op": "rect",
    "rgb": "rgb(0, 0, 0)",
    "w": 1,
    "x": 121,
    "y": 265,
  },
  {
    "op": "unclip",
  },
  {
    "h": 47,
    "op": "clip",
    "w": 47,
    "x": 169,
    "y": 265,
  },
  {
    "colour": 0,
    "h": 47,
    "op": "rect",
    "rgb": "rgb(211, 211, 211)",
    "w": 47,
    "x": 169,
    "y": 265,
  },
  {
    "align": "center",
    "baseline": "mathematical",
    "colour": 1,
    "fontType": "variable",
    "op": "text",
    "rgb": "rgb(0, 0, 0)",
    "size": 24,
    "text": "e",
    "x": 193,
    "y": 289,
  },
  {
    "op": "unclip",
  },
  {
    "h": 47,
    "op": "clip",
    "w": 47,
    "x": 217,
    "y": 265,
  },
  {
    "colour": 0,
    "h": 47,
    "op": "rect",
    "rgb": "rgb(211, 211, 211)",
    "w": 47,
    "x": 217,
    "y": 265,
  },
  {
    "op": "unclip",
  },
  {
    "h": 47,
    "op": "clip",
    "w": 47,
    "x": 265,
    "y": 265,
  },
  {
    "colour": 6,
    "h": 47,
    "op": "rect",
    "rgb": "rgb(200, 200, 200)",
    "w": 47,
    "x": 265,
    "y": 265,
  },
  {
    "op": "unclip",
  },
  {
    "h": 47,
    "op": "clip",
    "w": 47,
    "x": 313,
    "y": 265,
  },
  {
    "colour": 0,
    "h": 47,
    "op": "rect",
    "rgb": "rgb(211, 211, 211)",
    "w": 47,
    "x": 313,
    "y": 265,
  },
  {
    "colour": 1,
    "h": 47,
    "op": "rect",
    "rgb": "rgb(0, 0, 0)",
    "w": 1,
    "x": 359,
    "y": 265,
  },
  {
    "op": "unclip",
  },
  {
    "h": 47,
    "op": "clip",
    "w": 47,
    "x": 73,
    "y": 313,
  },
  {
    "colour": 0,
    "h": 47,
    "op": "rect",
    "rgb": "rgb(211, 211, 211)",
    "w": 47,
    "x": 73,
    "y": 313,
  },
  {
    "colour": 1,
    "h": 1,
    "op": "rect",
    "rgb": "rgb(0, 0, 0)",
    "w": 47,
    "x": 73,
    "y": 359,
  },
  {
    "colour": 1,
    "h": 47,
    "op": "rect",
    "rgb": "rgb(0, 0, 0)",
    "w": 1,
    "x": 73,
    "y": 313,
  },
  {
    "colour": 1,
    "h": 47,
    "op": "rect",
    "rgb": "rgb(0, 0, 0)",
    "w": 1,
    "x": 119,
    "y": 313,
  },
  {
    "align": "center",
    "baseline": "mathematical",
    "colour": 1,
    "fontType": "variable",
    "op": "text",
    "rgb": "rgb(0, 0, 0)",
    "size": 24,
    "text": "f",
    "x": 97,
    "y": 337,
  },
  {
    "op": "unclip",
  },
  {
    "h": 47,
    "op": "clip",
    "w": 47,
    "x": 121,
    "y": 313,
  },
  {
    "colour": 0,
    "h": 47,
    "op": "rect",
    "rgb": "rgb(211, 211, 211)",
    "w": 47,
    "x": 121,
    "y": 313,
  },
  {
    "colour": 1,
    "h": 1,
    "op": "rect",
    "rgb": "rgb(0, 0, 0)",
    "w": 47,
    "x": 121,
    "y": 359,
  },
  {
    "colour": 1,
    "h": 47,
    "op": "rect",
    "rgb": "rgb(0, 0, 0)",
    "w": 1,
    "x": 121,
    "y": 313,
  },
  {
    "align": "center",
    "baseline": "mathematical",
    "colour": 1,
    "fontType": "variable",
    "op": "text",
    "rgb": "rgb(0, 0, 0)",
    "size": 24,
    "text": "b",
    "x": 145,
    "y": 337,
  },
  {
    "op": "unclip",
  },
  {
    "h": 47,
    "op": "clip",
    "w": 47,
    "x": 169,
    "y": 313,
  },
  {
    "colour": 0,
    "h": 47,
    "op": "rect",
    "rgb": "rgb(211, 211, 211)",
    "w": 47,
    "x": 169,
    "y": 313,
  },
  {
    "colour": 1,
    "h": 1,
    "op": "rect",
    "rgb": "rgb(0, 0, 0)",
    "w": 47,
    "x": 169,
    "y": 359,
  },
  {
    "op": "unclip",
  },
  {
    "h": 47,
    "op": "clip",
    "w": 47,
    "x": 217,
    "y": 313,
  },
  {
    "colour": 0,
    "h": 47,
    "op": "rect",
    "rgb": "rgb(211, 211, 211)",
    "w": 47,
    "x": 217,
    "y": 313,
  },
  {
    "colour": 1,
    "h": 1,
    "op": "rect",
    "rgb": "rgb(0, 0, 0)",
    "w": 47,
    "x": 217,
    "y": 359,
  },
  {
    "op": "unclip",
  },
  {
    "h": 47,
    "op": "clip",
    "w": 47,
    "x": 265,
    "y": 313,
  },
  {
    "colour": 0,
    "h": 47,
    "op": "rect",
    "rgb": "rgb(211, 211, 211)",
    "w": 47,
    "x": 265,
    "y": 313,
  },
  {
    "colour": 1,
    "h": 1,
    "op": "rect",
    "rgb": "rgb(0, 0, 0)",
    "w": 47,
    "x": 265,
    "y": 359,
  },
  {
    "op": "unclip",
  },
  {
    "h": 47,
    "op": "clip",
    "w": 47,
    "x": 313,
    "y": 313,
  },
  {
    "colour": 6,
    "h": 47,
    "op": "rect",
    "rgb": "rgb(200, 200, 200)",
    "w": 47,
    "x": 313,
    "y": 313,
  },
  {
    "colour": 1,
    "h": 1,
    "op": "rect",
    "rgb": "rgb(0, 0, 0)",
    "w": 47,
    "x": 313,
    "y": 359,
  },
  {
    "colour": 1,
    "h": 47,
    "op": "rect",
    "rgb": "rgb(0, 0, 0)",
    "w": 1,
    "x": 359,
    "y": 313,
  },
  {
    "op": "unclip",
  },
]
`;

exports[`group render scenarios > opener frame draws the legend, the shaded diagonal, and digits 1`] = `
[
  {
    "colour": 0,
    "h": 386,
    "op": "rect",
    "rgb": "rgb(211, 211, 211)",
    "w": 386,
    "x": 0,
    "y": 0,
  },
  {
    "colour": 1,
    "h": 291,
    "op": "rect",
    "rgb": "rgb(0, 0, 0)",
    "w": 291,
    "x": 71,
    "y": 71,
  },
  {
    "h": 38,
    "op": "clip",
    "w": 38,
    "x": 29,
    "y": 77,
  },
  {
    "colour": 0,
    "h": 38,
    "op": "rect",
    "rgb": "rgb(211, 211, 211)",
    "w": 38,
    "x": 29,
    "y": 77,
  },
  {
    "align": "center",
    "baseline": "mathematical",
    "colour": 1,
    "fontType": "variable",
    "op": "text",
    "rgb": "rgb(0, 0, 0)",
    "size": 24,
    "text": "e",
    "x": 49,
    "y": 97,
  },
  {
    "op": "unclip",
  },
  {
    "h": 38,
    "op": "clip",
    "w": 38,
    "x": 77,
    "y": 29,
  },
  {
    "colour": 0,
    "h": 38,
    "op": "rect",
    "rgb": "rgb(211, 211, 211)",
    "w": 38,
    "x": 77,
    "y": 29,
  },
  {
    "align": "center",
    "baseline": "mathematical",
    "colour": 1,
    "fontType": "variable",
    "op": "text",
    "rgb": "rgb(0, 0, 0)",
    "size": 24,
    "text": "e",
    "x": 97,
    "y": 49,
  },
  {
    "op": "unclip",
  },
  {
    "h": 38,
    "op": "clip",
    "w": 38,
    "x": 29,
    "y": 125,
  },
  {
    "colour": 0,
    "h": 38,
    "op": "rect",
    "rgb": "rgb(211, 211, 211)",
    "w": 38,
    "x": 29,
    "y": 125,
  },
  {
    "align": "center",
    "baseline": "mathematical",
    "colour": 1,
    "fontType": "variable",
    "op": "text",
    "rgb": "rgb(0, 0, 0)",
    "size": 24,
    "text": "a",
    "x": 49,
    "y": 145,
  },
  {
    "op": "unclip",
  },
  {
    "h": 38,
    "op": "clip",
    "w": 38,
    "x": 125,
    "y": 29,
  },
  {
    "colour": 0,
    "h": 38,
    "op": "rect",
    "rgb": "rgb(211, 211, 211)",
    "w": 38,
    "x": 125,
    "y": 29,
  },
  {
    "align": "center",
    "baseline": "mathematical",
    "colour": 1,
    "fontType": "variable",
    "op": "text",
    "rgb": "rgb(0, 0, 0)",
    "size": 24,
    "text": "a",
    "x": 145,
    "y": 49,
  },
  {
    "op": "unclip",
  },
  {
    "h": 38,
    "op": "clip",
    "w": 38,
    "x": 29,
    "y": 173,
  },
  {
    "colour": 0,
    "h": 38,
    "op": "rect",
    "rgb": "rgb(211, 211, 211)",
    "w": 38,
    "x": 29,
    "y": 173,
  },
  {
    "align": "center",
    "baseline": "mathematical",
    "colour": 1,
    "fontType": "variable",
    "op": "text",
    "rgb": "rgb(0, 0, 0)",
    "size": 24,
    "text": "b",
    "x": 49,
    "y": 193,
  },
  {
    "op": "unclip",
  },
  {
    "h": 38,
    "op": "clip",
    "w": 38,
    "x": 173,
    "y": 29,
  },
  {
    "colour": 0,
    "h": 38,
    "op": "rect",
    "rgb": "rgb(211, 211, 211)",
    "w": 38,
    "x": 173,
    "y": 29,
  },
  {
    "align": "center",
    "baseline": "mathematical",
    "colour": 1,
    "fontType": "variable",
    "op": "text",
    "rgb": "rgb(0, 0, 0)",
    "size": 24,
    "text": "b",
    "x": 193,
    "y": 49,
  },
  {
    "op": "unclip",
  },
  {
    "h": 38,
    "op": "clip",
    "w": 38,
    "x": 29,
    "y": 221,
  },
  {
    "colour": 0,
    "h": 38,
    "op": "rect",
    "rgb": "rgb(211, 211, 211)",
    "w": 38,
    "x": 29,
    "y": 221,
  },
  {
    "align": "center",
    "baseline": "mathematical",
    "colour": 1,
    "fontType": "variable",
    "op": "text",
    "rgb": "rgb(0, 0, 0)",
    "size": 24,
    "text": "c",
    "x": 49,
    "y": 241,
  },
  {
    "op": "unclip",
  },
  {
    "h": 38,
    "op": "clip",
    "w": 38,
    "x": 221,
    "y": 29,
  },
  {
    "colour": 0,
    "h": 38,
    "op": "rect",
    "rgb": "rgb(211, 211, 211)",
    "w": 38,
    "x": 221,
    "y": 29,
  },
  {
    "align": "center",
    "baseline": "mathematical",
    "colour": 1,
    "fontType": "variable",
    "op": "text",
    "rgb": "rgb(0, 0, 0)",
    "size": 24,
    "text": "c",
    "x": 241,
    "y": 49,
  },
  {
    "op": "unclip",
  },
  {
    "h": 38,
    "op": "clip",
    "w": 38,
    "x": 29,
    "y": 269,
  },
  {
    "colour": 0,
    "h": 38,
    "op": "rect",
    "rgb": "rgb(211, 211, 211)",
    "w": 38,
    "x": 29,
    "y": 269,
  },
  {
    "align": "center",
    "baseline": "mathematical",
    "colour": 1,
    "fontType": "variable",
    "op": "text",
    "rgb": "rgb(0, 0, 0)",
    "size": 24,
    "text": "d",
    "x": 49,
    "y": 289,
  },
  {
    "op": "unclip",
  },
  {
    "h": 38,
    "op": "clip",
    "w": 38,
    "x": 269,
    "y": 29,
  },
  {
    "colour": 0,
    "h": 38,
    "op": "rect",
    "rgb": "rgb(211, 211, 211)",
    "w": 38,
    "x": 269,
    "y": 29,
  },
  {
    "align": "center",
    "baseline": "mathematical",
    "colour": 1,
    "fontType": "variable",
    "op": "text",
    "rgb": "rgb(0, 0, 0)",
    "size": 24,
    "text": "d",
    "x": 289,
    "y": 49,
  },
  {
    "op": "unclip",
  },
  {
    "h": 38,
    "op": "clip",
    "w": 38,
    "x": 29,
    "y": 317,
  },
  {
    "colour": 0,
    "h": 38,
    "op": "rect",
    "rgb": "rgb(211, 211, 211)",
    "w": 38,
    "x": 29,
    "y": 317,
  },
  {
    "align": "center",
    "baseline": "mathematical",
    "colour": 1,
    "fontType": "variable",
    "op": "text",
    "rgb": "rgb(0, 0, 0)",
    "size": 24,
    "text": "f",
    "x": 49,
    "y": 337,
  },
  {
    "op": "unclip",
  },
  {
    "h": 38,
    "op": "clip",
    "w": 38,
    "x": 317,
    "y": 29,
  },
  {
    "colour": 0,
    "h": 38,
    "op": "rect",
    "rgb": "rgb(211, 211, 211)",
    "w": 38,
    "x": 317,
    "y": 29,
  },
  {
    "align": "center",
    "baseline": "mathematical",
    "colour": 1,
    "fontType": "variable",
    "op": "text",
    "rgb": "rgb(0, 0, 0)",
    "size": 24,
    "text": "f",
    "x": 337,
    "y": 49,
  },
  {
    "op": "unclip",
  },
  {
    "h": 47,
    "op": "clip",
    "w": 47,
    "x": 73,
    "y": 73,
  },
  {
    "colour": 6,
    "h": 47,
    "op": "rect",
    "rgb": "rgb(200, 200, 200)",
    "w": 47,
    "x": 73,
    "y": 73,
  },
  {
    "colour": 1,
    "h": 1,
    "op": "rect",
    "rgb": "rgb(0, 0, 0)",
    "w": 47,
    "x": 73,
    "y": 73,
  },
  {
    "colour": 1,
    "h": 47,
    "op": "rect",
    "rgb": "rgb(0, 0, 0)",
    "w": 1,
    "x": 73,
    "y": 73,
  },
  {
    "align": "center",
    "baseline": "mathematical",
    "colour": 1,
    "fontType": "variable",
    "op": "text",
    "rgb": "rgb(0, 0, 0)",
    "size": 24,
    "text": "e",
    "x": 97,
    "y": 97,
  },
  {
    "op": "unclip",
  },
  {
    "h": 47,
    "op": "clip",
    "w": 47,
    "x": 121,
    "y": 73,
  },
  {
    "colour": 0,
    "h": 47,
    "op": "rect",
    "rgb": "rgb(211, 211, 211)",
    "w": 47,
    "x": 121,
    "y": 73,
  },
  {
    "colour": 1,
    "h": 1,
    "op": "rect",
    "rgb": "rgb(0, 0, 0)",
    "w": 47,
    "x": 121,
    "y": 73,
  },
  {
    "align": "center",
    "baseline": "mathematical",
    "colour": 1,
    "fontType": "variable",
    "op": "text",
    "rgb": "rgb(0, 0, 0)",
    "size": 24,
    "text": "a",
    "x": 145,
    "y": 97,
  },
  {
    "op": "unclip",
  },
  {
    "h": 47,
    "op": "clip",
    "w": 47,
    "x": 169,
    "y": 73,
  },
  {
    "colour": 0,
    "h": 47,
    "op": "rect",
    "rgb": "rgb(211, 211, 211)",
    "w": 47,
    "x": 169,
    "y": 73,
  },
  {
    "colour": 1,
    "h": 1,
    "op": "rect",
    "rgb": "rgb(0, 0, 0)",
    "w": 47,
    "x": 169,
    "y": 73,
  },
  {
    "align": "center",
    "baseline": "mathematical",
    "colour": 1,
    "fontType": "variable",
    "op": "text",
    "rgb": "rgb(0, 0, 0)",
    "size": 24,
    "text": "b",
    "x": 193,
    "y": 97,
  },
  {
    "op": "unclip",
  },
  {
    "h": 47,
    "op": "clip",
    "w": 47,
    "x": 217,
    "y": 73,
  },
  {
    "colour": 0,
    "h": 47,
    "op": "rect",
    "rgb": "rgb(211, 211, 211)",
    "w": 47,
    "x": 217,
    "y": 73,
  },
  {
    "colour": 1,
    "h": 1,
    "op": "rect",
    "rgb": "rgb(0, 0, 0)",
    "w": 47,
    "x": 217,
    "y": 73,
  },
  {
    "align": "center",
    "baseline": "mathematical",
    "colour": 1,
    "fontType": "variable",
    "op": "text",
    "rgb": "rgb(0, 0, 0)",
    "size": 24,
    "text": "c",
    "x": 241,
    "y": 97,
  },
  {
    "op": "unclip",
  },
  {
    "h": 47,
    "op": "clip",
    "w": 47,
    "x": 265,
    "y": 73,
  },
  {
    "colour": 0,
    "h": 47,
    "op": "rect",
    "rgb": "rgb(211, 211, 211)",
    "w": 47,
    "x": 265,
    "y": 73,
  },
  {
    "colour": 1,
    "h": 1,
    "op": "rect",
    "rgb": "rgb(0, 0, 0)",
    "w": 47,
    "x": 265,
    "y": 73,
  },
  {
    "align": "center",
    "baseline": "mathematical",
    "colour": 1,
    "fontType": "variable",
    "op": "text",
    "rgb": "rgb(0, 0, 0)",
    "size": 24,
    "text": "d",
    "x": 289,
    "y": 97,
  },
  {
    "op": "unclip",
  },
  {
    "h": 47,
    "op": "clip",
    "w": 47,
    "x": 313,
    "y": 73,
  },
  {
    "colour": 0,
    "h": 47,
    "op": "rect",
    "rgb": "rgb(211, 211, 211)",
    "w": 47,
    "x": 313,
    "y": 73,
  },
  {
    "colour": 1,
    "h": 1,
    "op": "rect",
    "rgb": "rgb(0, 0, 0)",
    "w": 47,
    "x": 313,
    "y": 73,
  },
  {
    "colour": 1,
    "h": 47,
    "op": "rect",
    "rgb": "rgb(0, 0, 0)",
    "w": 1,
    "x": 359,
    "y": 73,
  },
  {
    "align": "center",
    "baseline": "mathematical",
    "colour": 1,
    "fontType": "variable",
    "op": "text",
    "rgb": "rgb(0, 0, 0)",
    "size": 24,
    "text": "f",
    "x": 337,
    "y": 97,
  },
  {
    "op": "unclip",
  },
  {
    "h": 47,
    "op": "clip",
    "w": 47,
    "x": 73,
    "y": 121,
  },
  {
    "colour": 0,
    "h": 47,
    "op": "rect",
    "rgb": "rgb(211, 211, 211)",
    "w": 47,
    "x": 73,
    "y": 121,
  },
  {
    "colour": 1,
    "h": 47,
    "op": "rect",
    "rgb": "rgb(0, 0, 0)",
    "w": 1,
    "x": 73,
    "y": 121,
  },
  {
    "align": "center",
    "baseline": "mathematical",
    "colour": 1,
    "fontType": "variable",
    "op": "text",
    "rgb": "rgb(0, 0, 0)",
    "size": 24,
    "text": "a",
    "x": 97,
    "y": 145,
  },
  {
    "op": "unclip",
  },
  {
    "h": 47,
    "op": "clip",
    "w": 47,
    "x": 121,
    "y": 121,
  },
  {
    "colour": 6,
    "h": 47,
    "op": "rect",
    "rgb": "rgb(200, 200, 200)",
    "w": 47,
    "x": 121,
    "y": 121,
  },
  {
    "op": "unclip",
  },
  {
    "h": 47,
    "op": "clip",
    "w": 47,
    "x": 169,
    "y": 121,
  },
  {
    "colour": 0,
    "h": 47,
    "op": "rect",
    "rgb": "rgb(211, 211, 211)",
    "w": 47,
    "x": 169,
    "y": 121,
  },
  {
    "op": "unclip",
  },
  {
    "h": 47,
    "op": "clip",
    "w": 47,
    "x": 217,
    "y": 121,
  },
  {
    "colour": 0,
    "h": 47,
    "op": "rect",
    "rgb": "rgb(211, 211, 211)",
    "w": 47,
    "x": 217,
    "y": 121,
  },
  {
    "op": "unclip",
  },
  {
    "h": 47,
    "op": "clip",
    "w": 47,
    "x": 265,
    "y": 121,
  },
  {
    "colour": 0,
    "h": 47,
    "op": "rect",
    "rgb": "rgb(211, 211, 211)",
    "w": 47,
    "x": 265,
    "y": 121,
  },
  {
    "op": "unclip",
  },
  {
    "h": 47,
    "op": "clip",
    "w": 47,
    "x": 313,
    "y": 121,
  },
  {
    "colour": 0,
    "h": 47,
    "op": "rect",
    "rgb": "rgb(211, 211, 211)",
    "w": 47,
    "x": 313,
    "y": 121,
  },
  {
    "colour": 1,
    "h": 47,
    "op": "rect",
    "rgb": "rgb(0, 0, 0)",
    "w": 1,
    "x": 359,
    "y": 121,
  },
  {
    "op": "unclip",
  },
  {
    "h": 47,
    "op": "clip",
    "w": 47,
    "x": 73,
    "y": 169,
  },
  {
    "colour": 0,
    "h": 47,
    "op": "rect",
    "rgb": "rgb(211, 211, 211)",
    "w": 47,
    "x": 73,
    "y": 169,
  },
  {
    "colour": 1,
    "h": 47,
    "op": "rect",
    "rgb": "rgb(0, 0, 0)",
    "w": 1,
    "x": 73,
    "y": 169,
  },
  {
    "align": "center",
    "baseline": "mathematical",
    "colour": 1,
    "fontType": "variable",
    "op": "text",
    "rgb": "rgb(0, 0, 0)",
    "size": 24,
    "text": "b",
    "x": 97,
    "y": 193,
  },
  {
    "op": "unclip",
  },
  {
    "h": 47,
    "op": "clip",
    "w": 47,
    "x": 121,
    "y": 169,
  },
  {
    "colour": 0,
    "h": 47,
    "op": "rect",
    "rgb": "rgb(211, 211, 211)",
    "w": 47,
    "x": 121,
    "y": 169,
  },
  {
    "op": "unclip",
  },
  {
    "h": 47,
    "op": "clip",
    "w": 47,
    "x": 169,
    "y": 169,
  },
  {
    "colour": 6,
    "h": 47,
    "op": "rect",
    "rgb": "rgb(200, 200, 200)",
    "w": 47,
    "x": 169,
    "y": 169,
  },
  {
    "op": "unclip",
  },
  {
    "h": 47,
    "op": "clip",
    "w": 47,
    "x": 217,
    "y": 169,
  },
  {
    "colour": 0,
    "h": 47,
    "op": "rect",
    "rgb": "rgb(211, 211, 211)",
    "w": 47,
    "x": 217,
    "y": 169,
  },
  {
    "op": "unclip",
  },
  {
    "h": 47,
    "op": "clip",
    "w": 47,
    "x": 265,
    "y": 169,
  },
  {
    "colour": 0,
    "h": 47,
    "op": "rect",
    "rgb": "rgb(211, 211, 211)",
    "w": 47,
    "x": 265,
    "y": 169,
  },
  {
    "op": "unclip",
  },
  {
    "h": 47,
    "op": "clip",
    "w": 47,
    "x": 313,
    "y": 169,
  },
  {
    "colour": 0,
    "h": 47,
    "op": "rect",
    "rgb": "rgb(211, 211, 211)",
    "w": 47,
    "x": 313,
    "y": 169,
  },
  {
    "colour": 1,
    "h": 47,
    "op": "rect",
    "rgb": "rgb(0, 0, 0)",
    "w": 1,
    "x": 359,
    "y": 169,
  },
  {
    "align": "center",
    "baseline": "mathematical",
    "colour": 1,
    "fontType": "variable",
    "op": "text",
    "rgb": "rgb(0, 0, 0)",
    "size": 24,
    "text": "d",
    "x": 337,
    "y": 193,
  },
  {
    "op": "unclip",
  },
  {
    "h": 47,
    "op": "clip",
    "w": 47,
    "x": 73,
    "y": 217,
  },
  {
    "colour": 0,
    "h": 47,
    "op": "rect",
    "rgb": "rgb(211, 211, 211)",
    "w": 47,
    "x": 73,
    "y": 217,
  },
  {
    "colour": 1,
    "h": 47,
    "op": "rect",
    "rgb": "rgb(0, 0, 0)",
    "w": 1,
    "x": 73,
    "y": 217,
  },
  {
    "align": "center",
    "baseline": "mathematical",
    "colour": 1,
    "fontType": "variable",
    "op": "text",
    "rgb": "rgb(0, 0, 0)",
    "size": 24,
    "text": "c",
    "x": 97,
    "y": 241,
  },
  {
    "op": "unclip",
  },
  {
    "h": 47,
    "op": "clip",
    "w": 47,
    "x": 121,
    "y": 217,
  },
  {
    "colour": 0,
    "h": 47,
    "op": "rect",
    "rgb": "rgb(211, 211, 211)",
    "w": 47,
    "x": 121,
    "y": 217,
  },
  {
    "op": "unclip",
  },
  {
    "h": 47,
    "op": "clip",
    "w": 47,
    "x": 169,
    "y": 217,
  },
  {
    "colour": 0,
    "h": 47,
    "op": "rect",
    "rgb": "rgb(211, 211, 211)",
    "w": 47,
    "x": 169,
    "y": 217,
  },
  {
    "op": "unclip",
  },
  {
    "h": 47,
    "op": "clip",
    "w": 47,
    "x": 217,
    "y": 217,
  },
  {
    "colour": 6,
    "h": 47,
    "op": "rect",
    "rgb": "rgb(200, 200, 200)",
    "w": 47,
    "x": 217,
    "y": 217,
  },
  {
    "op": "unclip",
  },
  {
    "h": 47,
    "op": "clip",
    "w": 47,
    "x": 265,
    "y": 217,
  },
  {
    "colour": 0,
    "h": 47,
    "op": "rect",
    "rgb": "rgb(211, 211, 211)",
    "w": 47,
    "x": 265,
    "y": 217,
  },
  {
    "op": "unclip",
  },
  {
    "h": 47,
    "op": "clip",
    "w": 47,
    "x": 313,
    "y": 217,
  },
  {
    "colour": 0,
    "h": 47,
    "op": "rect",
    "rgb": "rgb(211, 211, 211)",
    "w": 47,
    "x": 313,
    "y": 217,
  },
  {
    "colour": 1,
    "h": 47,
    "op": "rect",
    "rgb": "rgb(0, 0, 0)",
    "w": 1,
    "x": 359,
    "y": 217,
  },
  {
    "op": "unclip",
  },
  {
    "h": 47,
    "op": "clip",
    "w": 47,
    "x": 73,
    "y": 265,
  },
  {
    "colour": 0,
    "h": 47,
    "op": "rect",
    "rgb": "rgb(211, 211, 211)",
    "w": 47,
    "x": 73,
    "y": 265,
  },
  {
    "colour": 1,
    "h": 47,
    "op": "rect",
    "rgb": "rgb(0, 0, 0)",
    "w": 1,
    "x": 73,
    "y": 265,
  },
  {
    "align": "center",
    "baseline": "mathematical",
    "colour": 1,
    "fontType": "variable",
    "op": "text",
    "rgb": "rgb(0, 0, 0)",
    "size": 24,
    "text": "d",
    "x": 97,
    "y": 289,
  },
  {
    "op": "unclip",
  },
  {
    "h": 47,
    "op": "clip",
    "w": 47,
    "x": 121,
    "y": 265,
  },
  {
    "colour": 0,
    "h": 47,
    "op": "rect",
    "rgb": "rgb(211, 211, 211)",
    "w": 47,
    "x": 121,
    "y": 265,
  },
  {
    "op": "unclip",
  },
  {
    "h": 47,
    "op": "clip",
    "w": 47,
    "x": 169,
    "y": 265,
  },
  {
    "colour": 0,
    "h": 47,
    "op": "rect",
    "rgb": "rgb(211, 211, 211)",
    "w": 47,
    "x": 169,
    "y": 265,
  },
  {
    "align": "center",
    "baseline": "mathematical",
    "colour": 1,
    "fontType": "variable",
    "op": "text",
    "rgb": "rgb(0, 0, 0)",
    "size": 24,
    "text": "e",
    "x": 193,
    "y": 289,
  },
  {
    "op": "unclip",
  },
  {
    "h": 47,
    "op": "clip",
    "w": 47,
    "x": 217,
    "y": 265,
  },
  {
    "colour": 0,
    "h": 47,
    "op": "rect",
    "rgb": "rgb(211, 211, 211)",
    "w": 47,
    "x": 217,
    "y": 265,
  },
  {
    "op": "unclip",
  },
  {
    "h": 47,
    "op": "clip",
    "w": 47,
    "x": 265,
    "y": 265,
  },
  {
    "colour": 6,
    "h": 47,
    "op": "rect",
    "rgb": "rgb(200, 200, 200)",
    "w": 47,
    "x": 265,
    "y": 265,
  },
  {
    "op": "unclip",
  },
  {
    "h": 47,
    "op": "clip",
    "w": 47,
    "x": 313,
    "y": 265,
  },
  {
    "colour": 0,
    "h": 47,
    "op": "rect",
    "rgb": "rgb(211, 211, 211)",
    "w": 47,
    "x": 313,
    "y": 265,
  },
  {
    "colour": 1,
    "h": 47,
    "op": "rect",
    "rgb": "rgb(0, 0, 0)",
    "w": 1,
    "x": 359,
    "y": 265,
  },
  {
    "op": "unclip",
  },
  {
    "h": 47,
    "op": "clip",
    "w": 47,
    "x": 73,
    "y": 313,
  },
  {
    "colour": 0,
    "h": 47,
    "op": "rect",
    "rgb": "rgb(211, 211, 211)",
    "w": 47,
    "x": 73,
    "y": 313,
  },
  {
    "colour": 1,
    "h": 1,
    "op": "rect",
    "rgb": "rgb(0, 0, 0)",
    "w": 47,
    "x": 73,
    "y": 359,
  },
  {
    "colour": 1,
    "h": 47,
    "op": "rect",
    "rgb": "rgb(0, 0, 0)",
    "w": 1,
    "x": 73,
    "y": 313,
  },
  {
    "align": "center",
    "baseline": "mathematical",
    "colour": 1,
    "fontType": "variable",
    "op": "text",
    "rgb": "rgb(0, 0, 0)",
    "size": 24,
    "text": "f",
    "x": 97,
    "y": 337,
  },
  {
    "op": "unclip",
  },
  {
    "h": 47,
    "op": "clip",
    "w": 47,
    "x": 121,
    "y": 313,
  },
  {
    "colour": 0,
    "h": 47,
    "op": "rect",
    "rgb": "rgb(211, 211, 211)",
    "w": 47,
    "x": 121,
    "y": 313,
  },
  {
    "colour": 1,
    "h": 1,
    "op": "rect",
    "rgb": "rgb(0, 0, 0)",
    "w": 47,
    "x": 121,
    "y": 359,
  },
  {
    "align": "center",
    "baseline": "mathematical",
    "colour": 1,
    "fontType": "variable",
    "op": "text",
    "rgb": "rgb(0, 0, 0)",
    "size": 24,
    "text": "b",
    "x": 145,
    "y": 337,
  },
  {
    "op": "unclip",
  },
  {
    "h": 47,
    "op": "clip",
    "w": 47,
    "x": 169,
    "y": 313,
  },
  {
    "colour": 0,
    "h": 47,
    "op": "rect",
    "rgb": "rgb(211, 211, 211)",
    "w": 47,
    "x": 169,
    "y": 313,
  },
  {
    "colour": 1,
    "h": 1,
    "op": "rect",
    "rgb": "rgb(0, 0, 0)",
    "w": 47,
    "x": 169,
    "y": 359,
  },
  {
    "op": "unclip",
  },
  {
    "h": 47,
    "op": "clip",
    "w": 47,
    "x": 217,
    "y": 313,
  },
  {
    "colour": 0,
    "h": 47,
    "op": "rect",
    "rgb": "rgb(211, 211, 211)",
    "w": 47,
    "x": 217,
    "y": 313,
  },
  {
    "colour": 1,
    "h": 1,
    "op": "rect",
    "rgb": "rgb(0, 0, 0)",
    "w": 47,
    "x": 217,
    "y": 359,
  },
  {
    "op": "unclip",
  },
  {
    "h": 47,
    "op": "clip",
    "w": 47,
    "x": 265,
    "y": 313,
  },
  {
    "colour": 0,
    "h": 47,
    "op": "rect",
    "rgb": "rgb(211, 211, 211)",
    "w": 47,
    "x": 265,
    "y": 313,
  },
  {
    "colour": 1,
    "h": 1,
    "op": "rect",
    "rgb": "rgb(0, 0, 0)",
    "w": 47,
    "x": 265,
    "y": 359,
  },
  {
    "op": "unclip",
  },
  {
    "h": 47,
    "op": "clip",
    "w": 47,
    "x": 313,
    "y": 313,
  },
  {
    "colour": 6,
    "h": 47,
    "op": "rect",
    "rgb": "rgb(200, 200, 200)",
    "w": 47,
    "x": 313,
    "y": 313,
  },
  {
    "colour": 1,
    "h": 1,
    "op": "rect",
    "rgb": "rgb(0, 0, 0)",
    "w": 47,
    "x": 313,
    "y": 359,
  },
  {
    "colour": 1,
    "h": 47,
    "op": "rect",
    "rgb": "rgb(0, 0, 0)",
    "w": 1,
    "x": 359,
    "y": 313,
  },
  {
    "op": "unclip",
  },
]
`;
